  Determining projects to restore...
  All projects are up-to-date for restore.
C:\Users\thomh\.nuget\packages\system.text.encodings.web\9.0.0\buildTransitive\netcoreapp2.0\System.Text.Encodings.Web.targets(4,5): warning : System.Text.Encodings.Web 9.0.0 doesn't support net6.0 and has not been tested with it. Consider upgrading your TargetFramework to net8.0 or later. You may also set <SuppressTfmSupportBuildWarnings>true</SuppressTfmSupportBuildWarnings> in the project file to ignore this warning and attempt to run in this unsupported configuration at your own risk. [C:\git\TUnit\TUnit.TestProject.Library\TUnit.TestProject.Library.csproj::TargetFramework=net6.0]
C:\Users\thomh\.nuget\packages\system.io.pipelines\9.0.0\buildTransitive\netcoreapp2.0\System.IO.Pipelines.targets(4,5): warning : System.IO.Pipelines 9.0.0 doesn't support net6.0 and has not been tested with it. Consider upgrading your TargetFramework to net8.0 or later. You may also set <SuppressTfmSupportBuildWarnings>true</SuppressTfmSupportBuildWarnings> in the project file to ignore this warning and attempt to run in this unsupported configuration at your own risk. [C:\git\TUnit\TUnit.TestProject.Library\TUnit.TestProject.Library.csproj::TargetFramework=net6.0]
C:\Users\thomh\.nuget\packages\microsoft.bcl.asyncinterfaces\9.0.0\buildTransitive\netcoreapp2.0\Microsoft.Bcl.AsyncInterfaces.targets(4,5): warning : Microsoft.Bcl.AsyncInterfaces 9.0.0 doesn't support net6.0 and has not been tested with it. Consider upgrading your TargetFramework to net8.0 or later. You may also set <SuppressTfmSupportBuildWarnings>true</SuppressTfmSupportBuildWarnings> in the project file to ignore this warning and attempt to run in this unsupported configuration at your own risk. [C:\git\TUnit\TUnit.TestProject.Library\TUnit.TestProject.Library.csproj::TargetFramework=net6.0]
C:\Users\thomh\.nuget\packages\system.text.json\9.0.0\buildTransitive\netcoreapp2.0\System.Text.Json.targets(4,5): warning : System.Text.Json 9.0.0 doesn't support net6.0 and has not been tested with it. Consider upgrading your TargetFramework to net8.0 or later. You may also set <SuppressTfmSupportBuildWarnings>true</SuppressTfmSupportBuildWarnings> in the project file to ignore this warning and attempt to run in this unsupported configuration at your own risk. [C:\git\TUnit\TUnit.TestProject.Library\TUnit.TestProject.Library.csproj::TargetFramework=net6.0]
C:\git\TUnit\TUnit.Assertions.Analyzers\AnalyzerReleases.Shipped.md(5,1): warning RS2007: Analyzer release file 'AnalyzerReleases.Shipped.md' has a missing or invalid release header '#### Assertion Usage Rules' (https://github.com/dotnet/roslyn-analyzers/blob/main/src/Microsoft.CodeAnalysis.Analyzers/ReleaseTrackingAnalyzers.Help.md) [C:\git\TUnit\TUnit.Assertions.Analyzers\TUnit.Assertions.Analyzers.csproj::TargetFramework=netstandard2.0]
  TUnit.Assertions.Analyzers -> C:\git\TUnit\TUnit.Assertions.Analyzers\bin\Debug\netstandard2.0\TUnit.Assertions.Analyzers.dll
C:\git\TUnit\TUnit.Core.SourceGenerator\CodeGenerators\Helpers\TupleArgumentHelper.cs(72,37): warning CS8600: Converting null literal or possible null value to non-nullable type. [C:\git\TUnit\TUnit.Core.SourceGenerator.Roslyn44\TUnit.Core.SourceGenerator.Roslyn44.csproj::TargetFramework=netstandard2.0]
C:\git\TUnit\TUnit.Core.SourceGenerator\Generators\AotMethodInvocationGenerator.cs(168,52): warning CS8604: Possible null reference argument for parameter 'name' in 'ImmutableArray<ISymbol> INamespaceOrTypeSymbol.GetMembers(string name)'. [C:\git\TUnit\TUnit.Core.SourceGenerator.Roslyn44\TUnit.Core.SourceGenerator.Roslyn44.csproj::TargetFramework=netstandard2.0]
C:\git\TUnit\TUnit.Core.SourceGenerator\Generators\TestMetadataGenerator.cs(741,54): warning CS8604: Possible null reference argument for parameter 'name' in 'ImmutableArray<ISymbol> INamespaceOrTypeSymbol.GetMembers(string name)'. [C:\git\TUnit\TUnit.Core.SourceGenerator.Roslyn44\TUnit.Core.SourceGenerator.Roslyn44.csproj::TargetFramework=netstandard2.0]
  TUnit.Core.SourceGenerator.Roslyn44 -> C:\git\TUnit\TUnit.Core.SourceGenerator.Roslyn44\bin\Debug\netstandard2.0\TUnit.Core.SourceGenerator.dll
C:\git\TUnit\TUnit.Core.SourceGenerator\CodeGenerators\Helpers\TupleArgumentHelper.cs(72,37): warning CS8600: Converting null literal or possible null value to non-nullable type. [C:\git\TUnit\TUnit.Core.SourceGenerator\TUnit.Core.SourceGenerator.csproj::TargetFramework=netstandard2.0]
C:\git\TUnit\TUnit.Core.SourceGenerator\Generators\AotMethodInvocationGenerator.cs(168,52): warning CS8604: Possible null reference argument for parameter 'name' in 'ImmutableArray<ISymbol> INamespaceOrTypeSymbol.GetMembers(string name)'. [C:\git\TUnit\TUnit.Core.SourceGenerator\TUnit.Core.SourceGenerator.csproj::TargetFramework=netstandard2.0]
C:\git\TUnit\TUnit.Core.SourceGenerator\Generators\TestMetadataGenerator.cs(741,54): warning CS8604: Possible null reference argument for parameter 'name' in 'ImmutableArray<ISymbol> INamespaceOrTypeSymbol.GetMembers(string name)'. [C:\git\TUnit\TUnit.Core.SourceGenerator\TUnit.Core.SourceGenerator.csproj::TargetFramework=netstandard2.0]
  TUnit.Core.SourceGenerator -> C:\git\TUnit\TUnit.Core.SourceGenerator\bin\Debug\netstandard2.0\TUnit.Core.SourceGenerator.dll
  TUnit.RpcTests -> C:\git\TUnit\TUnit.RpcTests\bin\Debug\net8.0\TUnit.RpcTests.dll
  TestProject -> C:\git\TUnit\TUnit.Templates\content\TUnit.Playwright\bin\Debug\net8.0\TestProject.dll
C:\git\TUnit\TUnit.Analyzers\AnalyzerReleases.Shipped.md(5,1): warning RS2007: Analyzer release file 'AnalyzerReleases.Shipped.md' has a missing or invalid release header '#### Test Method and Structure Rules' (https://github.com/dotnet/roslyn-analyzers/blob/main/src/Microsoft.CodeAnalysis.Analyzers/ReleaseTrackingAnalyzers.Help.md) [C:\git\TUnit\TUnit.Analyzers\TUnit.Analyzers.csproj::TargetFramework=netstandard2.0]
  TUnit.Analyzers -> C:\git\TUnit\TUnit.Analyzers\bin\Debug\netstandard2.0\TUnit.Analyzers.dll
  TUnit.Pipeline -> C:\git\TUnit\TUnit.Pipeline\bin\Debug\net8.0\TUnit.Pipeline.dll
  ExampleNamespace.ServiceDefaults -> C:\git\TUnit\TUnit.Templates\content\TUnit.Aspire.Starter\ExampleNamespace.ServiceDefaults\bin\Debug\net9.0\ExampleNamespace.ServiceDefaults.dll
  TestProject -> C:\git\TUnit\TUnit.Templates\content\TUnit\bin\Debug\net8.0\TestProject.dll
C:\git\TUnit\TUnit.Templates\content\TUnit.FSharp\TestProject.fsproj : warning NU1504: Duplicate 'PackageReference' items found. Remove the duplicate items or use the Update functionality to ensure a consistent restore behavior. The duplicate 'PackageReference' items are: TUnit.Assertions.FSharp *, TUnit.Assertions.FSharp 0.61.39.
  WebApp -> C:\git\TUnit\TUnit.Templates\content\TUnit.AspNet\WebApp\bin\Debug\net9.0\WebApp.dll
C:\git\TUnit\TUnit.Templates\content\TUnit.AspNet.FSharp\TestProject\TestProject.fsproj : warning NU1504: Duplicate 'PackageReference' items found. Remove the duplicate items or use the Update functionality to ensure a consistent restore behavior. The duplicate 'PackageReference' items are: TUnit.Assertions.FSharp *, TUnit.Assertions.FSharp 0.61.39.
C:\git\TUnit\TUnit.Analyzers\MultipleConstructorsAnalyzer.cs(13,15): warning RS2008: Enable analyzer release tracking for the analyzer project containing rule 'TUnit0052' (https://github.com/dotnet/roslyn-analyzers/blob/main/src/Microsoft.CodeAnalysis.Analyzers/ReleaseTrackingAnalyzers.Help.md) [C:\git\TUnit\TUnit.Analyzers.Roslyn47\TUnit.Analyzers.Roslyn47.csproj::TargetFramework=netstandard2.0]
  TUnit.Analyzers.Roslyn47 -> C:\git\TUnit\TUnit.Analyzers.Roslyn47\bin\Debug\netstandard2.0\TUnit.Analyzers.dll
  TUnit.Templates -> C:\git\TUnit\TUnit.Templates\bin\Debug\net9.0\TUnit.Templates.dll
  ExampleNamespace -> C:\git\TUnit\TUnit.Templates\content\TUnit.Aspire.Test\bin\Debug\net9.0\ExampleNamespace.dll
  TUnit.Core -> C:\git\TUnit\TUnit.Core\bin\Debug\net8.0\TUnit.Core.dll
  TestProject -> C:\git\TUnit\TUnit.Templates\content\TUnit.VB\bin\Debug\net8.0\TestProject.dll
  TUnit.Core -> C:\git\TUnit\TUnit.Core\bin\Debug\netstandard2.0\TUnit.Core.dll
  TUnit.Example.Asp.Net -> C:\git\TUnit\TUnit.Example.Asp.Net\bin\Debug\net9.0\TUnit.Example.Asp.Net.dll
C:\git\TUnit\TUnit.Core.SourceGenerator\CodeGenerators\Helpers\TupleArgumentHelper.cs(72,37): warning CS8600: Converting null literal or possible null value to non-nullable type. [C:\git\TUnit\TUnit.Core.SourceGenerator.Roslyn47\TUnit.Core.SourceGenerator.Roslyn47.csproj::TargetFramework=netstandard2.0]
C:\git\TUnit\TUnit.Core.SourceGenerator\Generators\AotMethodInvocationGenerator.cs(168,52): warning CS8604: Possible null reference argument for parameter 'name' in 'ImmutableArray<ISymbol> INamespaceOrTypeSymbol.GetMembers(string name)'. [C:\git\TUnit\TUnit.Core.SourceGenerator.Roslyn47\TUnit.Core.SourceGenerator.Roslyn47.csproj::TargetFramework=netstandard2.0]
C:\git\TUnit\TUnit.Core.SourceGenerator\Generators\TestMetadataGenerator.cs(741,54): warning CS8604: Possible null reference argument for parameter 'name' in 'ImmutableArray<ISymbol> INamespaceOrTypeSymbol.GetMembers(string name)'. [C:\git\TUnit\TUnit.Core.SourceGenerator.Roslyn47\TUnit.Core.SourceGenerator.Roslyn47.csproj::TargetFramework=netstandard2.0]
  TUnit.Core.SourceGenerator.Roslyn47 -> C:\git\TUnit\TUnit.Core.SourceGenerator.Roslyn47\bin\Debug\netstandard2.0\TUnit.Core.SourceGenerator.dll
C:\git\TUnit\TUnit.Assertions.SourceGenerator\Generators\AssertionMethodGenerator.cs(113,21): warning CS8604: Possible null reference argument for parameter 'MethodName' in 'CreateAssertionAttributeData.CreateAssertionAttributeData(INamedTypeSymbol TargetType, INamedTypeSymbol ContainingType, string MethodName, string? CustomName, bool NegateLogic, bool RequiresGenericTypeParameter, bool TreatAsInstance)'. [C:\git\TUnit\TUnit.Assertions.SourceGenerator\TUnit.Assertions.SourceGenerator.csproj::TargetFramework=netstandard2.0]
C:\git\TUnit\TUnit.Assertions.SourceGenerator\Generators\AssertionMethodGenerator.cs(220,21): warning CS8604: Possible null reference argument for parameter 'MethodName' in 'CreateAssertionAttributeData.CreateAssertionAttributeData(INamedTypeSymbol TargetType, INamedTypeSymbol ContainingType, string MethodName, string? CustomName, bool NegateLogic, bool RequiresGenericTypeParameter, bool TreatAsInstance)'. [C:\git\TUnit\TUnit.Assertions.SourceGenerator\TUnit.Assertions.SourceGenerator.csproj::TargetFramework=netstandard2.0]
  TUnit.Assertions.SourceGenerator -> C:\git\TUnit\TUnit.Assertions.SourceGenerator\bin\Debug\netstandard2.0\TUnit.Assertions.SourceGenerator.dll
  TUnit.Analyzers.Roslyn44 -> C:\git\TUnit\TUnit.Analyzers.Roslyn44\bin\Debug\netstandard2.0\TUnit.Analyzers.dll
C:\git\TUnit\TUnit.Core.SourceGenerator\CodeGenerators\Helpers\TupleArgumentHelper.cs(72,37): warning CS8600: Converting null literal or possible null value to non-nullable type. [C:\git\TUnit\TUnit.Core.SourceGenerator.Roslyn414\TUnit.Core.SourceGenerator.Roslyn414.csproj::TargetFramework=netstandard2.0]
C:\git\TUnit\TUnit.Core.SourceGenerator\Generators\TestMetadataGenerator.cs(741,54): warning CS8604: Possible null reference argument for parameter 'name' in 'ImmutableArray<ISymbol> INamespaceOrTypeSymbol.GetMembers(string name)'. [C:\git\TUnit\TUnit.Core.SourceGenerator.Roslyn414\TUnit.Core.SourceGenerator.Roslyn414.csproj::TargetFramework=netstandard2.0]
C:\git\TUnit\TUnit.Core.SourceGenerator\Generators\AotMethodInvocationGenerator.cs(168,52): warning CS8604: Possible null reference argument for parameter 'name' in 'ImmutableArray<ISymbol> INamespaceOrTypeSymbol.GetMembers(string name)'. [C:\git\TUnit\TUnit.Core.SourceGenerator.Roslyn414\TUnit.Core.SourceGenerator.Roslyn414.csproj::TargetFramework=netstandard2.0]
  TUnit.Core.SourceGenerator.Roslyn414 -> C:\git\TUnit\TUnit.Core.SourceGenerator.Roslyn414\bin\Debug\netstandard2.0\TUnit.Core.SourceGenerator.dll
  TUnit.Analyzers.CodeFixers -> C:\git\TUnit\TUnit.Analyzers.CodeFixers\bin\Debug\netstandard2.0\TUnit.Analyzers.CodeFixers.dll
  ExampleNamespace.ApiService -> C:\git\TUnit\TUnit.Templates\content\TUnit.Aspire.Starter\ExampleNamespace.ApiService\bin\Debug\net9.0\ExampleNamespace.ApiService.dll
C:\git\TUnit\TUnit.Analyzers\MultipleConstructorsAnalyzer.cs(13,15): warning RS2008: Enable analyzer release tracking for the analyzer project containing rule 'TUnit0052' (https://github.com/dotnet/roslyn-analyzers/blob/main/src/Microsoft.CodeAnalysis.Analyzers/ReleaseTrackingAnalyzers.Help.md) [C:\git\TUnit\TUnit.Analyzers.Roslyn414\TUnit.Analyzers.Roslyn414.csproj::TargetFramework=netstandard2.0]
  TUnit.Analyzers.Roslyn414 -> C:\git\TUnit\TUnit.Analyzers.Roslyn414\bin\Debug\netstandard2.0\TUnit.Analyzers.dll
  Removing SourceGeneratedViewer directory...
  TUnit.Core -> C:\git\TUnit\TUnit.Core\bin\Debug\net9.0\TUnit.Core.dll
  Removing SourceGeneratedViewer directory...
  Removing SourceGeneratedViewer directory...
  Removing SourceGeneratedViewer directory...
C:\git\TUnit\TestProject.props(33,9): warning MSB3061: Unable to delete file "C:\git\TUnit\TUnit.Assertions.Analyzers.Tests\SourceGeneratedViewer\TUnit.Core.SourceGenerator\TUnit.Core.SourceGenerator.Generators.TestMetadataGenerator\AwaitAssertionAnalyzerTests_Assert_That_Is_Flagged_When_Generic_Type_Parameters_And_Not_Awaited_6d11b90b34a7488c854ecf549255056c.g.cs". Access to the path 'C:\git\TUnit\TUnit.Assertions.Analyzers.Tests\SourceGeneratedViewer\TUnit.Core.SourceGenerator\TUnit.Core.SourceGenerator.Generators.TestMetadataGenerator\AwaitAssertionAnalyzerTests_Assert_That_Is_Flagged_When_Generic_Type_Parameters_And_Not_Awaited_6d11b90b34a7488c854ecf549255056c.g.cs' is denied.  [C:\git\TUnit\TUnit.Assertions.Analyzers.Tests\TUnit.Assertions.Analyzers.Tests.csproj::TargetFramework=net8.0]
C:\git\TUnit\TestProject.props(33,9): warning MSB3061: Unable to delete file "C:\git\TUnit\TUnit.Assertions.Analyzers.Tests\SourceGeneratedViewer\TUnit.Core.SourceGenerator\TUnit.Core.SourceGenerator.Generators.TestMetadataGenerator\AwaitValueTaskAssertThatAnalyzerTests_ValueTask_Assert_That_Func_Is_Not_Flagged_When_Awaited_ea5ec29417e5453580e850037436accb.g.cs". Access to the path 'C:\git\TUnit\TUnit.Assertions.Analyzers.Tests\SourceGeneratedViewer\TUnit.Core.SourceGenerator\TUnit.Core.SourceGenerator.Generators.TestMetadataGenerator\AwaitValueTaskAssertThatAnalyzerTests_ValueTask_Assert_That_Func_Is_Not_Flagged_When_Awaited_ea5ec29417e5453580e850037436accb.g.cs' is denied.  [C:\git\TUnit\TUnit.Assertions.Analyzers.Tests\TUnit.Assertions.Analyzers.Tests.csproj::TargetFramework=net9.0]
C:\git\TUnit\TestProject.props(33,9): warning MSB3061: Unable to delete file "C:\git\TUnit\TUnit.Assertions.Analyzers.Tests\SourceGeneratedViewer\TUnit.Core.SourceGenerator\TUnit.Core.SourceGenerator.Generators.TestMetadataGenerator\AwaitValueTaskAssertThatAnalyzerTests_ValueTask_Assert_That_Func_Is_Not_Flagged_When_Awaited_ea5ec29417e5453580e850037436accb.g.cs". Access to the path 'C:\git\TUnit\TUnit.Assertions.Analyzers.Tests\SourceGeneratedViewer\TUnit.Core.SourceGenerator\TUnit.Core.SourceGenerator.Generators.TestMetadataGenerator\AwaitValueTaskAssertThatAnalyzerTests_ValueTask_Assert_That_Func_Is_Not_Flagged_When_Awaited_ea5ec29417e5453580e850037436accb.g.cs' is denied.  [C:\git\TUnit\TUnit.Assertions.Analyzers.Tests\TUnit.Assertions.Analyzers.Tests.csproj::TargetFramework=net8.0]
  Removing SourceGeneratedViewer directory...
  Removing SourceGeneratedViewer directory...
C:\git\TUnit\TestProject.props(33,9): warning MSB3061: Unable to delete file "C:\git\TUnit\TUnit.Assertions.Analyzers.Tests\SourceGeneratedViewer\TUnit.Core.SourceGenerator\TUnit.Core.SourceGenerator.Generators.TestMetadataGenerator\AwaitAssertionAnalyzerTests_Assert_Multiple_Is_Not_Flagged_When_Using_Without_Scope_3d4710ab66f64570b831f11e7b3e883b.g.cs". Access to the path 'C:\git\TUnit\TUnit.Assertions.Analyzers.Tests\SourceGeneratedViewer\TUnit.Core.SourceGenerator\TUnit.Core.SourceGenerator.Generators.TestMetadataGenerator\AwaitAssertionAnalyzerTests_Assert_Multiple_Is_Not_Flagged_When_Using_Without_Scope_3d4710ab66f64570b831f11e7b3e883b.g.cs' is denied.  [C:\git\TUnit\TUnit.Assertions.Analyzers.Tests\TUnit.Assertions.Analyzers.Tests.csproj::TargetFramework=net472]
  Removing SourceGeneratedViewer directory...
  Removing SourceGeneratedViewer directory...
C:\git\TUnit\TestProject.props(33,9): warning MSB3061: Unable to delete file "C:\git\TUnit\TUnit.Assertions.Analyzers.Tests\SourceGeneratedViewer\TUnit.Core.SourceGenerator\TUnit.Core.SourceGenerator.Generators.TestMetadataGenerator\ConstantInAssertThatAnalyzerTests_Assert_That_Is_Flagged_When_Using_Constant_78260ff79da64dbe8141da8615788979.g.cs". Access to the path 'C:\git\TUnit\TUnit.Assertions.Analyzers.Tests\SourceGeneratedViewer\TUnit.Core.SourceGenerator\TUnit.Core.SourceGenerator.Generators.TestMetadataGenerator\ConstantInAssertThatAnalyzerTests_Assert_That_Is_Flagged_When_Using_Constant_78260ff79da64dbe8141da8615788979.g.cs' is denied.  [C:\git\TUnit\TUnit.Assertions.Analyzers.Tests\TUnit.Assertions.Analyzers.Tests.csproj::TargetFramework=net472]
C:\git\TUnit\TestProject.props(33,9): warning MSB3061: Unable to delete file "C:\git\TUnit\TUnit.Assertions.Analyzers.Tests\SourceGeneratedViewer\TUnit.Core.SourceGenerator\TUnit.Core.SourceGenerator.Generators.TestMetadataGenerator\MixAndOrOperatorsAnalyzerTests_Flag_When_Mixing_And_With_Or_5c97b140dd7043ed84aac6bb84090f61.g.cs". Access to the path 'C:\git\TUnit\TUnit.Assertions.Analyzers.Tests\SourceGeneratedViewer\TUnit.Core.SourceGenerator\TUnit.Core.SourceGenerator.Generators.TestMetadataGenerator\MixAndOrOperatorsAnalyzerTests_Flag_When_Mixing_And_With_Or_5c97b140dd7043ed84aac6bb84090f61.g.cs' is denied.  [C:\git\TUnit\TUnit.Assertions.Analyzers.Tests\TUnit.Assertions.Analyzers.Tests.csproj::TargetFramework=net8.0]
C:\git\TUnit\TestProject.props(33,9): warning MSB3061: Unable to delete file "C:\git\TUnit\TUnit.Assertions.SourceGenerator.Tests\SourceGeneratedViewer\TUnit.Core.SourceGenerator\TUnit.Core.SourceGenerator.Generators.AotTupleProcessorGenerator\AotTupleProcessors.g.cs". Access to the path 'C:\git\TUnit\TUnit.Assertions.SourceGenerator.Tests\SourceGeneratedViewer\TUnit.Core.SourceGenerator\TUnit.Core.SourceGenerator.Generators.AotTupleProcessorGenerator\AotTupleProcessors.g.cs' is denied.  [C:\git\TUnit\TUnit.Assertions.SourceGenerator.Tests\TUnit.Assertions.SourceGenerator.Tests.csproj::TargetFramework=net472]
C:\git\TUnit\TestProject.props(33,9): warning MSB3061: Unable to delete file "C:\git\TUnit\TUnit.Assertions.Analyzers.Tests\SourceGeneratedViewer\TUnit.Core.SourceGenerator\TUnit.Core.SourceGenerator.Generators.TestMetadataGenerator\ConstantInAssertThatAnalyzerTests_No_Error_When_Not_Constant_9b4632df789f4485bb3e35519a06d9f0.g.cs". Access to the path 'C:\git\TUnit\TUnit.Assertions.Analyzers.Tests\SourceGeneratedViewer\TUnit.Core.SourceGenerator\TUnit.Core.SourceGenerator.Generators.TestMetadataGenerator\ConstantInAssertThatAnalyzerTests_No_Error_When_Not_Constant_9b4632df789f4485bb3e35519a06d9f0.g.cs' is denied.  [C:\git\TUnit\TUnit.Assertions.Analyzers.Tests\TUnit.Assertions.Analyzers.Tests.csproj::TargetFramework=net9.0]
  Removing SourceGeneratedViewer directory...
  TUnit.Assertions.Analyzers.CodeFixers -> C:\git\TUnit\TUnit.Assertions.Analyzers.CodeFixers\bin\Debug\netstandard2.0\TUnit.Assertions.Analyzers.CodeFixers.dll
  Removing SourceGeneratedViewer directory...
  Removing SourceGeneratedViewer directory...
C:\git\TUnit\TestProject.props(33,9): warning MSB3061: Unable to delete file "C:\git\TUnit\TUnit.Core.SourceGenerator.Tests\SourceGeneratedViewer\TUnit.Core.SourceGenerator\TUnit.Core.SourceGenerator.Generators.TestMetadataGenerator\AssemblyNamesWithDashesTests_AssemblyNameWithDashes_ShouldGenerateValidVariableNames_55ca882ec8db4bbfac1041abb33e8530.g.cs". Access to the path 'C:\git\TUnit\TUnit.Core.SourceGenerator.Tests\SourceGeneratedViewer\TUnit.Core.SourceGenerator\TUnit.Core.SourceGenerator.Generators.TestMetadataGenerator\AssemblyNamesWithDashesTests_AssemblyNameWithDashes_ShouldGenerateValidVariableNames_55ca882ec8db4bbfac1041abb33e8530.g.cs' is denied.  [C:\git\TUnit\TUnit.Core.SourceGenerator.Tests\TUnit.Core.SourceGenerator.Tests.csproj::TargetFramework=net472]
C:\git\TUnit\TestProject.props(33,9): warning MSB3061: Unable to delete file "C:\git\TUnit\TUnit.Core.SourceGenerator.Tests\SourceGeneratedViewer\TUnit.Core.SourceGenerator\TUnit.Core.SourceGenerator.Generators.TestMetadataGenerator\BasicTests_Test_6c52f74c3e0c4e23875a08cb0859d5f2.g.cs". Access to the path 'C:\git\TUnit\TUnit.Core.SourceGenerator.Tests\SourceGeneratedViewer\TUnit.Core.SourceGenerator\TUnit.Core.SourceGenerator.Generators.TestMetadataGenerator\BasicTests_Test_6c52f74c3e0c4e23875a08cb0859d5f2.g.cs' is denied.  [C:\git\TUnit\TUnit.Core.SourceGenerator.Tests\TUnit.Core.SourceGenerator.Tests.csproj::TargetFramework=net8.0]
C:\git\TUnit\TestProject.props(33,9): warning MSB3061: Unable to delete file "C:\git\TUnit\TUnit.Core.SourceGenerator.Tests\SourceGeneratedViewer\TUnit.Core.SourceGenerator\TUnit.Core.SourceGenerator.Generators.TestMetadataGenerator\GenericTypeResolverTests_Test_GenericConstraints_WithInstantiation_013559cfa49f49b7a7c94e83379f7562.g.cs". Access to the path 'C:\git\TUnit\TUnit.Core.SourceGenerator.Tests\SourceGeneratedViewer\TUnit.Core.SourceGenerator\TUnit.Core.SourceGenerator.Generators.TestMetadataGenerator\GenericTypeResolverTests_Test_GenericConstraints_WithInstantiation_013559cfa49f49b7a7c94e83379f7562.g.cs' is denied.  [C:\git\TUnit\TUnit.Core.SourceGenerator.Tests\TUnit.Core.SourceGenerator.Tests.csproj::TargetFramework=net472]
C:\git\TUnit\TestProject.props(33,9): warning MSB3061: Unable to delete file "C:\git\TUnit\TUnit.Core.SourceGenerator.Tests\SourceGeneratedViewer\TUnit.Core.SourceGenerator\TUnit.Core.SourceGenerator.Generators.TestMetadataGenerator\UnifiedReflectionFreeTests_Test_StronglyTypedDelegates_Generation_fe82e36b41f2425c84e403f3b3762d27.g.cs". Access to the path 'C:\git\TUnit\TUnit.Core.SourceGenerator.Tests\SourceGeneratedViewer\TUnit.Core.SourceGenerator\TUnit.Core.SourceGenerator.Generators.TestMetadataGenerator\UnifiedReflectionFreeTests_Test_StronglyTypedDelegates_Generation_fe82e36b41f2425c84e403f3b3762d27.g.cs' is denied.  [C:\git\TUnit\TUnit.Core.SourceGenerator.Tests\TUnit.Core.SourceGenerator.Tests.csproj::TargetFramework=net8.0]
C:\git\TUnit\TUnit.TestProject.Library\Bugs\1889\BaseTests.cs(19,17): warning TUnit0300: Generic test method with data source may not be AOT-compatible. All generic type combinations must be known at compile time. [C:\git\TUnit\TUnit.TestProject.Library\TUnit.TestProject.Library.csproj::TargetFramework=netstandard2.0]
C:\git\TUnit\TUnit.TestProject.Library\Bugs\1889\BaseTests.cs(12,17): warning TUnit0300: Generic test method with data source may not be AOT-compatible. All generic type combinations must be known at compile time. [C:\git\TUnit\TUnit.TestProject.Library\TUnit.TestProject.Library.csproj::TargetFramework=netstandard2.0]
C:\git\TUnit\TUnit.TestProject.Library\Bugs\1889\BaseTests.cs(19,17): warning TUnit0300: Generic test method with data source may not be AOT-compatible. All generic type combinations must be known at compile time. [C:\git\TUnit\TUnit.TestProject.Library\TUnit.TestProject.Library.csproj::TargetFramework=net472]
C:\git\TUnit\TUnit.TestProject.Library\Bugs\1889\BaseTests.cs(12,17): warning TUnit0300: Generic test method with data source may not be AOT-compatible. All generic type combinations must be known at compile time. [C:\git\TUnit\TUnit.TestProject.Library\TUnit.TestProject.Library.csproj::TargetFramework=net472]
  TUnit.Engine -> C:\git\TUnit\TUnit.Engine\bin\Debug\netstandard2.0\TUnit.Engine.dll
  ExampleNamespace.WebApp -> C:\git\TUnit\TUnit.Templates\content\TUnit.Aspire.Starter\ExampleNamespace.WebApp\bin\Debug\net9.0\ExampleNamespace.WebApp.dll
  Removing SourceGeneratedViewer directory...
  Removing SourceGeneratedViewer directory...
  Removing SourceGeneratedViewer directory...
  Removing SourceGeneratedViewer directory...
  Removing SourceGeneratedViewer directory...
  Removing SourceGeneratedViewer directory...
  Removing SourceGeneratedViewer directory...
  Removing SourceGeneratedViewer directory...
  Removing SourceGeneratedViewer directory...
C:\git\TUnit\TestProject.props(33,9): warning MSB3061: Unable to delete file "C:\git\TUnit\TUnit.Analyzers.Tests\SourceGeneratedViewer\TUnit.Core.SourceGenerator\TUnit.Core.SourceGenerator.Generators.AotConverterGenerator\AotConverters.g.cs". Access to the path 'C:\git\TUnit\TUnit.Analyzers.Tests\SourceGeneratedViewer\TUnit.Core.SourceGenerator\TUnit.Core.SourceGenerator.Generators.AotConverterGenerator\AotConverters.g.cs' is denied.  [C:\git\TUnit\TUnit.Analyzers.Tests\TUnit.Analyzers.Tests.csproj::TargetFramework=net9.0]
  Removing SourceGeneratedViewer directory...
C:\git\TUnit\TestProject.props(33,9): warning MSB3061: Unable to delete file "C:\git\TUnit\TUnit.Analyzers.Tests\SourceGeneratedViewer\TUnit.Core.SourceGenerator\TUnit.Core.SourceGenerator.Generators.TestMetadataGenerator\ClassDataSourceAnalyzerTests_Class_No_Error_1c9de470adb546f0a2ca8780d93e775e.g.cs". Access to the path 'C:\git\TUnit\TUnit.Analyzers.Tests\SourceGeneratedViewer\TUnit.Core.SourceGenerator\TUnit.Core.SourceGenerator.Generators.TestMetadataGenerator\ClassDataSourceAnalyzerTests_Class_No_Error_1c9de470adb546f0a2ca8780d93e775e.g.cs' is denied.  [C:\git\TUnit\TUnit.Analyzers.Tests\TUnit.Analyzers.Tests.csproj::TargetFramework=net9.0]
C:\git\TUnit\TestProject.props(33,9): warning MSB3061: Unable to delete file "C:\git\TUnit\TUnit.Analyzers.Tests\SourceGeneratedViewer\TUnit.Core.SourceGenerator\TUnit.Core.SourceGenerator.Generators.TestMetadataGenerator\ClassDataSourceAnalyzerTests_Class_No_Error_1c9de470adb546f0a2ca8780d93e775e.g.cs". Access to the path 'C:\git\TUnit\TUnit.Analyzers.Tests\SourceGeneratedViewer\TUnit.Core.SourceGenerator\TUnit.Core.SourceGenerator.Generators.TestMetadataGenerator\ClassDataSourceAnalyzerTests_Class_No_Error_1c9de470adb546f0a2ca8780d93e775e.g.cs' is denied.  [C:\git\TUnit\TUnit.Analyzers.Tests\TUnit.Analyzers.Tests.csproj::TargetFramework=net472]
C:\git\TUnit\TestProject.props(33,9): warning MSB3061: Unable to delete file "C:\git\TUnit\TUnit.TestProject\SourceGeneratedViewer\System.Text.Json.SourceGeneration\System.Text.Json.SourceGeneration.JsonSourceGenerator\SourceGenerationContext.PropertyNames.g.cs". Access to the path 'C:\git\TUnit\TUnit.TestProject\SourceGeneratedViewer\System.Text.Json.SourceGeneration\System.Text.Json.SourceGeneration.JsonSourceGenerator\SourceGenerationContext.PropertyNames.g.cs' is denied.  [C:\git\TUnit\TUnit.TestProject\TUnit.TestProject.csproj::TargetFramework=net9.0]
C:\git\TUnit\TestProject.props(33,9): warning MSB3061: Unable to delete file "C:\git\TUnit\TUnit.Analyzers.Tests\SourceGeneratedViewer\TUnit.Core.SourceGenerator\TUnit.Core.SourceGenerator.Generators.TestMetadataGenerator\DisposableFieldPropertyAnalyzerTests_New_IAsyncDisposable_No_Issue_When_Cleaned_Up_1f5b82c1154f4d508e1dfa59db3d4760.g.cs". Access to the path 'C:\git\TUnit\TUnit.Analyzers.Tests\SourceGeneratedViewer\TUnit.Core.SourceGenerator\TUnit.Core.SourceGenerator.Generators.TestMetadataGenerator\DisposableFieldPropertyAnalyzerTests_New_IAsyncDisposable_No_Issue_When_Cleaned_Up_1f5b82c1154f4d508e1dfa59db3d4760.g.cs' is denied.  [C:\git\TUnit\TUnit.Analyzers.Tests\TUnit.Analyzers.Tests.csproj::TargetFramework=net8.0]
C:\git\TUnit\TestProject.props(33,9): warning MSB3061: Unable to delete file "C:\git\TUnit\TUnit.Analyzers.Tests\SourceGeneratedViewer\TUnit.Core.SourceGenerator\TUnit.Core.SourceGenerator.Generators.TestMetadataGenerator\DisposableFieldPropertyAnalyzerTests_New_IAsyncDisposable__Static_No_Issue_When_Cleaned_Up_4120e2253b5d4bc8b4393456abef748d.g.cs". Access to the path 'C:\git\TUnit\TUnit.Analyzers.Tests\SourceGeneratedViewer\TUnit.Core.SourceGenerator\TUnit.Core.SourceGenerator.Generators.TestMetadataGenerator\DisposableFieldPropertyAnalyzerTests_New_IAsyncDisposable__Static_No_Issue_When_Cleaned_Up_4120e2253b5d4bc8b4393456abef748d.g.cs' is denied.  [C:\git\TUnit\TUnit.Analyzers.Tests\TUnit.Analyzers.Tests.csproj::TargetFramework=net9.0]
C:\git\TUnit\TestProject.props(33,9): warning MSB3061: Unable to delete file "C:\git\TUnit\TUnit.TestProject\SourceGeneratedViewer\TUnit.Core.SourceGenerator\TUnit.Core.SourceGenerator.Generators.HookMetadataGenerator\AssemblyBase2_BeforeAll2_Before_Assembly_26d5b08e4b6f4f2c8a338af946804bb4.Hook.g.cs". Access to the path 'C:\git\TUnit\TUnit.TestProject\SourceGeneratedViewer\TUnit.Core.SourceGenerator\TUnit.Core.SourceGenerator.Generators.HookMetadataGenerator\AssemblyBase2_BeforeAll2_Before_Assembly_26d5b08e4b6f4f2c8a338af946804bb4.Hook.g.cs' is denied.  [C:\git\TUnit\TUnit.TestProject\TUnit.TestProject.csproj::TargetFramework=net9.0]
C:\git\TUnit\TestProject.props(33,9): warning MSB3061: Unable to delete file "C:\git\TUnit\TUnit.Analyzers.Tests\SourceGeneratedViewer\TUnit.Core.SourceGenerator\TUnit.Core.SourceGenerator.Generators.TestMetadataGenerator\EnumerableMethodDataTupleTypeTests_Invalid_Enumerable_Tuple_Raises_Error_a34f9a52407c4140b3653f41660bf3ad.g.cs". Access to the path 'C:\git\TUnit\TUnit.Analyzers.Tests\SourceGeneratedViewer\TUnit.Core.SourceGenerator\TUnit.Core.SourceGenerator.Generators.TestMetadataGenerator\EnumerableMethodDataTupleTypeTests_Invalid_Enumerable_Tuple_Raises_Error_a34f9a52407c4140b3653f41660bf3ad.g.cs' is denied.  [C:\git\TUnit\TUnit.Analyzers.Tests\TUnit.Analyzers.Tests.csproj::TargetFramework=net9.0]
C:\git\TUnit\TestProject.props(33,9): warning MSB3061: Unable to delete file "C:\git\TUnit\TUnit.Analyzers.Tests\SourceGeneratedViewer\TUnit.Core.SourceGenerator\TUnit.Core.SourceGenerator.Generators.TestMetadataGenerator\DynamicTestAwaitExpressionSuppressorTests_WarningsInTUnitAreSuppressed_e8fc79e462c34ec2b1b8d2053220f5ec.g.cs". Access to the path 'C:\git\TUnit\TUnit.Analyzers.Tests\SourceGeneratedViewer\TUnit.Core.SourceGenerator\TUnit.Core.SourceGenerator.Generators.TestMetadataGenerator\DynamicTestAwaitExpressionSuppressorTests_WarningsInTUnitAreSuppressed_e8fc79e462c34ec2b1b8d2053220f5ec.g.cs' is denied.  [C:\git\TUnit\TUnit.Analyzers.Tests\TUnit.Analyzers.Tests.csproj::TargetFramework=net8.0]
C:\git\TUnit\TestProject.props(33,9): warning MSB3061: Unable to delete file "C:\git\TUnit\TUnit.TestProject\SourceGeneratedViewer\TUnit.Core.SourceGenerator\TUnit.Core.SourceGenerator.Generators.HookMetadataGenerator\AsyncHookTests_BeforeTestDiscovery_Before_TestDiscovery_6398b2d808154e36a6278054357cb7dc.Hook.g.cs". Access to the path 'C:\git\TUnit\TUnit.TestProject\SourceGeneratedViewer\TUnit.Core.SourceGenerator\TUnit.Core.SourceGenerator.Generators.HookMetadataGenerator\AsyncHookTests_BeforeTestDiscovery_Before_TestDiscovery_6398b2d808154e36a6278054357cb7dc.Hook.g.cs' is denied.  [C:\git\TUnit\TUnit.TestProject\TUnit.TestProject.csproj::TargetFramework=net9.0]
C:\git\TUnit\TestProject.props(33,9): warning MSB3061: Unable to delete file "C:\git\TUnit\TUnit.Analyzers.Tests\SourceGeneratedViewer\TUnit.Core.SourceGenerator\TUnit.Core.SourceGenerator.Generators.TestMetadataGenerator\InstanceTestMethodAnalyzerTests_Instance_No_Error_a60099e8ca0c402ab7f367405cf20c5a.g.cs". Access to the path 'C:\git\TUnit\TUnit.Analyzers.Tests\SourceGeneratedViewer\TUnit.Core.SourceGenerator\TUnit.Core.SourceGenerator.Generators.TestMetadataGenerator\InstanceTestMethodAnalyzerTests_Instance_No_Error_a60099e8ca0c402ab7f367405cf20c5a.g.cs' is denied.  [C:\git\TUnit\TUnit.Analyzers.Tests\TUnit.Analyzers.Tests.csproj::TargetFramework=net8.0]
C:\git\TUnit\TestProject.props(33,9): warning MSB3061: Unable to delete file "C:\git\TUnit\TUnit.Analyzers.Tests\SourceGeneratedViewer\TUnit.Core.SourceGenerator\TUnit.Core.SourceGenerator.Generators.TestMetadataGenerator\InheritsTestsAnalyzerTests_Warning_Test_bf7ba45ed996491caf842724011366c4.g.cs". Access to the path 'C:\git\TUnit\TUnit.Analyzers.Tests\SourceGeneratedViewer\TUnit.Core.SourceGenerator\TUnit.Core.SourceGenerator.Generators.TestMetadataGenerator\InheritsTestsAnalyzerTests_Warning_Test_bf7ba45ed996491caf842724011366c4.g.cs' is denied.  [C:\git\TUnit\TUnit.Analyzers.Tests\TUnit.Analyzers.Tests.csproj::TargetFramework=net472]
C:\git\TUnit\TestProject.props(33,9): warning MSB3061: Unable to delete file "C:\git\TUnit\TUnit.Analyzers.Tests\SourceGeneratedViewer\TUnit.Core.SourceGenerator\TUnit.Core.SourceGenerator.Generators.TestMetadataGenerator\MethodDataSourceAnalyzerTests_Method_Data_Source_Is_Not_Flagged_When_List_Inner_Type_Matches_Parameter_Type_e04f6306d8b94f3fae3ba8843ef37f49.g.cs". Access to the path 'C:\git\TUnit\TUnit.Analyzers.Tests\SourceGeneratedViewer\TUnit.Core.SourceGenerator\TUnit.Core.SourceGenerator.Generators.TestMetadataGenerator\MethodDataSourceAnalyzerTests_Method_Data_Source_Is_Not_Flagged_When_List_Inner_Type_Matches_Parameter_Type_e04f6306d8b94f3fae3ba8843ef37f49.g.cs' is denied.  [C:\git\TUnit\TUnit.Analyzers.Tests\TUnit.Analyzers.Tests.csproj::TargetFramework=net472]
C:\git\TUnit\TestProject.props(33,9): warning MSB3061: Unable to delete file "C:\git\TUnit\TUnit.Analyzers.Tests\SourceGeneratedViewer\TUnit.Core.SourceGenerator\TUnit.Core.SourceGenerator.Generators.TestMetadataGenerator\MethodDataSourceAnalyzerTests_Method_Data_Source_Is_Not_Flagged_When_Does_Match_Property_Type_Tuple_52000df6359144ce81b13806f5c2ecb6.g.cs". Access to the path 'C:\git\TUnit\TUnit.Analyzers.Tests\SourceGeneratedViewer\TUnit.Core.SourceGenerator\TUnit.Core.SourceGenerator.Generators.TestMetadataGenerator\MethodDataSourceAnalyzerTests_Method_Data_Source_Is_Not_Flagged_When_Does_Match_Property_Type_Tuple_52000df6359144ce81b13806f5c2ecb6.g.cs' is denied.  [C:\git\TUnit\TUnit.Analyzers.Tests\TUnit.Analyzers.Tests.csproj::TargetFramework=net8.0]
C:\git\TUnit\TestProject.props(33,9): warning MSB3061: Unable to delete file "C:\git\TUnit\TUnit.Analyzers.Tests\SourceGeneratedViewer\TUnit.Core.SourceGenerator\TUnit.Core.SourceGenerator.Generators.TestMetadataGenerator\MethodDataSourceMatchesConstructorAnalyzerTests_Wrong_IEnumerable_Return_Method_Error_3cc368ddaa834b1baaf4330a967df6ab.g.cs". Access to the path 'C:\git\TUnit\TUnit.Analyzers.Tests\SourceGeneratedViewer\TUnit.Core.SourceGenerator\TUnit.Core.SourceGenerator.Generators.TestMetadataGenerator\MethodDataSourceMatchesConstructorAnalyzerTests_Wrong_IEnumerable_Return_Method_Error_3cc368ddaa834b1baaf4330a967df6ab.g.cs' is denied.  [C:\git\TUnit\TUnit.Analyzers.Tests\TUnit.Analyzers.Tests.csproj::TargetFramework=net9.0]
C:\git\TUnit\TestProject.props(33,9): warning MSB3061: Unable to delete file "C:\git\TUnit\TUnit.Analyzers.Tests\SourceGeneratedViewer\TUnit.Core.SourceGenerator\TUnit.Core.SourceGenerator.Generators.TestMetadataGenerator\MethodDataSourceAnalyzerTests_Method_Data_Source_Is_Not_Flagged_When_Matching_Tuple_ca14c4c619374b6cb0da80fb90ebabf2.g.cs". Access to the path 'C:\git\TUnit\TUnit.Analyzers.Tests\SourceGeneratedViewer\TUnit.Core.SourceGenerator\TUnit.Core.SourceGenerator.Generators.TestMetadataGenerator\MethodDataSourceAnalyzerTests_Method_Data_Source_Is_Not_Flagged_When_Matching_Tuple_ca14c4c619374b6cb0da80fb90ebabf2.g.cs' is denied.  [C:\git\TUnit\TUnit.Analyzers.Tests\TUnit.Analyzers.Tests.csproj::TargetFramework=net8.0]
C:\git\TUnit\TestProject.props(33,9): warning MSB3061: Unable to delete file "C:\git\TUnit\TUnit.Analyzers.Tests\SourceGeneratedViewer\TUnit.Core.SourceGenerator\TUnit.Core.SourceGenerator.Generators.TestMetadataGenerator\PropertyAnalyzerTests_Method_Data_Source_Is_Flagged_When_More_Than_1_DataAttribute_04fd18354b014bc2a9e805900c3d259b.g.cs". Access to the path 'C:\git\TUnit\TUnit.Analyzers.Tests\SourceGeneratedViewer\TUnit.Core.SourceGenerator\TUnit.Core.SourceGenerator.Generators.TestMetadataGenerator\PropertyAnalyzerTests_Method_Data_Source_Is_Flagged_When_More_Than_1_DataAttribute_04fd18354b014bc2a9e805900c3d259b.g.cs' is denied.  [C:\git\TUnit\TUnit.Analyzers.Tests\TUnit.Analyzers.Tests.csproj::TargetFramework=net9.0]
C:\git\TUnit\TestProject.props(33,9): warning MSB3061: Unable to delete file "C:\git\TUnit\TUnit.TestProject\SourceGeneratedViewer\TUnit.Core.SourceGenerator\TUnit.Core.SourceGenerator.Generators.HookMetadataGenerator\Base2_BeforeAll2_Before_Class_d05f32bad79141f3973af91bd5a63354.Hook.g.cs". Access to the path 'C:\git\TUnit\TUnit.TestProject\SourceGeneratedViewer\TUnit.Core.SourceGenerator\TUnit.Core.SourceGenerator.Generators.HookMetadataGenerator\Base2_BeforeAll2_Before_Class_d05f32bad79141f3973af91bd5a63354.Hook.g.cs' is denied.  [C:\git\TUnit\TUnit.TestProject\TUnit.TestProject.csproj::TargetFramework=net9.0]
C:\git\TUnit\TestProject.props(33,9): warning MSB3061: Unable to delete file "C:\git\TUnit\TUnit.Analyzers.Tests\SourceGeneratedViewer\TUnit.Core.SourceGenerator\TUnit.Core.SourceGenerator.Generators.TestMetadataGenerator\MethodDataSourceMatchesConstructorAnalyzerTests_Wrong_Return_Method_Error_14dff4e90aa14670bef29d19677f00c8.g.cs". Access to the path 'C:\git\TUnit\TUnit.Analyzers.Tests\SourceGeneratedViewer\TUnit.Core.SourceGenerator\TUnit.Core.SourceGenerator.Generators.TestMetadataGenerator\MethodDataSourceMatchesConstructorAnalyzerTests_Wrong_Return_Method_Error_14dff4e90aa14670bef29d19677f00c8.g.cs' is denied.  [C:\git\TUnit\TUnit.Analyzers.Tests\TUnit.Analyzers.Tests.csproj::TargetFramework=net8.0]
C:\git\TUnit\TestProject.props(33,9): warning MSB3061: Unable to delete file "C:\git\TUnit\TUnit.Analyzers.Tests\SourceGeneratedViewer\TUnit.Core.SourceGenerator\TUnit.Core.SourceGenerator.Generators.TestMetadataGenerator\PublicMethodMissingTestAttributeAnalyzerTests_Class_No_Error_6e7181ff54154846b5512431d7623ba6.g.cs". Access to the path 'C:\git\TUnit\TUnit.Analyzers.Tests\SourceGeneratedViewer\TUnit.Core.SourceGenerator\TUnit.Core.SourceGenerator.Generators.TestMetadataGenerator\PublicMethodMissingTestAttributeAnalyzerTests_Class_No_Error_6e7181ff54154846b5512431d7623ba6.g.cs' is denied.  [C:\git\TUnit\TUnit.Analyzers.Tests\TUnit.Analyzers.Tests.csproj::TargetFramework=net472]
C:\git\TUnit\TUnit.TestProject.Library\Bugs\1889\BaseTests.cs(19,17): warning TUnit0300: Generic test method with data source may not be AOT-compatible. All generic type combinations must be known at compile time. [C:\git\TUnit\TUnit.TestProject.Library\TUnit.TestProject.Library.csproj::TargetFramework=net6.0]
C:\git\TUnit\TUnit.TestProject.Library\Bugs\1889\BaseTests.cs(12,17): warning TUnit0300: Generic test method with data source may not be AOT-compatible. All generic type combinations must be known at compile time. [C:\git\TUnit\TUnit.TestProject.Library\TUnit.TestProject.Library.csproj::TargetFramework=net6.0]
C:\git\TUnit\TUnit.TestProject.Library\Bugs\1889\BaseTests.cs(19,17): warning TUnit0300: Generic test method with data source may not be AOT-compatible. All generic type combinations must be known at compile time. [C:\git\TUnit\TUnit.TestProject.Library\TUnit.TestProject.Library.csproj::TargetFramework=net8.0]
C:\git\TUnit\TUnit.TestProject.Library\Bugs\1889\BaseTests.cs(12,17): warning TUnit0300: Generic test method with data source may not be AOT-compatible. All generic type combinations must be known at compile time. [C:\git\TUnit\TUnit.TestProject.Library\TUnit.TestProject.Library.csproj::TargetFramework=net8.0]
  TUnit.TestProject.Library -> C:\git\TUnit\TUnit.TestProject.Library\bin\Debug\net6.0\TUnit.TestProject.Library.dll
  Removing SourceGeneratedViewer directory...
  Removing SourceGeneratedViewer directory...
C:\git\TUnit\TestProject.props(33,9): warning MSB3061: Unable to delete file "C:\git\TUnit\TUnit.Analyzers.Tests\SourceGeneratedViewer\TUnit.Core.SourceGenerator\TUnit.Core.SourceGenerator.Generators.TestMetadataGenerator\TestMethodParametersAnalyzerTests_DataSourceGenerator_f0c873f080384501b4a28c8f3bb481b3.g.cs". Access to the path 'C:\git\TUnit\TUnit.Analyzers.Tests\SourceGeneratedViewer\TUnit.Core.SourceGenerator\TUnit.Core.SourceGenerator.Generators.TestMetadataGenerator\TestMethodParametersAnalyzerTests_DataSourceGenerator_f0c873f080384501b4a28c8f3bb481b3.g.cs' is denied.  [C:\git\TUnit\TUnit.Analyzers.Tests\TUnit.Analyzers.Tests.csproj::TargetFramework=net9.0]
C:\git\TUnit\TestProject.props(33,9): warning MSB3061: Unable to delete file "C:\git\TUnit\TUnit.TestProject\SourceGeneratedViewer\TUnit.Core.SourceGenerator\TUnit.Core.SourceGenerator.Generators.HookMetadataGenerator\CatastrophicFailureRecoveryTests_Cleanup_Hook1_Partial_Success_After_Test_24857a968c6e438baf77f4242bd65fd4.Hook.g.cs". Access to the path 'C:\git\TUnit\TUnit.TestProject\SourceGeneratedViewer\TUnit.Core.SourceGenerator\TUnit.Core.SourceGenerator.Generators.HookMetadataGenerator\CatastrophicFailureRecoveryTests_Cleanup_Hook1_Partial_Success_After_Test_24857a968c6e438baf77f4242bd65fd4.Hook.g.cs' is denied.  [C:\git\TUnit\TUnit.TestProject\TUnit.TestProject.csproj::TargetFramework=net9.0]
C:\git\TUnit\TestProject.props(33,9): warning MSB3061: Unable to delete file "C:\git\TUnit\TUnit.Analyzers.Tests\SourceGeneratedViewer\TUnit.Core.SourceGenerator\TUnit.Core.SourceGenerator.Generators.TestMetadataGenerator\TestMethodParametersAnalyzerTests_DataSourceGenerator_f0c873f080384501b4a28c8f3bb481b3.g.cs". Access to the path 'C:\git\TUnit\TUnit.Analyzers.Tests\SourceGeneratedViewer\TUnit.Core.SourceGenerator\TUnit.Core.SourceGenerator.Generators.TestMetadataGenerator\TestMethodParametersAnalyzerTests_DataSourceGenerator_f0c873f080384501b4a28c8f3bb481b3.g.cs' is denied.  [C:\git\TUnit\TUnit.Analyzers.Tests\TUnit.Analyzers.Tests.csproj::TargetFramework=net8.0]
  Removing SourceGeneratedViewer directory...
  Removing SourceGeneratedViewer directory...
  TUnit.TestProject.Library -> C:\git\TUnit\TUnit.TestProject.Library\bin\Debug\net472\TUnit.TestProject.Library.dll
C:\git\TUnit\TUnit.TestProject.Library\Bugs\1889\BaseTests.cs(19,17): warning TUnit0300: Generic test method with data source may not be AOT-compatible. All generic type combinations must be known at compile time. [C:\git\TUnit\TUnit.TestProject.Library\TUnit.TestProject.Library.csproj::TargetFramework=net9.0]
C:\git\TUnit\TUnit.TestProject.Library\Bugs\1889\BaseTests.cs(12,17): warning TUnit0300: Generic test method with data source may not be AOT-compatible. All generic type combinations must be known at compile time. [C:\git\TUnit\TUnit.TestProject.Library\TUnit.TestProject.Library.csproj::TargetFramework=net9.0]
C:\git\TUnit\TestProject.props(33,9): warning MSB3061: Unable to delete file "C:\git\TUnit\TUnit.TestProject\SourceGeneratedViewer\TUnit.Core.SourceGenerator\TUnit.Core.SourceGenerator.Generators.HookMetadataGenerator\DeadlockFixVerificationTests_VerifyNoDeadlocksOccurred_After_TestSession_d21f1e6579444c16a9de370bc164f900.Hook.g.cs". Access to the path 'C:\git\TUnit\TUnit.TestProject\SourceGeneratedViewer\TUnit.Core.SourceGenerator\TUnit.Core.SourceGenerator.Generators.HookMetadataGenerator\DeadlockFixVerificationTests_VerifyNoDeadlocksOccurred_After_TestSession_d21f1e6579444c16a9de370bc164f900.Hook.g.cs' is denied.  [C:\git\TUnit\TUnit.TestProject\TUnit.TestProject.csproj::TargetFramework=net9.0]
  TUnit.TestProject.Library -> C:\git\TUnit\TUnit.TestProject.Library\bin\Debug\net8.0\TUnit.TestProject.Library.dll
  Removing SourceGeneratedViewer directory...
C:\git\TUnit\TestProject.props(33,9): warning MSB3061: Unable to delete file "C:\git\TUnit\TUnit.Assertions.Tests\SourceGeneratedViewer\TUnit.Core.SourceGenerator\TUnit.Core.SourceGenerator.Generators.TestMetadataGenerator\SkipTests_Skip_Test_Throws_SkipTestException_c6521930243d4cdb9acf3fdce802657e.g.cs". Access to the path 'C:\git\TUnit\TUnit.Assertions.Tests\SourceGeneratedViewer\TUnit.Core.SourceGenerator\TUnit.Core.SourceGenerator.Generators.TestMetadataGenerator\SkipTests_Skip_Test_Throws_SkipTestException_c6521930243d4cdb9acf3fdce802657e.g.cs' is denied.  [C:\git\TUnit\TUnit.Assertions.Tests\TUnit.Assertions.Tests.csproj::TargetFramework=net472]
  Removing SourceGeneratedViewer directory...
C:\git\TUnit\TestProject.props(33,9): warning MSB3061: Unable to delete file "C:\git\TUnit\TUnit.Assertions.Tests\SourceGeneratedViewer\TUnit.Core.SourceGenerator\TUnit.Core.SourceGenerator.Generators.TestMetadataGenerator\StringRegexAssertionTests_DoesNotMatch_WithValidPattern_GeneratedRegexPattern_Succeeds_cae939f4887b488d8543bd494b4658cf.g.cs". Access to the path 'C:\git\TUnit\TUnit.Assertions.Tests\SourceGeneratedViewer\TUnit.Core.SourceGenerator\TUnit.Core.SourceGenerator.Generators.TestMetadataGenerator\StringRegexAssertionTests_DoesNotMatch_WithValidPattern_GeneratedRegexPattern_Succeeds_cae939f4887b488d8543bd494b4658cf.g.cs' is denied.  [C:\git\TUnit\TUnit.Assertions.Tests\TUnit.Assertions.Tests.csproj::TargetFramework=net8.0]
C:\git\TUnit\TestProject.props(33,9): warning MSB3061: Unable to delete file "C:\git\TUnit\TUnit.TestProject\SourceGeneratedViewer\TUnit.Core.SourceGenerator\TUnit.Core.SourceGenerator.Generators.HookMetadataGenerator\GlobalBase2_AfterAll2_AfterEvery_Test_f94c998b097e4aa587f4fe4eb6915de1.Hook.g.cs". Access to the path 'C:\git\TUnit\TUnit.TestProject\SourceGeneratedViewer\TUnit.Core.SourceGenerator\TUnit.Core.SourceGenerator.Generators.HookMetadataGenerator\GlobalBase2_AfterAll2_AfterEvery_Test_f94c998b097e4aa587f4fe4eb6915de1.Hook.g.cs' is denied.  [C:\git\TUnit\TUnit.TestProject\TUnit.TestProject.csproj::TargetFramework=net472]
C:\git\TUnit\TestProject.props(33,9): warning MSB3061: Unable to delete file "C:\git\TUnit\TUnit.Assertions.Tests\SourceGeneratedViewer\TUnit.Core.SourceGenerator\TUnit.Core.SourceGenerator.Generators.TestMetadataGenerator\Tests1860_GameInstancesShouldBeSame_9e971c8c03604fd6b5ad35a283bff786.g.cs". Access to the path 'C:\git\TUnit\TUnit.Assertions.Tests\SourceGeneratedViewer\TUnit.Core.SourceGenerator\TUnit.Core.SourceGenerator.Generators.TestMetadataGenerator\Tests1860_GameInstancesShouldBeSame_9e971c8c03604fd6b5ad35a283bff786.g.cs' is denied.  [C:\git\TUnit\TUnit.Assertions.Tests\TUnit.Assertions.Tests.csproj::TargetFramework=net472]
C:\git\TUnit\TestProject.props(33,9): warning MSB3061: Unable to delete file "C:\git\TUnit\TUnit.TestProject\SourceGeneratedViewer\TUnit.Core.SourceGenerator\TUnit.Core.SourceGenerator.Generators.HookMetadataGenerator\HookCleanupOnFailureTests_BeforeEveryClass_BeforeEvery_Class_83ac0eef8059405681022ddaa492df65.Hook.g.cs". Access to the path 'C:\git\TUnit\TUnit.TestProject\SourceGeneratedViewer\TUnit.Core.SourceGenerator\TUnit.Core.SourceGenerator.Generators.HookMetadataGenerator\HookCleanupOnFailureTests_BeforeEveryClass_BeforeEvery_Class_83ac0eef8059405681022ddaa492df65.Hook.g.cs' is denied.  [C:\git\TUnit\TUnit.TestProject\TUnit.TestProject.csproj::TargetFramework=net472]
C:\git\TUnit\TestProject.props(33,9): warning MSB3061: Unable to delete file "C:\git\TUnit\TUnit.TestProject\SourceGeneratedViewer\TUnit.Core.SourceGenerator\TUnit.Core.SourceGenerator.Generators.HookMetadataGenerator\Issue2804TestHooks_AfterAssembly_After_Assembly_d7be86c72d2c420d9755cac37fb45114.Hook.g.cs". Access to the path 'C:\git\TUnit\TUnit.TestProject\SourceGeneratedViewer\TUnit.Core.SourceGenerator\TUnit.Core.SourceGenerator.Generators.HookMetadataGenerator\Issue2804TestHooks_AfterAssembly_After_Assembly_d7be86c72d2c420d9755cac37fb45114.Hook.g.cs' is denied.  [C:\git\TUnit\TUnit.TestProject\TUnit.TestProject.csproj::TargetFramework=net9.0]
  TUnit.TestProject.Library -> C:\git\TUnit\TUnit.TestProject.Library\bin\Debug\netstandard2.0\TUnit.TestProject.Library.dll
C:\git\TUnit\TestProject.props(33,9): warning MSB3061: Unable to delete file "C:\git\TUnit\TUnit.TestProject\SourceGeneratedViewer\TUnit.Core.SourceGenerator\TUnit.Core.SourceGenerator.Generators.HookMetadataGenerator\NestedBase1_Before1_Before_Test_0dd8e5d668f3417286197061087dd7b4.Hook.g.cs". Access to the path 'C:\git\TUnit\TUnit.TestProject\SourceGeneratedViewer\TUnit.Core.SourceGenerator\TUnit.Core.SourceGenerator.Generators.HookMetadataGenerator\NestedBase1_Before1_Before_Test_0dd8e5d668f3417286197061087dd7b4.Hook.g.cs' is denied.  [C:\git\TUnit\TUnit.TestProject\TUnit.TestProject.csproj::TargetFramework=net472]
C:\git\TUnit\TestProject.props(33,9): warning MSB3061: Unable to delete file "C:\git\TUnit\TUnit.TestProject\SourceGeneratedViewer\TUnit.Core.SourceGenerator\TUnit.Core.SourceGenerator.Generators.HookMetadataGenerator\PropertySetterTests_BeforeAssembly_Before_Assembly_38c451c981a140ffbd9350b1fc3328b6.Hook.g.cs". Access to the path 'C:\git\TUnit\TUnit.TestProject\SourceGeneratedViewer\TUnit.Core.SourceGenerator\TUnit.Core.SourceGenerator.Generators.HookMetadataGenerator\PropertySetterTests_BeforeAssembly_Before_Assembly_38c451c981a140ffbd9350b1fc3328b6.Hook.g.cs' is denied.  [C:\git\TUnit\TUnit.TestProject\TUnit.TestProject.csproj::TargetFramework=net9.0]
C:\git\TUnit\TestProject.props(33,9): warning MSB3061: Unable to delete file "C:\git\TUnit\TUnit.TestProject\SourceGeneratedViewer\TUnit.Core.SourceGenerator\TUnit.Core.SourceGenerator.Generators.HookMetadataGenerator\TestSpecificAfterHooksTests_AfterTest_Hook3_Success_After_Test_1e41cbe01e80474180bf06598832af4a.Hook.g.cs". Access to the path 'C:\git\TUnit\TUnit.TestProject\SourceGeneratedViewer\TUnit.Core.SourceGenerator\TUnit.Core.SourceGenerator.Generators.HookMetadataGenerator\TestSpecificAfterHooksTests_AfterTest_Hook3_Success_After_Test_1e41cbe01e80474180bf06598832af4a.Hook.g.cs' is denied.  [C:\git\TUnit\TUnit.TestProject\TUnit.TestProject.csproj::TargetFramework=net9.0]
  Removing SourceGeneratedViewer directory...
  Removing SourceGeneratedViewer directory...
  Removing SourceGeneratedViewer directory...
  Removing SourceGeneratedViewer directory...
  Removing SourceGeneratedViewer directory...
C:\git\TUnit\TestProject.props(33,9): warning MSB3061: Unable to delete file "C:\git\TUnit\TUnit.PublicAPI\SourceGeneratedViewer\Sourcy.DotNet\Sourcy.DotNet.DotNetSourceGenerator\DotNetSolutionExtensions545ca920a95a495ba6dd51d628a1e7b7.g.cs". Access to the path 'C:\git\TUnit\TUnit.PublicAPI\SourceGeneratedViewer\Sourcy.DotNet\Sourcy.DotNet.DotNetSourceGenerator\DotNetSolutionExtensions545ca920a95a495ba6dd51d628a1e7b7.g.cs' is denied.  [C:\git\TUnit\TUnit.PublicAPI\TUnit.PublicAPI.csproj::TargetFramework=net9.0]
  Removing SourceGeneratedViewer directory...
C:\git\TUnit\TestProject.props(33,9): warning MSB3061: Unable to delete file "C:\git\TUnit\TUnit.TestProject\SourceGeneratedViewer\TUnit.Core.SourceGenerator\TUnit.Core.SourceGenerator.Generators.TestMetadataGenerator\AfterTestExceptionTests_Test_Should_Fail_When_After_Hook_Throws_eb211d4205b74b92b72aec9bb0f58865.g.cs". Access to the path 'C:\git\TUnit\TUnit.TestProject\SourceGeneratedViewer\TUnit.Core.SourceGenerator\TUnit.Core.SourceGenerator.Generators.TestMetadataGenerator\AfterTestExceptionTests_Test_Should_Fail_When_After_Hook_Throws_eb211d4205b74b92b72aec9bb0f58865.g.cs' is denied.  [C:\git\TUnit\TUnit.TestProject\TUnit.TestProject.csproj::TargetFramework=net9.0]
  WebApp -> C:\git\TUnit\TUnit.Templates\content\TUnit.AspNet.FSharp\WebApp\bin\Debug\net9.0\WebApp.dll
  Removing SourceGeneratedViewer directory...
C:\git\TUnit\TestProject.props(33,9): warning MSB3061: Unable to delete file "C:\git\TUnit\TUnit.UnitTests\SourceGeneratedViewer\TUnit.Core.SourceGenerator\TUnit.Core.SourceGenerator.Generators.DataSourceHelpersGenerator\TUnit_UnitTests_CustomService_DataSourceHelper.g.cs". Access to the path 'C:\git\TUnit\TUnit.UnitTests\SourceGeneratedViewer\TUnit.Core.SourceGenerator\TUnit.Core.SourceGenerator.Generators.DataSourceHelpersGenerator\TUnit_UnitTests_CustomService_DataSourceHelper.g.cs' is denied.  [C:\git\TUnit\TUnit.UnitTests\TUnit.UnitTests.csproj::TargetFramework=net8.0]
  Removing SourceGeneratedViewer directory...
C:\git\TUnit\TestProject.props(33,9): warning MSB3061: Unable to delete file "C:\git\TUnit\TUnit.TestProject\SourceGeneratedViewer\TUnit.Core.SourceGenerator\TUnit.Core.SourceGenerator.Generators.TestMetadataGenerator\ConsoleConcurrentTests_Test9_ede293d4e1cc4bfa962101e97529b098.g.cs". Access to the path 'C:\git\TUnit\TUnit.TestProject\SourceGeneratedViewer\TUnit.Core.SourceGenerator\TUnit.Core.SourceGenerator.Generators.TestMetadataGenerator\ConsoleConcurrentTests_Test9_ede293d4e1cc4bfa962101e97529b098.g.cs' is denied.  [C:\git\TUnit\TUnit.TestProject\TUnit.TestProject.csproj::TargetFramework=net9.0]
C:\git\TUnit\TestProject.props(33,9): warning MSB3061: Unable to delete file "C:\git\TUnit\TUnit.TestProject\SourceGeneratedViewer\TUnit.Core.SourceGenerator\TUnit.Core.SourceGenerator.Generators.TestMetadataGenerator\CultureInfoAssertionTests_Test_CultureInfo_IsEnglish_f6131d961fc24c74a266b5f3f230d7b6.g.cs". Access to the path 'C:\git\TUnit\TUnit.TestProject\SourceGeneratedViewer\TUnit.Core.SourceGenerator\TUnit.Core.SourceGenerator.Generators.TestMetadataGenerator\CultureInfoAssertionTests_Test_CultureInfo_IsEnglish_f6131d961fc24c74a266b5f3f230d7b6.g.cs' is denied.  [C:\git\TUnit\TUnit.TestProject\TUnit.TestProject.csproj::TargetFramework=net8.0]
C:\git\TUnit\TestProject.props(33,9): warning MSB3061: Unable to delete file "C:\git\TUnit\TUnit.UnitTests\SourceGeneratedViewer\TUnit.Core.SourceGenerator\TUnit.Core.SourceGenerator.Generators.TestMetadataGenerator\ProductRepositoryTests_InitializeDatabase_0800283eeb7049abbef142c974715362.g.cs". Access to the path 'C:\git\TUnit\TUnit.UnitTests\SourceGeneratedViewer\TUnit.Core.SourceGenerator\TUnit.Core.SourceGenerator.Generators.TestMetadataGenerator\ProductRepositoryTests_InitializeDatabase_0800283eeb7049abbef142c974715362.g.cs' is denied.  [C:\git\TUnit\TUnit.UnitTests\TUnit.UnitTests.csproj::TargetFramework=net9.0]
  TUnit.Assertions -> C:\git\TUnit\TUnit.Assertions\bin\Debug\netstandard2.0\TUnit.Assertions.dll
C:\git\TUnit\TestProject.props(33,9): warning MSB3061: Unable to delete file "C:\git\TUnit\TUnit.TestProject\SourceGeneratedViewer\TUnit.Core.SourceGenerator\TUnit.Core.SourceGenerator.Generators.TestMetadataGenerator\DeepNestedDependencyConflict_Test8_0b4ebf8ba4f14662a47dcd98719cf05a.g.cs". Access to the path 'C:\git\TUnit\TUnit.TestProject\SourceGeneratedViewer\TUnit.Core.SourceGenerator\TUnit.Core.SourceGenerator.Generators.TestMetadataGenerator\DeepNestedDependencyConflict_Test8_0b4ebf8ba4f14662a47dcd98719cf05a.g.cs' is denied.  [C:\git\TUnit\TUnit.TestProject\TUnit.TestProject.csproj::TargetFramework=net8.0]
C:\git\TUnit\TestProject.props(33,9): warning MSB3061: Unable to delete file "C:\git\TUnit\TUnit.TestProject\SourceGeneratedViewer\TUnit.Core.SourceGenerator\TUnit.Core.SourceGenerator.Generators.TestMetadataGenerator\DependsOnAndNotInParallelTests_Test1_0b217e05bf8c48648dc96f5fbca29a04.g.cs". Access to the path 'C:\git\TUnit\TUnit.TestProject\SourceGeneratedViewer\TUnit.Core.SourceGenerator\TUnit.Core.SourceGenerator.Generators.TestMetadataGenerator\DependsOnAndNotInParallelTests_Test1_0b217e05bf8c48648dc96f5fbca29a04.g.cs' is denied.  [C:\git\TUnit\TUnit.TestProject\TUnit.TestProject.csproj::TargetFramework=net9.0]
C:\git\TUnit\TestProject.props(33,9): warning MSB3061: Unable to delete file "C:\git\TUnit\TUnit.TestProject\SourceGeneratedViewer\TUnit.Core.SourceGenerator\TUnit.Core.SourceGenerator.Generators.TestMetadataGenerator\ExampleTestFixture_PassTest_197676225cee41e69f67c3eda49f4c3c.g.cs". Access to the path 'C:\git\TUnit\TUnit.TestProject\SourceGeneratedViewer\TUnit.Core.SourceGenerator\TUnit.Core.SourceGenerator.Generators.TestMetadataGenerator\ExampleTestFixture_PassTest_197676225cee41e69f67c3eda49f4c3c.g.cs' is denied.  [C:\git\TUnit\TUnit.TestProject\TUnit.TestProject.csproj::TargetFramework=net472]
C:\git\TUnit\TestProject.props(33,9): warning MSB3061: Unable to delete file "C:\git\TUnit\TUnit.TestProject\SourceGeneratedViewer\TUnit.Core.SourceGenerator\TUnit.Core.SourceGenerator.Generators.TestMetadataGenerator\ExplicitTests_MyExplicitTest_aa34526c0877458289f05a07729725a5.g.cs". Access to the path 'C:\git\TUnit\TUnit.TestProject\SourceGeneratedViewer\TUnit.Core.SourceGenerator\TUnit.Core.SourceGenerator.Generators.TestMetadataGenerator\ExplicitTests_MyExplicitTest_aa34526c0877458289f05a07729725a5.g.cs' is denied.  [C:\git\TUnit\TUnit.TestProject\TUnit.TestProject.csproj::TargetFramework=net8.0]
C:\git\TUnit\TestProject.props(33,9): warning MSB3061: Unable to delete file "C:\git\TUnit\TUnit.TestProject\SourceGeneratedViewer\TUnit.Core.SourceGenerator\TUnit.Core.SourceGenerator.Generators.TestMetadataGenerator\FileSystemAssertionTests_Test_FileInfo_IsNotExecutable_8fe9961d0171447fb246ad1391ca8ce1.g.cs". Access to the path 'C:\git\TUnit\TUnit.TestProject\SourceGeneratedViewer\TUnit.Core.SourceGenerator\TUnit.Core.SourceGenerator.Generators.TestMetadataGenerator\FileSystemAssertionTests_Test_FileInfo_IsNotExecutable_8fe9961d0171447fb246ad1391ca8ce1.g.cs' is denied.  [C:\git\TUnit\TUnit.TestProject\TUnit.TestProject.csproj::TargetFramework=net8.0]
C:\git\TUnit\TestProject.props(33,9): warning MSB3061: Unable to delete file "C:\git\TUnit\TUnit.TestProject\SourceGeneratedViewer\TUnit.Core.SourceGenerator\TUnit.Core.SourceGenerator.Generators.TestMetadataGenerator\FloatingPointDebugTests_ParameterTest_201795f5377d46fe82f63c60851b2802.g.cs". Access to the path 'C:\git\TUnit\TUnit.TestProject\SourceGeneratedViewer\TUnit.Core.SourceGenerator\TUnit.Core.SourceGenerator.Generators.TestMetadataGenerator\FloatingPointDebugTests_ParameterTest_201795f5377d46fe82f63c60851b2802.g.cs' is denied.  [C:\git\TUnit\TUnit.TestProject\TUnit.TestProject.csproj::TargetFramework=net9.0]
C:\git\TUnit\TestProject.props(33,9): warning MSB3061: Unable to delete file "C:\git\TUnit\TUnit.TestProject\SourceGeneratedViewer\TUnit.Core.SourceGenerator\TUnit.Core.SourceGenerator.Generators.TestMetadataGenerator\GenericTests_MyTest_e1326750d7c64324867c519a5766d7f4.g.cs". Access to the path 'C:\git\TUnit\TUnit.TestProject\SourceGeneratedViewer\TUnit.Core.SourceGenerator\TUnit.Core.SourceGenerator.Generators.TestMetadataGenerator\GenericTests_MyTest_e1326750d7c64324867c519a5766d7f4.g.cs' is denied.  [C:\git\TUnit\TUnit.TestProject\TUnit.TestProject.csproj::TargetFramework=net472]
C:\git\TUnit\TestProject.props(33,9): warning MSB3061: Unable to delete file "C:\git\TUnit\TUnit.TestProject\SourceGeneratedViewer\TUnit.Core.SourceGenerator\TUnit.Core.SourceGenerator.Generators.TestMetadataGenerator\GenericTypedDataSourceTests_GenericMethodWithIntData_507ff877ac094c2fa82920fba5c6855d.g.cs". Access to the path 'C:\git\TUnit\TUnit.TestProject\SourceGeneratedViewer\TUnit.Core.SourceGenerator\TUnit.Core.SourceGenerator.Generators.TestMetadataGenerator\GenericTypedDataSourceTests_GenericMethodWithIntData_507ff877ac094c2fa82920fba5c6855d.g.cs' is denied.  [C:\git\TUnit\TUnit.TestProject\TUnit.TestProject.csproj::TargetFramework=net9.0]
C:\git\TUnit\TestProject.props(33,9): warning MSB3061: Unable to delete file "C:\git\TUnit\TUnit.TestProject\SourceGeneratedViewer\TUnit.Core.SourceGenerator\TUnit.Core.SourceGenerator.Generators.TestMetadataGenerator\HttpStatusCodeAssertionTests_Test_HttpStatusCode_IsSuccess_ad4ded18aa6945d7800efe0a571f7066.g.cs". Access to the path 'C:\git\TUnit\TUnit.TestProject\SourceGeneratedViewer\TUnit.Core.SourceGenerator\TUnit.Core.SourceGenerator.Generators.TestMetadataGenerator\HttpStatusCodeAssertionTests_Test_HttpStatusCode_IsSuccess_ad4ded18aa6945d7800efe0a571f7066.g.cs' is denied.  [C:\git\TUnit\TUnit.TestProject\TUnit.TestProject.csproj::TargetFramework=net472]
C:\git\TUnit\TestProject.props(33,9): warning MSB3061: Unable to delete file "C:\git\TUnit\TUnit.TestProject\SourceGeneratedViewer\TUnit.Core.SourceGenerator\TUnit.Core.SourceGenerator.Generators.TestMetadataGenerator\HttpStatusCodeAssertionTests_Test_HttpStatusCode_IsServerError_5f91e384c96c4d538ffcb506a374be59.g.cs". Access to the path 'C:\git\TUnit\TUnit.TestProject\SourceGeneratedViewer\TUnit.Core.SourceGenerator\TUnit.Core.SourceGenerator.Generators.TestMetadataGenerator\HttpStatusCodeAssertionTests_Test_HttpStatusCode_IsServerError_5f91e384c96c4d538ffcb506a374be59.g.cs' is denied.  [C:\git\TUnit\TUnit.TestProject\TUnit.TestProject.csproj::TargetFramework=net9.0]
  TestProject -> C:\git\TUnit\TUnit.Templates\content\TUnit.FSharp\bin\Debug\net8.0\TestProject.dll
C:\git\TUnit\TestProject.props(33,9): warning MSB3061: Unable to delete file "C:\git\TUnit\TUnit.TestProject\SourceGeneratedViewer\TUnit.Core.SourceGenerator\TUnit.Core.SourceGenerator.Generators.TestMetadataGenerator\InjectSharedGlobally1_Test2_1f493d314ac94d4d97701c26be215ffe.g.cs". Access to the path 'C:\git\TUnit\TUnit.TestProject\SourceGeneratedViewer\TUnit.Core.SourceGenerator\TUnit.Core.SourceGenerator.Generators.TestMetadataGenerator\InjectSharedGlobally1_Test2_1f493d314ac94d4d97701c26be215ffe.g.cs' is denied.  [C:\git\TUnit\TUnit.TestProject\TUnit.TestProject.csproj::TargetFramework=net472]
C:\git\TUnit\TestProject.props(33,9): warning MSB3061: Unable to delete file "C:\git\TUnit\TUnit.TestProject\SourceGeneratedViewer\TUnit.Core.SourceGenerator\TUnit.Core.SourceGenerator.Generators.TestMetadataGenerator\InjectSharedPerKey1_Test2_200415af9ead462ab9e8d5e0b89b7cb4.g.cs". Access to the path 'C:\git\TUnit\TUnit.TestProject\SourceGeneratedViewer\TUnit.Core.SourceGenerator\TUnit.Core.SourceGenerator.Generators.TestMetadataGenerator\InjectSharedPerKey1_Test2_200415af9ead462ab9e8d5e0b89b7cb4.g.cs' is denied.  [C:\git\TUnit\TUnit.TestProject\TUnit.TestProject.csproj::TargetFramework=net9.0]
C:\git\TUnit\TestProject.props(33,9): warning MSB3061: Unable to delete file "C:\git\TUnit\TUnit.TestProject\SourceGeneratedViewer\TUnit.Core.SourceGenerator\TUnit.Core.SourceGenerator.Generators.TestMetadataGenerator\InjectSharedPerType3_Test3_662e0fb81da64d39b403e530e7962c64.g.cs". Access to the path 'C:\git\TUnit\TUnit.TestProject\SourceGeneratedViewer\TUnit.Core.SourceGenerator\TUnit.Core.SourceGenerator.Generators.TestMetadataGenerator\InjectSharedPerType3_Test3_662e0fb81da64d39b403e530e7962c64.g.cs' is denied.  [C:\git\TUnit\TUnit.TestProject\TUnit.TestProject.csproj::TargetFramework=net8.0]
  TUnit.Assertions -> C:\git\TUnit\TUnit.Assertions\bin\Debug\net8.0\TUnit.Assertions.dll
C:\git\TUnit\TestProject.props(33,9): warning MSB3061: Unable to delete file "C:\git\TUnit\TUnit.TestProject\SourceGeneratedViewer\TUnit.Core.SourceGenerator\TUnit.Core.SourceGenerator.Generators.TestMetadataGenerator\IntGenericVerification_BaseTest_c592beec754a4c6c9f5ae1880e02c2f1.g.cs". Access to the path 'C:\git\TUnit\TUnit.TestProject\SourceGeneratedViewer\TUnit.Core.SourceGenerator\TUnit.Core.SourceGenerator.Generators.TestMetadataGenerator\IntGenericVerification_BaseTest_c592beec754a4c6c9f5ae1880e02c2f1.g.cs' is denied.  [C:\git\TUnit\TUnit.TestProject\TUnit.TestProject.csproj::TargetFramework=net9.0]
C:\git\TUnit\TestProject.props(33,9): warning MSB3061: Unable to delete file "C:\git\TUnit\TUnit.TestProject\SourceGeneratedViewer\TUnit.Core.SourceGenerator\TUnit.Core.SourceGenerator.Generators.TestMetadataGenerator\KeyedSequentialDeadlockTests_Group1_KeyedTest_Group1_Test2_7fe145ee88f0428ea09a1b4f009e3b60.g.cs". Access to the path 'C:\git\TUnit\TUnit.TestProject\SourceGeneratedViewer\TUnit.Core.SourceGenerator\TUnit.Core.SourceGenerator.Generators.TestMetadataGenerator\KeyedSequentialDeadlockTests_Group1_KeyedTest_Group1_Test2_7fe145ee88f0428ea09a1b4f009e3b60.g.cs' is denied.  [C:\git\TUnit\TUnit.TestProject\TUnit.TestProject.csproj::TargetFramework=net472]
C:\git\TUnit\TestProject.props(33,9): warning MSB3061: Unable to delete file "C:\git\TUnit\TUnit.TestProject\SourceGeneratedViewer\TUnit.Core.SourceGenerator\TUnit.Core.SourceGenerator.Generators.TestMetadataGenerator\MatrixTests_Method3_a0208e977229481aabeccadd4f5ca79c.g.cs". Access to the path 'C:\git\TUnit\TUnit.TestProject\SourceGeneratedViewer\TUnit.Core.SourceGenerator\TUnit.Core.SourceGenerator.Generators.TestMetadataGenerator\MatrixTests_Method3_a0208e977229481aabeccadd4f5ca79c.g.cs' is denied.  [C:\git\TUnit\TUnit.TestProject\TUnit.TestProject.csproj::TargetFramework=net9.0]
C:\git\TUnit\TestProject.props(33,9): warning MSB3061: Unable to delete file "C:\git\TUnit\TUnit.TestProject\SourceGeneratedViewer\TUnit.Core.SourceGenerator\TUnit.Core.SourceGenerator.Generators.TestMetadataGenerator\MixedTests_ExplicitTestInNormalClass_61fb58875af14f92b5ccf6e0f5850298.g.cs". Access to the path 'C:\git\TUnit\TUnit.TestProject\SourceGeneratedViewer\TUnit.Core.SourceGenerator\TUnit.Core.SourceGenerator.Generators.TestMetadataGenerator\MixedTests_ExplicitTestInNormalClass_61fb58875af14f92b5ccf6e0f5850298.g.cs' is denied.  [C:\git\TUnit\TUnit.TestProject\TUnit.TestProject.csproj::TargetFramework=net472]
  TUnit.Assertions -> C:\git\TUnit\TUnit.Assertions\bin\Debug\net9.0\TUnit.Assertions.dll
  TUnit.TestProject.Library -> C:\git\TUnit\TUnit.TestProject.Library\bin\Debug\net9.0\TUnit.TestProject.Library.dll
C:\git\TUnit\TestProject.props(33,9): warning MSB3061: Unable to delete file "C:\git\TUnit\TUnit.TestProject\SourceGeneratedViewer\TUnit.Core.SourceGenerator\TUnit.Core.SourceGenerator.Generators.TestMetadataGenerator\MultipleClassDataSourceDrivenTests_Test2_15f429c4f63d4147abae724600c5813e.g.cs". Access to the path 'C:\git\TUnit\TUnit.TestProject\SourceGeneratedViewer\TUnit.Core.SourceGenerator\TUnit.Core.SourceGenerator.Generators.TestMetadataGenerator\MultipleClassDataSourceDrivenTests_Test2_15f429c4f63d4147abae724600c5813e.g.cs' is denied.  [C:\git\TUnit\TUnit.TestProject\TUnit.TestProject.csproj::TargetFramework=net9.0]
C:\git\TUnit\TestProject.props(33,9): warning MSB3061: Unable to delete file "C:\git\TUnit\TUnit.TestProject\SourceGeneratedViewer\TUnit.Core.SourceGenerator\TUnit.Core.SourceGenerator.Generators.TestMetadataGenerator\NestedTupleTest_Test_NestedTuple_SeparateParams_75341a4b4b5f48698434911bac2f64cf.g.cs". Access to the path 'C:\git\TUnit\TUnit.TestProject\SourceGeneratedViewer\TUnit.Core.SourceGenerator\TUnit.Core.SourceGenerator.Generators.TestMetadataGenerator\NestedTupleTest_Test_NestedTuple_SeparateParams_75341a4b4b5f48698434911bac2f64cf.g.cs' is denied.  [C:\git\TUnit\TUnit.TestProject\TUnit.TestProject.csproj::TargetFramework=net8.0]
C:\git\TUnit\TestProject.props(33,9): warning MSB3061: Unable to delete file "C:\git\TUnit\TUnit.TestProject\SourceGeneratedViewer\TUnit.Core.SourceGenerator\TUnit.Core.SourceGenerator.Generators.TestMetadataGenerator\OtherAssertionTests_Test_DayOfWeek_IsFriday_3a485487f68b4788bd8ec9316c7e4ab4.g.cs". Access to the path 'C:\git\TUnit\TUnit.TestProject\SourceGeneratedViewer\TUnit.Core.SourceGenerator\TUnit.Core.SourceGenerator.Generators.TestMetadataGenerator\OtherAssertionTests_Test_DayOfWeek_IsFriday_3a485487f68b4788bd8ec9316c7e4ab4.g.cs' is denied.  [C:\git\TUnit\TUnit.TestProject\TUnit.TestProject.csproj::TargetFramework=net472]
C:\git\TUnit\TestProject.props(33,9): warning MSB3061: Unable to delete file "C:\git\TUnit\TUnit.TestProject\SourceGeneratedViewer\TUnit.Core.SourceGenerator\TUnit.Core.SourceGenerator.Generators.TestMetadataGenerator\OtherAssertionTests_Test_DayOfWeek_IsMonday_0094421acac14580a471504866c8d2c4.g.cs". Access to the path 'C:\git\TUnit\TUnit.TestProject\SourceGeneratedViewer\TUnit.Core.SourceGenerator\TUnit.Core.SourceGenerator.Generators.TestMetadataGenerator\OtherAssertionTests_Test_DayOfWeek_IsMonday_0094421acac14580a471504866c8d2c4.g.cs' is denied.  [C:\git\TUnit\TUnit.TestProject\TUnit.TestProject.csproj::TargetFramework=net9.0]
C:\git\TUnit\TestProject.props(33,9): warning MSB3061: Unable to delete file "C:\git\TUnit\TUnit.TestProject\SourceGeneratedViewer\TUnit.Core.SourceGenerator\TUnit.Core.SourceGenerator.Generators.TestMetadataGenerator\PassFailTests_Fail2_15222a490bde4531b6605e81bd63f38d.g.cs". Access to the path 'C:\git\TUnit\TUnit.TestProject\SourceGeneratedViewer\TUnit.Core.SourceGenerator\TUnit.Core.SourceGenerator.Generators.TestMetadataGenerator\PassFailTests_Fail2_15222a490bde4531b6605e81bd63f38d.g.cs' is denied.  [C:\git\TUnit\TUnit.TestProject\TUnit.TestProject.csproj::TargetFramework=net9.0]
C:\git\TUnit\TestProject.props(33,9): warning MSB3061: Unable to delete file "C:\git\TUnit\TUnit.TestProject\SourceGeneratedViewer\TUnit.Core.SourceGenerator\TUnit.Core.SourceGenerator.Generators.TestMetadataGenerator\PassFailTests_Fail2_ee9f8cf0c1ea4cbe8bfed297f6be6d65.g.cs". Access to the path 'C:\git\TUnit\TUnit.TestProject\SourceGeneratedViewer\TUnit.Core.SourceGenerator\TUnit.Core.SourceGenerator.Generators.TestMetadataGenerator\PassFailTests_Fail2_ee9f8cf0c1ea4cbe8bfed297f6be6d65.g.cs' is denied.  [C:\git\TUnit\TUnit.TestProject\TUnit.TestProject.csproj::TargetFramework=net8.0]
C:\git\TUnit\TestProject.props(33,9): warning MSB3061: Unable to delete file "C:\git\TUnit\TUnit.TestProject\SourceGeneratedViewer\TUnit.Core.SourceGenerator\TUnit.Core.SourceGenerator.Generators.TestMetadataGenerator\ReadTests2_Test5_fcfa6a107696458ea7ecda82058fe0a9.g.cs". Access to the path 'C:\git\TUnit\TUnit.TestProject\SourceGeneratedViewer\TUnit.Core.SourceGenerator\TUnit.Core.SourceGenerator.Generators.TestMetadataGenerator\ReadTests2_Test5_fcfa6a107696458ea7ecda82058fe0a9.g.cs' is denied.  [C:\git\TUnit\TUnit.TestProject\TUnit.TestProject.csproj::TargetFramework=net472]
C:\git\TUnit\TestProject.props(33,9): warning MSB3061: Unable to delete file "C:\git\TUnit\TUnit.TestProject\SourceGeneratedViewer\TUnit.Core.SourceGenerator\TUnit.Core.SourceGenerator.Generators.TestMetadataGenerator\ReadTests_Test2_e0a2c68e58ae4b3db4f10dcf5d19ff5d.g.cs". Access to the path 'C:\git\TUnit\TUnit.TestProject\SourceGeneratedViewer\TUnit.Core.SourceGenerator\TUnit.Core.SourceGenerator.Generators.TestMetadataGenerator\ReadTests_Test2_e0a2c68e58ae4b3db4f10dcf5d19ff5d.g.cs' is denied.  [C:\git\TUnit\TUnit.TestProject\TUnit.TestProject.csproj::TargetFramework=net9.0]
C:\git\TUnit\TestProject.props(33,9): warning MSB3061: Unable to delete file "C:\git\TUnit\TUnit.TestProject\SourceGeneratedViewer\TUnit.Core.SourceGenerator\TUnit.Core.SourceGenerator.Generators.TestMetadataGenerator\RunOnSkipTests_RunOnBrowserOnlyTest_4c4309dfb3d44d95952e4df0e95c732c.g.cs". Access to the path 'C:\git\TUnit\TUnit.TestProject\SourceGeneratedViewer\TUnit.Core.SourceGenerator\TUnit.Core.SourceGenerator.Generators.TestMetadataGenerator\RunOnSkipTests_RunOnBrowserOnlyTest_4c4309dfb3d44d95952e4df0e95c732c.g.cs' is denied.  [C:\git\TUnit\TUnit.TestProject\TUnit.TestProject.csproj::TargetFramework=net8.0]
C:\git\TUnit\TestProject.props(33,9): warning MSB3061: Unable to delete file "C:\git\TUnit\TUnit.TestProject\SourceGeneratedViewer\TUnit.Core.SourceGenerator\TUnit.Core.SourceGenerator.Generators.TestMetadataGenerator\SimpleGenericMethodTests_GenericMethod_SimpleCase_b7e284e65f094b3f8a9bc0a56322b4d1.g.cs". Access to the path 'C:\git\TUnit\TUnit.TestProject\SourceGeneratedViewer\TUnit.Core.SourceGenerator\TUnit.Core.SourceGenerator.Generators.TestMetadataGenerator\SimpleGenericMethodTests_GenericMethod_SimpleCase_b7e284e65f094b3f8a9bc0a56322b4d1.g.cs' is denied.  [C:\git\TUnit\TUnit.TestProject\TUnit.TestProject.csproj::TargetFramework=net472]
C:\git\TUnit\TestProject.props(33,9): warning MSB3061: Unable to delete file "C:\git\TUnit\TUnit.TestProject\SourceGeneratedViewer\TUnit.Core.SourceGenerator\TUnit.Core.SourceGenerator.Generators.TestMetadataGenerator\ScopedRetryAttributePriorityTests_VerifyRetryCounts_981163184dc04d7cb18d05cf7d3d88f2.g.cs". Access to the path 'C:\git\TUnit\TUnit.TestProject\SourceGeneratedViewer\TUnit.Core.SourceGenerator\TUnit.Core.SourceGenerator.Generators.TestMetadataGenerator\ScopedRetryAttributePriorityTests_VerifyRetryCounts_981163184dc04d7cb18d05cf7d3d88f2.g.cs' is denied.  [C:\git\TUnit\TUnit.TestProject\TUnit.TestProject.csproj::TargetFramework=net9.0]
C:\git\TUnit\TestProject.props(33,9): warning MSB3061: Unable to delete file "C:\git\TUnit\TUnit.TestProject\SourceGeneratedViewer\TUnit.Core.SourceGenerator\TUnit.Core.SourceGenerator.Generators.TestMetadataGenerator\TestContextIsolationTests_TestContext_Should_Be_Isolated_In_Parallel_Test1_19c2b9f2c6bb405faa39ba7dea9322ed.g.cs". Access to the path 'C:\git\TUnit\TUnit.TestProject\SourceGeneratedViewer\TUnit.Core.SourceGenerator\TUnit.Core.SourceGenerator.Generators.TestMetadataGenerator\TestContextIsolationTests_TestContext_Should_Be_Isolated_In_Parallel_Test1_19c2b9f2c6bb405faa39ba7dea9322ed.g.cs' is denied.  [C:\git\TUnit\TUnit.TestProject\TUnit.TestProject.csproj::TargetFramework=net9.0]
C:\git\TUnit\TestProject.props(33,9): warning MSB3061: Unable to delete file "C:\git\TUnit\TUnit.TestProject\SourceGeneratedViewer\TUnit.Core.SourceGenerator\TUnit.Core.SourceGenerator.Generators.TestMetadataGenerator\Tests2_Test_de9dfa1f01da4be59e084475505b8a6f.g.cs". Access to the path 'C:\git\TUnit\TUnit.TestProject\SourceGeneratedViewer\TUnit.Core.SourceGenerator\TUnit.Core.SourceGenerator.Generators.TestMetadataGenerator\Tests2_Test_de9dfa1f01da4be59e084475505b8a6f.g.cs' is denied.  [C:\git\TUnit\TUnit.TestProject\TUnit.TestProject.csproj::TargetFramework=net472]
C:\git\TUnit\TestProject.props(33,9): warning MSB3061: Unable to delete file "C:\git\TUnit\TUnit.TestProject\SourceGeneratedViewer\TUnit.Core.SourceGenerator\TUnit.Core.SourceGenerator.Generators.TestMetadataGenerator\Tests_DistinctItems_6c6c82a4e1054dbda5ce6724d87af09e.g.cs". Access to the path 'C:\git\TUnit\TUnit.TestProject\SourceGeneratedViewer\TUnit.Core.SourceGenerator\TUnit.Core.SourceGenerator.Generators.TestMetadataGenerator\Tests_DistinctItems_6c6c82a4e1054dbda5ce6724d87af09e.g.cs' is denied.  [C:\git\TUnit\TUnit.TestProject\TUnit.TestProject.csproj::TargetFramework=net9.0]
C:\git\TUnit\TestProject.props(33,9): warning MSB3061: Unable to delete file "C:\git\TUnit\TUnit.TestProject\SourceGeneratedViewer\TUnit.Core.SourceGenerator\TUnit.Core.SourceGenerator.Generators.TestMetadataGenerator\Tests_MatrixDataSource_7a1a870f02e14ce783630973a81a198c.g.cs". Access to the path 'C:\git\TUnit\TUnit.TestProject\SourceGeneratedViewer\TUnit.Core.SourceGenerator\TUnit.Core.SourceGenerator.Generators.TestMetadataGenerator\Tests_MatrixDataSource_7a1a870f02e14ce783630973a81a198c.g.cs' is denied.  [C:\git\TUnit\TUnit.TestProject\TUnit.TestProject.csproj::TargetFramework=net472]
C:\git\TUnit\TestProject.props(33,9): warning MSB3061: Unable to delete file "C:\git\TUnit\TUnit.TestProject\SourceGeneratedViewer\TUnit.Core.SourceGenerator\TUnit.Core.SourceGenerator.Generators.TestMetadataGenerator\Tests_Test2_ab62466f9ba3427ab2fb9ae5fa443f32.g.cs". Access to the path 'C:\git\TUnit\TUnit.TestProject\SourceGeneratedViewer\TUnit.Core.SourceGenerator\TUnit.Core.SourceGenerator.Generators.TestMetadataGenerator\Tests_Test2_ab62466f9ba3427ab2fb9ae5fa443f32.g.cs' is denied.  [C:\git\TUnit\TUnit.TestProject\TUnit.TestProject.csproj::TargetFramework=net472]
C:\git\TUnit\TestProject.props(33,9): warning MSB3061: Unable to delete file "C:\git\TUnit\TUnit.TestProject\SourceGeneratedViewer\TUnit.Core.SourceGenerator\TUnit.Core.SourceGenerator.Generators.TestMetadataGenerator\Tests_Test3_41c27be6109a475ea49bb0b8892c249f.g.cs". Access to the path 'C:\git\TUnit\TUnit.TestProject\SourceGeneratedViewer\TUnit.Core.SourceGenerator\TUnit.Core.SourceGenerator.Generators.TestMetadataGenerator\Tests_Test3_41c27be6109a475ea49bb0b8892c249f.g.cs' is denied.  [C:\git\TUnit\TUnit.TestProject\TUnit.TestProject.csproj::TargetFramework=net9.0]
C:\git\TUnit\TestProject.props(33,9): warning MSB3061: Unable to delete file "C:\git\TUnit\TUnit.TestProject\SourceGeneratedViewer\TUnit.Core.SourceGenerator\TUnit.Core.SourceGenerator.Generators.TestMetadataGenerator\Tests_Test_fa560cd83d934b818ea74268eb7dcaa0.g.cs". Access to the path 'C:\git\TUnit\TUnit.TestProject\SourceGeneratedViewer\TUnit.Core.SourceGenerator\TUnit.Core.SourceGenerator.Generators.TestMetadataGenerator\Tests_Test_fa560cd83d934b818ea74268eb7dcaa0.g.cs' is denied.  [C:\git\TUnit\TUnit.TestProject\TUnit.TestProject.csproj::TargetFramework=net472]
C:\git\TUnit\TestProject.props(33,9): warning MSB3061: Unable to delete file "C:\git\TUnit\TUnit.TestProject\SourceGeneratedViewer\TUnit.Core.SourceGenerator\TUnit.Core.SourceGenerator.Generators.TestMetadataGenerator\Tests_Throws2_cba2ec16b25141d4b4444a0d2433b834.g.cs". Access to the path 'C:\git\TUnit\TUnit.TestProject\SourceGeneratedViewer\TUnit.Core.SourceGenerator\TUnit.Core.SourceGenerator.Generators.TestMetadataGenerator\Tests_Throws2_cba2ec16b25141d4b4444a0d2433b834.g.cs' is denied.  [C:\git\TUnit\TUnit.TestProject\TUnit.TestProject.csproj::TargetFramework=net8.0]
  TUnit.Engine -> C:\git\TUnit\TUnit.Engine\bin\Debug\net8.0\TUnit.Engine.dll
C:\git\TUnit\TestProject.props(33,9): warning MSB3061: Unable to delete file "C:\git\TUnit\TUnit.TestProject\SourceGeneratedViewer\TUnit.Core.SourceGenerator\TUnit.Core.SourceGenerator.Generators.TestMetadataGenerator\UpdateTests2_Test4_5180cc7450d9487bafa5ae835f688eb5.g.cs". Access to the path 'C:\git\TUnit\TUnit.TestProject\SourceGeneratedViewer\TUnit.Core.SourceGenerator\TUnit.Core.SourceGenerator.Generators.TestMetadataGenerator\UpdateTests2_Test4_5180cc7450d9487bafa5ae835f688eb5.g.cs' is denied.  [C:\git\TUnit\TUnit.TestProject\TUnit.TestProject.csproj::TargetFramework=net472]
C:\git\TUnit\TestProject.props(33,9): warning MSB3061: Unable to delete file "C:\git\TUnit\TUnit.TestProject\SourceGeneratedViewer\TUnit.Core.SourceGenerator\TUnit.Core.SourceGenerator.Generators.TestMetadataGenerator\UpdateTests_Test1_ddf32c4474ec4d47878bfe609364537c.g.cs". Access to the path 'C:\git\TUnit\TUnit.TestProject\SourceGeneratedViewer\TUnit.Core.SourceGenerator\TUnit.Core.SourceGenerator.Generators.TestMetadataGenerator\UpdateTests_Test1_ddf32c4474ec4d47878bfe609364537c.g.cs' is denied.  [C:\git\TUnit\TUnit.TestProject\TUnit.TestProject.csproj::TargetFramework=net8.0]
  Removing SourceGeneratedViewer directory...
  Removing SourceGeneratedViewer directory...
  TUnit.Engine -> C:\git\TUnit\TUnit.Engine\bin\Debug\net9.0\TUnit.Engine.dll
  TestProject -> C:\git\TUnit\TUnit.Templates\content\TUnit.AspNet\TestProject\bin\Debug\net9.0\TestProject.dll
  Removing SourceGeneratedViewer directory...
  TUnit.Assertions.Analyzers.Tests -> C:\git\TUnit\TUnit.Assertions.Analyzers.Tests\bin\Debug\net472\TUnit.Assertions.Analyzers.Tests.exe
  TUnit.Assertions.SourceGenerator.Tests -> C:\git\TUnit\TUnit.Assertions.SourceGenerator.Tests\bin\Debug\net472\TUnit.Assertions.SourceGenerator.Tests.exe
  TestProject -> C:\git\TUnit\TUnit.Templates\content\TUnit.AspNet.FSharp\TestProject\bin\Debug\net9.0\TestProject.dll
  TUnit.Analyzers.Tests -> C:\git\TUnit\TUnit.Analyzers.Tests\bin\Debug\net472\TUnit.Analyzers.Tests.exe
  TUnit.Assertions.FSharp -> C:\git\TUnit\TUnit.Assertions.FSharp\bin\Debug\net8.0\TUnit.Assertions.FSharp.dll
C:\git\TUnit\TUnit.Core.SourceGenerator.Tests\TupleDataSourceDrivenTests.cs(10,30): warning CS1998: This async method lacks 'await' operators and will run synchronously. Consider using the 'await' operator to await non-blocking API calls, or 'await Task.Run(...)' to do CPU-bound work on a background thread. [C:\git\TUnit\TUnit.Core.SourceGenerator.Tests\TUnit.Core.SourceGenerator.Tests.csproj::TargetFramework=net472]
C:\git\TUnit\TUnit.Core.SourceGenerator.Tests\TimeoutCancellationTokenTests.cs(10,30): warning CS1998: This async method lacks 'await' operators and will run synchronously. Consider using the 'await' operator to await non-blocking API calls, or 'await Task.Run(...)' to do CPU-bound work on a background thread. [C:\git\TUnit\TUnit.Core.SourceGenerator.Tests\TUnit.Core.SourceGenerator.Tests.csproj::TargetFramework=net472]
C:\git\TUnit\TUnit.Core.SourceGenerator.Tests\TestDiscoveryHookTests.cs(10,30): warning CS1998: This async method lacks 'await' operators and will run synchronously. Consider using the 'await' operator to await non-blocking API calls, or 'await Task.Run(...)' to do CPU-bound work on a background thread. [C:\git\TUnit\TUnit.Core.SourceGenerator.Tests\TUnit.Core.SourceGenerator.Tests.csproj::TargetFramework=net472]
C:\git\TUnit\TUnit.Core.SourceGenerator.Tests\StringArgumentTests.cs(10,30): warning CS1998: This async method lacks 'await' operators and will run synchronously. Consider using the 'await' operator to await non-blocking API calls, or 'await Task.Run(...)' to do CPU-bound work on a background thread. [C:\git\TUnit\TUnit.Core.SourceGenerator.Tests\TUnit.Core.SourceGenerator.Tests.csproj::TargetFramework=net472]
C:\git\TUnit\TUnit.Core.SourceGenerator.Tests\STAThreadTests.cs(16,30): warning CS1998: This async method lacks 'await' operators and will run synchronously. Consider using the 'await' operator to await non-blocking API calls, or 'await Task.Run(...)' to do CPU-bound work on a background thread. [C:\git\TUnit\TUnit.Core.SourceGenerator.Tests\TUnit.Core.SourceGenerator.Tests.csproj::TargetFramework=net472]
C:\git\TUnit\TUnit.Core.SourceGenerator.Tests\RepeatTests.cs(10,30): warning CS1998: This async method lacks 'await' operators and will run synchronously. Consider using the 'await' operator to await non-blocking API calls, or 'await Task.Run(...)' to do CPU-bound work on a background thread. [C:\git\TUnit\TUnit.Core.SourceGenerator.Tests\TUnit.Core.SourceGenerator.Tests.csproj::TargetFramework=net472]
C:\git\TUnit\TUnit.Core.SourceGenerator.Tests\PropertySetterTests.cs(10,30): warning CS1998: This async method lacks 'await' operators and will run synchronously. Consider using the 'await' operator to await non-blocking API calls, or 'await Task.Run(...)' to do CPU-bound work on a background thread. [C:\git\TUnit\TUnit.Core.SourceGenerator.Tests\TUnit.Core.SourceGenerator.Tests.csproj::TargetFramework=net472]
C:\git\TUnit\TUnit.Core.SourceGenerator.Tests\PriorityFilteringTests.cs(21,30): warning CS1998: This async method lacks 'await' operators and will run synchronously. Consider using the 'await' operator to await non-blocking API calls, or 'await Task.Run(...)' to do CPU-bound work on a background thread. [C:\git\TUnit\TUnit.Core.SourceGenerator.Tests\TUnit.Core.SourceGenerator.Tests.csproj::TargetFramework=net472]
C:\git\TUnit\TUnit.Core.SourceGenerator.Tests\NumberArgumentTests.cs(11,30): warning CS1998: This async method lacks 'await' operators and will run synchronously. Consider using the 'await' operator to await non-blocking API calls, or 'await Task.Run(...)' to do CPU-bound work on a background thread. [C:\git\TUnit\TUnit.Core.SourceGenerator.Tests\TUnit.Core.SourceGenerator.Tests.csproj::TargetFramework=net472]
C:\git\TUnit\TUnit.Core.SourceGenerator.Tests\NullableByteArgumentTests.cs(10,30): warning CS1998: This async method lacks 'await' operators and will run synchronously. Consider using the 'await' operator to await non-blocking API calls, or 'await Task.Run(...)' to do CPU-bound work on a background thread. [C:\git\TUnit\TUnit.Core.SourceGenerator.Tests\TUnit.Core.SourceGenerator.Tests.csproj::TargetFramework=net472]
C:\git\TUnit\TUnit.Core.SourceGenerator.Tests\NameOfArgumentTests.cs(10,30): warning CS1998: This async method lacks 'await' operators and will run synchronously. Consider using the 'await' operator to await non-blocking API calls, or 'await Task.Run(...)' to do CPU-bound work on a background thread. [C:\git\TUnit\TUnit.Core.SourceGenerator.Tests\TUnit.Core.SourceGenerator.Tests.csproj::TargetFramework=net472]
C:\git\TUnit\TUnit.Core.SourceGenerator.Tests\MultipleClassDataSourceDrivenTests.cs(10,30): warning CS1998: This async method lacks 'await' operators and will run synchronously. Consider using the 'await' operator to await non-blocking API calls, or 'await Task.Run(...)' to do CPU-bound work on a background thread. [C:\git\TUnit\TUnit.Core.SourceGenerator.Tests\TUnit.Core.SourceGenerator.Tests.csproj::TargetFramework=net472]
C:\git\TUnit\TUnit.Core.SourceGenerator.Tests\MethodDataSourceDrivenWithCancellationTokenTests.cs(10,30): warning CS1998: This async method lacks 'await' operators and will run synchronously. Consider using the 'await' operator to await non-blocking API calls, or 'await Task.Run(...)' to do CPU-bound work on a background thread. [C:\git\TUnit\TUnit.Core.SourceGenerator.Tests\TUnit.Core.SourceGenerator.Tests.csproj::TargetFramework=net472]
C:\git\TUnit\TUnit.Core.SourceGenerator.Tests\MethodDataSourceDrivenTests.cs(10,30): warning CS1998: This async method lacks 'await' operators and will run synchronously. Consider using the 'await' operator to await non-blocking API calls, or 'await Task.Run(...)' to do CPU-bound work on a background thread. [C:\git\TUnit\TUnit.Core.SourceGenerator.Tests\TUnit.Core.SourceGenerator.Tests.csproj::TargetFramework=net472]
C:\git\TUnit\TUnit.Core.SourceGenerator.Tests\MatrixTests.cs(20,30): warning CS1998: This async method lacks 'await' operators and will run synchronously. Consider using the 'await' operator to await non-blocking API calls, or 'await Task.Run(...)' to do CPU-bound work on a background thread. [C:\git\TUnit\TUnit.Core.SourceGenerator.Tests\TUnit.Core.SourceGenerator.Tests.csproj::TargetFramework=net472]
C:\git\TUnit\TUnit.Core.SourceGenerator.Tests\InheritedPropertySetterTests.cs(20,30): warning CS1998: This async method lacks 'await' operators and will run synchronously. Consider using the 'await' operator to await non-blocking API calls, or 'await Task.Run(...)' to do CPU-bound work on a background thread. [C:\git\TUnit\TUnit.Core.SourceGenerator.Tests\TUnit.Core.SourceGenerator.Tests.csproj::TargetFramework=net472]
C:\git\TUnit\TUnit.Core.SourceGenerator.Tests\HooksTests.cs(10,30): warning CS1998: This async method lacks 'await' operators and will run synchronously. Consider using the 'await' operator to await non-blocking API calls, or 'await Task.Run(...)' to do CPU-bound work on a background thread. [C:\git\TUnit\TUnit.Core.SourceGenerator.Tests\TUnit.Core.SourceGenerator.Tests.csproj::TargetFramework=net472]
C:\git\TUnit\TUnit.Core.SourceGenerator.Tests\HooksTests.cs(18,30): warning CS1998: This async method lacks 'await' operators and will run synchronously. Consider using the 'await' operator to await non-blocking API calls, or 'await Task.Run(...)' to do CPU-bound work on a background thread. [C:\git\TUnit\TUnit.Core.SourceGenerator.Tests\TUnit.Core.SourceGenerator.Tests.csproj::TargetFramework=net472]
C:\git\TUnit\TUnit.Core.SourceGenerator.Tests\GlobalStaticBeforeEachTests.cs(11,30): warning CS1998: This async method lacks 'await' operators and will run synchronously. Consider using the 'await' operator to await non-blocking API calls, or 'await Task.Run(...)' to do CPU-bound work on a background thread. [C:\git\TUnit\TUnit.Core.SourceGenerator.Tests\TUnit.Core.SourceGenerator.Tests.csproj::TargetFramework=net472]
C:\git\TUnit\TUnit.Core.SourceGenerator.Tests\GlobalStaticAfterEachTests.cs(11,30): warning CS1998: This async method lacks 'await' operators and will run synchronously. Consider using the 'await' operator to await non-blocking API calls, or 'await Task.Run(...)' to do CPU-bound work on a background thread. [C:\git\TUnit\TUnit.Core.SourceGenerator.Tests\TUnit.Core.SourceGenerator.Tests.csproj::TargetFramework=net472]
C:\git\TUnit\TUnit.Core.SourceGenerator.Tests\GenericMethodTests.cs(10,30): warning CS1998: This async method lacks 'await' operators and will run synchronously. Consider using the 'await' operator to await non-blocking API calls, or 'await Task.Run(...)' to do CPU-bound work on a background thread. [C:\git\TUnit\TUnit.Core.SourceGenerator.Tests\TUnit.Core.SourceGenerator.Tests.csproj::TargetFramework=net472]
C:\git\TUnit\TUnit.Core.SourceGenerator.Tests\EnumerableTupleDataSourceDrivenTests.cs(10,30): warning CS1998: This async method lacks 'await' operators and will run synchronously. Consider using the 'await' operator to await non-blocking API calls, or 'await Task.Run(...)' to do CPU-bound work on a background thread. [C:\git\TUnit\TUnit.Core.SourceGenerator.Tests\TUnit.Core.SourceGenerator.Tests.csproj::TargetFramework=net472]
C:\git\TUnit\TUnit.Core.SourceGenerator.Tests\EnumerableDataSourceDrivenTests.cs(10,30): warning CS1998: This async method lacks 'await' operators and will run synchronously. Consider using the 'await' operator to await non-blocking API calls, or 'await Task.Run(...)' to do CPU-bound work on a background thread. [C:\git\TUnit\TUnit.Core.SourceGenerator.Tests\TUnit.Core.SourceGenerator.Tests.csproj::TargetFramework=net472]
C:\git\TUnit\TUnit.Core.SourceGenerator.Tests\Dynamic\Basic.cs(11,30): warning CS1998: This async method lacks 'await' operators and will run synchronously. Consider using the 'await' operator to await non-blocking API calls, or 'await Task.Run(...)' to do CPU-bound work on a background thread. [C:\git\TUnit\TUnit.Core.SourceGenerator.Tests\TUnit.Core.SourceGenerator.Tests.csproj::TargetFramework=net472]
C:\git\TUnit\TUnit.Core.SourceGenerator.Tests\DisableReflectionScannerTests.cs(27,30): warning CS1998: This async method lacks 'await' operators and will run synchronously. Consider using the 'await' operator to await non-blocking API calls, or 'await Task.Run(...)' to do CPU-bound work on a background thread. [C:\git\TUnit\TUnit.Core.SourceGenerator.Tests\TUnit.Core.SourceGenerator.Tests.csproj::TargetFramework=net472]
C:\git\TUnit\TUnit.Core.SourceGenerator.Tests\DataSourceGeneratorTests.cs(11,30): warning CS1998: This async method lacks 'await' operators and will run synchronously. Consider using the 'await' operator to await non-blocking API calls, or 'await Task.Run(...)' to do CPU-bound work on a background thread. [C:\git\TUnit\TUnit.Core.SourceGenerator.Tests\TUnit.Core.SourceGenerator.Tests.csproj::TargetFramework=net472]
C:\git\TUnit\TUnit.Core.SourceGenerator.Tests\DataSourceGeneratorTests.cs(28,30): warning CS1998: This async method lacks 'await' operators and will run synchronously. Consider using the 'await' operator to await non-blocking API calls, or 'await Task.Run(...)' to do CPU-bound work on a background thread. [C:\git\TUnit\TUnit.Core.SourceGenerator.Tests\TUnit.Core.SourceGenerator.Tests.csproj::TargetFramework=net472]
C:\git\TUnit\TUnit.Core.SourceGenerator.Tests\DataSourceClassCombinedWithDataSourceMethodTests.cs(20,30): warning CS1998: This async method lacks 'await' operators and will run synchronously. Consider using the 'await' operator to await non-blocking API calls, or 'await Task.Run(...)' to do CPU-bound work on a background thread. [C:\git\TUnit\TUnit.Core.SourceGenerator.Tests\TUnit.Core.SourceGenerator.Tests.csproj::TargetFramework=net472]
C:\git\TUnit\TUnit.Core.SourceGenerator.Tests\DataDrivenTests.cs(20,30): warning CS1998: This async method lacks 'await' operators and will run synchronously. Consider using the 'await' operator to await non-blocking API calls, or 'await Task.Run(...)' to do CPU-bound work on a background thread. [C:\git\TUnit\TUnit.Core.SourceGenerator.Tests\TUnit.Core.SourceGenerator.Tests.csproj::TargetFramework=net472]
C:\git\TUnit\TUnit.Core.SourceGenerator.Tests\CustomDisplayNameTests.cs(10,30): warning CS1998: This async method lacks 'await' operators and will run synchronously. Consider using the 'await' operator to await non-blocking API calls, or 'await Task.Run(...)' to do CPU-bound work on a background thread. [C:\git\TUnit\TUnit.Core.SourceGenerator.Tests\TUnit.Core.SourceGenerator.Tests.csproj::TargetFramework=net472]
C:\git\TUnit\TUnit.Core.SourceGenerator.Tests\ConstantArgumentsTests.cs(10,30): warning CS1998: This async method lacks 'await' operators and will run synchronously. Consider using the 'await' operator to await non-blocking API calls, or 'await Task.Run(...)' to do CPU-bound work on a background thread. [C:\git\TUnit\TUnit.Core.SourceGenerator.Tests\TUnit.Core.SourceGenerator.Tests.csproj::TargetFramework=net472]
C:\git\TUnit\TUnit.Core.SourceGenerator.Tests\ConcreteClassTests.cs(27,30): warning CS1998: This async method lacks 'await' operators and will run synchronously. Consider using the 'await' operator to await non-blocking API calls, or 'await Task.Run(...)' to do CPU-bound work on a background thread. [C:\git\TUnit\TUnit.Core.SourceGenerator.Tests\TUnit.Core.SourceGenerator.Tests.csproj::TargetFramework=net472]
C:\git\TUnit\TUnit.Core.SourceGenerator.Tests\ClassTupleDataSourceDrivenTests.cs(10,30): warning CS1998: This async method lacks 'await' operators and will run synchronously. Consider using the 'await' operator to await non-blocking API calls, or 'await Task.Run(...)' to do CPU-bound work on a background thread. [C:\git\TUnit\TUnit.Core.SourceGenerator.Tests\TUnit.Core.SourceGenerator.Tests.csproj::TargetFramework=net472]
C:\git\TUnit\TUnit.Core.SourceGenerator.Tests\ClassDataSourceDrivenTestsSharedKeyed.cs(10,30): warning CS1998: This async method lacks 'await' operators and will run synchronously. Consider using the 'await' operator to await non-blocking API calls, or 'await Task.Run(...)' to do CPU-bound work on a background thread. [C:\git\TUnit\TUnit.Core.SourceGenerator.Tests\TUnit.Core.SourceGenerator.Tests.csproj::TargetFramework=net472]
C:\git\TUnit\TUnit.Core.SourceGenerator.Tests\ClassDataSourceDrivenTests2.cs(10,30): warning CS1998: This async method lacks 'await' operators and will run synchronously. Consider using the 'await' operator to await non-blocking API calls, or 'await Task.Run(...)' to do CPU-bound work on a background thread. [C:\git\TUnit\TUnit.Core.SourceGenerator.Tests\TUnit.Core.SourceGenerator.Tests.csproj::TargetFramework=net472]
C:\git\TUnit\TUnit.Core.SourceGenerator.Tests\ClassDataSourceDrivenTests.cs(21,30): warning CS1998: This async method lacks 'await' operators and will run synchronously. Consider using the 'await' operator to await non-blocking API calls, or 'await Task.Run(...)' to do CPU-bound work on a background thread. [C:\git\TUnit\TUnit.Core.SourceGenerator.Tests\TUnit.Core.SourceGenerator.Tests.csproj::TargetFramework=net472]
C:\git\TUnit\TUnit.Core.SourceGenerator.Tests\ClassConstructorTest.cs(23,30): warning CS1998: This async method lacks 'await' operators and will run synchronously. Consider using the 'await' operator to await non-blocking API calls, or 'await Task.Run(...)' to do CPU-bound work on a background thread. [C:\git\TUnit\TUnit.Core.SourceGenerator.Tests\TUnit.Core.SourceGenerator.Tests.csproj::TargetFramework=net472]
C:\git\TUnit\TUnit.Core.SourceGenerator.Tests\ClassAndMethodArgumentsTests.cs(10,30): warning CS1998: This async method lacks 'await' operators and will run synchronously. Consider using the 'await' operator to await non-blocking API calls, or 'await Task.Run(...)' to do CPU-bound work on a background thread. [C:\git\TUnit\TUnit.Core.SourceGenerator.Tests\TUnit.Core.SourceGenerator.Tests.csproj::TargetFramework=net472]
C:\git\TUnit\TUnit.Core.SourceGenerator.Tests\Bugs\Issue2887\Issue2887Tests.cs(17,30): warning CS1998: This async method lacks 'await' operators and will run synchronously. Consider using the 'await' operator to await non-blocking API calls, or 'await Task.Run(...)' to do CPU-bound work on a background thread. [C:\git\TUnit\TUnit.Core.SourceGenerator.Tests\TUnit.Core.SourceGenerator.Tests.csproj::TargetFramework=net472]
C:\git\TUnit\TUnit.Core.SourceGenerator.Tests\Bugs\2136\Tests2136.cs(12,30): warning CS1998: This async method lacks 'await' operators and will run synchronously. Consider using the 'await' operator to await non-blocking API calls, or 'await Task.Run(...)' to do CPU-bound work on a background thread. [C:\git\TUnit\TUnit.Core.SourceGenerator.Tests\TUnit.Core.SourceGenerator.Tests.csproj::TargetFramework=net472]
C:\git\TUnit\TUnit.Core.SourceGenerator.Tests\Bugs\2112\Tests2112.cs(12,30): warning CS1998: This async method lacks 'await' operators and will run synchronously. Consider using the 'await' operator to await non-blocking API calls, or 'await Task.Run(...)' to do CPU-bound work on a background thread. [C:\git\TUnit\TUnit.Core.SourceGenerator.Tests\TUnit.Core.SourceGenerator.Tests.csproj::TargetFramework=net472]
C:\git\TUnit\TUnit.Core.SourceGenerator.Tests\Bugs\2085\Tests2085.cs(12,30): warning CS1998: This async method lacks 'await' operators and will run synchronously. Consider using the 'await' operator to await non-blocking API calls, or 'await Task.Run(...)' to do CPU-bound work on a background thread. [C:\git\TUnit\TUnit.Core.SourceGenerator.Tests\TUnit.Core.SourceGenerator.Tests.csproj::TargetFramework=net472]
C:\git\TUnit\TUnit.Core.SourceGenerator.Tests\Bugs\2083\Tests2083.cs(12,30): warning CS1998: This async method lacks 'await' operators and will run synchronously. Consider using the 'await' operator to await non-blocking API calls, or 'await Task.Run(...)' to do CPU-bound work on a background thread. [C:\git\TUnit\TUnit.Core.SourceGenerator.Tests\TUnit.Core.SourceGenerator.Tests.csproj::TargetFramework=net472]
C:\git\TUnit\TUnit.Core.SourceGenerator.Tests\Bugs\1899\Tests1899.cs(21,30): warning CS1998: This async method lacks 'await' operators and will run synchronously. Consider using the 'await' operator to await non-blocking API calls, or 'await Task.Run(...)' to do CPU-bound work on a background thread. [C:\git\TUnit\TUnit.Core.SourceGenerator.Tests\TUnit.Core.SourceGenerator.Tests.csproj::TargetFramework=net472]
C:\git\TUnit\TUnit.Core.SourceGenerator.Tests\Bugs\1899\Tests1899.cs(35,30): warning CS1998: This async method lacks 'await' operators and will run synchronously. Consider using the 'await' operator to await non-blocking API calls, or 'await Task.Run(...)' to do CPU-bound work on a background thread. [C:\git\TUnit\TUnit.Core.SourceGenerator.Tests\TUnit.Core.SourceGenerator.Tests.csproj::TargetFramework=net472]
C:\git\TUnit\TUnit.Core.SourceGenerator.Tests\Bugs\1889\Tests1889.cs(22,30): warning CS1998: This async method lacks 'await' operators and will run synchronously. Consider using the 'await' operator to await non-blocking API calls, or 'await Task.Run(...)' to do CPU-bound work on a background thread. [C:\git\TUnit\TUnit.Core.SourceGenerator.Tests\TUnit.Core.SourceGenerator.Tests.csproj::TargetFramework=net472]
C:\git\TUnit\TUnit.Core.SourceGenerator.Tests\Bugs\1821\Tests1821.cs(12,30): warning CS1998: This async method lacks 'await' operators and will run synchronously. Consider using the 'await' operator to await non-blocking API calls, or 'await Task.Run(...)' to do CPU-bound work on a background thread. [C:\git\TUnit\TUnit.Core.SourceGenerator.Tests\TUnit.Core.SourceGenerator.Tests.csproj::TargetFramework=net472]
C:\git\TUnit\TUnit.Core.SourceGenerator.Tests\Bugs\1692\Tests1692.cs(12,30): warning CS1998: This async method lacks 'await' operators and will run synchronously. Consider using the 'await' operator to await non-blocking API calls, or 'await Task.Run(...)' to do CPU-bound work on a background thread. [C:\git\TUnit\TUnit.Core.SourceGenerator.Tests\TUnit.Core.SourceGenerator.Tests.csproj::TargetFramework=net472]
C:\git\TUnit\TUnit.Core.SourceGenerator.Tests\Bugs\1603\Tests1603.cs(12,30): warning CS1998: This async method lacks 'await' operators and will run synchronously. Consider using the 'await' operator to await non-blocking API calls, or 'await Task.Run(...)' to do CPU-bound work on a background thread. [C:\git\TUnit\TUnit.Core.SourceGenerator.Tests\TUnit.Core.SourceGenerator.Tests.csproj::TargetFramework=net472]
C:\git\TUnit\TUnit.Core.SourceGenerator.Tests\Bugs\1594\Tests1594.cs(12,30): warning CS1998: This async method lacks 'await' operators and will run synchronously. Consider using the 'await' operator to await non-blocking API calls, or 'await Task.Run(...)' to do CPU-bound work on a background thread. [C:\git\TUnit\TUnit.Core.SourceGenerator.Tests\TUnit.Core.SourceGenerator.Tests.csproj::TargetFramework=net472]
C:\git\TUnit\TUnit.Core.SourceGenerator.Tests\Bugs\1594\Hooks1594.cs(12,30): warning CS1998: This async method lacks 'await' operators and will run synchronously. Consider using the 'await' operator to await non-blocking API calls, or 'await Task.Run(...)' to do CPU-bound work on a background thread. [C:\git\TUnit\TUnit.Core.SourceGenerator.Tests\TUnit.Core.SourceGenerator.Tests.csproj::TargetFramework=net472]
C:\git\TUnit\TUnit.Core.SourceGenerator.Tests\Bugs\1589\Tests1589.cs(12,30): warning CS1998: This async method lacks 'await' operators and will run synchronously. Consider using the 'await' operator to await non-blocking API calls, or 'await Task.Run(...)' to do CPU-bound work on a background thread. [C:\git\TUnit\TUnit.Core.SourceGenerator.Tests\TUnit.Core.SourceGenerator.Tests.csproj::TargetFramework=net472]
C:\git\TUnit\TUnit.Core.SourceGenerator.Tests\Bugs\1589\Hooks1589.cs(12,30): warning CS1998: This async method lacks 'await' operators and will run synchronously. Consider using the 'await' operator to await non-blocking API calls, or 'await Task.Run(...)' to do CPU-bound work on a background thread. [C:\git\TUnit\TUnit.Core.SourceGenerator.Tests\TUnit.Core.SourceGenerator.Tests.csproj::TargetFramework=net472]
C:\git\TUnit\TUnit.Core.SourceGenerator.Tests\Bugs\1539\Tests1539.cs(12,30): warning CS1998: This async method lacks 'await' operators and will run synchronously. Consider using the 'await' operator to await non-blocking API calls, or 'await Task.Run(...)' to do CPU-bound work on a background thread. [C:\git\TUnit\TUnit.Core.SourceGenerator.Tests\TUnit.Core.SourceGenerator.Tests.csproj::TargetFramework=net472]
C:\git\TUnit\TUnit.Core.SourceGenerator.Tests\Bugs\1538\Tests1538.cs(12,30): warning CS1998: This async method lacks 'await' operators and will run synchronously. Consider using the 'await' operator to await non-blocking API calls, or 'await Task.Run(...)' to do CPU-bound work on a background thread. [C:\git\TUnit\TUnit.Core.SourceGenerator.Tests\TUnit.Core.SourceGenerator.Tests.csproj::TargetFramework=net472]
C:\git\TUnit\TUnit.Core.SourceGenerator.Tests\Bugs\1432\EnumMemberNamesTests.cs(12,30): warning CS1998: This async method lacks 'await' operators and will run synchronously. Consider using the 'await' operator to await non-blocking API calls, or 'await Task.Run(...)' to do CPU-bound work on a background thread. [C:\git\TUnit\TUnit.Core.SourceGenerator.Tests\TUnit.Core.SourceGenerator.Tests.csproj::TargetFramework=net472]
C:\git\TUnit\TUnit.Core.SourceGenerator.Tests\Bugs\1432\ConstantsInInterpolatedStringsTests.cs(12,30): warning CS1998: This async method lacks 'await' operators and will run synchronously. Consider using the 'await' operator to await non-blocking API calls, or 'await Task.Run(...)' to do CPU-bound work on a background thread. [C:\git\TUnit\TUnit.Core.SourceGenerator.Tests\TUnit.Core.SourceGenerator.Tests.csproj::TargetFramework=net472]
C:\git\TUnit\TUnit.Core.SourceGenerator.Tests\Bugs\1432\ConstantInBaseClassTests.cs(12,30): warning CS1998: This async method lacks 'await' operators and will run synchronously. Consider using the 'await' operator to await non-blocking API calls, or 'await Task.Run(...)' to do CPU-bound work on a background thread. [C:\git\TUnit\TUnit.Core.SourceGenerator.Tests\TUnit.Core.SourceGenerator.Tests.csproj::TargetFramework=net472]
C:\git\TUnit\TUnit.Core.SourceGenerator.Tests\Bugs\1304\EnumMemberNamesTests.cs(12,30): warning CS1998: This async method lacks 'await' operators and will run synchronously. Consider using the 'await' operator to await non-blocking API calls, or 'await Task.Run(...)' to do CPU-bound work on a background thread. [C:\git\TUnit\TUnit.Core.SourceGenerator.Tests\TUnit.Core.SourceGenerator.Tests.csproj::TargetFramework=net472]
C:\git\TUnit\TUnit.Core.SourceGenerator.Tests\BeforeEachTests.cs(11,30): warning CS1998: This async method lacks 'await' operators and will run synchronously. Consider using the 'await' operator to await non-blocking API calls, or 'await Task.Run(...)' to do CPU-bound work on a background thread. [C:\git\TUnit\TUnit.Core.SourceGenerator.Tests\TUnit.Core.SourceGenerator.Tests.csproj::TargetFramework=net472]
C:\git\TUnit\TUnit.Core.SourceGenerator.Tests\BeforeAllTests.cs(11,30): warning CS1998: This async method lacks 'await' operators and will run synchronously. Consider using the 'await' operator to await non-blocking API calls, or 'await Task.Run(...)' to do CPU-bound work on a background thread. [C:\git\TUnit\TUnit.Core.SourceGenerator.Tests\TUnit.Core.SourceGenerator.Tests.csproj::TargetFramework=net472]
C:\git\TUnit\TUnit.Core.SourceGenerator.Tests\BasicTests.cs(15,30): warning CS1998: This async method lacks 'await' operators and will run synchronously. Consider using the 'await' operator to await non-blocking API calls, or 'await Task.Run(...)' to do CPU-bound work on a background thread. [C:\git\TUnit\TUnit.Core.SourceGenerator.Tests\TUnit.Core.SourceGenerator.Tests.csproj::TargetFramework=net472]
C:\git\TUnit\TUnit.Core.SourceGenerator.Tests\AttributeTests.cs(10,30): warning CS1998: This async method lacks 'await' operators and will run synchronously. Consider using the 'await' operator to await non-blocking API calls, or 'await Task.Run(...)' to do CPU-bound work on a background thread. [C:\git\TUnit\TUnit.Core.SourceGenerator.Tests\TUnit.Core.SourceGenerator.Tests.csproj::TargetFramework=net472]
C:\git\TUnit\TUnit.Core.SourceGenerator.Tests\AssemblyLoaderTests.cs(27,30): warning CS1998: This async method lacks 'await' operators and will run synchronously. Consider using the 'await' operator to await non-blocking API calls, or 'await Task.Run(...)' to do CPU-bound work on a background thread. [C:\git\TUnit\TUnit.Core.SourceGenerator.Tests\TUnit.Core.SourceGenerator.Tests.csproj::TargetFramework=net472]
C:\git\TUnit\TUnit.Core.SourceGenerator.Tests\AssemblyBeforeTests.cs(11,30): warning CS1998: This async method lacks 'await' operators and will run synchronously. Consider using the 'await' operator to await non-blocking API calls, or 'await Task.Run(...)' to do CPU-bound work on a background thread. [C:\git\TUnit\TUnit.Core.SourceGenerator.Tests\TUnit.Core.SourceGenerator.Tests.csproj::TargetFramework=net472]
C:\git\TUnit\TUnit.Core.SourceGenerator.Tests\AssemblyAfterTests.cs(11,30): warning CS1998: This async method lacks 'await' operators and will run synchronously. Consider using the 'await' operator to await non-blocking API calls, or 'await Task.Run(...)' to do CPU-bound work on a background thread. [C:\git\TUnit\TUnit.Core.SourceGenerator.Tests\TUnit.Core.SourceGenerator.Tests.csproj::TargetFramework=net472]
C:\git\TUnit\TUnit.Core.SourceGenerator.Tests\ArgumentWithImplicitConverterTests.cs(10,30): warning CS1998: This async method lacks 'await' operators and will run synchronously. Consider using the 'await' operator to await non-blocking API calls, or 'await Task.Run(...)' to do CPU-bound work on a background thread. [C:\git\TUnit\TUnit.Core.SourceGenerator.Tests\TUnit.Core.SourceGenerator.Tests.csproj::TargetFramework=net472]
C:\git\TUnit\TUnit.Core.SourceGenerator.Tests\ArgsAsArrayTests.cs(10,30): warning CS1998: This async method lacks 'await' operators and will run synchronously. Consider using the 'await' operator to await non-blocking API calls, or 'await Task.Run(...)' to do CPU-bound work on a background thread. [C:\git\TUnit\TUnit.Core.SourceGenerator.Tests\TUnit.Core.SourceGenerator.Tests.csproj::TargetFramework=net472]
C:\git\TUnit\TUnit.Core.SourceGenerator.Tests\AfterEachTests.cs(11,30): warning CS1998: This async method lacks 'await' operators and will run synchronously. Consider using the 'await' operator to await non-blocking API calls, or 'await Task.Run(...)' to do CPU-bound work on a background thread. [C:\git\TUnit\TUnit.Core.SourceGenerator.Tests\TUnit.Core.SourceGenerator.Tests.csproj::TargetFramework=net472]
C:\git\TUnit\TUnit.Core.SourceGenerator.Tests\AfterAllTests.cs(11,30): warning CS1998: This async method lacks 'await' operators and will run synchronously. Consider using the 'await' operator to await non-blocking API calls, or 'await Task.Run(...)' to do CPU-bound work on a background thread. [C:\git\TUnit\TUnit.Core.SourceGenerator.Tests\TUnit.Core.SourceGenerator.Tests.csproj::TargetFramework=net472]
C:\git\TUnit\TUnit.Core.SourceGenerator.Tests\AbstractTests.cs(29,30): warning CS1998: This async method lacks 'await' operators and will run synchronously. Consider using the 'await' operator to await non-blocking API calls, or 'await Task.Run(...)' to do CPU-bound work on a background thread. [C:\git\TUnit\TUnit.Core.SourceGenerator.Tests\TUnit.Core.SourceGenerator.Tests.csproj::TargetFramework=net472]
C:\git\TUnit\TUnit.Core.SourceGenerator.Tests\AbstractTests.cs(47,30): warning CS1998: This async method lacks 'await' operators and will run synchronously. Consider using the 'await' operator to await non-blocking API calls, or 'await Task.Run(...)' to do CPU-bound work on a background thread. [C:\git\TUnit\TUnit.Core.SourceGenerator.Tests\TUnit.Core.SourceGenerator.Tests.csproj::TargetFramework=net472]
C:\git\TUnit\TUnit.Core.SourceGenerator.Tests\AssemblyNamesWithDashesTests.cs(23,15): warning TUnitAssertions0005: Assert.That(...) should not be used with a constant value [C:\git\TUnit\TUnit.Core.SourceGenerator.Tests\TUnit.Core.SourceGenerator.Tests.csproj::TargetFramework=net472]
C:\git\TUnit\TUnit.Core.SourceGenerator.Tests\TupleDataSourceDrivenTests.cs(10,30): warning CS1998: This async method lacks 'await' operators and will run synchronously. Consider using the 'await' operator to await non-blocking API calls, or 'await Task.Run(...)' to do CPU-bound work on a background thread. [C:\git\TUnit\TUnit.Core.SourceGenerator.Tests\TUnit.Core.SourceGenerator.Tests.csproj::TargetFramework=net8.0]
C:\git\TUnit\TUnit.Core.SourceGenerator.Tests\TimeoutCancellationTokenTests.cs(10,30): warning CS1998: This async method lacks 'await' operators and will run synchronously. Consider using the 'await' operator to await non-blocking API calls, or 'await Task.Run(...)' to do CPU-bound work on a background thread. [C:\git\TUnit\TUnit.Core.SourceGenerator.Tests\TUnit.Core.SourceGenerator.Tests.csproj::TargetFramework=net8.0]
C:\git\TUnit\TUnit.Core.SourceGenerator.Tests\TestDiscoveryHookTests.cs(10,30): warning CS1998: This async method lacks 'await' operators and will run synchronously. Consider using the 'await' operator to await non-blocking API calls, or 'await Task.Run(...)' to do CPU-bound work on a background thread. [C:\git\TUnit\TUnit.Core.SourceGenerator.Tests\TUnit.Core.SourceGenerator.Tests.csproj::TargetFramework=net8.0]
C:\git\TUnit\TUnit.Core.SourceGenerator.Tests\StringArgumentTests.cs(10,30): warning CS1998: This async method lacks 'await' operators and will run synchronously. Consider using the 'await' operator to await non-blocking API calls, or 'await Task.Run(...)' to do CPU-bound work on a background thread. [C:\git\TUnit\TUnit.Core.SourceGenerator.Tests\TUnit.Core.SourceGenerator.Tests.csproj::TargetFramework=net8.0]
C:\git\TUnit\TUnit.Core.SourceGenerator.Tests\STAThreadTests.cs(16,30): warning CS1998: This async method lacks 'await' operators and will run synchronously. Consider using the 'await' operator to await non-blocking API calls, or 'await Task.Run(...)' to do CPU-bound work on a background thread. [C:\git\TUnit\TUnit.Core.SourceGenerator.Tests\TUnit.Core.SourceGenerator.Tests.csproj::TargetFramework=net8.0]
C:\git\TUnit\TUnit.Core.SourceGenerator.Tests\RepeatTests.cs(10,30): warning CS1998: This async method lacks 'await' operators and will run synchronously. Consider using the 'await' operator to await non-blocking API calls, or 'await Task.Run(...)' to do CPU-bound work on a background thread. [C:\git\TUnit\TUnit.Core.SourceGenerator.Tests\TUnit.Core.SourceGenerator.Tests.csproj::TargetFramework=net8.0]
C:\git\TUnit\TUnit.Core.SourceGenerator.Tests\PropertySetterTests.cs(10,30): warning CS1998: This async method lacks 'await' operators and will run synchronously. Consider using the 'await' operator to await non-blocking API calls, or 'await Task.Run(...)' to do CPU-bound work on a background thread. [C:\git\TUnit\TUnit.Core.SourceGenerator.Tests\TUnit.Core.SourceGenerator.Tests.csproj::TargetFramework=net8.0]
C:\git\TUnit\TUnit.Core.SourceGenerator.Tests\PriorityFilteringTests.cs(21,30): warning CS1998: This async method lacks 'await' operators and will run synchronously. Consider using the 'await' operator to await non-blocking API calls, or 'await Task.Run(...)' to do CPU-bound work on a background thread. [C:\git\TUnit\TUnit.Core.SourceGenerator.Tests\TUnit.Core.SourceGenerator.Tests.csproj::TargetFramework=net8.0]
C:\git\TUnit\TUnit.Core.SourceGenerator.Tests\NumberArgumentTests.cs(11,30): warning CS1998: This async method lacks 'await' operators and will run synchronously. Consider using the 'await' operator to await non-blocking API calls, or 'await Task.Run(...)' to do CPU-bound work on a background thread. [C:\git\TUnit\TUnit.Core.SourceGenerator.Tests\TUnit.Core.SourceGenerator.Tests.csproj::TargetFramework=net8.0]
C:\git\TUnit\TUnit.Core.SourceGenerator.Tests\NullableByteArgumentTests.cs(10,30): warning CS1998: This async method lacks 'await' operators and will run synchronously. Consider using the 'await' operator to await non-blocking API calls, or 'await Task.Run(...)' to do CPU-bound work on a background thread. [C:\git\TUnit\TUnit.Core.SourceGenerator.Tests\TUnit.Core.SourceGenerator.Tests.csproj::TargetFramework=net8.0]
C:\git\TUnit\TUnit.Core.SourceGenerator.Tests\NameOfArgumentTests.cs(10,30): warning CS1998: This async method lacks 'await' operators and will run synchronously. Consider using the 'await' operator to await non-blocking API calls, or 'await Task.Run(...)' to do CPU-bound work on a background thread. [C:\git\TUnit\TUnit.Core.SourceGenerator.Tests\TUnit.Core.SourceGenerator.Tests.csproj::TargetFramework=net8.0]
C:\git\TUnit\TUnit.Core.SourceGenerator.Tests\MultipleClassDataSourceDrivenTests.cs(10,30): warning CS1998: This async method lacks 'await' operators and will run synchronously. Consider using the 'await' operator to await non-blocking API calls, or 'await Task.Run(...)' to do CPU-bound work on a background thread. [C:\git\TUnit\TUnit.Core.SourceGenerator.Tests\TUnit.Core.SourceGenerator.Tests.csproj::TargetFramework=net8.0]
C:\git\TUnit\TUnit.Core.SourceGenerator.Tests\MethodDataSourceDrivenWithCancellationTokenTests.cs(10,30): warning CS1998: This async method lacks 'await' operators and will run synchronously. Consider using the 'await' operator to await non-blocking API calls, or 'await Task.Run(...)' to do CPU-bound work on a background thread. [C:\git\TUnit\TUnit.Core.SourceGenerator.Tests\TUnit.Core.SourceGenerator.Tests.csproj::TargetFramework=net8.0]
C:\git\TUnit\TUnit.Core.SourceGenerator.Tests\MethodDataSourceDrivenTests.cs(10,30): warning CS1998: This async method lacks 'await' operators and will run synchronously. Consider using the 'await' operator to await non-blocking API calls, or 'await Task.Run(...)' to do CPU-bound work on a background thread. [C:\git\TUnit\TUnit.Core.SourceGenerator.Tests\TUnit.Core.SourceGenerator.Tests.csproj::TargetFramework=net8.0]
C:\git\TUnit\TUnit.Core.SourceGenerator.Tests\MatrixTests.cs(20,30): warning CS1998: This async method lacks 'await' operators and will run synchronously. Consider using the 'await' operator to await non-blocking API calls, or 'await Task.Run(...)' to do CPU-bound work on a background thread. [C:\git\TUnit\TUnit.Core.SourceGenerator.Tests\TUnit.Core.SourceGenerator.Tests.csproj::TargetFramework=net8.0]
C:\git\TUnit\TUnit.Core.SourceGenerator.Tests\InheritedPropertySetterTests.cs(20,30): warning CS1998: This async method lacks 'await' operators and will run synchronously. Consider using the 'await' operator to await non-blocking API calls, or 'await Task.Run(...)' to do CPU-bound work on a background thread. [C:\git\TUnit\TUnit.Core.SourceGenerator.Tests\TUnit.Core.SourceGenerator.Tests.csproj::TargetFramework=net8.0]
C:\git\TUnit\TUnit.Core.SourceGenerator.Tests\HooksTests.cs(10,30): warning CS1998: This async method lacks 'await' operators and will run synchronously. Consider using the 'await' operator to await non-blocking API calls, or 'await Task.Run(...)' to do CPU-bound work on a background thread. [C:\git\TUnit\TUnit.Core.SourceGenerator.Tests\TUnit.Core.SourceGenerator.Tests.csproj::TargetFramework=net8.0]
C:\git\TUnit\TUnit.Core.SourceGenerator.Tests\HooksTests.cs(18,30): warning CS1998: This async method lacks 'await' operators and will run synchronously. Consider using the 'await' operator to await non-blocking API calls, or 'await Task.Run(...)' to do CPU-bound work on a background thread. [C:\git\TUnit\TUnit.Core.SourceGenerator.Tests\TUnit.Core.SourceGenerator.Tests.csproj::TargetFramework=net8.0]
C:\git\TUnit\TUnit.Core.SourceGenerator.Tests\GlobalStaticBeforeEachTests.cs(11,30): warning CS1998: This async method lacks 'await' operators and will run synchronously. Consider using the 'await' operator to await non-blocking API calls, or 'await Task.Run(...)' to do CPU-bound work on a background thread. [C:\git\TUnit\TUnit.Core.SourceGenerator.Tests\TUnit.Core.SourceGenerator.Tests.csproj::TargetFramework=net8.0]
C:\git\TUnit\TUnit.Core.SourceGenerator.Tests\GlobalStaticAfterEachTests.cs(11,30): warning CS1998: This async method lacks 'await' operators and will run synchronously. Consider using the 'await' operator to await non-blocking API calls, or 'await Task.Run(...)' to do CPU-bound work on a background thread. [C:\git\TUnit\TUnit.Core.SourceGenerator.Tests\TUnit.Core.SourceGenerator.Tests.csproj::TargetFramework=net8.0]
C:\git\TUnit\TUnit.Core.SourceGenerator.Tests\GenericMethodTests.cs(10,30): warning CS1998: This async method lacks 'await' operators and will run synchronously. Consider using the 'await' operator to await non-blocking API calls, or 'await Task.Run(...)' to do CPU-bound work on a background thread. [C:\git\TUnit\TUnit.Core.SourceGenerator.Tests\TUnit.Core.SourceGenerator.Tests.csproj::TargetFramework=net8.0]
C:\git\TUnit\TUnit.Core.SourceGenerator.Tests\EnumerableTupleDataSourceDrivenTests.cs(10,30): warning CS1998: This async method lacks 'await' operators and will run synchronously. Consider using the 'await' operator to await non-blocking API calls, or 'await Task.Run(...)' to do CPU-bound work on a background thread. [C:\git\TUnit\TUnit.Core.SourceGenerator.Tests\TUnit.Core.SourceGenerator.Tests.csproj::TargetFramework=net8.0]
C:\git\TUnit\TUnit.Core.SourceGenerator.Tests\EnumerableDataSourceDrivenTests.cs(10,30): warning CS1998: This async method lacks 'await' operators and will run synchronously. Consider using the 'await' operator to await non-blocking API calls, or 'await Task.Run(...)' to do CPU-bound work on a background thread. [C:\git\TUnit\TUnit.Core.SourceGenerator.Tests\TUnit.Core.SourceGenerator.Tests.csproj::TargetFramework=net8.0]
C:\git\TUnit\TUnit.Core.SourceGenerator.Tests\Dynamic\Basic.cs(11,30): warning CS1998: This async method lacks 'await' operators and will run synchronously. Consider using the 'await' operator to await non-blocking API calls, or 'await Task.Run(...)' to do CPU-bound work on a background thread. [C:\git\TUnit\TUnit.Core.SourceGenerator.Tests\TUnit.Core.SourceGenerator.Tests.csproj::TargetFramework=net8.0]
C:\git\TUnit\TUnit.Core.SourceGenerator.Tests\DisableReflectionScannerTests.cs(27,30): warning CS1998: This async method lacks 'await' operators and will run synchronously. Consider using the 'await' operator to await non-blocking API calls, or 'await Task.Run(...)' to do CPU-bound work on a background thread. [C:\git\TUnit\TUnit.Core.SourceGenerator.Tests\TUnit.Core.SourceGenerator.Tests.csproj::TargetFramework=net8.0]
C:\git\TUnit\TUnit.Core.SourceGenerator.Tests\DataSourceGeneratorTests.cs(11,30): warning CS1998: This async method lacks 'await' operators and will run synchronously. Consider using the 'await' operator to await non-blocking API calls, or 'await Task.Run(...)' to do CPU-bound work on a background thread. [C:\git\TUnit\TUnit.Core.SourceGenerator.Tests\TUnit.Core.SourceGenerator.Tests.csproj::TargetFramework=net8.0]
C:\git\TUnit\TUnit.Core.SourceGenerator.Tests\DataSourceGeneratorTests.cs(28,30): warning CS1998: This async method lacks 'await' operators and will run synchronously. Consider using the 'await' operator to await non-blocking API calls, or 'await Task.Run(...)' to do CPU-bound work on a background thread. [C:\git\TUnit\TUnit.Core.SourceGenerator.Tests\TUnit.Core.SourceGenerator.Tests.csproj::TargetFramework=net8.0]
C:\git\TUnit\TUnit.Core.SourceGenerator.Tests\DataSourceClassCombinedWithDataSourceMethodTests.cs(20,30): warning CS1998: This async method lacks 'await' operators and will run synchronously. Consider using the 'await' operator to await non-blocking API calls, or 'await Task.Run(...)' to do CPU-bound work on a background thread. [C:\git\TUnit\TUnit.Core.SourceGenerator.Tests\TUnit.Core.SourceGenerator.Tests.csproj::TargetFramework=net8.0]
C:\git\TUnit\TUnit.Core.SourceGenerator.Tests\DataDrivenTests.cs(20,30): warning CS1998: This async method lacks 'await' operators and will run synchronously. Consider using the 'await' operator to await non-blocking API calls, or 'await Task.Run(...)' to do CPU-bound work on a background thread. [C:\git\TUnit\TUnit.Core.SourceGenerator.Tests\TUnit.Core.SourceGenerator.Tests.csproj::TargetFramework=net8.0]
C:\git\TUnit\TUnit.Core.SourceGenerator.Tests\CustomDisplayNameTests.cs(10,30): warning CS1998: This async method lacks 'await' operators and will run synchronously. Consider using the 'await' operator to await non-blocking API calls, or 'await Task.Run(...)' to do CPU-bound work on a background thread. [C:\git\TUnit\TUnit.Core.SourceGenerator.Tests\TUnit.Core.SourceGenerator.Tests.csproj::TargetFramework=net8.0]
C:\git\TUnit\TUnit.Core.SourceGenerator.Tests\ConstantArgumentsTests.cs(10,30): warning CS1998: This async method lacks 'await' operators and will run synchronously. Consider using the 'await' operator to await non-blocking API calls, or 'await Task.Run(...)' to do CPU-bound work on a background thread. [C:\git\TUnit\TUnit.Core.SourceGenerator.Tests\TUnit.Core.SourceGenerator.Tests.csproj::TargetFramework=net8.0]
C:\git\TUnit\TUnit.Core.SourceGenerator.Tests\ConcreteClassTests.cs(27,30): warning CS1998: This async method lacks 'await' operators and will run synchronously. Consider using the 'await' operator to await non-blocking API calls, or 'await Task.Run(...)' to do CPU-bound work on a background thread. [C:\git\TUnit\TUnit.Core.SourceGenerator.Tests\TUnit.Core.SourceGenerator.Tests.csproj::TargetFramework=net8.0]
C:\git\TUnit\TUnit.Core.SourceGenerator.Tests\ClassTupleDataSourceDrivenTests.cs(10,30): warning CS1998: This async method lacks 'await' operators and will run synchronously. Consider using the 'await' operator to await non-blocking API calls, or 'await Task.Run(...)' to do CPU-bound work on a background thread. [C:\git\TUnit\TUnit.Core.SourceGenerator.Tests\TUnit.Core.SourceGenerator.Tests.csproj::TargetFramework=net8.0]
C:\git\TUnit\TUnit.Core.SourceGenerator.Tests\ClassDataSourceDrivenTestsSharedKeyed.cs(10,30): warning CS1998: This async method lacks 'await' operators and will run synchronously. Consider using the 'await' operator to await non-blocking API calls, or 'await Task.Run(...)' to do CPU-bound work on a background thread. [C:\git\TUnit\TUnit.Core.SourceGenerator.Tests\TUnit.Core.SourceGenerator.Tests.csproj::TargetFramework=net8.0]
C:\git\TUnit\TUnit.Core.SourceGenerator.Tests\ClassDataSourceDrivenTests2.cs(10,30): warning CS1998: This async method lacks 'await' operators and will run synchronously. Consider using the 'await' operator to await non-blocking API calls, or 'await Task.Run(...)' to do CPU-bound work on a background thread. [C:\git\TUnit\TUnit.Core.SourceGenerator.Tests\TUnit.Core.SourceGenerator.Tests.csproj::TargetFramework=net8.0]
C:\git\TUnit\TUnit.Core.SourceGenerator.Tests\ClassDataSourceDrivenTests.cs(21,30): warning CS1998: This async method lacks 'await' operators and will run synchronously. Consider using the 'await' operator to await non-blocking API calls, or 'await Task.Run(...)' to do CPU-bound work on a background thread. [C:\git\TUnit\TUnit.Core.SourceGenerator.Tests\TUnit.Core.SourceGenerator.Tests.csproj::TargetFramework=net8.0]
C:\git\TUnit\TUnit.Core.SourceGenerator.Tests\ClassConstructorTest.cs(23,30): warning CS1998: This async method lacks 'await' operators and will run synchronously. Consider using the 'await' operator to await non-blocking API calls, or 'await Task.Run(...)' to do CPU-bound work on a background thread. [C:\git\TUnit\TUnit.Core.SourceGenerator.Tests\TUnit.Core.SourceGenerator.Tests.csproj::TargetFramework=net8.0]
C:\git\TUnit\TUnit.Core.SourceGenerator.Tests\ClassAndMethodArgumentsTests.cs(10,30): warning CS1998: This async method lacks 'await' operators and will run synchronously. Consider using the 'await' operator to await non-blocking API calls, or 'await Task.Run(...)' to do CPU-bound work on a background thread. [C:\git\TUnit\TUnit.Core.SourceGenerator.Tests\TUnit.Core.SourceGenerator.Tests.csproj::TargetFramework=net8.0]
C:\git\TUnit\TUnit.Core.SourceGenerator.Tests\Bugs\Issue2887\Issue2887Tests.cs(17,30): warning CS1998: This async method lacks 'await' operators and will run synchronously. Consider using the 'await' operator to await non-blocking API calls, or 'await Task.Run(...)' to do CPU-bound work on a background thread. [C:\git\TUnit\TUnit.Core.SourceGenerator.Tests\TUnit.Core.SourceGenerator.Tests.csproj::TargetFramework=net8.0]
C:\git\TUnit\TUnit.Core.SourceGenerator.Tests\Bugs\2136\Tests2136.cs(12,30): warning CS1998: This async method lacks 'await' operators and will run synchronously. Consider using the 'await' operator to await non-blocking API calls, or 'await Task.Run(...)' to do CPU-bound work on a background thread. [C:\git\TUnit\TUnit.Core.SourceGenerator.Tests\TUnit.Core.SourceGenerator.Tests.csproj::TargetFramework=net8.0]
C:\git\TUnit\TUnit.Core.SourceGenerator.Tests\Bugs\2112\Tests2112.cs(12,30): warning CS1998: This async method lacks 'await' operators and will run synchronously. Consider using the 'await' operator to await non-blocking API calls, or 'await Task.Run(...)' to do CPU-bound work on a background thread. [C:\git\TUnit\TUnit.Core.SourceGenerator.Tests\TUnit.Core.SourceGenerator.Tests.csproj::TargetFramework=net8.0]
C:\git\TUnit\TUnit.Core.SourceGenerator.Tests\Bugs\2085\Tests2085.cs(12,30): warning CS1998: This async method lacks 'await' operators and will run synchronously. Consider using the 'await' operator to await non-blocking API calls, or 'await Task.Run(...)' to do CPU-bound work on a background thread. [C:\git\TUnit\TUnit.Core.SourceGenerator.Tests\TUnit.Core.SourceGenerator.Tests.csproj::TargetFramework=net8.0]
C:\git\TUnit\TUnit.Core.SourceGenerator.Tests\Bugs\2083\Tests2083.cs(12,30): warning CS1998: This async method lacks 'await' operators and will run synchronously. Consider using the 'await' operator to await non-blocking API calls, or 'await Task.Run(...)' to do CPU-bound work on a background thread. [C:\git\TUnit\TUnit.Core.SourceGenerator.Tests\TUnit.Core.SourceGenerator.Tests.csproj::TargetFramework=net8.0]
C:\git\TUnit\TUnit.Core.SourceGenerator.Tests\Bugs\1899\Tests1899.cs(21,30): warning CS1998: This async method lacks 'await' operators and will run synchronously. Consider using the 'await' operator to await non-blocking API calls, or 'await Task.Run(...)' to do CPU-bound work on a background thread. [C:\git\TUnit\TUnit.Core.SourceGenerator.Tests\TUnit.Core.SourceGenerator.Tests.csproj::TargetFramework=net8.0]
C:\git\TUnit\TUnit.Core.SourceGenerator.Tests\Bugs\1899\Tests1899.cs(35,30): warning CS1998: This async method lacks 'await' operators and will run synchronously. Consider using the 'await' operator to await non-blocking API calls, or 'await Task.Run(...)' to do CPU-bound work on a background thread. [C:\git\TUnit\TUnit.Core.SourceGenerator.Tests\TUnit.Core.SourceGenerator.Tests.csproj::TargetFramework=net8.0]
C:\git\TUnit\TUnit.Core.SourceGenerator.Tests\Bugs\1889\Tests1889.cs(22,30): warning CS1998: This async method lacks 'await' operators and will run synchronously. Consider using the 'await' operator to await non-blocking API calls, or 'await Task.Run(...)' to do CPU-bound work on a background thread. [C:\git\TUnit\TUnit.Core.SourceGenerator.Tests\TUnit.Core.SourceGenerator.Tests.csproj::TargetFramework=net8.0]
C:\git\TUnit\TUnit.Core.SourceGenerator.Tests\Bugs\1821\Tests1821.cs(12,30): warning CS1998: This async method lacks 'await' operators and will run synchronously. Consider using the 'await' operator to await non-blocking API calls, or 'await Task.Run(...)' to do CPU-bound work on a background thread. [C:\git\TUnit\TUnit.Core.SourceGenerator.Tests\TUnit.Core.SourceGenerator.Tests.csproj::TargetFramework=net8.0]
C:\git\TUnit\TUnit.Core.SourceGenerator.Tests\Bugs\1692\Tests1692.cs(12,30): warning CS1998: This async method lacks 'await' operators and will run synchronously. Consider using the 'await' operator to await non-blocking API calls, or 'await Task.Run(...)' to do CPU-bound work on a background thread. [C:\git\TUnit\TUnit.Core.SourceGenerator.Tests\TUnit.Core.SourceGenerator.Tests.csproj::TargetFramework=net8.0]
C:\git\TUnit\TUnit.Core.SourceGenerator.Tests\Bugs\1603\Tests1603.cs(12,30): warning CS1998: This async method lacks 'await' operators and will run synchronously. Consider using the 'await' operator to await non-blocking API calls, or 'await Task.Run(...)' to do CPU-bound work on a background thread. [C:\git\TUnit\TUnit.Core.SourceGenerator.Tests\TUnit.Core.SourceGenerator.Tests.csproj::TargetFramework=net8.0]
C:\git\TUnit\TUnit.Core.SourceGenerator.Tests\Bugs\1594\Tests1594.cs(12,30): warning CS1998: This async method lacks 'await' operators and will run synchronously. Consider using the 'await' operator to await non-blocking API calls, or 'await Task.Run(...)' to do CPU-bound work on a background thread. [C:\git\TUnit\TUnit.Core.SourceGenerator.Tests\TUnit.Core.SourceGenerator.Tests.csproj::TargetFramework=net8.0]
C:\git\TUnit\TUnit.Core.SourceGenerator.Tests\Bugs\1594\Hooks1594.cs(12,30): warning CS1998: This async method lacks 'await' operators and will run synchronously. Consider using the 'await' operator to await non-blocking API calls, or 'await Task.Run(...)' to do CPU-bound work on a background thread. [C:\git\TUnit\TUnit.Core.SourceGenerator.Tests\TUnit.Core.SourceGenerator.Tests.csproj::TargetFramework=net8.0]
C:\git\TUnit\TUnit.Core.SourceGenerator.Tests\Bugs\1589\Tests1589.cs(12,30): warning CS1998: This async method lacks 'await' operators and will run synchronously. Consider using the 'await' operator to await non-blocking API calls, or 'await Task.Run(...)' to do CPU-bound work on a background thread. [C:\git\TUnit\TUnit.Core.SourceGenerator.Tests\TUnit.Core.SourceGenerator.Tests.csproj::TargetFramework=net8.0]
C:\git\TUnit\TUnit.Core.SourceGenerator.Tests\Bugs\1589\Hooks1589.cs(12,30): warning CS1998: This async method lacks 'await' operators and will run synchronously. Consider using the 'await' operator to await non-blocking API calls, or 'await Task.Run(...)' to do CPU-bound work on a background thread. [C:\git\TUnit\TUnit.Core.SourceGenerator.Tests\TUnit.Core.SourceGenerator.Tests.csproj::TargetFramework=net8.0]
C:\git\TUnit\TUnit.Core.SourceGenerator.Tests\Bugs\1539\Tests1539.cs(12,30): warning CS1998: This async method lacks 'await' operators and will run synchronously. Consider using the 'await' operator to await non-blocking API calls, or 'await Task.Run(...)' to do CPU-bound work on a background thread. [C:\git\TUnit\TUnit.Core.SourceGenerator.Tests\TUnit.Core.SourceGenerator.Tests.csproj::TargetFramework=net8.0]
C:\git\TUnit\TUnit.Core.SourceGenerator.Tests\Bugs\1538\Tests1538.cs(12,30): warning CS1998: This async method lacks 'await' operators and will run synchronously. Consider using the 'await' operator to await non-blocking API calls, or 'await Task.Run(...)' to do CPU-bound work on a background thread. [C:\git\TUnit\TUnit.Core.SourceGenerator.Tests\TUnit.Core.SourceGenerator.Tests.csproj::TargetFramework=net8.0]
C:\git\TUnit\TUnit.Core.SourceGenerator.Tests\Bugs\1432\EnumMemberNamesTests.cs(12,30): warning CS1998: This async method lacks 'await' operators and will run synchronously. Consider using the 'await' operator to await non-blocking API calls, or 'await Task.Run(...)' to do CPU-bound work on a background thread. [C:\git\TUnit\TUnit.Core.SourceGenerator.Tests\TUnit.Core.SourceGenerator.Tests.csproj::TargetFramework=net8.0]
C:\git\TUnit\TUnit.Core.SourceGenerator.Tests\Bugs\1432\ConstantsInInterpolatedStringsTests.cs(12,30): warning CS1998: This async method lacks 'await' operators and will run synchronously. Consider using the 'await' operator to await non-blocking API calls, or 'await Task.Run(...)' to do CPU-bound work on a background thread. [C:\git\TUnit\TUnit.Core.SourceGenerator.Tests\TUnit.Core.SourceGenerator.Tests.csproj::TargetFramework=net8.0]
C:\git\TUnit\TUnit.Core.SourceGenerator.Tests\Bugs\1432\ConstantInBaseClassTests.cs(12,30): warning CS1998: This async method lacks 'await' operators and will run synchronously. Consider using the 'await' operator to await non-blocking API calls, or 'await Task.Run(...)' to do CPU-bound work on a background thread. [C:\git\TUnit\TUnit.Core.SourceGenerator.Tests\TUnit.Core.SourceGenerator.Tests.csproj::TargetFramework=net8.0]
C:\git\TUnit\TUnit.Core.SourceGenerator.Tests\Bugs\1304\EnumMemberNamesTests.cs(12,30): warning CS1998: This async method lacks 'await' operators and will run synchronously. Consider using the 'await' operator to await non-blocking API calls, or 'await Task.Run(...)' to do CPU-bound work on a background thread. [C:\git\TUnit\TUnit.Core.SourceGenerator.Tests\TUnit.Core.SourceGenerator.Tests.csproj::TargetFramework=net8.0]
C:\git\TUnit\TUnit.Core.SourceGenerator.Tests\BeforeEachTests.cs(11,30): warning CS1998: This async method lacks 'await' operators and will run synchronously. Consider using the 'await' operator to await non-blocking API calls, or 'await Task.Run(...)' to do CPU-bound work on a background thread. [C:\git\TUnit\TUnit.Core.SourceGenerator.Tests\TUnit.Core.SourceGenerator.Tests.csproj::TargetFramework=net8.0]
C:\git\TUnit\TUnit.Core.SourceGenerator.Tests\BeforeAllTests.cs(11,30): warning CS1998: This async method lacks 'await' operators and will run synchronously. Consider using the 'await' operator to await non-blocking API calls, or 'await Task.Run(...)' to do CPU-bound work on a background thread. [C:\git\TUnit\TUnit.Core.SourceGenerator.Tests\TUnit.Core.SourceGenerator.Tests.csproj::TargetFramework=net8.0]
C:\git\TUnit\TUnit.Core.SourceGenerator.Tests\BasicTests.cs(15,30): warning CS1998: This async method lacks 'await' operators and will run synchronously. Consider using the 'await' operator to await non-blocking API calls, or 'await Task.Run(...)' to do CPU-bound work on a background thread. [C:\git\TUnit\TUnit.Core.SourceGenerator.Tests\TUnit.Core.SourceGenerator.Tests.csproj::TargetFramework=net8.0]
C:\git\TUnit\TUnit.Core.SourceGenerator.Tests\AttributeTests.cs(10,30): warning CS1998: This async method lacks 'await' operators and will run synchronously. Consider using the 'await' operator to await non-blocking API calls, or 'await Task.Run(...)' to do CPU-bound work on a background thread. [C:\git\TUnit\TUnit.Core.SourceGenerator.Tests\TUnit.Core.SourceGenerator.Tests.csproj::TargetFramework=net8.0]
C:\git\TUnit\TUnit.Core.SourceGenerator.Tests\AssemblyLoaderTests.cs(27,30): warning CS1998: This async method lacks 'await' operators and will run synchronously. Consider using the 'await' operator to await non-blocking API calls, or 'await Task.Run(...)' to do CPU-bound work on a background thread. [C:\git\TUnit\TUnit.Core.SourceGenerator.Tests\TUnit.Core.SourceGenerator.Tests.csproj::TargetFramework=net8.0]
C:\git\TUnit\TUnit.Core.SourceGenerator.Tests\AssemblyBeforeTests.cs(11,30): warning CS1998: This async method lacks 'await' operators and will run synchronously. Consider using the 'await' operator to await non-blocking API calls, or 'await Task.Run(...)' to do CPU-bound work on a background thread. [C:\git\TUnit\TUnit.Core.SourceGenerator.Tests\TUnit.Core.SourceGenerator.Tests.csproj::TargetFramework=net8.0]
C:\git\TUnit\TUnit.Core.SourceGenerator.Tests\AssemblyAfterTests.cs(11,30): warning CS1998: This async method lacks 'await' operators and will run synchronously. Consider using the 'await' operator to await non-blocking API calls, or 'await Task.Run(...)' to do CPU-bound work on a background thread. [C:\git\TUnit\TUnit.Core.SourceGenerator.Tests\TUnit.Core.SourceGenerator.Tests.csproj::TargetFramework=net8.0]
C:\git\TUnit\TUnit.Core.SourceGenerator.Tests\ArgumentWithImplicitConverterTests.cs(10,30): warning CS1998: This async method lacks 'await' operators and will run synchronously. Consider using the 'await' operator to await non-blocking API calls, or 'await Task.Run(...)' to do CPU-bound work on a background thread. [C:\git\TUnit\TUnit.Core.SourceGenerator.Tests\TUnit.Core.SourceGenerator.Tests.csproj::TargetFramework=net8.0]
C:\git\TUnit\TUnit.Core.SourceGenerator.Tests\ArgsAsArrayTests.cs(10,30): warning CS1998: This async method lacks 'await' operators and will run synchronously. Consider using the 'await' operator to await non-blocking API calls, or 'await Task.Run(...)' to do CPU-bound work on a background thread. [C:\git\TUnit\TUnit.Core.SourceGenerator.Tests\TUnit.Core.SourceGenerator.Tests.csproj::TargetFramework=net8.0]
C:\git\TUnit\TUnit.Core.SourceGenerator.Tests\AfterEachTests.cs(11,30): warning CS1998: This async method lacks 'await' operators and will run synchronously. Consider using the 'await' operator to await non-blocking API calls, or 'await Task.Run(...)' to do CPU-bound work on a background thread. [C:\git\TUnit\TUnit.Core.SourceGenerator.Tests\TUnit.Core.SourceGenerator.Tests.csproj::TargetFramework=net8.0]
C:\git\TUnit\TUnit.Core.SourceGenerator.Tests\AfterAllTests.cs(11,30): warning CS1998: This async method lacks 'await' operators and will run synchronously. Consider using the 'await' operator to await non-blocking API calls, or 'await Task.Run(...)' to do CPU-bound work on a background thread. [C:\git\TUnit\TUnit.Core.SourceGenerator.Tests\TUnit.Core.SourceGenerator.Tests.csproj::TargetFramework=net8.0]
C:\git\TUnit\TUnit.Core.SourceGenerator.Tests\AbstractTests.cs(29,30): warning CS1998: This async method lacks 'await' operators and will run synchronously. Consider using the 'await' operator to await non-blocking API calls, or 'await Task.Run(...)' to do CPU-bound work on a background thread. [C:\git\TUnit\TUnit.Core.SourceGenerator.Tests\TUnit.Core.SourceGenerator.Tests.csproj::TargetFramework=net8.0]
C:\git\TUnit\TUnit.Core.SourceGenerator.Tests\AbstractTests.cs(47,30): warning CS1998: This async method lacks 'await' operators and will run synchronously. Consider using the 'await' operator to await non-blocking API calls, or 'await Task.Run(...)' to do CPU-bound work on a background thread. [C:\git\TUnit\TUnit.Core.SourceGenerator.Tests\TUnit.Core.SourceGenerator.Tests.csproj::TargetFramework=net8.0]
C:\git\TUnit\TUnit.Core.SourceGenerator.Tests\AssemblyNamesWithDashesTests.cs(23,15): warning TUnitAssertions0005: Assert.That(...) should not be used with a constant value [C:\git\TUnit\TUnit.Core.SourceGenerator.Tests\TUnit.Core.SourceGenerator.Tests.csproj::TargetFramework=net8.0]
  TUnit.Core.SourceGenerator.Tests -> C:\git\TUnit\TUnit.Core.SourceGenerator.Tests\bin\Debug\net472\TUnit.Core.SourceGenerator.Tests.exe
C:\git\TUnit\TUnit.Core.SourceGenerator.Tests\TupleDataSourceDrivenTests.cs(10,30): warning CS1998: This async method lacks 'await' operators and will run synchronously. Consider using the 'await' operator to await non-blocking API calls, or 'await Task.Run(...)' to do CPU-bound work on a background thread. [C:\git\TUnit\TUnit.Core.SourceGenerator.Tests\TUnit.Core.SourceGenerator.Tests.csproj::TargetFramework=net9.0]
C:\git\TUnit\TUnit.Core.SourceGenerator.Tests\TimeoutCancellationTokenTests.cs(10,30): warning CS1998: This async method lacks 'await' operators and will run synchronously. Consider using the 'await' operator to await non-blocking API calls, or 'await Task.Run(...)' to do CPU-bound work on a background thread. [C:\git\TUnit\TUnit.Core.SourceGenerator.Tests\TUnit.Core.SourceGenerator.Tests.csproj::TargetFramework=net9.0]
C:\git\TUnit\TUnit.Core.SourceGenerator.Tests\AbstractTests.cs(29,30): warning CS1998: This async method lacks 'await' operators and will run synchronously. Consider using the 'await' operator to await non-blocking API calls, or 'await Task.Run(...)' to do CPU-bound work on a background thread. [C:\git\TUnit\TUnit.Core.SourceGenerator.Tests\TUnit.Core.SourceGenerator.Tests.csproj::TargetFramework=net9.0]
C:\git\TUnit\TUnit.Core.SourceGenerator.Tests\AbstractTests.cs(47,30): warning CS1998: This async method lacks 'await' operators and will run synchronously. Consider using the 'await' operator to await non-blocking API calls, or 'await Task.Run(...)' to do CPU-bound work on a background thread. [C:\git\TUnit\TUnit.Core.SourceGenerator.Tests\TUnit.Core.SourceGenerator.Tests.csproj::TargetFramework=net9.0]
C:\git\TUnit\TUnit.Core.SourceGenerator.Tests\AfterAllTests.cs(11,30): warning CS1998: This async method lacks 'await' operators and will run synchronously. Consider using the 'await' operator to await non-blocking API calls, or 'await Task.Run(...)' to do CPU-bound work on a background thread. [C:\git\TUnit\TUnit.Core.SourceGenerator.Tests\TUnit.Core.SourceGenerator.Tests.csproj::TargetFramework=net9.0]
C:\git\TUnit\TUnit.Core.SourceGenerator.Tests\TestDiscoveryHookTests.cs(10,30): warning CS1998: This async method lacks 'await' operators and will run synchronously. Consider using the 'await' operator to await non-blocking API calls, or 'await Task.Run(...)' to do CPU-bound work on a background thread. [C:\git\TUnit\TUnit.Core.SourceGenerator.Tests\TUnit.Core.SourceGenerator.Tests.csproj::TargetFramework=net9.0]
C:\git\TUnit\TUnit.Core.SourceGenerator.Tests\StringArgumentTests.cs(10,30): warning CS1998: This async method lacks 'await' operators and will run synchronously. Consider using the 'await' operator to await non-blocking API calls, or 'await Task.Run(...)' to do CPU-bound work on a background thread. [C:\git\TUnit\TUnit.Core.SourceGenerator.Tests\TUnit.Core.SourceGenerator.Tests.csproj::TargetFramework=net9.0]
C:\git\TUnit\TUnit.Core.SourceGenerator.Tests\STAThreadTests.cs(16,30): warning CS1998: This async method lacks 'await' operators and will run synchronously. Consider using the 'await' operator to await non-blocking API calls, or 'await Task.Run(...)' to do CPU-bound work on a background thread. [C:\git\TUnit\TUnit.Core.SourceGenerator.Tests\TUnit.Core.SourceGenerator.Tests.csproj::TargetFramework=net9.0]
C:\git\TUnit\TUnit.Core.SourceGenerator.Tests\RepeatTests.cs(10,30): warning CS1998: This async method lacks 'await' operators and will run synchronously. Consider using the 'await' operator to await non-blocking API calls, or 'await Task.Run(...)' to do CPU-bound work on a background thread. [C:\git\TUnit\TUnit.Core.SourceGenerator.Tests\TUnit.Core.SourceGenerator.Tests.csproj::TargetFramework=net9.0]
C:\git\TUnit\TUnit.Core.SourceGenerator.Tests\PropertySetterTests.cs(10,30): warning CS1998: This async method lacks 'await' operators and will run synchronously. Consider using the 'await' operator to await non-blocking API calls, or 'await Task.Run(...)' to do CPU-bound work on a background thread. [C:\git\TUnit\TUnit.Core.SourceGenerator.Tests\TUnit.Core.SourceGenerator.Tests.csproj::TargetFramework=net9.0]
C:\git\TUnit\TUnit.Core.SourceGenerator.Tests\PriorityFilteringTests.cs(21,30): warning CS1998: This async method lacks 'await' operators and will run synchronously. Consider using the 'await' operator to await non-blocking API calls, or 'await Task.Run(...)' to do CPU-bound work on a background thread. [C:\git\TUnit\TUnit.Core.SourceGenerator.Tests\TUnit.Core.SourceGenerator.Tests.csproj::TargetFramework=net9.0]
C:\git\TUnit\TUnit.Core.SourceGenerator.Tests\NumberArgumentTests.cs(11,30): warning CS1998: This async method lacks 'await' operators and will run synchronously. Consider using the 'await' operator to await non-blocking API calls, or 'await Task.Run(...)' to do CPU-bound work on a background thread. [C:\git\TUnit\TUnit.Core.SourceGenerator.Tests\TUnit.Core.SourceGenerator.Tests.csproj::TargetFramework=net9.0]
C:\git\TUnit\TUnit.Core.SourceGenerator.Tests\NullableByteArgumentTests.cs(10,30): warning CS1998: This async method lacks 'await' operators and will run synchronously. Consider using the 'await' operator to await non-blocking API calls, or 'await Task.Run(...)' to do CPU-bound work on a background thread. [C:\git\TUnit\TUnit.Core.SourceGenerator.Tests\TUnit.Core.SourceGenerator.Tests.csproj::TargetFramework=net9.0]
C:\git\TUnit\TUnit.Core.SourceGenerator.Tests\NameOfArgumentTests.cs(10,30): warning CS1998: This async method lacks 'await' operators and will run synchronously. Consider using the 'await' operator to await non-blocking API calls, or 'await Task.Run(...)' to do CPU-bound work on a background thread. [C:\git\TUnit\TUnit.Core.SourceGenerator.Tests\TUnit.Core.SourceGenerator.Tests.csproj::TargetFramework=net9.0]
C:\git\TUnit\TUnit.Core.SourceGenerator.Tests\MultipleClassDataSourceDrivenTests.cs(10,30): warning CS1998: This async method lacks 'await' operators and will run synchronously. Consider using the 'await' operator to await non-blocking API calls, or 'await Task.Run(...)' to do CPU-bound work on a background thread. [C:\git\TUnit\TUnit.Core.SourceGenerator.Tests\TUnit.Core.SourceGenerator.Tests.csproj::TargetFramework=net9.0]
C:\git\TUnit\TUnit.Core.SourceGenerator.Tests\MethodDataSourceDrivenWithCancellationTokenTests.cs(10,30): warning CS1998: This async method lacks 'await' operators and will run synchronously. Consider using the 'await' operator to await non-blocking API calls, or 'await Task.Run(...)' to do CPU-bound work on a background thread. [C:\git\TUnit\TUnit.Core.SourceGenerator.Tests\TUnit.Core.SourceGenerator.Tests.csproj::TargetFramework=net9.0]
C:\git\TUnit\TUnit.Core.SourceGenerator.Tests\MethodDataSourceDrivenTests.cs(10,30): warning CS1998: This async method lacks 'await' operators and will run synchronously. Consider using the 'await' operator to await non-blocking API calls, or 'await Task.Run(...)' to do CPU-bound work on a background thread. [C:\git\TUnit\TUnit.Core.SourceGenerator.Tests\TUnit.Core.SourceGenerator.Tests.csproj::TargetFramework=net9.0]
C:\git\TUnit\TUnit.Core.SourceGenerator.Tests\MatrixTests.cs(20,30): warning CS1998: This async method lacks 'await' operators and will run synchronously. Consider using the 'await' operator to await non-blocking API calls, or 'await Task.Run(...)' to do CPU-bound work on a background thread. [C:\git\TUnit\TUnit.Core.SourceGenerator.Tests\TUnit.Core.SourceGenerator.Tests.csproj::TargetFramework=net9.0]
C:\git\TUnit\TUnit.Core.SourceGenerator.Tests\AfterEachTests.cs(11,30): warning CS1998: This async method lacks 'await' operators and will run synchronously. Consider using the 'await' operator to await non-blocking API calls, or 'await Task.Run(...)' to do CPU-bound work on a background thread. [C:\git\TUnit\TUnit.Core.SourceGenerator.Tests\TUnit.Core.SourceGenerator.Tests.csproj::TargetFramework=net9.0]
C:\git\TUnit\TUnit.Core.SourceGenerator.Tests\InheritedPropertySetterTests.cs(20,30): warning CS1998: This async method lacks 'await' operators and will run synchronously. Consider using the 'await' operator to await non-blocking API calls, or 'await Task.Run(...)' to do CPU-bound work on a background thread. [C:\git\TUnit\TUnit.Core.SourceGenerator.Tests\TUnit.Core.SourceGenerator.Tests.csproj::TargetFramework=net9.0]
C:\git\TUnit\TUnit.Core.SourceGenerator.Tests\HooksTests.cs(10,30): warning CS1998: This async method lacks 'await' operators and will run synchronously. Consider using the 'await' operator to await non-blocking API calls, or 'await Task.Run(...)' to do CPU-bound work on a background thread. [C:\git\TUnit\TUnit.Core.SourceGenerator.Tests\TUnit.Core.SourceGenerator.Tests.csproj::TargetFramework=net9.0]
C:\git\TUnit\TUnit.Core.SourceGenerator.Tests\HooksTests.cs(18,30): warning CS1998: This async method lacks 'await' operators and will run synchronously. Consider using the 'await' operator to await non-blocking API calls, or 'await Task.Run(...)' to do CPU-bound work on a background thread. [C:\git\TUnit\TUnit.Core.SourceGenerator.Tests\TUnit.Core.SourceGenerator.Tests.csproj::TargetFramework=net9.0]
C:\git\TUnit\TUnit.Core.SourceGenerator.Tests\GlobalStaticBeforeEachTests.cs(11,30): warning CS1998: This async method lacks 'await' operators and will run synchronously. Consider using the 'await' operator to await non-blocking API calls, or 'await Task.Run(...)' to do CPU-bound work on a background thread. [C:\git\TUnit\TUnit.Core.SourceGenerator.Tests\TUnit.Core.SourceGenerator.Tests.csproj::TargetFramework=net9.0]
C:\git\TUnit\TUnit.Core.SourceGenerator.Tests\GlobalStaticAfterEachTests.cs(11,30): warning CS1998: This async method lacks 'await' operators and will run synchronously. Consider using the 'await' operator to await non-blocking API calls, or 'await Task.Run(...)' to do CPU-bound work on a background thread. [C:\git\TUnit\TUnit.Core.SourceGenerator.Tests\TUnit.Core.SourceGenerator.Tests.csproj::TargetFramework=net9.0]
C:\git\TUnit\TUnit.Core.SourceGenerator.Tests\GenericMethodTests.cs(10,30): warning CS1998: This async method lacks 'await' operators and will run synchronously. Consider using the 'await' operator to await non-blocking API calls, or 'await Task.Run(...)' to do CPU-bound work on a background thread. [C:\git\TUnit\TUnit.Core.SourceGenerator.Tests\TUnit.Core.SourceGenerator.Tests.csproj::TargetFramework=net9.0]
C:\git\TUnit\TUnit.Core.SourceGenerator.Tests\EnumerableTupleDataSourceDrivenTests.cs(10,30): warning CS1998: This async method lacks 'await' operators and will run synchronously. Consider using the 'await' operator to await non-blocking API calls, or 'await Task.Run(...)' to do CPU-bound work on a background thread. [C:\git\TUnit\TUnit.Core.SourceGenerator.Tests\TUnit.Core.SourceGenerator.Tests.csproj::TargetFramework=net9.0]
C:\git\TUnit\TUnit.Core.SourceGenerator.Tests\EnumerableDataSourceDrivenTests.cs(10,30): warning CS1998: This async method lacks 'await' operators and will run synchronously. Consider using the 'await' operator to await non-blocking API calls, or 'await Task.Run(...)' to do CPU-bound work on a background thread. [C:\git\TUnit\TUnit.Core.SourceGenerator.Tests\TUnit.Core.SourceGenerator.Tests.csproj::TargetFramework=net9.0]
C:\git\TUnit\TUnit.Core.SourceGenerator.Tests\Dynamic\Basic.cs(11,30): warning CS1998: This async method lacks 'await' operators and will run synchronously. Consider using the 'await' operator to await non-blocking API calls, or 'await Task.Run(...)' to do CPU-bound work on a background thread. [C:\git\TUnit\TUnit.Core.SourceGenerator.Tests\TUnit.Core.SourceGenerator.Tests.csproj::TargetFramework=net9.0]
C:\git\TUnit\TUnit.Core.SourceGenerator.Tests\DisableReflectionScannerTests.cs(27,30): warning CS1998: This async method lacks 'await' operators and will run synchronously. Consider using the 'await' operator to await non-blocking API calls, or 'await Task.Run(...)' to do CPU-bound work on a background thread. [C:\git\TUnit\TUnit.Core.SourceGenerator.Tests\TUnit.Core.SourceGenerator.Tests.csproj::TargetFramework=net9.0]
C:\git\TUnit\TUnit.Core.SourceGenerator.Tests\DataSourceGeneratorTests.cs(11,30): warning CS1998: This async method lacks 'await' operators and will run synchronously. Consider using the 'await' operator to await non-blocking API calls, or 'await Task.Run(...)' to do CPU-bound work on a background thread. [C:\git\TUnit\TUnit.Core.SourceGenerator.Tests\TUnit.Core.SourceGenerator.Tests.csproj::TargetFramework=net9.0]
C:\git\TUnit\TUnit.Core.SourceGenerator.Tests\DataSourceClassCombinedWithDataSourceMethodTests.cs(20,30): warning CS1998: This async method lacks 'await' operators and will run synchronously. Consider using the 'await' operator to await non-blocking API calls, or 'await Task.Run(...)' to do CPU-bound work on a background thread. [C:\git\TUnit\TUnit.Core.SourceGenerator.Tests\TUnit.Core.SourceGenerator.Tests.csproj::TargetFramework=net9.0]
C:\git\TUnit\TUnit.Core.SourceGenerator.Tests\DataDrivenTests.cs(20,30): warning CS1998: This async method lacks 'await' operators and will run synchronously. Consider using the 'await' operator to await non-blocking API calls, or 'await Task.Run(...)' to do CPU-bound work on a background thread. [C:\git\TUnit\TUnit.Core.SourceGenerator.Tests\TUnit.Core.SourceGenerator.Tests.csproj::TargetFramework=net9.0]
C:\git\TUnit\TUnit.Core.SourceGenerator.Tests\DataSourceGeneratorTests.cs(28,30): warning CS1998: This async method lacks 'await' operators and will run synchronously. Consider using the 'await' operator to await non-blocking API calls, or 'await Task.Run(...)' to do CPU-bound work on a background thread. [C:\git\TUnit\TUnit.Core.SourceGenerator.Tests\TUnit.Core.SourceGenerator.Tests.csproj::TargetFramework=net9.0]
C:\git\TUnit\TUnit.Core.SourceGenerator.Tests\CustomDisplayNameTests.cs(10,30): warning CS1998: This async method lacks 'await' operators and will run synchronously. Consider using the 'await' operator to await non-blocking API calls, or 'await Task.Run(...)' to do CPU-bound work on a background thread. [C:\git\TUnit\TUnit.Core.SourceGenerator.Tests\TUnit.Core.SourceGenerator.Tests.csproj::TargetFramework=net9.0]
C:\git\TUnit\TUnit.Core.SourceGenerator.Tests\ConstantArgumentsTests.cs(10,30): warning CS1998: This async method lacks 'await' operators and will run synchronously. Consider using the 'await' operator to await non-blocking API calls, or 'await Task.Run(...)' to do CPU-bound work on a background thread. [C:\git\TUnit\TUnit.Core.SourceGenerator.Tests\TUnit.Core.SourceGenerator.Tests.csproj::TargetFramework=net9.0]
C:\git\TUnit\TUnit.Core.SourceGenerator.Tests\ConcreteClassTests.cs(27,30): warning CS1998: This async method lacks 'await' operators and will run synchronously. Consider using the 'await' operator to await non-blocking API calls, or 'await Task.Run(...)' to do CPU-bound work on a background thread. [C:\git\TUnit\TUnit.Core.SourceGenerator.Tests\TUnit.Core.SourceGenerator.Tests.csproj::TargetFramework=net9.0]
C:\git\TUnit\TUnit.Core.SourceGenerator.Tests\ClassDataSourceDrivenTests2.cs(10,30): warning CS1998: This async method lacks 'await' operators and will run synchronously. Consider using the 'await' operator to await non-blocking API calls, or 'await Task.Run(...)' to do CPU-bound work on a background thread. [C:\git\TUnit\TUnit.Core.SourceGenerator.Tests\TUnit.Core.SourceGenerator.Tests.csproj::TargetFramework=net9.0]
C:\git\TUnit\TUnit.Core.SourceGenerator.Tests\ClassTupleDataSourceDrivenTests.cs(10,30): warning CS1998: This async method lacks 'await' operators and will run synchronously. Consider using the 'await' operator to await non-blocking API calls, or 'await Task.Run(...)' to do CPU-bound work on a background thread. [C:\git\TUnit\TUnit.Core.SourceGenerator.Tests\TUnit.Core.SourceGenerator.Tests.csproj::TargetFramework=net9.0]
C:\git\TUnit\TUnit.Core.SourceGenerator.Tests\ClassDataSourceDrivenTestsSharedKeyed.cs(10,30): warning CS1998: This async method lacks 'await' operators and will run synchronously. Consider using the 'await' operator to await non-blocking API calls, or 'await Task.Run(...)' to do CPU-bound work on a background thread. [C:\git\TUnit\TUnit.Core.SourceGenerator.Tests\TUnit.Core.SourceGenerator.Tests.csproj::TargetFramework=net9.0]
C:\git\TUnit\TUnit.Core.SourceGenerator.Tests\ClassDataSourceDrivenTests.cs(21,30): warning CS1998: This async method lacks 'await' operators and will run synchronously. Consider using the 'await' operator to await non-blocking API calls, or 'await Task.Run(...)' to do CPU-bound work on a background thread. [C:\git\TUnit\TUnit.Core.SourceGenerator.Tests\TUnit.Core.SourceGenerator.Tests.csproj::TargetFramework=net9.0]
C:\git\TUnit\TUnit.Core.SourceGenerator.Tests\ClassConstructorTest.cs(23,30): warning CS1998: This async method lacks 'await' operators and will run synchronously. Consider using the 'await' operator to await non-blocking API calls, or 'await Task.Run(...)' to do CPU-bound work on a background thread. [C:\git\TUnit\TUnit.Core.SourceGenerator.Tests\TUnit.Core.SourceGenerator.Tests.csproj::TargetFramework=net9.0]
C:\git\TUnit\TUnit.Core.SourceGenerator.Tests\ClassAndMethodArgumentsTests.cs(10,30): warning CS1998: This async method lacks 'await' operators and will run synchronously. Consider using the 'await' operator to await non-blocking API calls, or 'await Task.Run(...)' to do CPU-bound work on a background thread. [C:\git\TUnit\TUnit.Core.SourceGenerator.Tests\TUnit.Core.SourceGenerator.Tests.csproj::TargetFramework=net9.0]
C:\git\TUnit\TUnit.Core.SourceGenerator.Tests\BeforeEachTests.cs(11,30): warning CS1998: This async method lacks 'await' operators and will run synchronously. Consider using the 'await' operator to await non-blocking API calls, or 'await Task.Run(...)' to do CPU-bound work on a background thread. [C:\git\TUnit\TUnit.Core.SourceGenerator.Tests\TUnit.Core.SourceGenerator.Tests.csproj::TargetFramework=net9.0]
C:\git\TUnit\TUnit.Core.SourceGenerator.Tests\BeforeAllTests.cs(11,30): warning CS1998: This async method lacks 'await' operators and will run synchronously. Consider using the 'await' operator to await non-blocking API calls, or 'await Task.Run(...)' to do CPU-bound work on a background thread. [C:\git\TUnit\TUnit.Core.SourceGenerator.Tests\TUnit.Core.SourceGenerator.Tests.csproj::TargetFramework=net9.0]
C:\git\TUnit\TUnit.Core.SourceGenerator.Tests\Bugs\Issue2887\Issue2887Tests.cs(17,30): warning CS1998: This async method lacks 'await' operators and will run synchronously. Consider using the 'await' operator to await non-blocking API calls, or 'await Task.Run(...)' to do CPU-bound work on a background thread. [C:\git\TUnit\TUnit.Core.SourceGenerator.Tests\TUnit.Core.SourceGenerator.Tests.csproj::TargetFramework=net9.0]
C:\git\TUnit\TUnit.Core.SourceGenerator.Tests\AttributeTests.cs(10,30): warning CS1998: This async method lacks 'await' operators and will run synchronously. Consider using the 'await' operator to await non-blocking API calls, or 'await Task.Run(...)' to do CPU-bound work on a background thread. [C:\git\TUnit\TUnit.Core.SourceGenerator.Tests\TUnit.Core.SourceGenerator.Tests.csproj::TargetFramework=net9.0]
C:\git\TUnit\TUnit.Core.SourceGenerator.Tests\BasicTests.cs(15,30): warning CS1998: This async method lacks 'await' operators and will run synchronously. Consider using the 'await' operator to await non-blocking API calls, or 'await Task.Run(...)' to do CPU-bound work on a background thread. [C:\git\TUnit\TUnit.Core.SourceGenerator.Tests\TUnit.Core.SourceGenerator.Tests.csproj::TargetFramework=net9.0]
C:\git\TUnit\TUnit.Core.SourceGenerator.Tests\Bugs\2136\Tests2136.cs(12,30): warning CS1998: This async method lacks 'await' operators and will run synchronously. Consider using the 'await' operator to await non-blocking API calls, or 'await Task.Run(...)' to do CPU-bound work on a background thread. [C:\git\TUnit\TUnit.Core.SourceGenerator.Tests\TUnit.Core.SourceGenerator.Tests.csproj::TargetFramework=net9.0]
C:\git\TUnit\TUnit.Core.SourceGenerator.Tests\AssemblyBeforeTests.cs(11,30): warning CS1998: This async method lacks 'await' operators and will run synchronously. Consider using the 'await' operator to await non-blocking API calls, or 'await Task.Run(...)' to do CPU-bound work on a background thread. [C:\git\TUnit\TUnit.Core.SourceGenerator.Tests\TUnit.Core.SourceGenerator.Tests.csproj::TargetFramework=net9.0]
C:\git\TUnit\TUnit.Core.SourceGenerator.Tests\AssemblyLoaderTests.cs(27,30): warning CS1998: This async method lacks 'await' operators and will run synchronously. Consider using the 'await' operator to await non-blocking API calls, or 'await Task.Run(...)' to do CPU-bound work on a background thread. [C:\git\TUnit\TUnit.Core.SourceGenerator.Tests\TUnit.Core.SourceGenerator.Tests.csproj::TargetFramework=net9.0]
C:\git\TUnit\TUnit.Core.SourceGenerator.Tests\ArgumentWithImplicitConverterTests.cs(10,30): warning CS1998: This async method lacks 'await' operators and will run synchronously. Consider using the 'await' operator to await non-blocking API calls, or 'await Task.Run(...)' to do CPU-bound work on a background thread. [C:\git\TUnit\TUnit.Core.SourceGenerator.Tests\TUnit.Core.SourceGenerator.Tests.csproj::TargetFramework=net9.0]
C:\git\TUnit\TUnit.Core.SourceGenerator.Tests\AssemblyAfterTests.cs(11,30): warning CS1998: This async method lacks 'await' operators and will run synchronously. Consider using the 'await' operator to await non-blocking API calls, or 'await Task.Run(...)' to do CPU-bound work on a background thread. [C:\git\TUnit\TUnit.Core.SourceGenerator.Tests\TUnit.Core.SourceGenerator.Tests.csproj::TargetFramework=net9.0]
C:\git\TUnit\TUnit.Core.SourceGenerator.Tests\ArgsAsArrayTests.cs(10,30): warning CS1998: This async method lacks 'await' operators and will run synchronously. Consider using the 'await' operator to await non-blocking API calls, or 'await Task.Run(...)' to do CPU-bound work on a background thread. [C:\git\TUnit\TUnit.Core.SourceGenerator.Tests\TUnit.Core.SourceGenerator.Tests.csproj::TargetFramework=net9.0]
C:\git\TUnit\TUnit.Core.SourceGenerator.Tests\Bugs\2112\Tests2112.cs(12,30): warning CS1998: This async method lacks 'await' operators and will run synchronously. Consider using the 'await' operator to await non-blocking API calls, or 'await Task.Run(...)' to do CPU-bound work on a background thread. [C:\git\TUnit\TUnit.Core.SourceGenerator.Tests\TUnit.Core.SourceGenerator.Tests.csproj::TargetFramework=net9.0]
C:\git\TUnit\TUnit.Core.SourceGenerator.Tests\Bugs\2085\Tests2085.cs(12,30): warning CS1998: This async method lacks 'await' operators and will run synchronously. Consider using the 'await' operator to await non-blocking API calls, or 'await Task.Run(...)' to do CPU-bound work on a background thread. [C:\git\TUnit\TUnit.Core.SourceGenerator.Tests\TUnit.Core.SourceGenerator.Tests.csproj::TargetFramework=net9.0]
C:\git\TUnit\TUnit.Core.SourceGenerator.Tests\Bugs\2083\Tests2083.cs(12,30): warning CS1998: This async method lacks 'await' operators and will run synchronously. Consider using the 'await' operator to await non-blocking API calls, or 'await Task.Run(...)' to do CPU-bound work on a background thread. [C:\git\TUnit\TUnit.Core.SourceGenerator.Tests\TUnit.Core.SourceGenerator.Tests.csproj::TargetFramework=net9.0]
C:\git\TUnit\TUnit.Core.SourceGenerator.Tests\Bugs\1899\Tests1899.cs(21,30): warning CS1998: This async method lacks 'await' operators and will run synchronously. Consider using the 'await' operator to await non-blocking API calls, or 'await Task.Run(...)' to do CPU-bound work on a background thread. [C:\git\TUnit\TUnit.Core.SourceGenerator.Tests\TUnit.Core.SourceGenerator.Tests.csproj::TargetFramework=net9.0]
C:\git\TUnit\TUnit.Core.SourceGenerator.Tests\Bugs\1899\Tests1899.cs(35,30): warning CS1998: This async method lacks 'await' operators and will run synchronously. Consider using the 'await' operator to await non-blocking API calls, or 'await Task.Run(...)' to do CPU-bound work on a background thread. [C:\git\TUnit\TUnit.Core.SourceGenerator.Tests\TUnit.Core.SourceGenerator.Tests.csproj::TargetFramework=net9.0]
C:\git\TUnit\TUnit.Core.SourceGenerator.Tests\Bugs\1889\Tests1889.cs(22,30): warning CS1998: This async method lacks 'await' operators and will run synchronously. Consider using the 'await' operator to await non-blocking API calls, or 'await Task.Run(...)' to do CPU-bound work on a background thread. [C:\git\TUnit\TUnit.Core.SourceGenerator.Tests\TUnit.Core.SourceGenerator.Tests.csproj::TargetFramework=net9.0]
C:\git\TUnit\TUnit.Core.SourceGenerator.Tests\Bugs\1821\Tests1821.cs(12,30): warning CS1998: This async method lacks 'await' operators and will run synchronously. Consider using the 'await' operator to await non-blocking API calls, or 'await Task.Run(...)' to do CPU-bound work on a background thread. [C:\git\TUnit\TUnit.Core.SourceGenerator.Tests\TUnit.Core.SourceGenerator.Tests.csproj::TargetFramework=net9.0]
C:\git\TUnit\TUnit.Core.SourceGenerator.Tests\Bugs\1692\Tests1692.cs(12,30): warning CS1998: This async method lacks 'await' operators and will run synchronously. Consider using the 'await' operator to await non-blocking API calls, or 'await Task.Run(...)' to do CPU-bound work on a background thread. [C:\git\TUnit\TUnit.Core.SourceGenerator.Tests\TUnit.Core.SourceGenerator.Tests.csproj::TargetFramework=net9.0]
C:\git\TUnit\TUnit.Core.SourceGenerator.Tests\Bugs\1603\Tests1603.cs(12,30): warning CS1998: This async method lacks 'await' operators and will run synchronously. Consider using the 'await' operator to await non-blocking API calls, or 'await Task.Run(...)' to do CPU-bound work on a background thread. [C:\git\TUnit\TUnit.Core.SourceGenerator.Tests\TUnit.Core.SourceGenerator.Tests.csproj::TargetFramework=net9.0]
C:\git\TUnit\TUnit.Core.SourceGenerator.Tests\Bugs\1594\Tests1594.cs(12,30): warning CS1998: This async method lacks 'await' operators and will run synchronously. Consider using the 'await' operator to await non-blocking API calls, or 'await Task.Run(...)' to do CPU-bound work on a background thread. [C:\git\TUnit\TUnit.Core.SourceGenerator.Tests\TUnit.Core.SourceGenerator.Tests.csproj::TargetFramework=net9.0]
C:\git\TUnit\TUnit.Core.SourceGenerator.Tests\Bugs\1594\Hooks1594.cs(12,30): warning CS1998: This async method lacks 'await' operators and will run synchronously. Consider using the 'await' operator to await non-blocking API calls, or 'await Task.Run(...)' to do CPU-bound work on a background thread. [C:\git\TUnit\TUnit.Core.SourceGenerator.Tests\TUnit.Core.SourceGenerator.Tests.csproj::TargetFramework=net9.0]
C:\git\TUnit\TUnit.Core.SourceGenerator.Tests\Bugs\1589\Tests1589.cs(12,30): warning CS1998: This async method lacks 'await' operators and will run synchronously. Consider using the 'await' operator to await non-blocking API calls, or 'await Task.Run(...)' to do CPU-bound work on a background thread. [C:\git\TUnit\TUnit.Core.SourceGenerator.Tests\TUnit.Core.SourceGenerator.Tests.csproj::TargetFramework=net9.0]
C:\git\TUnit\TUnit.Core.SourceGenerator.Tests\Bugs\1589\Hooks1589.cs(12,30): warning CS1998: This async method lacks 'await' operators and will run synchronously. Consider using the 'await' operator to await non-blocking API calls, or 'await Task.Run(...)' to do CPU-bound work on a background thread. [C:\git\TUnit\TUnit.Core.SourceGenerator.Tests\TUnit.Core.SourceGenerator.Tests.csproj::TargetFramework=net9.0]
C:\git\TUnit\TUnit.Core.SourceGenerator.Tests\Bugs\1539\Tests1539.cs(12,30): warning CS1998: This async method lacks 'await' operators and will run synchronously. Consider using the 'await' operator to await non-blocking API calls, or 'await Task.Run(...)' to do CPU-bound work on a background thread. [C:\git\TUnit\TUnit.Core.SourceGenerator.Tests\TUnit.Core.SourceGenerator.Tests.csproj::TargetFramework=net9.0]
C:\git\TUnit\TUnit.Core.SourceGenerator.Tests\Bugs\1538\Tests1538.cs(12,30): warning CS1998: This async method lacks 'await' operators and will run synchronously. Consider using the 'await' operator to await non-blocking API calls, or 'await Task.Run(...)' to do CPU-bound work on a background thread. [C:\git\TUnit\TUnit.Core.SourceGenerator.Tests\TUnit.Core.SourceGenerator.Tests.csproj::TargetFramework=net9.0]
C:\git\TUnit\TUnit.Core.SourceGenerator.Tests\Bugs\1432\EnumMemberNamesTests.cs(12,30): warning CS1998: This async method lacks 'await' operators and will run synchronously. Consider using the 'await' operator to await non-blocking API calls, or 'await Task.Run(...)' to do CPU-bound work on a background thread. [C:\git\TUnit\TUnit.Core.SourceGenerator.Tests\TUnit.Core.SourceGenerator.Tests.csproj::TargetFramework=net9.0]
C:\git\TUnit\TUnit.Core.SourceGenerator.Tests\Bugs\1432\ConstantsInInterpolatedStringsTests.cs(12,30): warning CS1998: This async method lacks 'await' operators and will run synchronously. Consider using the 'await' operator to await non-blocking API calls, or 'await Task.Run(...)' to do CPU-bound work on a background thread. [C:\git\TUnit\TUnit.Core.SourceGenerator.Tests\TUnit.Core.SourceGenerator.Tests.csproj::TargetFramework=net9.0]
C:\git\TUnit\TUnit.Core.SourceGenerator.Tests\Bugs\1432\ConstantInBaseClassTests.cs(12,30): warning CS1998: This async method lacks 'await' operators and will run synchronously. Consider using the 'await' operator to await non-blocking API calls, or 'await Task.Run(...)' to do CPU-bound work on a background thread. [C:\git\TUnit\TUnit.Core.SourceGenerator.Tests\TUnit.Core.SourceGenerator.Tests.csproj::TargetFramework=net9.0]
C:\git\TUnit\TUnit.Core.SourceGenerator.Tests\Bugs\1304\EnumMemberNamesTests.cs(12,30): warning CS1998: This async method lacks 'await' operators and will run synchronously. Consider using the 'await' operator to await non-blocking API calls, or 'await Task.Run(...)' to do CPU-bound work on a background thread. [C:\git\TUnit\TUnit.Core.SourceGenerator.Tests\TUnit.Core.SourceGenerator.Tests.csproj::TargetFramework=net9.0]
C:\git\TUnit\TUnit.Core.SourceGenerator.Tests\AssemblyNamesWithDashesTests.cs(23,15): warning TUnitAssertions0005: Assert.That(...) should not be used with a constant value [C:\git\TUnit\TUnit.Core.SourceGenerator.Tests\TUnit.Core.SourceGenerator.Tests.csproj::TargetFramework=net9.0]
  TUnit.Core.SourceGenerator.Tests -> C:\git\TUnit\TUnit.Core.SourceGenerator.Tests\bin\Debug\net8.0\TUnit.Core.SourceGenerator.Tests.dll
  TUnit -> C:\git\TUnit\TUnit\bin\Debug\net8.0\TUnit.dll
C:\git\TUnit\TUnit.Templates.Tests\AspNetTemplateTests.cs(16,9): warning TUnit0018: Test methods should not assign instance data [C:\git\TUnit\TUnit.Templates.Tests\TUnit.Templates.Tests.csproj::TargetFramework=net9.0]
C:\git\TUnit\TUnit.Templates.Tests\BasicTemplateTests.cs(16,9): warning TUnit0018: Test methods should not assign instance data [C:\git\TUnit\TUnit.Templates.Tests\TUnit.Templates.Tests.csproj::TargetFramework=net9.0]
C:\git\TUnit\TUnit.Templates.Tests\BasicTemplateTests.cs(23,9): warning TUnit0018: Test methods should not assign instance data [C:\git\TUnit\TUnit.Templates.Tests\TUnit.Templates.Tests.csproj::TargetFramework=net9.0]
  TUnit -> C:\git\TUnit\TUnit\bin\Debug\netstandard2.0\TUnit.dll
  TUnit.Analyzers.Tests -> C:\git\TUnit\TUnit.Analyzers.Tests\bin\Debug\net8.0\TUnit.Analyzers.Tests.dll
  TUnit.Assertions.Analyzers.CodeFixers.Tests -> C:\git\TUnit\TUnit.Assertions.Analyzers.CodeFixers.Tests\bin\Debug\net8.0\TUnit.Assertions.Analyzers.CodeFixers.Tests.dll
  TUnit.Assertions.FSharp -> C:\git\TUnit\TUnit.Assertions.FSharp\bin\Debug\net9.0\TUnit.Assertions.FSharp.dll
  TUnit.Assertions.FSharp -> C:\git\TUnit\TUnit.Assertions.FSharp\bin\Debug\netstandard2.0\TUnit.Assertions.FSharp.dll
  TUnit.Assertions.Analyzers.Tests -> C:\git\TUnit\TUnit.Assertions.Analyzers.Tests\bin\Debug\net8.0\TUnit.Assertions.Analyzers.Tests.dll
  TUnit.Assertions.SourceGenerator.Tests -> C:\git\TUnit\TUnit.Assertions.SourceGenerator.Tests\bin\Debug\net8.0\TUnit.Assertions.SourceGenerator.Tests.dll
  TUnit.Assertions.Analyzers.CodeFixers.Tests -> C:\git\TUnit\TUnit.Assertions.Analyzers.CodeFixers.Tests\bin\Debug\net472\TUnit.Assertions.Analyzers.CodeFixers.Tests.exe
C:\git\TUnit\TUnit.UnitTests\SourceGeneratedViewer\TUnit.Core.SourceGenerator\TUnit.Core.SourceGenerator.Generators.PropertyInjectionSourceGenerator\TUnit_UnitTests_DerivedStaticPropertyTests_PropertyInjection.g.cs(39,77): warning CS8669: The annotation for nullable reference types should only be used in code within a '#nullable' annotations context. Auto-generated code requires an explicit '#nullable' directive in source. [C:\git\TUnit\TUnit.UnitTests\TUnit.UnitTests.csproj::TargetFramework=net8.0]
C:\git\TUnit\TUnit.UnitTests\SourceGeneratedViewer\TUnit.Core.SourceGenerator\TUnit.Core.SourceGenerator.Generators.PropertyInjectionSourceGenerator\TUnit_UnitTests_DerivedStaticPropertyTests_PropertyInjection.g.cs(56,91): warning CS8669: The annotation for nullable reference types should only be used in code within a '#nullable' annotations context. Auto-generated code requires an explicit '#nullable' directive in source. [C:\git\TUnit\TUnit.UnitTests\TUnit.UnitTests.csproj::TargetFramework=net8.0]
C:\git\TUnit\TUnit.UnitTests\SourceGeneratedViewer\TUnit.Core.SourceGenerator\TUnit.Core.SourceGenerator.Generators.PropertyInjectionSourceGenerator\TUnit_UnitTests_BaseStaticClass_PropertyInjection.g.cs(39,77): warning CS8669: The annotation for nullable reference types should only be used in code within a '#nullable' annotations context. Auto-generated code requires an explicit '#nullable' directive in source. [C:\git\TUnit\TUnit.UnitTests\TUnit.UnitTests.csproj::TargetFramework=net8.0]
C:\git\TUnit\TUnit.UnitTests\SourceGeneratedViewer\TUnit.Core.SourceGenerator\TUnit.Core.SourceGenerator.Generators.PropertyInjectionSourceGenerator\TUnit_UnitTests_StaticPropertyDataSourceTests_PropertyInjection.g.cs(39,93): warning CS8669: The annotation for nullable reference types should only be used in code within a '#nullable' annotations context. Auto-generated code requires an explicit '#nullable' directive in source. [C:\git\TUnit\TUnit.UnitTests\TUnit.UnitTests.csproj::TargetFramework=net8.0]
C:\git\TUnit\TUnit.UnitTests\SourceGeneratedViewer\TUnit.Core.SourceGenerator\TUnit.Core.SourceGenerator.Generators.PropertyInjectionSourceGenerator\TUnit_UnitTests_StaticPropertyDataSourceTests_PropertyInjection.g.cs(56,139): warning CS8669: The annotation for nullable reference types should only be used in code within a '#nullable' annotations context. Auto-generated code requires an explicit '#nullable' directive in source. [C:\git\TUnit\TUnit.UnitTests\TUnit.UnitTests.csproj::TargetFramework=net8.0]
C:\git\TUnit\TUnit.UnitTests\SourceGeneratedViewer\TUnit.Core.SourceGenerator\TUnit.Core.SourceGenerator.Generators.PropertyInjectionSourceGenerator\TUnit_UnitTests_StaticPropertyDataSourceTests_PropertyInjection.g.cs(73,162): warning CS8669: The annotation for nullable reference types should only be used in code within a '#nullable' annotations context. Auto-generated code requires an explicit '#nullable' directive in source. [C:\git\TUnit\TUnit.UnitTests\TUnit.UnitTests.csproj::TargetFramework=net8.0]
C:\git\TUnit\TUnit.UnitTests\SourceGeneratedViewer\TUnit.Core.SourceGenerator\TUnit.Core.SourceGenerator.Generators.PropertyInjectionSourceGenerator\TUnit_UnitTests_NestedService_PropertyInjection.g.cs(39,89): warning CS8669: The annotation for nullable reference types should only be used in code within a '#nullable' annotations context. Auto-generated code requires an explicit '#nullable' directive in source. [C:\git\TUnit\TUnit.UnitTests\TUnit.UnitTests.csproj::TargetFramework=net8.0]
C:\git\TUnit\TUnit.UnitTests\SourceGeneratedViewer\TUnit.Core.SourceGenerator\TUnit.Core.SourceGenerator.Generators.PropertyInjectionSourceGenerator\TUnit_UnitTests_CustomService_PropertyInjection.g.cs(39,77): warning CS8669: The annotation for nullable reference types should only be used in code within a '#nullable' annotations context. Auto-generated code requires an explicit '#nullable' directive in source. [C:\git\TUnit\TUnit.UnitTests\TUnit.UnitTests.csproj::TargetFramework=net8.0]
C:\git\TUnit\TUnit.UnitTests\SourceGeneratedViewer\TUnit.Core.SourceGenerator\TUnit.Core.SourceGenerator.Generators.PropertyInjectionSourceGenerator\TUnit_UnitTests_CustomPropertyDataSourceTests_PropertyInjection.g.cs(39,71): warning CS8669: The annotation for nullable reference types should only be used in code within a '#nullable' annotations context. Auto-generated code requires an explicit '#nullable' directive in source. [C:\git\TUnit\TUnit.UnitTests\TUnit.UnitTests.csproj::TargetFramework=net8.0]
C:\git\TUnit\TUnit.UnitTests\SourceGeneratedViewer\TUnit.Core.SourceGenerator\TUnit.Core.SourceGenerator.Generators.PropertyInjectionSourceGenerator\TUnit_UnitTests_DerivedPropertyInjectionTests_PropertyInjection.g.cs(39,53): warning CS8669: The annotation for nullable reference types should only be used in code within a '#nullable' annotations context. Auto-generated code requires an explicit '#nullable' directive in source. [C:\git\TUnit\TUnit.UnitTests\TUnit.UnitTests.csproj::TargetFramework=net8.0]
C:\git\TUnit\TUnit.UnitTests\SourceGeneratedViewer\TUnit.Core.SourceGenerator\TUnit.Core.SourceGenerator.Generators.PropertyInjectionSourceGenerator\TUnit_UnitTests_DerivedPropertyInjectionTests_PropertyInjection.g.cs(56,56): warning CS8669: The annotation for nullable reference types should only be used in code within a '#nullable' annotations context. Auto-generated code requires an explicit '#nullable' directive in source. [C:\git\TUnit\TUnit.UnitTests\TUnit.UnitTests.csproj::TargetFramework=net8.0]
C:\git\TUnit\TUnit.UnitTests\SourceGeneratedViewer\TUnit.Core.SourceGenerator\TUnit.Core.SourceGenerator.Generators.PropertyInjectionSourceGenerator\TUnit_UnitTests_BaseTestClass_PropertyInjection.g.cs(39,53): warning CS8669: The annotation for nullable reference types should only be used in code within a '#nullable' annotations context. Auto-generated code requires an explicit '#nullable' directive in source. [C:\git\TUnit\TUnit.UnitTests\TUnit.UnitTests.csproj::TargetFramework=net8.0]
C:\git\TUnit\TUnit.UnitTests\SourceGeneratedViewer\TUnit.Core.SourceGenerator\TUnit.Core.SourceGenerator.Generators.PropertyInjectionSourceGenerator\TUnit_UnitTests_PropertyDataSourceInjectionTests_ComplexData_PropertyInjection.g.cs(39,55): warning CS8669: The annotation for nullable reference types should only be used in code within a '#nullable' annotations context. Auto-generated code requires an explicit '#nullable' directive in source. [C:\git\TUnit\TUnit.UnitTests\TUnit.UnitTests.csproj::TargetFramework=net8.0]
C:\git\TUnit\TUnit.UnitTests\SourceGeneratedViewer\TUnit.Core.SourceGenerator\TUnit.Core.SourceGenerator.Generators.PropertyInjectionSourceGenerator\TUnit_UnitTests_PropertyDataSourceInjectionTests_PropertyInjection.g.cs(39,55): warning CS8669: The annotation for nullable reference types should only be used in code within a '#nullable' annotations context. Auto-generated code requires an explicit '#nullable' directive in source. [C:\git\TUnit\TUnit.UnitTests\TUnit.UnitTests.csproj::TargetFramework=net8.0]
C:\git\TUnit\TUnit.UnitTests\SourceGeneratedViewer\TUnit.Core.SourceGenerator\TUnit.Core.SourceGenerator.Generators.PropertyInjectionSourceGenerator\TUnit_UnitTests_PropertyDataSourceInjectionTests_PropertyInjection.g.cs(56,104): warning CS8669: The annotation for nullable reference types should only be used in code within a '#nullable' annotations context. Auto-generated code requires an explicit '#nullable' directive in source. [C:\git\TUnit\TUnit.UnitTests\TUnit.UnitTests.csproj::TargetFramework=net8.0]
C:\git\TUnit\TUnit.UnitTests\SourceGeneratedViewer\TUnit.Core.SourceGenerator\TUnit.Core.SourceGenerator.Generators.PropertyInjectionSourceGenerator\TUnit_UnitTests_PropertyDataSourceInjectionTests_PropertyInjection.g.cs(73,121): warning CS8669: The annotation for nullable reference types should only be used in code within a '#nullable' annotations context. Auto-generated code requires an explicit '#nullable' directive in source. [C:\git\TUnit\TUnit.UnitTests\TUnit.UnitTests.csproj::TargetFramework=net8.0]
C:\git\TUnit\TUnit.UnitTests\SourceGeneratedViewer\TUnit.Core.SourceGenerator\TUnit.Core.SourceGenerator.Generators.PropertyInjectionSourceGenerator\TUnit_UnitTests_PropertyDataSourceInjectionTests_PropertyInjection.g.cs(90,56): warning CS8669: The annotation for nullable reference types should only be used in code within a '#nullable' annotations context. Auto-generated code requires an explicit '#nullable' directive in source. [C:\git\TUnit\TUnit.UnitTests\TUnit.UnitTests.csproj::TargetFramework=net8.0]
C:\git\TUnit\TUnit.UnitTests\ServiceProviderInfrastructureTests.cs(96,55): error CS1503: Argument 1: cannot convert from 'TUnit.UnitTests.ServiceProviderInfrastructureTests.ITestService' to 'TUnit.UnitTests.ServiceProviderInfrastructureTests.TestService' [C:\git\TUnit\TUnit.UnitTests\TUnit.UnitTests.csproj::TargetFramework=net8.0]
C:\git\TUnit\TUnit.UnitTests\IAsyncEnumerableDocumentationExample.cs(50,42): error CS0121: The call is ambiguous between the following methods or properties: 'StringAssertionBuilderExtensions.StartsWith(AssertionBuilder<string>, string)' and 'NullableStringAssertionBuilderExtensions.StartsWith(AssertionBuilder<string?>, string)' [C:\git\TUnit\TUnit.UnitTests\TUnit.UnitTests.csproj::TargetFramework=net8.0]
C:\git\TUnit\TUnit.UnitTests\PropertyDataSourceInjectionTests.cs(161,111): warning CS8604: Possible null reference argument for parameter 'testInformation' in 'Task<(bool success, object? createdInstance)> DataSourceHelpers.TryCreateWithInitializerAsync(Type type, MethodMetadata testInformation, string testSessionId)'. [C:\git\TUnit\TUnit.UnitTests\TUnit.UnitTests.csproj::TargetFramework=net8.0]
C:\git\TUnit\TUnit.UnitTests\DependencyResolutionFailureTests.cs(14,15): warning TUnitAssertions0005: Assert.That(...) should not be used with a constant value [C:\git\TUnit\TUnit.UnitTests\TUnit.UnitTests.csproj::TargetFramework=net8.0]
C:\git\TUnit\TUnit.UnitTests\DependencyResolutionFailureTests.cs(23,15): warning TUnitAssertions0005: Assert.That(...) should not be used with a constant value [C:\git\TUnit\TUnit.UnitTests\TUnit.UnitTests.csproj::TargetFramework=net8.0]
C:\git\TUnit\TUnit.UnitTests\DependencyResolutionFailureTests.cs(32,15): warning TUnitAssertions0005: Assert.That(...) should not be used with a constant value [C:\git\TUnit\TUnit.UnitTests\TUnit.UnitTests.csproj::TargetFramework=net8.0]
C:\git\TUnit\TUnit.UnitTests\DependencyResolutionFailureTests.cs(39,15): warning TUnitAssertions0005: Assert.That(...) should not be used with a constant value [C:\git\TUnit\TUnit.UnitTests\TUnit.UnitTests.csproj::TargetFramework=net8.0]
C:\git\TUnit\TUnit.UnitTests\DependencyResolutionFailureTests.cs(47,15): warning TUnitAssertions0005: Assert.That(...) should not be used with a constant value [C:\git\TUnit\TUnit.UnitTests\TUnit.UnitTests.csproj::TargetFramework=net8.0]
C:\git\TUnit\TUnit.UnitTests\EmptyDataSourceTests.cs(39,15): warning TUnitAssertions0005: Assert.That(...) should not be used with a constant value [C:\git\TUnit\TUnit.UnitTests\TUnit.UnitTests.csproj::TargetFramework=net8.0]
C:\git\TUnit\TUnit.UnitTests\GenericTestGenerationTests.cs(11,23): warning TUnit0300: Generic test method with data source may not be AOT-compatible. All generic type combinations must be known at compile time. [C:\git\TUnit\TUnit.UnitTests\TUnit.UnitTests.csproj::TargetFramework=net8.0]
C:\git\TUnit\TUnit.UnitTests\SourceGeneratedViewer\TUnit.Core.SourceGenerator\TUnit.Core.SourceGenerator.Generators.PropertyInjectionSourceGenerator\TUnit_UnitTests_PropertyDataSourceInjectionTests_ComplexData_PropertyInjection.g.cs(39,55): warning CS8669: The annotation for nullable reference types should only be used in code within a '#nullable' annotations context. Auto-generated code requires an explicit '#nullable' directive in source. [C:\git\TUnit\TUnit.UnitTests\TUnit.UnitTests.csproj::TargetFramework=net472]
C:\git\TUnit\TUnit.UnitTests\SourceGeneratedViewer\TUnit.Core.SourceGenerator\TUnit.Core.SourceGenerator.Generators.PropertyInjectionSourceGenerator\TUnit_UnitTests_PropertyDataSourceInjectionTests_PropertyInjection.g.cs(39,55): warning CS8669: The annotation for nullable reference types should only be used in code within a '#nullable' annotations context. Auto-generated code requires an explicit '#nullable' directive in source. [C:\git\TUnit\TUnit.UnitTests\TUnit.UnitTests.csproj::TargetFramework=net472]
C:\git\TUnit\TUnit.UnitTests\SourceGeneratedViewer\TUnit.Core.SourceGenerator\TUnit.Core.SourceGenerator.Generators.PropertyInjectionSourceGenerator\TUnit_UnitTests_PropertyDataSourceInjectionTests_PropertyInjection.g.cs(56,104): warning CS8669: The annotation for nullable reference types should only be used in code within a '#nullable' annotations context. Auto-generated code requires an explicit '#nullable' directive in source. [C:\git\TUnit\TUnit.UnitTests\TUnit.UnitTests.csproj::TargetFramework=net472]
C:\git\TUnit\TUnit.UnitTests\SourceGeneratedViewer\TUnit.Core.SourceGenerator\TUnit.Core.SourceGenerator.Generators.PropertyInjectionSourceGenerator\TUnit_UnitTests_PropertyDataSourceInjectionTests_PropertyInjection.g.cs(73,121): warning CS8669: The annotation for nullable reference types should only be used in code within a '#nullable' annotations context. Auto-generated code requires an explicit '#nullable' directive in source. [C:\git\TUnit\TUnit.UnitTests\TUnit.UnitTests.csproj::TargetFramework=net472]
C:\git\TUnit\TUnit.UnitTests\SourceGeneratedViewer\TUnit.Core.SourceGenerator\TUnit.Core.SourceGenerator.Generators.PropertyInjectionSourceGenerator\TUnit_UnitTests_PropertyDataSourceInjectionTests_PropertyInjection.g.cs(90,56): warning CS8669: The annotation for nullable reference types should only be used in code within a '#nullable' annotations context. Auto-generated code requires an explicit '#nullable' directive in source. [C:\git\TUnit\TUnit.UnitTests\TUnit.UnitTests.csproj::TargetFramework=net472]
C:\git\TUnit\TUnit.UnitTests\SourceGeneratedViewer\TUnit.Core.SourceGenerator\TUnit.Core.SourceGenerator.Generators.PropertyInjectionSourceGenerator\TUnit_UnitTests_BaseTestClass_PropertyInjection.g.cs(39,53): warning CS8669: The annotation for nullable reference types should only be used in code within a '#nullable' annotations context. Auto-generated code requires an explicit '#nullable' directive in source. [C:\git\TUnit\TUnit.UnitTests\TUnit.UnitTests.csproj::TargetFramework=net472]
C:\git\TUnit\TUnit.UnitTests\SourceGeneratedViewer\TUnit.Core.SourceGenerator\TUnit.Core.SourceGenerator.Generators.PropertyInjectionSourceGenerator\TUnit_UnitTests_DerivedPropertyInjectionTests_PropertyInjection.g.cs(39,53): warning CS8669: The annotation for nullable reference types should only be used in code within a '#nullable' annotations context. Auto-generated code requires an explicit '#nullable' directive in source. [C:\git\TUnit\TUnit.UnitTests\TUnit.UnitTests.csproj::TargetFramework=net472]
C:\git\TUnit\TUnit.UnitTests\SourceGeneratedViewer\TUnit.Core.SourceGenerator\TUnit.Core.SourceGenerator.Generators.PropertyInjectionSourceGenerator\TUnit_UnitTests_DerivedPropertyInjectionTests_PropertyInjection.g.cs(56,56): warning CS8669: The annotation for nullable reference types should only be used in code within a '#nullable' annotations context. Auto-generated code requires an explicit '#nullable' directive in source. [C:\git\TUnit\TUnit.UnitTests\TUnit.UnitTests.csproj::TargetFramework=net472]
C:\git\TUnit\TUnit.UnitTests\SourceGeneratedViewer\TUnit.Core.SourceGenerator\TUnit.Core.SourceGenerator.Generators.PropertyInjectionSourceGenerator\TUnit_UnitTests_CustomPropertyDataSourceTests_PropertyInjection.g.cs(39,71): warning CS8669: The annotation for nullable reference types should only be used in code within a '#nullable' annotations context. Auto-generated code requires an explicit '#nullable' directive in source. [C:\git\TUnit\TUnit.UnitTests\TUnit.UnitTests.csproj::TargetFramework=net472]
C:\git\TUnit\TUnit.UnitTests\SourceGeneratedViewer\TUnit.Core.SourceGenerator\TUnit.Core.SourceGenerator.Generators.PropertyInjectionSourceGenerator\TUnit_UnitTests_DerivedStaticPropertyTests_PropertyInjection.g.cs(39,77): warning CS8669: The annotation for nullable reference types should only be used in code within a '#nullable' annotations context. Auto-generated code requires an explicit '#nullable' directive in source. [C:\git\TUnit\TUnit.UnitTests\TUnit.UnitTests.csproj::TargetFramework=net472]
C:\git\TUnit\TUnit.UnitTests\SourceGeneratedViewer\TUnit.Core.SourceGenerator\TUnit.Core.SourceGenerator.Generators.PropertyInjectionSourceGenerator\TUnit_UnitTests_DerivedStaticPropertyTests_PropertyInjection.g.cs(56,91): warning CS8669: The annotation for nullable reference types should only be used in code within a '#nullable' annotations context. Auto-generated code requires an explicit '#nullable' directive in source. [C:\git\TUnit\TUnit.UnitTests\TUnit.UnitTests.csproj::TargetFramework=net472]
C:\git\TUnit\TUnit.UnitTests\SourceGeneratedViewer\TUnit.Core.SourceGenerator\TUnit.Core.SourceGenerator.Generators.PropertyInjectionSourceGenerator\TUnit_UnitTests_CustomService_PropertyInjection.g.cs(39,77): warning CS8669: The annotation for nullable reference types should only be used in code within a '#nullable' annotations context. Auto-generated code requires an explicit '#nullable' directive in source. [C:\git\TUnit\TUnit.UnitTests\TUnit.UnitTests.csproj::TargetFramework=net472]
C:\git\TUnit\TUnit.UnitTests\SourceGeneratedViewer\TUnit.Core.SourceGenerator\TUnit.Core.SourceGenerator.Generators.PropertyInjectionSourceGenerator\TUnit_UnitTests_BaseStaticClass_PropertyInjection.g.cs(39,77): warning CS8669: The annotation for nullable reference types should only be used in code within a '#nullable' annotations context. Auto-generated code requires an explicit '#nullable' directive in source. [C:\git\TUnit\TUnit.UnitTests\TUnit.UnitTests.csproj::TargetFramework=net472]
C:\git\TUnit\TUnit.UnitTests\SourceGeneratedViewer\TUnit.Core.SourceGenerator\TUnit.Core.SourceGenerator.Generators.PropertyInjectionSourceGenerator\TUnit_UnitTests_NestedService_PropertyInjection.g.cs(39,89): warning CS8669: The annotation for nullable reference types should only be used in code within a '#nullable' annotations context. Auto-generated code requires an explicit '#nullable' directive in source. [C:\git\TUnit\TUnit.UnitTests\TUnit.UnitTests.csproj::TargetFramework=net472]
C:\git\TUnit\TUnit.UnitTests\SourceGeneratedViewer\TUnit.Core.SourceGenerator\TUnit.Core.SourceGenerator.Generators.PropertyInjectionSourceGenerator\TUnit_UnitTests_StaticPropertyDataSourceTests_PropertyInjection.g.cs(39,93): warning CS8669: The annotation for nullable reference types should only be used in code within a '#nullable' annotations context. Auto-generated code requires an explicit '#nullable' directive in source. [C:\git\TUnit\TUnit.UnitTests\TUnit.UnitTests.csproj::TargetFramework=net472]
C:\git\TUnit\TUnit.UnitTests\SourceGeneratedViewer\TUnit.Core.SourceGenerator\TUnit.Core.SourceGenerator.Generators.PropertyInjectionSourceGenerator\TUnit_UnitTests_StaticPropertyDataSourceTests_PropertyInjection.g.cs(56,139): warning CS8669: The annotation for nullable reference types should only be used in code within a '#nullable' annotations context. Auto-generated code requires an explicit '#nullable' directive in source. [C:\git\TUnit\TUnit.UnitTests\TUnit.UnitTests.csproj::TargetFramework=net472]
C:\git\TUnit\TUnit.UnitTests\SourceGeneratedViewer\TUnit.Core.SourceGenerator\TUnit.Core.SourceGenerator.Generators.PropertyInjectionSourceGenerator\TUnit_UnitTests_StaticPropertyDataSourceTests_PropertyInjection.g.cs(73,162): warning CS8669: The annotation for nullable reference types should only be used in code within a '#nullable' annotations context. Auto-generated code requires an explicit '#nullable' directive in source. [C:\git\TUnit\TUnit.UnitTests\TUnit.UnitTests.csproj::TargetFramework=net472]
C:\git\TUnit\TUnit.UnitTests\ServiceProviderInfrastructureTests.cs(96,55): error CS1503: Argument 1: cannot convert from 'TUnit.UnitTests.ServiceProviderInfrastructureTests.ITestService' to 'TUnit.UnitTests.ServiceProviderInfrastructureTests.TestService' [C:\git\TUnit\TUnit.UnitTests\TUnit.UnitTests.csproj::TargetFramework=net472]
C:\git\TUnit\TUnit.UnitTests\IAsyncEnumerableDocumentationExample.cs(50,42): error CS0121: The call is ambiguous between the following methods or properties: 'StringAssertionBuilderExtensions.StartsWith(AssertionBuilder<string>, string)' and 'NullableStringAssertionBuilderExtensions.StartsWith(AssertionBuilder<string?>, string)' [C:\git\TUnit\TUnit.UnitTests\TUnit.UnitTests.csproj::TargetFramework=net472]
C:\git\TUnit\TUnit.UnitTests\PropertyDataSourceInjectionTests.cs(161,111): warning CS8604: Possible null reference argument for parameter 'testInformation' in 'Task<(bool success, object? createdInstance)> DataSourceHelpers.TryCreateWithInitializerAsync(Type type, MethodMetadata testInformation, string testSessionId)'. [C:\git\TUnit\TUnit.UnitTests\TUnit.UnitTests.csproj::TargetFramework=net472]
C:\git\TUnit\TUnit.UnitTests\DependencyResolutionFailureTests.cs(47,15): warning TUnitAssertions0005: Assert.That(...) should not be used with a constant value [C:\git\TUnit\TUnit.UnitTests\TUnit.UnitTests.csproj::TargetFramework=net472]
C:\git\TUnit\TUnit.UnitTests\DependencyResolutionFailureTests.cs(39,15): warning TUnitAssertions0005: Assert.That(...) should not be used with a constant value [C:\git\TUnit\TUnit.UnitTests\TUnit.UnitTests.csproj::TargetFramework=net472]
C:\git\TUnit\TUnit.UnitTests\DependencyResolutionFailureTests.cs(32,15): warning TUnitAssertions0005: Assert.That(...) should not be used with a constant value [C:\git\TUnit\TUnit.UnitTests\TUnit.UnitTests.csproj::TargetFramework=net472]
C:\git\TUnit\TUnit.UnitTests\DependencyResolutionFailureTests.cs(23,15): warning TUnitAssertions0005: Assert.That(...) should not be used with a constant value [C:\git\TUnit\TUnit.UnitTests\TUnit.UnitTests.csproj::TargetFramework=net472]
C:\git\TUnit\TUnit.UnitTests\DependencyResolutionFailureTests.cs(14,15): warning TUnitAssertions0005: Assert.That(...) should not be used with a constant value [C:\git\TUnit\TUnit.UnitTests\TUnit.UnitTests.csproj::TargetFramework=net472]
C:\git\TUnit\TUnit.UnitTests\GenericTestGenerationTests.cs(11,23): warning TUnit0300: Generic test method with data source may not be AOT-compatible. All generic type combinations must be known at compile time. [C:\git\TUnit\TUnit.UnitTests\TUnit.UnitTests.csproj::TargetFramework=net472]
C:\git\TUnit\TUnit.UnitTests\EmptyDataSourceTests.cs(39,15): warning TUnitAssertions0005: Assert.That(...) should not be used with a constant value [C:\git\TUnit\TUnit.UnitTests\TUnit.UnitTests.csproj::TargetFramework=net472]
  TUnit.Playwright -> C:\git\TUnit\TUnit.Playwright\bin\Debug\netstandard2.0\TUnit.Playwright.dll
  TUnit -> C:\git\TUnit\TUnit\bin\Debug\net9.0\TUnit.dll
  TUnit.Assertions.Analyzers.CodeFixers.Tests -> C:\git\TUnit\TUnit.Assertions.Analyzers.CodeFixers.Tests\bin\Debug\net9.0\TUnit.Assertions.Analyzers.CodeFixers.Tests.dll
  TUnit.Analyzers.Tests -> C:\git\TUnit\TUnit.Analyzers.Tests\bin\Debug\net9.0\TUnit.Analyzers.Tests.dll
  TUnit.Core.SourceGenerator.Tests -> C:\git\TUnit\TUnit.Core.SourceGenerator.Tests\bin\Debug\net9.0\TUnit.Core.SourceGenerator.Tests.dll
  TUnit.Assertions.SourceGenerator.Tests -> C:\git\TUnit\TUnit.Assertions.SourceGenerator.Tests\bin\Debug\net9.0\TUnit.Assertions.SourceGenerator.Tests.dll
  TUnit.Templates.Tests -> C:\git\TUnit\TUnit.Templates.Tests\bin\Debug\net9.0\TUnit.Templates.Tests.dll
C:\git\TUnit\TUnit.Assertions.Tests\Old\DictionaryAssertionTests.cs(35,44): error CS0311: The type 'TUnit.Assertions.UnitTests.DictionaryAssertionTests.ReadDictionary' cannot be used as type parameter 'T' in the generic type or method 'DictionaryAssertionExtensions.ContainsKey<T>(AssertionBuilder<T>, object)'. There is no implicit reference conversion from 'TUnit.Assertions.UnitTests.DictionaryAssertionTests.ReadDictionary' to 'System.Collections.IDictionary'. [C:\git\TUnit\TUnit.Assertions.Tests\TUnit.Assertions.Tests.csproj::TargetFramework=net472]
C:\git\TUnit\TUnit.Assertions.Tests\TypeInferenceTests.cs(17,33): error CS1660: Cannot convert lambda expression to type 'int' because it is not a delegate type [C:\git\TUnit\TUnit.Assertions.Tests\TUnit.Assertions.Tests.csproj::TargetFramework=net472]
C:\git\TUnit\TUnit.Assertions.Tests\ThrowInDelegateValueAssertionTests.cs(11,13): warning CS0162: Unreachable code detected [C:\git\TUnit\TUnit.Assertions.Tests\TUnit.Assertions.Tests.csproj::TargetFramework=net472]
C:\git\TUnit\TUnit.Assertions.Tests\ThrowInDelegateValueAssertionTests.cs(33,13): warning CS0162: Unreachable code detected [C:\git\TUnit\TUnit.Assertions.Tests\TUnit.Assertions.Tests.csproj::TargetFramework=net472]
C:\git\TUnit\TUnit.Assertions.Tests\ThrowInDelegateValueAssertionTests.cs(47,13): warning CS0162: Unreachable code detected [C:\git\TUnit\TUnit.Assertions.Tests\TUnit.Assertions.Tests.csproj::TargetFramework=net472]
C:\git\TUnit\TUnit.Assertions.Tests\ThrowInDelegateValueAssertionTests.cs(61,13): warning CS0162: Unreachable code detected [C:\git\TUnit\TUnit.Assertions.Tests\TUnit.Assertions.Tests.csproj::TargetFramework=net472]
C:\git\TUnit\TUnit.Assertions.Tests\Assertions\Delegates\Throws.WithParameterNameTests.cs(28,81): error CS1061: 'Task<ArgumentException>' does not contain a definition for 'WithParameterName' and no accessible extension method 'WithParameterName' accepting a first argument of type 'Task<ArgumentException>' could be found (are you missing a using directive or an assembly reference?) [C:\git\TUnit\TUnit.Assertions.Tests\TUnit.Assertions.Tests.csproj::TargetFramework=net472]
C:\git\TUnit\TUnit.Assertions.Tests\Assertions\Delegates\Throws.WithParameterNameTests.cs(31,18): error CS1061: 'Task<Exception>' does not contain a definition for 'WithMessage' and no accessible extension method 'WithMessage' accepting a first argument of type 'Task<Exception>' could be found (are you missing a using directive or an assembly reference?) [C:\git\TUnit\TUnit.Assertions.Tests\TUnit.Assertions.Tests.csproj::TargetFramework=net472]
C:\git\TUnit\TUnit.Assertions.Tests\ThrowInDelegateValueAssertionTests.cs(79,13): warning CS0162: Unreachable code detected [C:\git\TUnit\TUnit.Assertions.Tests\TUnit.Assertions.Tests.csproj::TargetFramework=net472]
C:\git\TUnit\TUnit.Assertions.Tests\Assertions\Delegates\Throws.WithParameterNameTests.cs(42,17): error CS0815: Cannot assign void to an implicitly-typed variable [C:\git\TUnit\TUnit.Assertions.Tests\TUnit.Assertions.Tests.csproj::TargetFramework=net472]
C:\git\TUnit\TUnit.Assertions.Tests\AssertionBuilders\OrAssertionTests.cs(40,22): error CS1061: 'AssertionBuilder<Exception>' does not contain a definition for 'IsNotAssignableTo' and no accessible extension method 'IsNotAssignableTo' accepting a first argument of type 'AssertionBuilder<Exception>' could be found (are you missing a using directive or an assembly reference?) [C:\git\TUnit\TUnit.Assertions.Tests\TUnit.Assertions.Tests.csproj::TargetFramework=net472]
C:\git\TUnit\TUnit.Assertions.Tests\ThrowInDelegateValueAssertionTests.cs(97,13): warning CS0162: Unreachable code detected [C:\git\TUnit\TUnit.Assertions.Tests\TUnit.Assertions.Tests.csproj::TargetFramework=net472]
C:\git\TUnit\TUnit.Assertions.Tests\EnumerableTests.cs(29,56): error CS8917: The delegate type could not be inferred. [C:\git\TUnit\TUnit.Assertions.Tests\TUnit.Assertions.Tests.csproj::TargetFramework=net472]
C:\git\TUnit\TUnit.Assertions.Tests\Bugs\Tests1600.cs(22,35): error CS1501: No overload for method 'IsEquivalentTo' takes 2 arguments [C:\git\TUnit\TUnit.Assertions.Tests\TUnit.Assertions.Tests.csproj::TargetFramework=net472]
C:\git\TUnit\TUnit.Assertions.Tests\Assertions\Delegates\Throws.WithMessageTests.cs(28,79): error CS1061: 'Task<Throws.CustomException>' does not contain a definition for 'WithMessage' and no accessible extension method 'WithMessage' accepting a first argument of type 'Task<Throws.CustomException>' could be found (are you missing a using directive or an assembly reference?) [C:\git\TUnit\TUnit.Assertions.Tests\TUnit.Assertions.Tests.csproj::TargetFramework=net472]
C:\git\TUnit\TUnit.Assertions.Tests\Assertions\Delegates\Throws.WithMessageTests.cs(31,18): error CS1061: 'Task<Exception>' does not contain a definition for 'WithMessage' and no accessible extension method 'WithMessage' accepting a first argument of type 'Task<Exception>' could be found (are you missing a using directive or an assembly reference?) [C:\git\TUnit\TUnit.Assertions.Tests\TUnit.Assertions.Tests.csproj::TargetFramework=net472]
C:\git\TUnit\TUnit.Assertions.Tests\Assertions\Delegates\Throws.ExactlyTests.cs(25,18): error CS1061: 'Task<Exception>' does not contain a definition for 'WithMessage' and no accessible extension method 'WithMessage' accepting a first argument of type 'Task<Exception>' could be found (are you missing a using directive or an assembly reference?) [C:\git\TUnit\TUnit.Assertions.Tests\TUnit.Assertions.Tests.csproj::TargetFramework=net472]
C:\git\TUnit\TUnit.Assertions.Tests\Assertions\Delegates\Throws.WithMessageTests.cs(42,17): error CS0815: Cannot assign void to an implicitly-typed variable [C:\git\TUnit\TUnit.Assertions.Tests\TUnit.Assertions.Tests.csproj::TargetFramework=net472]
C:\git\TUnit\TUnit.Assertions.Tests\Bugs\Tests1770.cs(8,13): error CS0815: Cannot assign void to an implicitly-typed variable [C:\git\TUnit\TUnit.Assertions.Tests\TUnit.Assertions.Tests.csproj::TargetFramework=net472]
C:\git\TUnit\TUnit.Assertions.Tests\Assertions\Delegates\Throws.ExceptionTests.cs(25,18): error CS1061: 'Task<Exception>' does not contain a definition for 'WithMessage' and no accessible extension method 'WithMessage' accepting a first argument of type 'Task<Exception>' could be found (are you missing a using directive or an assembly reference?) [C:\git\TUnit\TUnit.Assertions.Tests\TUnit.Assertions.Tests.csproj::TargetFramework=net472]
C:\git\TUnit\TUnit.Assertions.Tests\AssertMultipleTests.cs(30,13): error CS0815: Cannot assign void to an implicitly-typed variable [C:\git\TUnit\TUnit.Assertions.Tests\TUnit.Assertions.Tests.csproj::TargetFramework=net472]
C:\git\TUnit\TUnit.Assertions.Tests\Assertions\Delegates\Throws.ExactlyTests.cs(45,18): error CS1061: 'Task<Exception>' does not contain a definition for 'WithMessage' and no accessible extension method 'WithMessage' accepting a first argument of type 'Task<Exception>' could be found (are you missing a using directive or an assembly reference?) [C:\git\TUnit\TUnit.Assertions.Tests\TUnit.Assertions.Tests.csproj::TargetFramework=net472]
C:\git\TUnit\TUnit.Assertions.Tests\EnumerableTests.cs(40,61): error CS8917: The delegate type could not be inferred. [C:\git\TUnit\TUnit.Assertions.Tests\TUnit.Assertions.Tests.csproj::TargetFramework=net472]
C:\git\TUnit\TUnit.Assertions.Tests\EnumerableTests.cs(49,49): error CS1660: Cannot convert lambda expression to type 'int' because it is not a delegate type [C:\git\TUnit\TUnit.Assertions.Tests\TUnit.Assertions.Tests.csproj::TargetFramework=net472]
C:\git\TUnit\TUnit.Assertions.Tests\Bugs\Tests1770.cs(16,13): error CS0815: Cannot assign void to an implicitly-typed variable [C:\git\TUnit\TUnit.Assertions.Tests\TUnit.Assertions.Tests.csproj::TargetFramework=net472]
C:\git\TUnit\TUnit.Assertions.Tests\Assertions\Delegates\Throws.ExactlyTests.cs(64,18): error CS1061: 'Task<Exception>' does not contain a definition for 'WithMessage' and no accessible extension method 'WithMessage' accepting a first argument of type 'Task<Exception>' could be found (are you missing a using directive or an assembly reference?) [C:\git\TUnit\TUnit.Assertions.Tests\TUnit.Assertions.Tests.csproj::TargetFramework=net472]
C:\git\TUnit\TUnit.Assertions.Tests\Bugs\Tests2117.cs(49,38): error CS1501: No overload for method 'IsEquivalentTo' takes 2 arguments [C:\git\TUnit\TUnit.Assertions.Tests\TUnit.Assertions.Tests.csproj::TargetFramework=net472]
C:\git\TUnit\TUnit.Assertions.Tests\AssertMultipleTests.cs(88,14): error CS1061: 'Task<Exception>' does not contain a definition for 'WithMessageContaining' and no accessible extension method 'WithMessageContaining' accepting a first argument of type 'Task<Exception>' could be found (are you missing a using directive or an assembly reference?) [C:\git\TUnit\TUnit.Assertions.Tests\TUnit.Assertions.Tests.csproj::TargetFramework=net472]
C:\git\TUnit\TUnit.Assertions.Tests\EnumerableTests.cs(58,65): error CS1660: Cannot convert lambda expression to type 'int' because it is not a delegate type [C:\git\TUnit\TUnit.Assertions.Tests\TUnit.Assertions.Tests.csproj::TargetFramework=net472]
C:\git\TUnit\TUnit.Assertions.Tests\Assertions\Delegates\Throws.NothingTests.cs(25,18): error CS1061: 'Task<Exception>' does not contain a definition for 'WithMessage' and no accessible extension method 'WithMessage' accepting a first argument of type 'Task<Exception>' could be found (are you missing a using directive or an assembly reference?) [C:\git\TUnit\TUnit.Assertions.Tests\TUnit.Assertions.Tests.csproj::TargetFramework=net472]
C:\git\TUnit\TUnit.Assertions.Tests\Assertions\Delegates\Throws.OfTypeTests.cs(25,18): error CS1061: 'Task<Exception>' does not contain a definition for 'WithMessage' and no accessible extension method 'WithMessage' accepting a first argument of type 'Task<Exception>' could be found (are you missing a using directive or an assembly reference?) [C:\git\TUnit\TUnit.Assertions.Tests\TUnit.Assertions.Tests.csproj::TargetFramework=net472]
C:\git\TUnit\TUnit.Assertions.Tests\EnumTests.cs(96,34): error CS0411: The type arguments for method 'EnumAssertionExtensions.HasSameNameAs<TEnum>(AssertionBuilder<TEnum>, TEnum)' cannot be inferred from the usage. Try specifying the type arguments explicitly. [C:\git\TUnit\TUnit.Assertions.Tests\TUnit.Assertions.Tests.csproj::TargetFramework=net472]
C:\git\TUnit\TUnit.Assertions.Tests\Assertions\Delegates\Throws.OfTypeTests.cs(45,18): error CS1061: 'Task<Exception>' does not contain a definition for 'WithMessage' and no accessible extension method 'WithMessage' accepting a first argument of type 'Task<Exception>' could be found (are you missing a using directive or an assembly reference?) [C:\git\TUnit\TUnit.Assertions.Tests\TUnit.Assertions.Tests.csproj::TargetFramework=net472]
C:\git\TUnit\TUnit.Assertions.Tests\Assertions\Delegates\Throws.WithMessageMatchingTests.cs(51,79): error CS1061: 'Task<Throws.CustomException>' does not contain a definition for 'WithMessageMatching' and no accessible extension method 'WithMessageMatching' accepting a first argument of type 'Task<Throws.CustomException>' could be found (are you missing a using directive or an assembly reference?) [C:\git\TUnit\TUnit.Assertions.Tests\TUnit.Assertions.Tests.csproj::TargetFramework=net472]
C:\git\TUnit\TUnit.Assertions.Tests\Assertions\Delegates\Throws.WithMessageMatchingTests.cs(54,18): error CS1061: 'Task<Exception>' does not contain a definition for 'WithMessage' and no accessible extension method 'WithMessage' accepting a first argument of type 'Task<Exception>' could be found (are you missing a using directive or an assembly reference?) [C:\git\TUnit\TUnit.Assertions.Tests\TUnit.Assertions.Tests.csproj::TargetFramework=net472]
C:\git\TUnit\TUnit.Assertions.Tests\Bugs\Tests2117.cs(84,38): error CS1501: No overload for method 'IsNotEquivalentTo' takes 2 arguments [C:\git\TUnit\TUnit.Assertions.Tests\TUnit.Assertions.Tests.csproj::TargetFramework=net472]
C:\git\TUnit\TUnit.Assertions.Tests\Assertions\Delegates\Throws.OfTypeTests.cs(64,18): error CS1061: 'Task<Exception>' does not contain a definition for 'WithMessage' and no accessible extension method 'WithMessage' accepting a first argument of type 'Task<Exception>' could be found (are you missing a using directive or an assembly reference?) [C:\git\TUnit\TUnit.Assertions.Tests\TUnit.Assertions.Tests.csproj::TargetFramework=net472]
C:\git\TUnit\TUnit.Assertions.Tests\EnumerableTests.cs(85,51): error CS8917: The delegate type could not be inferred. [C:\git\TUnit\TUnit.Assertions.Tests\TUnit.Assertions.Tests.csproj::TargetFramework=net472]
C:\git\TUnit\TUnit.Assertions.Tests\Assertions\Delegates\Throws.NothingTests.cs(45,17): error CS0815: Cannot assign void to an implicitly-typed variable [C:\git\TUnit\TUnit.Assertions.Tests\TUnit.Assertions.Tests.csproj::TargetFramework=net472]
C:\git\TUnit\TUnit.Assertions.Tests\EnumTests.cs(106,38): error CS0411: The type arguments for method 'EnumAssertionExtensions.HasSameNameAs<TEnum>(AssertionBuilder<TEnum>, TEnum)' cannot be inferred from the usage. Try specifying the type arguments explicitly. [C:\git\TUnit\TUnit.Assertions.Tests\TUnit.Assertions.Tests.csproj::TargetFramework=net472]
C:\git\TUnit\TUnit.Assertions.Tests\Assertions\Delegates\Throws.WithInnerExceptionTests.cs(30,18): error CS1061: 'Task<Exception>' does not contain a definition for 'WithInnerException' and no accessible extension method 'WithInnerException' accepting a first argument of type 'Task<Exception>' could be found (are you missing a using directive or an assembly reference?) [C:\git\TUnit\TUnit.Assertions.Tests\TUnit.Assertions.Tests.csproj::TargetFramework=net472]
C:\git\TUnit\TUnit.Assertions.Tests\Assertions\Delegates\Throws.WithInnerExceptionTests.cs(33,18): error CS1061: 'Task<Exception>' does not contain a definition for 'WithMessage' and no accessible extension method 'WithMessage' accepting a first argument of type 'Task<Exception>' could be found (are you missing a using directive or an assembly reference?) [C:\git\TUnit\TUnit.Assertions.Tests\TUnit.Assertions.Tests.csproj::TargetFramework=net472]
C:\git\TUnit\TUnit.Assertions.Tests\EnumTests.cs(116,34): error CS0411: The type arguments for method 'EnumAssertionExtensions.HasSameValueAs<TEnum>(AssertionBuilder<TEnum>, TEnum)' cannot be inferred from the usage. Try specifying the type arguments explicitly. [C:\git\TUnit\TUnit.Assertions.Tests\TUnit.Assertions.Tests.csproj::TargetFramework=net472]
C:\git\TUnit\TUnit.Assertions.Tests\Assertions\Delegates\Throws.WithMessageMatchingTests.cs(65,17): error CS0815: Cannot assign void to an implicitly-typed variable [C:\git\TUnit\TUnit.Assertions.Tests\TUnit.Assertions.Tests.csproj::TargetFramework=net472]
C:\git\TUnit\TUnit.Assertions.Tests\Assertions\Delegates\Throws.ExactlyTests.cs(100,18): error CS1061: 'Task<Throws.CustomException>' does not contain a definition for 'And' and no accessible extension method 'And' accepting a first argument of type 'Task<Throws.CustomException>' could be found (are you missing a using directive or an assembly reference?) [C:\git\TUnit\TUnit.Assertions.Tests\TUnit.Assertions.Tests.csproj::TargetFramework=net472]
C:\git\TUnit\TUnit.Assertions.Tests\Assertions\Delegates\Throws.WithInnerExceptionTests.cs(44,17): error CS0815: Cannot assign void to an implicitly-typed variable [C:\git\TUnit\TUnit.Assertions.Tests\TUnit.Assertions.Tests.csproj::TargetFramework=net472]
C:\git\TUnit\TUnit.Assertions.Tests\Assertions\Delegates\Throws.OfTypeTests.cs(74,17): error CS0815: Cannot assign void to an implicitly-typed variable [C:\git\TUnit\TUnit.Assertions.Tests\TUnit.Assertions.Tests.csproj::TargetFramework=net472]
C:\git\TUnit\TUnit.Assertions.Tests\Bugs\Tests1877.cs(13,30): error CS1501: No overload for method 'IsEquivalentTo' takes 2 arguments [C:\git\TUnit\TUnit.Assertions.Tests\TUnit.Assertions.Tests.csproj::TargetFramework=net472]
C:\git\TUnit\TUnit.Assertions.Tests\SimplifiedApiDemo.cs(51,30): error CS1061: 'AssertionBuilder<int>' does not contain a definition for 'Chain' and no accessible extension method 'Chain' accepting a first argument of type 'AssertionBuilder<int>' could be found (are you missing a using directive or an assembly reference?) [C:\git\TUnit\TUnit.Assertions.Tests\TUnit.Assertions.Tests.csproj::TargetFramework=net472]
C:\git\TUnit\TUnit.Assertions.Tests\Bugs\Tests1774.cs(14,14): error CS1061: 'Task<Tests1774.Type2>' does not contain a definition for 'And' and no accessible extension method 'And' accepting a first argument of type 'Task<Tests1774.Type2>' could be found (are you missing a using directive or an assembly reference?) [C:\git\TUnit\TUnit.Assertions.Tests\TUnit.Assertions.Tests.csproj::TargetFramework=net472]
C:\git\TUnit\TUnit.Assertions.Tests\Bugs\Tests1877.cs(22,30): error CS1501: No overload for method 'IsEquivalentTo' takes 2 arguments [C:\git\TUnit\TUnit.Assertions.Tests\TUnit.Assertions.Tests.csproj::TargetFramework=net472]
C:\git\TUnit\TUnit.Assertions.Tests\EnumerableTests.cs(94,67): error CS8917: The delegate type could not be inferred. [C:\git\TUnit\TUnit.Assertions.Tests\TUnit.Assertions.Tests.csproj::TargetFramework=net472]
C:\git\TUnit\TUnit.Assertions.Tests\Assertions\Delegates\Throws.WithInnerExceptionTests.cs(59,18): error CS1061: 'Task<Exception>' does not contain a definition for 'WithInnerException' and no accessible extension method 'WithInnerException' accepting a first argument of type 'Task<Exception>' could be found (are you missing a using directive or an assembly reference?) [C:\git\TUnit\TUnit.Assertions.Tests\TUnit.Assertions.Tests.csproj::TargetFramework=net472]
C:\git\TUnit\TUnit.Assertions.Tests\EnumTests.cs(126,38): error CS0411: The type arguments for method 'EnumAssertionExtensions.HasSameValueAs<TEnum>(AssertionBuilder<TEnum>, TEnum)' cannot be inferred from the usage. Try specifying the type arguments explicitly. [C:\git\TUnit\TUnit.Assertions.Tests\TUnit.Assertions.Tests.csproj::TargetFramework=net472]
C:\git\TUnit\TUnit.Assertions.Tests\EnumTests.cs(136,34): error CS0411: The type arguments for method 'EnumAssertionExtensions.DoesNotHaveSameNameAs<TEnum>(AssertionBuilder<TEnum>, TEnum)' cannot be inferred from the usage. Try specifying the type arguments explicitly. [C:\git\TUnit\TUnit.Assertions.Tests\TUnit.Assertions.Tests.csproj::TargetFramework=net472]
C:\git\TUnit\TUnit.Assertions.Tests\SatisfiesTests.cs(14,33): error CS0029: Cannot implicitly convert type 'string' to 'bool' [C:\git\TUnit\TUnit.Assertions.Tests\TUnit.Assertions.Tests.csproj::TargetFramework=net472]
C:\git\TUnit\TUnit.Assertions.Tests\SatisfiesTests.cs(14,33): error CS1662: Cannot convert lambda expression to intended delegate type because some of the return types in the block are not implicitly convertible to the delegate return type [C:\git\TUnit\TUnit.Assertions.Tests\TUnit.Assertions.Tests.csproj::TargetFramework=net472]
C:\git\TUnit\TUnit.Assertions.Tests\Assertions\Delegates\Throws.WithMessageMatchingTests.cs(99,18): error CS1061: 'Task<Exception>' does not contain a definition for 'WithMessageMatching' and no accessible extension method 'WithMessageMatching' accepting a first argument of type 'Task<Exception>' could be found (are you missing a using directive or an assembly reference?) [C:\git\TUnit\TUnit.Assertions.Tests\TUnit.Assertions.Tests.csproj::TargetFramework=net472]
C:\git\TUnit\TUnit.Assertions.Tests\Assertions\Delegates\Throws.WithMessageMatchingTests.cs(107,58): error CS1061: 'Task<Exception>' does not contain a definition for 'WithMessageMatching' and no accessible extension method 'WithMessageMatching' accepting a first argument of type 'Task<Exception>' could be found (are you missing a using directive or an assembly reference?) [C:\git\TUnit\TUnit.Assertions.Tests\TUnit.Assertions.Tests.csproj::TargetFramework=net472]
C:\git\TUnit\TUnit.Assertions.Tests\Assertions\Delegates\Throws.ExactlyTests.cs(116,22): error CS1061: 'Task<Exception>' does not contain a definition for 'And' and no accessible extension method 'And' accepting a first argument of type 'Task<Exception>' could be found (are you missing a using directive or an assembly reference?) [C:\git\TUnit\TUnit.Assertions.Tests\TUnit.Assertions.Tests.csproj::TargetFramework=net472]
C:\git\TUnit\TUnit.Assertions.Tests\EnumTests.cs(146,38): error CS0411: The type arguments for method 'EnumAssertionExtensions.DoesNotHaveSameNameAs<TEnum>(AssertionBuilder<TEnum>, TEnum)' cannot be inferred from the usage. Try specifying the type arguments explicitly. [C:\git\TUnit\TUnit.Assertions.Tests\TUnit.Assertions.Tests.csproj::TargetFramework=net472]
C:\git\TUnit\TUnit.Assertions.Tests\Assertions\Delegates\Throws.WithMessageMatchingTests.cs(128,18): error CS1061: 'Task<Exception>' does not contain a definition for 'WithMessageMatching' and no accessible extension method 'WithMessageMatching' accepting a first argument of type 'Task<Exception>' could be found (are you missing a using directive or an assembly reference?) [C:\git\TUnit\TUnit.Assertions.Tests\TUnit.Assertions.Tests.csproj::TargetFramework=net472]
C:\git\TUnit\TUnit.Assertions.Tests\Assertions\Delegates\Throws.WithMessageMatchingTests.cs(136,58): error CS1061: 'Task<Exception>' does not contain a definition for 'WithMessageMatching' and no accessible extension method 'WithMessageMatching' accepting a first argument of type 'Task<Exception>' could be found (are you missing a using directive or an assembly reference?) [C:\git\TUnit\TUnit.Assertions.Tests\TUnit.Assertions.Tests.csproj::TargetFramework=net472]
C:\git\TUnit\TUnit.Assertions.Tests\EnumTests.cs(156,34): error CS0411: The type arguments for method 'EnumAssertionExtensions.DoesNotHaveSameValueAs<TEnum>(AssertionBuilder<TEnum>, TEnum)' cannot be inferred from the usage. Try specifying the type arguments explicitly. [C:\git\TUnit\TUnit.Assertions.Tests\TUnit.Assertions.Tests.csproj::TargetFramework=net472]
C:\git\TUnit\TUnit.Assertions.Tests\Assertions\Delegates\Throws.ExactlyTests.cs(139,22): error CS1061: 'Task<Throws.CustomException>' does not contain a definition for 'And' and no accessible extension method 'And' accepting a first argument of type 'Task<Throws.CustomException>' could be found (are you missing a using directive or an assembly reference?) [C:\git\TUnit\TUnit.Assertions.Tests\TUnit.Assertions.Tests.csproj::TargetFramework=net472]
C:\git\TUnit\TUnit.Assertions.Tests\Assertions\Delegates\Throws.WithMessageMatchingTests.cs(152,18): error CS1061: 'Task<Exception>' does not contain a definition for 'WithMessageMatching' and no accessible extension method 'WithMessageMatching' accepting a first argument of type 'Task<Exception>' could be found (are you missing a using directive or an assembly reference?) [C:\git\TUnit\TUnit.Assertions.Tests\TUnit.Assertions.Tests.csproj::TargetFramework=net472]
C:\git\TUnit\TUnit.Assertions.Tests\Assertions\Delegates\Throws.WithMessageMatchingTests.cs(160,58): error CS1061: 'Task<Exception>' does not contain a definition for 'WithMessageMatching' and no accessible extension method 'WithMessageMatching' accepting a first argument of type 'Task<Exception>' could be found (are you missing a using directive or an assembly reference?) [C:\git\TUnit\TUnit.Assertions.Tests\TUnit.Assertions.Tests.csproj::TargetFramework=net472]
C:\git\TUnit\TUnit.Assertions.Tests\SatisfiesTests.cs(34,33): error CS0029: Cannot implicitly convert type 'TUnit.Assertions.Tests.SatisfiesTests.MyModel' to 'bool' [C:\git\TUnit\TUnit.Assertions.Tests\TUnit.Assertions.Tests.csproj::TargetFramework=net472]
C:\git\TUnit\TUnit.Assertions.Tests\SatisfiesTests.cs(34,33): error CS1662: Cannot convert lambda expression to intended delegate type because some of the return types in the block are not implicitly convertible to the delegate return type [C:\git\TUnit\TUnit.Assertions.Tests\TUnit.Assertions.Tests.csproj::TargetFramework=net472]
C:\git\TUnit\TUnit.Assertions.Tests\EnumTests.cs(166,38): error CS0411: The type arguments for method 'EnumAssertionExtensions.DoesNotHaveSameValueAs<TEnum>(AssertionBuilder<TEnum>, TEnum)' cannot be inferred from the usage. Try specifying the type arguments explicitly. [C:\git\TUnit\TUnit.Assertions.Tests\TUnit.Assertions.Tests.csproj::TargetFramework=net472]
C:\git\TUnit\TUnit.Assertions.Tests\SatisfiesTests.cs(52,33): error CS0029: Cannot implicitly convert type 'System.Threading.Tasks.Task<string?>' to 'bool' [C:\git\TUnit\TUnit.Assertions.Tests\TUnit.Assertions.Tests.csproj::TargetFramework=net472]
C:\git\TUnit\TUnit.Assertions.Tests\SatisfiesTests.cs(52,33): error CS1662: Cannot convert lambda expression to intended delegate type because some of the return types in the block are not implicitly convertible to the delegate return type [C:\git\TUnit\TUnit.Assertions.Tests\TUnit.Assertions.Tests.csproj::TargetFramework=net472]
C:\git\TUnit\TUnit.Assertions.Tests\Helpers\StringDifferenceTests.cs(26,14): error CS1061: 'Task<Exception>' does not contain a definition for 'WithMessage' and no accessible extension method 'WithMessage' accepting a first argument of type 'Task<Exception>' could be found (are you missing a using directive or an assembly reference?) [C:\git\TUnit\TUnit.Assertions.Tests\TUnit.Assertions.Tests.csproj::TargetFramework=net472]
C:\git\TUnit\TUnit.Assertions.Tests\Helpers\StringDifferenceTests.cs(50,14): error CS1061: 'Task<Exception>' does not contain a definition for 'WithMessage' and no accessible extension method 'WithMessage' accepting a first argument of type 'Task<Exception>' could be found (are you missing a using directive or an assembly reference?) [C:\git\TUnit\TUnit.Assertions.Tests\TUnit.Assertions.Tests.csproj::TargetFramework=net472]
C:\git\TUnit\TUnit.Assertions.Tests\Helpers\StringDifferenceTests.cs(74,14): error CS1061: 'Task<Exception>' does not contain a definition for 'WithMessage' and no accessible extension method 'WithMessage' accepting a first argument of type 'Task<Exception>' could be found (are you missing a using directive or an assembly reference?) [C:\git\TUnit\TUnit.Assertions.Tests\TUnit.Assertions.Tests.csproj::TargetFramework=net472]
C:\git\TUnit\TUnit.Assertions.Tests\IgnoringTypeEquivalentTests.cs(26,14): error CS7036: There is no argument given that corresponds to the required parameter 'typeToIgnore' of 'ChainingExtensions.IgnoringType<T>(CustomAssertion<T>, Type)' [C:\git\TUnit\TUnit.Assertions.Tests\TUnit.Assertions.Tests.csproj::TargetFramework=net472]
C:\git\TUnit\TUnit.Assertions.Tests\Helpers\StringDifferenceTests.cs(98,14): error CS1061: 'Task<Exception>' does not contain a definition for 'WithMessage' and no accessible extension method 'WithMessage' accepting a first argument of type 'Task<Exception>' could be found (are you missing a using directive or an assembly reference?) [C:\git\TUnit\TUnit.Assertions.Tests\TUnit.Assertions.Tests.csproj::TargetFramework=net472]
C:\git\TUnit\TUnit.Assertions.Tests\SatisfiesTests.cs(72,33): error CS0029: Cannot implicitly convert type 'System.Threading.Tasks.Task<TUnit.Assertions.Tests.SatisfiesTests.MyAsyncModel?>' to 'bool' [C:\git\TUnit\TUnit.Assertions.Tests\TUnit.Assertions.Tests.csproj::TargetFramework=net472]
C:\git\TUnit\TUnit.Assertions.Tests\SatisfiesTests.cs(72,33): error CS1662: Cannot convert lambda expression to intended delegate type because some of the return types in the block are not implicitly convertible to the delegate return type [C:\git\TUnit\TUnit.Assertions.Tests\TUnit.Assertions.Tests.csproj::TargetFramework=net472]
C:\git\TUnit\TUnit.Assertions.Tests\IgnoringTypeEquivalentTests.cs(72,14): error CS7036: There is no argument given that corresponds to the required parameter 'typeToIgnore' of 'ChainingExtensions.IgnoringType<T>(CustomAssertion<T>, Type)' [C:\git\TUnit\TUnit.Assertions.Tests\TUnit.Assertions.Tests.csproj::TargetFramework=net472]
C:\git\TUnit\TUnit.Assertions.Tests\EnumerableTests.cs(151,49): error CS1503: Argument 1: cannot convert from 'System.Collections.IEnumerable' to 'System.Collections.Generic.IEnumerable<object>' [C:\git\TUnit\TUnit.Assertions.Tests\TUnit.Assertions.Tests.csproj::TargetFramework=net472]
C:\git\TUnit\TUnit.Assertions.Tests\NullabilityInferenceTests.cs(13,13): error CS0815: Cannot assign void to an implicitly-typed variable [C:\git\TUnit\TUnit.Assertions.Tests\TUnit.Assertions.Tests.csproj::TargetFramework=net472]
C:\git\TUnit\TUnit.Assertions.Tests\IgnoringTypeEquivalentTests.cs(94,14): error CS7036: There is no argument given that corresponds to the required parameter 'typeToIgnore' of 'ChainingExtensions.IgnoringType<T>(CustomAssertion<T>, Type)' [C:\git\TUnit\TUnit.Assertions.Tests\TUnit.Assertions.Tests.csproj::TargetFramework=net472]
C:\git\TUnit\TUnit.Assertions.Tests\IgnoringTypeEquivalentTests.cs(118,14): error CS7036: There is no argument given that corresponds to the required parameter 'typeToIgnore' of 'ChainingExtensions.IgnoringType<T>(CustomAssertion<T>, Type)' [C:\git\TUnit\TUnit.Assertions.Tests\TUnit.Assertions.Tests.csproj::TargetFramework=net472]
C:\git\TUnit\TUnit.Assertions.Tests\IgnoringTypeEquivalentTests.cs(141,14): error CS7036: There is no argument given that corresponds to the required parameter 'typeToIgnore' of 'ChainingExtensions.IgnoringType<T>(CustomAssertion<T>, Type)' [C:\git\TUnit\TUnit.Assertions.Tests\TUnit.Assertions.Tests.csproj::TargetFramework=net472]
C:\git\TUnit\TUnit.Assertions.Tests\IgnoringTypeEquivalentTests.cs(165,14): error CS7036: There is no argument given that corresponds to the required parameter 'typeToIgnore' of 'ChainingExtensions.IgnoringType<T>(CustomAssertion<T>, Type)' [C:\git\TUnit\TUnit.Assertions.Tests\TUnit.Assertions.Tests.csproj::TargetFramework=net472]
C:\git\TUnit\TUnit.Assertions.Tests\IgnoringTypeEquivalentTests.cs(185,14): error CS7036: There is no argument given that corresponds to the required parameter 'typeToIgnore' of 'ChainingExtensions.IgnoringType<T>(CustomAssertion<T>, Type)' [C:\git\TUnit\TUnit.Assertions.Tests\TUnit.Assertions.Tests.csproj::TargetFramework=net472]
C:\git\TUnit\TUnit.UnitTests\IAsyncEnumerableDocumentationExample.cs(50,42): error CS0121: The call is ambiguous between the following methods or properties: 'StringAssertionBuilderExtensions.StartsWith(AssertionBuilder<string>, string)' and 'NullableStringAssertionBuilderExtensions.StartsWith(AssertionBuilder<string?>, string)' [C:\git\TUnit\TUnit.UnitTests\TUnit.UnitTests.csproj::TargetFramework=net9.0]
C:\git\TUnit\TUnit.Assertions.Tests\Old\DefaultAssertionTests.cs(9,15): warning CS8620: Argument of type 'AssertionBuilder<string?>' cannot be used for parameter 'builder' of type 'AssertionBuilder<string>' in 'CustomAssertion<string> StringAssertionBuilderExtensions.IsDefault(AssertionBuilder<string> builder)' due to differences in the nullability of reference types. [C:\git\TUnit\TUnit.Assertions.Tests\TUnit.Assertions.Tests.csproj::TargetFramework=net472]
C:\git\TUnit\TUnit.UnitTests\SourceGeneratedViewer\TUnit.Core.SourceGenerator\TUnit.Core.SourceGenerator.Generators.PropertyInjectionSourceGenerator\TUnit_UnitTests_PropertyDataSourceInjectionTests_ComplexData_PropertyInjection.g.cs(39,55): warning CS8669: The annotation for nullable reference types should only be used in code within a '#nullable' annotations context. Auto-generated code requires an explicit '#nullable' directive in source. [C:\git\TUnit\TUnit.UnitTests\TUnit.UnitTests.csproj::TargetFramework=net9.0]
C:\git\TUnit\TUnit.Assertions.Tests\Old\DateTimeOffsetEqualToAssertionTests.cs(30,58): error CS1061: 'GenericEqualToAssertion<DateTimeOffset>' does not contain a definition for 'Within' and no accessible extension method 'Within' accepting a first argument of type 'GenericEqualToAssertion<DateTimeOffset>' could be found (are you missing a using directive or an assembly reference?) [C:\git\TUnit\TUnit.Assertions.Tests\TUnit.Assertions.Tests.csproj::TargetFramework=net472]
C:\git\TUnit\TUnit.UnitTests\SourceGeneratedViewer\TUnit.Core.SourceGenerator\TUnit.Core.SourceGenerator.Generators.PropertyInjectionSourceGenerator\TUnit_UnitTests_PropertyDataSourceInjectionTests_PropertyInjection.g.cs(39,55): warning CS8669: The annotation for nullable reference types should only be used in code within a '#nullable' annotations context. Auto-generated code requires an explicit '#nullable' directive in source. [C:\git\TUnit\TUnit.UnitTests\TUnit.UnitTests.csproj::TargetFramework=net9.0]
C:\git\TUnit\TUnit.Assertions.Tests\SatisfiesTests.cs(91,41): error CS0029: Cannot implicitly convert type 'string' to 'bool' [C:\git\TUnit\TUnit.Assertions.Tests\TUnit.Assertions.Tests.csproj::TargetFramework=net472]
C:\git\TUnit\TUnit.UnitTests\SourceGeneratedViewer\TUnit.Core.SourceGenerator\TUnit.Core.SourceGenerator.Generators.PropertyInjectionSourceGenerator\TUnit_UnitTests_PropertyDataSourceInjectionTests_PropertyInjection.g.cs(56,104): warning CS8669: The annotation for nullable reference types should only be used in code within a '#nullable' annotations context. Auto-generated code requires an explicit '#nullable' directive in source. [C:\git\TUnit\TUnit.UnitTests\TUnit.UnitTests.csproj::TargetFramework=net9.0]
C:\git\TUnit\TUnit.Assertions.Tests\SatisfiesTests.cs(91,41): error CS1662: Cannot convert lambda expression to intended delegate type because some of the return types in the block are not implicitly convertible to the delegate return type [C:\git\TUnit\TUnit.Assertions.Tests\TUnit.Assertions.Tests.csproj::TargetFramework=net472]
C:\git\TUnit\TUnit.UnitTests\SourceGeneratedViewer\TUnit.Core.SourceGenerator\TUnit.Core.SourceGenerator.Generators.PropertyInjectionSourceGenerator\TUnit_UnitTests_PropertyDataSourceInjectionTests_PropertyInjection.g.cs(73,121): warning CS8669: The annotation for nullable reference types should only be used in code within a '#nullable' annotations context. Auto-generated code requires an explicit '#nullable' directive in source. [C:\git\TUnit\TUnit.UnitTests\TUnit.UnitTests.csproj::TargetFramework=net9.0]
C:\git\TUnit\TUnit.UnitTests\SourceGeneratedViewer\TUnit.Core.SourceGenerator\TUnit.Core.SourceGenerator.Generators.PropertyInjectionSourceGenerator\TUnit_UnitTests_PropertyDataSourceInjectionTests_PropertyInjection.g.cs(90,56): warning CS8669: The annotation for nullable reference types should only be used in code within a '#nullable' annotations context. Auto-generated code requires an explicit '#nullable' directive in source. [C:\git\TUnit\TUnit.UnitTests\TUnit.UnitTests.csproj::TargetFramework=net9.0]
C:\git\TUnit\TUnit.Assertions.Tests\ParseAssertionTests.cs(11,34): error CS1061: 'AssertionBuilder<string>' does not contain a definition for 'IsParsableInto' and no accessible extension method 'IsParsableInto' accepting a first argument of type 'AssertionBuilder<string>' could be found (are you missing a using directive or an assembly reference?) [C:\git\TUnit\TUnit.Assertions.Tests\TUnit.Assertions.Tests.csproj::TargetFramework=net472]
C:\git\TUnit\TUnit.UnitTests\SourceGeneratedViewer\TUnit.Core.SourceGenerator\TUnit.Core.SourceGenerator.Generators.PropertyInjectionSourceGenerator\TUnit_UnitTests_BaseTestClass_PropertyInjection.g.cs(39,53): warning CS8669: The annotation for nullable reference types should only be used in code within a '#nullable' annotations context. Auto-generated code requires an explicit '#nullable' directive in source. [C:\git\TUnit\TUnit.UnitTests\TUnit.UnitTests.csproj::TargetFramework=net9.0]
C:\git\TUnit\TUnit.Assertions.Tests\ParseAssertionTests.cs(17,34): error CS1061: 'AssertionBuilder<string>' does not contain a definition for 'IsNotParsableInto' and no accessible extension method 'IsNotParsableInto' accepting a first argument of type 'AssertionBuilder<string>' could be found (are you missing a using directive or an assembly reference?) [C:\git\TUnit\TUnit.Assertions.Tests\TUnit.Assertions.Tests.csproj::TargetFramework=net472]
C:\git\TUnit\TUnit.UnitTests\SourceGeneratedViewer\TUnit.Core.SourceGenerator\TUnit.Core.SourceGenerator.Generators.PropertyInjectionSourceGenerator\TUnit_UnitTests_CustomPropertyDataSourceTests_PropertyInjection.g.cs(39,71): warning CS8669: The annotation for nullable reference types should only be used in code within a '#nullable' annotations context. Auto-generated code requires an explicit '#nullable' directive in source. [C:\git\TUnit\TUnit.UnitTests\TUnit.UnitTests.csproj::TargetFramework=net9.0]
C:\git\TUnit\TUnit.Assertions.Tests\Old\DateTimeOffsetEqualToAssertionTests.cs(39,125): error CS1061: 'GenericEqualToAssertion<DateTimeOffset>' does not contain a definition for 'Within' and no accessible extension method 'Within' accepting a first argument of type 'GenericEqualToAssertion<DateTimeOffset>' could be found (are you missing a using directive or an assembly reference?) [C:\git\TUnit\TUnit.Assertions.Tests\TUnit.Assertions.Tests.csproj::TargetFramework=net472]
C:\git\TUnit\TUnit.Assertions.Tests\Old\EqualityComparerTests.cs(20,35): error CS1501: No overload for method 'IsEqualTo' takes 2 arguments [C:\git\TUnit\TUnit.Assertions.Tests\TUnit.Assertions.Tests.csproj::TargetFramework=net472]
C:\git\TUnit\TUnit.Assertions.Tests\ParseAssertionTests.cs(24,14): error CS1061: 'AssertionBuilder<string>' does not contain a definition for 'WhenParsedInto' and no accessible extension method 'WhenParsedInto' accepting a first argument of type 'AssertionBuilder<string>' could be found (are you missing a using directive or an assembly reference?) [C:\git\TUnit\TUnit.Assertions.Tests\TUnit.Assertions.Tests.csproj::TargetFramework=net472]
C:\git\TUnit\TUnit.Assertions.Tests\LazyEvaluationTests.cs(83,47): error CS1061: 'AssertionBuilder<int>' does not contain a definition for 'Chain' and no accessible extension method 'Chain' accepting a first argument of type 'AssertionBuilder<int>' could be found (are you missing a using directive or an assembly reference?) [C:\git\TUnit\TUnit.Assertions.Tests\TUnit.Assertions.Tests.csproj::TargetFramework=net472]
C:\git\TUnit\TUnit.Assertions.Tests\ParseAssertionTests.cs(33,14): error CS1061: 'AssertionBuilder<string>' does not contain a definition for 'IsParsableInto' and no accessible extension method 'IsParsableInto' accepting a first argument of type 'AssertionBuilder<string>' could be found (are you missing a using directive or an assembly reference?) [C:\git\TUnit\TUnit.Assertions.Tests\TUnit.Assertions.Tests.csproj::TargetFramework=net472]
C:\git\TUnit\TUnit.Assertions.Tests\Old\ExceptionAssertionTests.cs(10,14): error CS1061: 'Task<Exception>' does not contain a definition for 'WithInnerException' and no accessible extension method 'WithInnerException' accepting a first argument of type 'Task<Exception>' could be found (are you missing a using directive or an assembly reference?) [C:\git\TUnit\TUnit.Assertions.Tests\TUnit.Assertions.Tests.csproj::TargetFramework=net472]
C:\git\TUnit\TUnit.Assertions.Tests\ParseAssertionTests.cs(41,14): error CS1061: 'AssertionBuilder<string>' does not contain a definition for 'IsParsableInto' and no accessible extension method 'IsParsableInto' accepting a first argument of type 'AssertionBuilder<string>' could be found (are you missing a using directive or an assembly reference?) [C:\git\TUnit\TUnit.Assertions.Tests\TUnit.Assertions.Tests.csproj::TargetFramework=net472]
C:\git\TUnit\TUnit.Assertions.Tests\LazyEvaluationTests.cs(110,52): warning CS8620: Argument of type 'Func<Task<string>>' cannot be used for parameter 'actualValueProvider' of type 'Func<Task<string?>>' in 'StringEqualToAssertion.StringEqualToAssertion(Func<Task<string?>> actualValueProvider, string? expected)' due to differences in the nullability of reference types. [C:\git\TUnit\TUnit.Assertions.Tests\TUnit.Assertions.Tests.csproj::TargetFramework=net472]
C:\git\TUnit\TUnit.Assertions.Tests\ParseAssertionTests.cs(47,41): error CS1061: 'AssertionBuilder<string>' does not contain a definition for 'IsParsableInto' and no accessible extension method 'IsParsableInto' accepting a first argument of type 'AssertionBuilder<string>' could be found (are you missing a using directive or an assembly reference?) [C:\git\TUnit\TUnit.Assertions.Tests\TUnit.Assertions.Tests.csproj::TargetFramework=net472]
C:\git\TUnit\TUnit.Assertions.Tests\Old\EqualsAssertionTests.cs(13,14): error CS1061: 'Task<Exception>' does not contain a definition for 'And' and no accessible extension method 'And' accepting a first argument of type 'Task<Exception>' could be found (are you missing a using directive or an assembly reference?) [C:\git\TUnit\TUnit.Assertions.Tests\TUnit.Assertions.Tests.csproj::TargetFramework=net472]
C:\git\TUnit\TUnit.Assertions.Tests\ParseAssertionTests.cs(54,14): error CS1061: 'AssertionBuilder<string>' does not contain a definition for 'WhenParsedInto' and no accessible extension method 'WhenParsedInto' accepting a first argument of type 'AssertionBuilder<string>' could be found (are you missing a using directive or an assembly reference?) [C:\git\TUnit\TUnit.Assertions.Tests\TUnit.Assertions.Tests.csproj::TargetFramework=net472]
C:\git\TUnit\TUnit.Assertions.Tests\LazyEvaluationTests.cs(145,46): error CS1061: 'AssertionBuilder<int>' does not contain a definition for 'Chain' and no accessible extension method 'Chain' accepting a first argument of type 'AssertionBuilder<int>' could be found (are you missing a using directive or an assembly reference?) [C:\git\TUnit\TUnit.Assertions.Tests\TUnit.Assertions.Tests.csproj::TargetFramework=net472]
C:\git\TUnit\TUnit.Assertions.Tests\LazyEvaluationTests.cs(178,47): error CS1061: 'AssertionBuilder<int>' does not contain a definition for 'Chain' and no accessible extension method 'Chain' accepting a first argument of type 'AssertionBuilder<int>' could be found (are you missing a using directive or an assembly reference?) [C:\git\TUnit\TUnit.Assertions.Tests\TUnit.Assertions.Tests.csproj::TargetFramework=net472]
C:\git\TUnit\TUnit.Assertions.Tests\Old\MemberTests.cs(16,53): error CS1660: Cannot convert lambda expression to type 'string' because it is not a delegate type [C:\git\TUnit\TUnit.Assertions.Tests\TUnit.Assertions.Tests.csproj::TargetFramework=net472]
C:\git\TUnit\TUnit.Assertions.Tests\Old\TimeSpanEqualToAssertionTests.cs(29,58): error CS1061: 'GenericEqualToAssertion<TimeSpan>' does not contain a definition for 'Within' and no accessible extension method 'Within' accepting a first argument of type 'GenericEqualToAssertion<TimeSpan>' could be found (are you missing a using directive or an assembly reference?) [C:\git\TUnit\TUnit.Assertions.Tests\TUnit.Assertions.Tests.csproj::TargetFramework=net472]
C:\git\TUnit\TUnit.Assertions.Tests\Old\MemberTests.cs(29,136): error CS1660: Cannot convert lambda expression to type 'string' because it is not a delegate type [C:\git\TUnit\TUnit.Assertions.Tests\TUnit.Assertions.Tests.csproj::TargetFramework=net472]
C:\git\TUnit\TUnit.Assertions.Tests\Old\TimeSpanEqualToAssertionTests.cs(38,125): error CS1061: 'GenericEqualToAssertion<TimeSpan>' does not contain a definition for 'Within' and no accessible extension method 'Within' accepting a first argument of type 'GenericEqualToAssertion<TimeSpan>' could be found (are you missing a using directive or an assembly reference?) [C:\git\TUnit\TUnit.Assertions.Tests\TUnit.Assertions.Tests.csproj::TargetFramework=net472]
C:\git\TUnit\TUnit.Assertions.Tests\Old\StringAssertionTests.cs(24,15): warning CS8620: Argument of type 'AssertionBuilder<string?>' cannot be used for parameter 'builder' of type 'AssertionBuilder<string>' in 'CustomAssertion<string> StringAssertionBuilderExtensions.IsNullOrEmpty(AssertionBuilder<string> builder)' due to differences in the nullability of reference types. [C:\git\TUnit\TUnit.Assertions.Tests\TUnit.Assertions.Tests.csproj::TargetFramework=net472]
C:\git\TUnit\TUnit.Assertions.Tests\Old\DefaultAssertionTests.cs(62,19): warning CS8620: Argument of type 'AssertionBuilder<string?>' cannot be used for parameter 'builder' of type 'AssertionBuilder<string>' in 'CustomAssertion<string> StringAssertionBuilderExtensions.IsNotDefault(AssertionBuilder<string> builder)' due to differences in the nullability of reference types. [C:\git\TUnit\TUnit.Assertions.Tests\TUnit.Assertions.Tests.csproj::TargetFramework=net472]
C:\git\TUnit\TUnit.Assertions.Tests\Old\StringRegexAssertionTests.cs(24,46): error CS1503: Argument 2: cannot convert from 'System.Text.RegularExpressions.Regex' to 'string' [C:\git\TUnit\TUnit.Assertions.Tests\TUnit.Assertions.Tests.csproj::TargetFramework=net472]
C:\git\TUnit\TUnit.Assertions.Tests\Old\MemberTests.cs(51,136): error CS1660: Cannot convert lambda expression to type 'string' because it is not a delegate type [C:\git\TUnit\TUnit.Assertions.Tests\TUnit.Assertions.Tests.csproj::TargetFramework=net472]
C:\git\TUnit\TUnit.Assertions.Tests\Old\EquivalentAssertionTests.cs(47,56): error CS1503: Argument 1: cannot convert from '<anonymous type: string Value>' to 'TUnit.Assertions.Tests.Old.EquivalentAssertionTests.MyClass' [C:\git\TUnit\TUnit.Assertions.Tests\TUnit.Assertions.Tests.csproj::TargetFramework=net472]
C:\git\TUnit\TUnit.Assertions.Tests\Old\StringContainsAssertionTests.cs(53,52): error CS0121: The call is ambiguous between the following methods or properties: 'StringAssertionBuilderExtensions.EndsWith(AssertionBuilder<string>, string)' and 'NullableStringAssertionBuilderExtensions.EndsWith(AssertionBuilder<string?>, string)' [C:\git\TUnit\TUnit.Assertions.Tests\TUnit.Assertions.Tests.csproj::TargetFramework=net472]
C:\git\TUnit\TUnit.Assertions.Tests\Old\StringRegexAssertionTests.cs(53,13): error CS0815: Cannot assign void to an implicitly-typed variable [C:\git\TUnit\TUnit.Assertions.Tests\TUnit.Assertions.Tests.csproj::TargetFramework=net472]
C:\git\TUnit\TUnit.Assertions.Tests\Old\StringRegexAssertionTests.cs(51,47): warning CS8620: Argument of type 'AssertionBuilder<string?>' cannot be used for parameter 'builder' of type 'AssertionBuilder<string>' in 'CustomAssertion<string> StringAssertionBuilderExtensions.Matches(AssertionBuilder<string> builder, string pattern)' due to differences in the nullability of reference types. [C:\git\TUnit\TUnit.Assertions.Tests\TUnit.Assertions.Tests.csproj::TargetFramework=net472]
C:\git\TUnit\TUnit.Assertions.Tests\Old\EquivalentAssertionTests.cs(60,59): error CS1503: Argument 1: cannot convert from '<anonymous type: string Value>' to 'TUnit.Assertions.Tests.Old.EquivalentAssertionTests.MyClass' [C:\git\TUnit\TUnit.Assertions.Tests\TUnit.Assertions.Tests.csproj::TargetFramework=net472]
C:\git\TUnit\TUnit.Assertions.Tests\Old\StringAssertionTests.cs(52,15): warning CS8620: Argument of type 'AssertionBuilder<string?>' cannot be used for parameter 'builder' of type 'AssertionBuilder<string>' in 'CustomAssertion<string> StringAssertionBuilderExtensions.IsNullOrWhitespace(AssertionBuilder<string> builder)' due to differences in the nullability of reference types. [C:\git\TUnit\TUnit.Assertions.Tests\TUnit.Assertions.Tests.csproj::TargetFramework=net472]
C:\git\TUnit\TUnit.Assertions.Tests\Old\StringEqualsAssertionTests.cs(42,50): warning CS8604: Possible null reference argument for parameter 'expected' in 'GenericEqualToAssertion<string> AssertionBuilder<string>.IsEqualTo(string expected)'. [C:\git\TUnit\TUnit.Assertions.Tests\TUnit.Assertions.Tests.csproj::TargetFramework=net472]
C:\git\TUnit\TUnit.Assertions.Tests\Old\EquivalentAssertionTests.cs(70,53): error CS1503: Argument 1: cannot convert from 'int[]' to 'System.Collections.Generic.List<int>' [C:\git\TUnit\TUnit.Assertions.Tests\TUnit.Assertions.Tests.csproj::TargetFramework=net472]
C:\git\TUnit\TUnit.Assertions.Tests\Old\MemberTests.cs(68,136): error CS1660: Cannot convert lambda expression to type 'string' because it is not a delegate type [C:\git\TUnit\TUnit.Assertions.Tests\TUnit.Assertions.Tests.csproj::TargetFramework=net472]
C:\git\TUnit\TUnit.Assertions.Tests\Old\StringEqualsAssertionTests.cs(51,15): warning CS8620: Argument of type 'GenericEqualToAssertion<string?>' cannot be used for parameter 'assertion' of type 'GenericEqualToAssertion<string>' in 'StringEqualToAssertion ChainingExtensions.WithNullAndEmptyEquality(GenericEqualToAssertion<string> assertion)' due to differences in the nullability of reference types. [C:\git\TUnit\TUnit.Assertions.Tests\TUnit.Assertions.Tests.csproj::TargetFramework=net472]
C:\git\TUnit\TUnit.Assertions.Tests\Old\EquivalentAssertionTests.cs(80,54): error CS1503: Argument 1: cannot convert from 'System.Collections.Generic.List<int>' to 'int[]' [C:\git\TUnit\TUnit.Assertions.Tests\TUnit.Assertions.Tests.csproj::TargetFramework=net472]
C:\git\TUnit\TUnit.Assertions.Tests\Old\StringRegexAssertionTests.cs(77,78): error CS1503: Argument 2: cannot convert from 'System.Text.RegularExpressions.Regex' to 'string' [C:\git\TUnit\TUnit.Assertions.Tests\TUnit.Assertions.Tests.csproj::TargetFramework=net472]
C:\git\TUnit\TUnit.Assertions.Tests\Old\StringRegexAssertionTests.cs(79,13): error CS0815: Cannot assign void to an implicitly-typed variable [C:\git\TUnit\TUnit.Assertions.Tests\TUnit.Assertions.Tests.csproj::TargetFramework=net472]
C:\git\TUnit\TUnit.Assertions.Tests\Old\StringRegexAssertionTests.cs(140,78): error CS1503: Argument 2: cannot convert from 'System.Text.RegularExpressions.Regex' to 'string' [C:\git\TUnit\TUnit.Assertions.Tests\TUnit.Assertions.Tests.csproj::TargetFramework=net472]
C:\git\TUnit\TUnit.Assertions.Tests\Old\EquivalentAssertionTests.cs(108,38): error CS1501: No overload for method 'IsEquivalentTo' takes 2 arguments [C:\git\TUnit\TUnit.Assertions.Tests\TUnit.Assertions.Tests.csproj::TargetFramework=net472]
C:\git\TUnit\TUnit.Assertions.Tests\Old\EquivalentAssertionTests.cs(118,39): error CS1501: No overload for method 'IsEquivalentTo' takes 2 arguments [C:\git\TUnit\TUnit.Assertions.Tests\TUnit.Assertions.Tests.csproj::TargetFramework=net472]
C:\git\TUnit\TUnit.Assertions.Tests\Old\StringRegexAssertionTests.cs(163,51): error CS1503: Argument 2: cannot convert from 'System.Text.RegularExpressions.Regex' to 'string' [C:\git\TUnit\TUnit.Assertions.Tests\TUnit.Assertions.Tests.csproj::TargetFramework=net472]
C:\git\TUnit\TUnit.Assertions.Tests\Old\StringRegexAssertionTests.cs(192,13): error CS0815: Cannot assign void to an implicitly-typed variable [C:\git\TUnit\TUnit.Assertions.Tests\TUnit.Assertions.Tests.csproj::TargetFramework=net472]
C:\git\TUnit\TUnit.Assertions.Tests\Old\StringRegexAssertionTests.cs(190,47): warning CS8620: Argument of type 'AssertionBuilder<string?>' cannot be used for parameter 'builder' of type 'AssertionBuilder<string>' in 'CustomAssertion<string> StringAssertionBuilderExtensions.DoesNotMatch(AssertionBuilder<string> builder, string pattern)' due to differences in the nullability of reference types. [C:\git\TUnit\TUnit.Assertions.Tests\TUnit.Assertions.Tests.csproj::TargetFramework=net472]
C:\git\TUnit\TUnit.Assertions.Tests\Old\StringRegexAssertionTests.cs(216,83): error CS1503: Argument 2: cannot convert from 'System.Text.RegularExpressions.Regex' to 'string' [C:\git\TUnit\TUnit.Assertions.Tests\TUnit.Assertions.Tests.csproj::TargetFramework=net472]
C:\git\TUnit\TUnit.Assertions.Tests\Old\StringRegexAssertionTests.cs(218,13): error CS0815: Cannot assign void to an implicitly-typed variable [C:\git\TUnit\TUnit.Assertions.Tests\TUnit.Assertions.Tests.csproj::TargetFramework=net472]
C:\git\TUnit\TUnit.Assertions.Tests\Old\EquivalentAssertionTests.cs(128,122): error CS1501: No overload for method 'IsEquivalentTo' takes 2 arguments [C:\git\TUnit\TUnit.Assertions.Tests\TUnit.Assertions.Tests.csproj::TargetFramework=net472]
C:\git\TUnit\TUnit.Assertions.Tests\Old\StringRegexAssertionTests.cs(279,83): error CS1503: Argument 2: cannot convert from 'System.Text.RegularExpressions.Regex' to 'string' [C:\git\TUnit\TUnit.Assertions.Tests\TUnit.Assertions.Tests.csproj::TargetFramework=net472]
C:\git\TUnit\TUnit.Assertions.Tests\Old\EquivalentAssertionTests.cs(148,122): error CS1501: No overload for method 'IsEquivalentTo' takes 2 arguments [C:\git\TUnit\TUnit.Assertions.Tests\TUnit.Assertions.Tests.csproj::TargetFramework=net472]
C:\git\TUnit\TUnit.Assertions.Tests\Old\EquivalentAssertionTests.cs(171,139): error CS1503: Argument 1: cannot convert from '<anonymous type: string Value>' to 'TUnit.Assertions.Tests.Old.EquivalentAssertionTests.MyClass' [C:\git\TUnit\TUnit.Assertions.Tests\TUnit.Assertions.Tests.csproj::TargetFramework=net472]
C:\git\TUnit\TUnit.Assertions.Tests\Old\StringEqualsAssertionTests.cs(96,117): warning CS8604: Possible null reference argument for parameter 'expected' in 'GenericEqualToAssertion<string> AssertionBuilder<string>.IsEqualTo(string expected)'. [C:\git\TUnit\TUnit.Assertions.Tests\TUnit.Assertions.Tests.csproj::TargetFramework=net472]
C:\git\TUnit\TUnit.Assertions.Tests\Old\DateTimeEqualToAssertionTests.cs(30,58): error CS1061: 'GenericEqualToAssertion<DateTime>' does not contain a definition for 'Within' and no accessible extension method 'Within' accepting a first argument of type 'GenericEqualToAssertion<DateTime>' could be found (are you missing a using directive or an assembly reference?) [C:\git\TUnit\TUnit.Assertions.Tests\TUnit.Assertions.Tests.csproj::TargetFramework=net472]
C:\git\TUnit\TUnit.Assertions.Tests\Old\StringEqualsAssertionTests.cs(105,82): warning CS8620: Argument of type 'GenericEqualToAssertion<string?>' cannot be used for parameter 'assertion' of type 'GenericEqualToAssertion<string>' in 'StringEqualToAssertion ChainingExtensions.WithNullAndEmptyEquality(GenericEqualToAssertion<string> assertion)' due to differences in the nullability of reference types. [C:\git\TUnit\TUnit.Assertions.Tests\TUnit.Assertions.Tests.csproj::TargetFramework=net472]
C:\git\TUnit\TUnit.Assertions.Tests\Old\DateTimeEqualToAssertionTests.cs(39,125): error CS1061: 'GenericEqualToAssertion<DateTime>' does not contain a definition for 'Within' and no accessible extension method 'Within' accepting a first argument of type 'GenericEqualToAssertion<DateTime>' could be found (are you missing a using directive or an assembly reference?) [C:\git\TUnit\TUnit.Assertions.Tests\TUnit.Assertions.Tests.csproj::TargetFramework=net472]
C:\git\TUnit\TUnit.Assertions.Tests\SatisfiesTests.cs(118,41): error CS0029: Cannot implicitly convert type 'TUnit.Assertions.Tests.SatisfiesTests.MyModel' to 'bool' [C:\git\TUnit\TUnit.Assertions.Tests\TUnit.Assertions.Tests.csproj::TargetFramework=net472]
C:\git\TUnit\TUnit.Assertions.Tests\SatisfiesTests.cs(118,41): error CS1662: Cannot convert lambda expression to intended delegate type because some of the return types in the block are not implicitly convertible to the delegate return type [C:\git\TUnit\TUnit.Assertions.Tests\TUnit.Assertions.Tests.csproj::TargetFramework=net472]
C:\git\TUnit\TUnit.Assertions.Tests\Old\EquivalentAssertionTests.cs(451,65): error CS1061: 'CustomAssertion<EquivalentAssertionTests.MyClass>' does not contain a definition for 'IgnoringMember' and no accessible extension method 'IgnoringMember' accepting a first argument of type 'CustomAssertion<EquivalentAssertionTests.MyClass>' could be found (are you missing a using directive or an assembly reference?) [C:\git\TUnit\TUnit.Assertions.Tests\TUnit.Assertions.Tests.csproj::TargetFramework=net472]
C:\git\TUnit\TUnit.Assertions.Tests\SatisfiesTests.cs(154,41): error CS0029: Cannot implicitly convert type 'System.Threading.Tasks.Task<string?>' to 'bool' [C:\git\TUnit\TUnit.Assertions.Tests\TUnit.Assertions.Tests.csproj::TargetFramework=net472]
C:\git\TUnit\TUnit.Assertions.Tests\SatisfiesTests.cs(154,41): error CS1662: Cannot convert lambda expression to intended delegate type because some of the return types in the block are not implicitly convertible to the delegate return type [C:\git\TUnit\TUnit.Assertions.Tests\TUnit.Assertions.Tests.csproj::TargetFramework=net472]
C:\git\TUnit\TUnit.Assertions.Tests\Old\EquivalentAssertionTests.cs(506,58): error CS1503: Argument 1: cannot convert from '<anonymous type: string Value>' to 'TUnit.Assertions.Tests.Old.EquivalentAssertionTests.MyClass' [C:\git\TUnit\TUnit.Assertions.Tests\TUnit.Assertions.Tests.csproj::TargetFramework=net472]
C:\git\TUnit\TUnit.Assertions.Tests\Old\EquivalentAssertionTests.cs(538,59): error CS1503: Argument 1: cannot convert from '<anonymous type: string Value>' to 'TUnit.Assertions.Tests.Old.EquivalentAssertionTests.MyClass' [C:\git\TUnit\TUnit.Assertions.Tests\TUnit.Assertions.Tests.csproj::TargetFramework=net472]
C:\git\TUnit\TUnit.Assertions.Tests\Old\EquivalentAssertionTests.cs(559,42): error CS1503: Argument 1: cannot convert from '<anonymous type: string Value>' to 'TUnit.Assertions.Tests.Old.EquivalentAssertionTests.MyClass' [C:\git\TUnit\TUnit.Assertions.Tests\TUnit.Assertions.Tests.csproj::TargetFramework=net472]
C:\git\TUnit\TUnit.Assertions.Tests\Old\EquivalentAssertionTests.cs(585,58): error CS1503: Argument 1: cannot convert from '<anonymous type: string Value, TUnit.Assertions.Tests.Old.EquivalentAssertionTests.InnerClass Inner>' to 'TUnit.Assertions.Tests.Old.EquivalentAssertionTests.MyClass' [C:\git\TUnit\TUnit.Assertions.Tests\TUnit.Assertions.Tests.csproj::TargetFramework=net472]
C:\git\TUnit\TUnit.Assertions.Tests\Old\EquivalentAssertionTests.cs(622,36): error CS1503: Argument 1: cannot convert from '<anonymous type: string Value, TUnit.Assertions.Tests.Old.EquivalentAssertionTests.InnerClass Inner>' to 'TUnit.Assertions.Tests.Old.EquivalentAssertionTests.MyClass' [C:\git\TUnit\TUnit.Assertions.Tests\TUnit.Assertions.Tests.csproj::TargetFramework=net472]
C:\git\TUnit\TUnit.Assertions.Tests\Old\EquivalentAssertionTests.cs(642,33): error CS1503: Argument 1: cannot convert from 'TUnit.Assertions.Tests.Old.EquivalentAssertionTests.MyClassWithSingleField' to 'TUnit.Assertions.Tests.Old.EquivalentAssertionTests.MyClassWithMultipleFields' [C:\git\TUnit\TUnit.Assertions.Tests\TUnit.Assertions.Tests.csproj::TargetFramework=net472]
C:\git\TUnit\TUnit.Assertions.Tests\Old\EquivalentAssertionTests.cs(671,59): error CS1503: Argument 1: cannot convert from 'TUnit.Assertions.Tests.Old.EquivalentAssertionTests.MyClassWithSingleField' to 'TUnit.Assertions.Tests.Old.EquivalentAssertionTests.MyClassWithMultipleFields' [C:\git\TUnit\TUnit.Assertions.Tests\TUnit.Assertions.Tests.csproj::TargetFramework=net472]
C:\git\TUnit\TUnit.Assertions.Tests\Old\EquivalentAssertionTests.cs(689,42): error CS1503: Argument 1: cannot convert from 'TUnit.Assertions.Tests.Old.EquivalentAssertionTests.MyClassWithSingleField' to 'TUnit.Assertions.Tests.Old.EquivalentAssertionTests.MyClassWithMultipleFields' [C:\git\TUnit\TUnit.Assertions.Tests\TUnit.Assertions.Tests.csproj::TargetFramework=net472]
C:\git\TUnit\TUnit.Assertions.Tests\SatisfiesTests.cs(181,41): error CS0029: Cannot implicitly convert type 'System.Threading.Tasks.Task<TUnit.Assertions.Tests.SatisfiesTests.MyAsyncModel?>' to 'bool' [C:\git\TUnit\TUnit.Assertions.Tests\TUnit.Assertions.Tests.csproj::TargetFramework=net472]
C:\git\TUnit\TUnit.Assertions.Tests\SatisfiesTests.cs(181,41): error CS1662: Cannot convert lambda expression to intended delegate type because some of the return types in the block are not implicitly convertible to the delegate return type [C:\git\TUnit\TUnit.Assertions.Tests\TUnit.Assertions.Tests.csproj::TargetFramework=net472]
C:\git\TUnit\TUnit.Assertions.Tests\SatisfiesTests.cs(211,35): error CS1501: No overload for method 'All' takes 0 arguments [C:\git\TUnit\TUnit.Assertions.Tests\TUnit.Assertions.Tests.csproj::TargetFramework=net472]
C:\git\TUnit\TUnit.Assertions.Tests\SatisfiesTests.cs(222,35): error CS1501: No overload for method 'All' takes 0 arguments [C:\git\TUnit\TUnit.Assertions.Tests\TUnit.Assertions.Tests.csproj::TargetFramework=net472]
C:\git\TUnit\TUnit.Assertions.Tests\SatisfiesTests.cs(234,39): error CS1501: No overload for method 'All' takes 0 arguments [C:\git\TUnit\TUnit.Assertions.Tests\TUnit.Assertions.Tests.csproj::TargetFramework=net472]
C:\git\TUnit\TUnit.Assertions.Tests\SatisfiesTests.cs(247,43): error CS1501: No overload for method 'All' takes 0 arguments [C:\git\TUnit\TUnit.Assertions.Tests\TUnit.Assertions.Tests.csproj::TargetFramework=net472]
C:\git\TUnit\TUnit.Assertions.Tests\ParseAssertionTests.cs(23,15): warning TUnitAssertions0005: Assert.That(...) should not be used with a constant value [C:\git\TUnit\TUnit.Assertions.Tests\TUnit.Assertions.Tests.csproj::TargetFramework=net472]
C:\git\TUnit\TUnit.Assertions.Tests\ParseAssertionTests.cs(32,15): warning TUnitAssertions0005: Assert.That(...) should not be used with a constant value [C:\git\TUnit\TUnit.Assertions.Tests\TUnit.Assertions.Tests.csproj::TargetFramework=net472]
C:\git\TUnit\TUnit.Assertions.Tests\ParseAssertionTests.cs(40,15): warning TUnitAssertions0005: Assert.That(...) should not be used with a constant value [C:\git\TUnit\TUnit.Assertions.Tests\TUnit.Assertions.Tests.csproj::TargetFramework=net472]
C:\git\TUnit\TUnit.Assertions.Tests\ParseAssertionTests.cs(47,15): warning TUnitAssertions0005: Assert.That(...) should not be used with a constant value [C:\git\TUnit\TUnit.Assertions.Tests\TUnit.Assertions.Tests.csproj::TargetFramework=net472]
C:\git\TUnit\TUnit.Assertions.Tests\ParseAssertionTests.cs(17,15): warning TUnitAssertions0005: Assert.That(...) should not be used with a constant value [C:\git\TUnit\TUnit.Assertions.Tests\TUnit.Assertions.Tests.csproj::TargetFramework=net472]
C:\git\TUnit\TUnit.Assertions.Tests\ParseAssertionTests.cs(53,15): warning TUnitAssertions0005: Assert.That(...) should not be used with a constant value [C:\git\TUnit\TUnit.Assertions.Tests\TUnit.Assertions.Tests.csproj::TargetFramework=net472]
C:\git\TUnit\TUnit.Assertions.Tests\ParseAssertionTests.cs(11,15): warning TUnitAssertions0005: Assert.That(...) should not be used with a constant value [C:\git\TUnit\TUnit.Assertions.Tests\TUnit.Assertions.Tests.csproj::TargetFramework=net472]
C:\git\TUnit\TUnit.UnitTests\SourceGeneratedViewer\TUnit.Core.SourceGenerator\TUnit.Core.SourceGenerator.Generators.PropertyInjectionSourceGenerator\TUnit_UnitTests_DerivedPropertyInjectionTests_PropertyInjection.g.cs(39,53): warning CS8669: The annotation for nullable reference types should only be used in code within a '#nullable' annotations context. Auto-generated code requires an explicit '#nullable' directive in source. [C:\git\TUnit\TUnit.UnitTests\TUnit.UnitTests.csproj::TargetFramework=net9.0]
C:\git\TUnit\TUnit.UnitTests\SourceGeneratedViewer\TUnit.Core.SourceGenerator\TUnit.Core.SourceGenerator.Generators.PropertyInjectionSourceGenerator\TUnit_UnitTests_DerivedPropertyInjectionTests_PropertyInjection.g.cs(56,56): warning CS8669: The annotation for nullable reference types should only be used in code within a '#nullable' annotations context. Auto-generated code requires an explicit '#nullable' directive in source. [C:\git\TUnit\TUnit.UnitTests\TUnit.UnitTests.csproj::TargetFramework=net9.0]
C:\git\TUnit\TUnit.UnitTests\SourceGeneratedViewer\TUnit.Core.SourceGenerator\TUnit.Core.SourceGenerator.Generators.PropertyInjectionSourceGenerator\TUnit_UnitTests_CustomService_PropertyInjection.g.cs(39,77): warning CS8669: The annotation for nullable reference types should only be used in code within a '#nullable' annotations context. Auto-generated code requires an explicit '#nullable' directive in source. [C:\git\TUnit\TUnit.UnitTests\TUnit.UnitTests.csproj::TargetFramework=net9.0]
C:\git\TUnit\TUnit.UnitTests\SourceGeneratedViewer\TUnit.Core.SourceGenerator\TUnit.Core.SourceGenerator.Generators.PropertyInjectionSourceGenerator\TUnit_UnitTests_NestedService_PropertyInjection.g.cs(39,89): warning CS8669: The annotation for nullable reference types should only be used in code within a '#nullable' annotations context. Auto-generated code requires an explicit '#nullable' directive in source. [C:\git\TUnit\TUnit.UnitTests\TUnit.UnitTests.csproj::TargetFramework=net9.0]
C:\git\TUnit\TUnit.UnitTests\SourceGeneratedViewer\TUnit.Core.SourceGenerator\TUnit.Core.SourceGenerator.Generators.PropertyInjectionSourceGenerator\TUnit_UnitTests_DerivedStaticPropertyTests_PropertyInjection.g.cs(39,77): warning CS8669: The annotation for nullable reference types should only be used in code within a '#nullable' annotations context. Auto-generated code requires an explicit '#nullable' directive in source. [C:\git\TUnit\TUnit.UnitTests\TUnit.UnitTests.csproj::TargetFramework=net9.0]
C:\git\TUnit\TUnit.UnitTests\SourceGeneratedViewer\TUnit.Core.SourceGenerator\TUnit.Core.SourceGenerator.Generators.PropertyInjectionSourceGenerator\TUnit_UnitTests_DerivedStaticPropertyTests_PropertyInjection.g.cs(56,91): warning CS8669: The annotation for nullable reference types should only be used in code within a '#nullable' annotations context. Auto-generated code requires an explicit '#nullable' directive in source. [C:\git\TUnit\TUnit.UnitTests\TUnit.UnitTests.csproj::TargetFramework=net9.0]
C:\git\TUnit\TUnit.UnitTests\SourceGeneratedViewer\TUnit.Core.SourceGenerator\TUnit.Core.SourceGenerator.Generators.PropertyInjectionSourceGenerator\TUnit_UnitTests_StaticPropertyDataSourceTests_PropertyInjection.g.cs(39,93): warning CS8669: The annotation for nullable reference types should only be used in code within a '#nullable' annotations context. Auto-generated code requires an explicit '#nullable' directive in source. [C:\git\TUnit\TUnit.UnitTests\TUnit.UnitTests.csproj::TargetFramework=net9.0]
C:\git\TUnit\TUnit.UnitTests\SourceGeneratedViewer\TUnit.Core.SourceGenerator\TUnit.Core.SourceGenerator.Generators.PropertyInjectionSourceGenerator\TUnit_UnitTests_StaticPropertyDataSourceTests_PropertyInjection.g.cs(56,139): warning CS8669: The annotation for nullable reference types should only be used in code within a '#nullable' annotations context. Auto-generated code requires an explicit '#nullable' directive in source. [C:\git\TUnit\TUnit.UnitTests\TUnit.UnitTests.csproj::TargetFramework=net9.0]
C:\git\TUnit\TUnit.UnitTests\SourceGeneratedViewer\TUnit.Core.SourceGenerator\TUnit.Core.SourceGenerator.Generators.PropertyInjectionSourceGenerator\TUnit_UnitTests_StaticPropertyDataSourceTests_PropertyInjection.g.cs(73,162): warning CS8669: The annotation for nullable reference types should only be used in code within a '#nullable' annotations context. Auto-generated code requires an explicit '#nullable' directive in source. [C:\git\TUnit\TUnit.UnitTests\TUnit.UnitTests.csproj::TargetFramework=net9.0]
C:\git\TUnit\TUnit.UnitTests\SourceGeneratedViewer\TUnit.Core.SourceGenerator\TUnit.Core.SourceGenerator.Generators.PropertyInjectionSourceGenerator\TUnit_UnitTests_BaseStaticClass_PropertyInjection.g.cs(39,77): warning CS8669: The annotation for nullable reference types should only be used in code within a '#nullable' annotations context. Auto-generated code requires an explicit '#nullable' directive in source. [C:\git\TUnit\TUnit.UnitTests\TUnit.UnitTests.csproj::TargetFramework=net9.0]
C:\git\TUnit\TUnit.UnitTests\PropertyDataSourceInjectionTests.cs(161,111): warning CS8604: Possible null reference argument for parameter 'testInformation' in 'Task<(bool success, object? createdInstance)> DataSourceHelpers.TryCreateWithInitializerAsync(Type type, MethodMetadata testInformation, string testSessionId)'. [C:\git\TUnit\TUnit.UnitTests\TUnit.UnitTests.csproj::TargetFramework=net9.0]
C:\git\TUnit\TUnit.UnitTests\ServiceProviderInfrastructureTests.cs(96,55): error CS1503: Argument 1: cannot convert from 'TUnit.UnitTests.ServiceProviderInfrastructureTests.ITestService' to 'TUnit.UnitTests.ServiceProviderInfrastructureTests.TestService' [C:\git\TUnit\TUnit.UnitTests\TUnit.UnitTests.csproj::TargetFramework=net9.0]
C:\git\TUnit\TUnit.UnitTests\GenericTestGenerationTests.cs(11,23): warning TUnit0300: Generic test method with data source may not be AOT-compatible. All generic type combinations must be known at compile time. [C:\git\TUnit\TUnit.UnitTests\TUnit.UnitTests.csproj::TargetFramework=net9.0]
C:\git\TUnit\TUnit.UnitTests\DependencyResolutionFailureTests.cs(47,15): warning TUnitAssertions0005: Assert.That(...) should not be used with a constant value [C:\git\TUnit\TUnit.UnitTests\TUnit.UnitTests.csproj::TargetFramework=net9.0]
C:\git\TUnit\TUnit.UnitTests\EmptyDataSourceTests.cs(39,15): warning TUnitAssertions0005: Assert.That(...) should not be used with a constant value [C:\git\TUnit\TUnit.UnitTests\TUnit.UnitTests.csproj::TargetFramework=net9.0]
C:\git\TUnit\TUnit.UnitTests\DependencyResolutionFailureTests.cs(39,15): warning TUnitAssertions0005: Assert.That(...) should not be used with a constant value [C:\git\TUnit\TUnit.UnitTests\TUnit.UnitTests.csproj::TargetFramework=net9.0]
C:\git\TUnit\TUnit.UnitTests\DependencyResolutionFailureTests.cs(32,15): warning TUnitAssertions0005: Assert.That(...) should not be used with a constant value [C:\git\TUnit\TUnit.UnitTests\TUnit.UnitTests.csproj::TargetFramework=net9.0]
C:\git\TUnit\TUnit.UnitTests\DependencyResolutionFailureTests.cs(23,15): warning TUnitAssertions0005: Assert.That(...) should not be used with a constant value [C:\git\TUnit\TUnit.UnitTests\TUnit.UnitTests.csproj::TargetFramework=net9.0]
C:\git\TUnit\TUnit.UnitTests\DependencyResolutionFailureTests.cs(14,15): warning TUnitAssertions0005: Assert.That(...) should not be used with a constant value [C:\git\TUnit\TUnit.UnitTests\TUnit.UnitTests.csproj::TargetFramework=net9.0]
  ExampleNamespace.AppHost -> C:\git\TUnit\TUnit.Templates\content\TUnit.Aspire.Starter\ExampleNamespace.AppHost\bin\Debug\net9.0\ExampleNamespace.AppHost.dll
  TUnit.Example.Asp.Net.TestProject -> C:\git\TUnit\TUnit.Example.Asp.Net.TestProject\bin\Debug\net9.0\TUnit.Example.Asp.Net.TestProject.dll
C:\git\TUnit\TUnit.Assertions.Tests\TypeInferenceTests.cs(17,33): error CS1660: Cannot convert lambda expression to type 'int' because it is not a delegate type [C:\git\TUnit\TUnit.Assertions.Tests\TUnit.Assertions.Tests.csproj::TargetFramework=net8.0]
C:\git\TUnit\TUnit.Assertions.Tests\Old\DictionaryAssertionTests.cs(35,44): error CS0311: The type 'TUnit.Assertions.UnitTests.DictionaryAssertionTests.ReadDictionary' cannot be used as type parameter 'T' in the generic type or method 'DictionaryAssertionExtensions.ContainsKey<T>(AssertionBuilder<T>, object)'. There is no implicit reference conversion from 'TUnit.Assertions.UnitTests.DictionaryAssertionTests.ReadDictionary' to 'System.Collections.IDictionary'. [C:\git\TUnit\TUnit.Assertions.Tests\TUnit.Assertions.Tests.csproj::TargetFramework=net8.0]
C:\git\TUnit\TUnit.Assertions.Tests\ThrowInDelegateValueAssertionTests.cs(11,13): warning CS0162: Unreachable code detected [C:\git\TUnit\TUnit.Assertions.Tests\TUnit.Assertions.Tests.csproj::TargetFramework=net8.0]
C:\git\TUnit\TUnit.Assertions.Tests\ThrowInDelegateValueAssertionTests.cs(33,13): warning CS0162: Unreachable code detected [C:\git\TUnit\TUnit.Assertions.Tests\TUnit.Assertions.Tests.csproj::TargetFramework=net8.0]
C:\git\TUnit\TUnit.Assertions.Tests\AssertionBuilders\OrAssertionTests.cs(40,22): error CS1061: 'AssertionBuilder<Exception>' does not contain a definition for 'IsNotAssignableTo' and no accessible extension method 'IsNotAssignableTo' accepting a first argument of type 'AssertionBuilder<Exception>' could be found (are you missing a using directive or an assembly reference?) [C:\git\TUnit\TUnit.Assertions.Tests\TUnit.Assertions.Tests.csproj::TargetFramework=net8.0]
C:\git\TUnit\TUnit.Assertions.Tests\ThrowInDelegateValueAssertionTests.cs(47,13): warning CS0162: Unreachable code detected [C:\git\TUnit\TUnit.Assertions.Tests\TUnit.Assertions.Tests.csproj::TargetFramework=net8.0]
C:\git\TUnit\TUnit.Assertions.Tests\Assertions\Delegates\Throws.WithParameterNameTests.cs(28,81): error CS1061: 'Task<ArgumentException>' does not contain a definition for 'WithParameterName' and no accessible extension method 'WithParameterName' accepting a first argument of type 'Task<ArgumentException>' could be found (are you missing a using directive or an assembly reference?) [C:\git\TUnit\TUnit.Assertions.Tests\TUnit.Assertions.Tests.csproj::TargetFramework=net8.0]
C:\git\TUnit\TUnit.Assertions.Tests\Assertions\Delegates\Throws.WithParameterNameTests.cs(31,18): error CS1061: 'Task<Exception>' does not contain a definition for 'WithMessage' and no accessible extension method 'WithMessage' accepting a first argument of type 'Task<Exception>' could be found (are you missing a using directive or an assembly reference?) [C:\git\TUnit\TUnit.Assertions.Tests\TUnit.Assertions.Tests.csproj::TargetFramework=net8.0]
C:\git\TUnit\TUnit.Assertions.Tests\Assertions\Delegates\Throws.WithParameterNameTests.cs(42,17): error CS0815: Cannot assign void to an implicitly-typed variable [C:\git\TUnit\TUnit.Assertions.Tests\TUnit.Assertions.Tests.csproj::TargetFramework=net8.0]
C:\git\TUnit\TUnit.Assertions.Tests\ThrowInDelegateValueAssertionTests.cs(61,13): warning CS0162: Unreachable code detected [C:\git\TUnit\TUnit.Assertions.Tests\TUnit.Assertions.Tests.csproj::TargetFramework=net8.0]
C:\git\TUnit\TUnit.Assertions.Tests\EnumerableTests.cs(29,56): error CS8917: The delegate type could not be inferred. [C:\git\TUnit\TUnit.Assertions.Tests\TUnit.Assertions.Tests.csproj::TargetFramework=net8.0]
C:\git\TUnit\TUnit.Assertions.Tests\Assertions\Delegates\Throws.WithMessageTests.cs(28,79): error CS1061: 'Task<Throws.CustomException>' does not contain a definition for 'WithMessage' and no accessible extension method 'WithMessage' accepting a first argument of type 'Task<Throws.CustomException>' could be found (are you missing a using directive or an assembly reference?) [C:\git\TUnit\TUnit.Assertions.Tests\TUnit.Assertions.Tests.csproj::TargetFramework=net8.0]
C:\git\TUnit\TUnit.Assertions.Tests\Assertions\Delegates\Throws.WithMessageTests.cs(31,18): error CS1061: 'Task<Exception>' does not contain a definition for 'WithMessage' and no accessible extension method 'WithMessage' accepting a first argument of type 'Task<Exception>' could be found (are you missing a using directive or an assembly reference?) [C:\git\TUnit\TUnit.Assertions.Tests\TUnit.Assertions.Tests.csproj::TargetFramework=net8.0]
C:\git\TUnit\TUnit.Assertions.Tests\Assertions\Delegates\Throws.ExactlyTests.cs(25,18): error CS1061: 'Task<Exception>' does not contain a definition for 'WithMessage' and no accessible extension method 'WithMessage' accepting a first argument of type 'Task<Exception>' could be found (are you missing a using directive or an assembly reference?) [C:\git\TUnit\TUnit.Assertions.Tests\TUnit.Assertions.Tests.csproj::TargetFramework=net8.0]
C:\git\TUnit\TUnit.Assertions.Tests\Bugs\Tests1600.cs(22,35): error CS1501: No overload for method 'IsEquivalentTo' takes 2 arguments [C:\git\TUnit\TUnit.Assertions.Tests\TUnit.Assertions.Tests.csproj::TargetFramework=net8.0]
C:\git\TUnit\TUnit.Assertions.Tests\Assertions\Delegates\Throws.WithMessageTests.cs(42,17): error CS0815: Cannot assign void to an implicitly-typed variable [C:\git\TUnit\TUnit.Assertions.Tests\TUnit.Assertions.Tests.csproj::TargetFramework=net8.0]
C:\git\TUnit\TUnit.Assertions.Tests\Assertions\Delegates\Throws.ExactlyTests.cs(45,18): error CS1061: 'Task<Exception>' does not contain a definition for 'WithMessage' and no accessible extension method 'WithMessage' accepting a first argument of type 'Task<Exception>' could be found (are you missing a using directive or an assembly reference?) [C:\git\TUnit\TUnit.Assertions.Tests\TUnit.Assertions.Tests.csproj::TargetFramework=net8.0]
C:\git\TUnit\TUnit.Assertions.Tests\AssertMultipleTests.cs(30,13): error CS0815: Cannot assign void to an implicitly-typed variable [C:\git\TUnit\TUnit.Assertions.Tests\TUnit.Assertions.Tests.csproj::TargetFramework=net8.0]
C:\git\TUnit\TUnit.Assertions.Tests\EnumerableTests.cs(40,61): error CS8917: The delegate type could not be inferred. [C:\git\TUnit\TUnit.Assertions.Tests\TUnit.Assertions.Tests.csproj::TargetFramework=net8.0]
C:\git\TUnit\TUnit.Assertions.Tests\Assertions\Delegates\Throws.ExactlyTests.cs(64,18): error CS1061: 'Task<Exception>' does not contain a definition for 'WithMessage' and no accessible extension method 'WithMessage' accepting a first argument of type 'Task<Exception>' could be found (are you missing a using directive or an assembly reference?) [C:\git\TUnit\TUnit.Assertions.Tests\TUnit.Assertions.Tests.csproj::TargetFramework=net8.0]
C:\git\TUnit\TUnit.Assertions.Tests\EnumerableTests.cs(49,49): error CS1660: Cannot convert lambda expression to type 'int' because it is not a delegate type [C:\git\TUnit\TUnit.Assertions.Tests\TUnit.Assertions.Tests.csproj::TargetFramework=net8.0]
C:\git\TUnit\TUnit.Assertions.Tests\Bugs\Tests2117.cs(49,38): error CS1501: No overload for method 'IsEquivalentTo' takes 2 arguments [C:\git\TUnit\TUnit.Assertions.Tests\TUnit.Assertions.Tests.csproj::TargetFramework=net8.0]
C:\git\TUnit\TUnit.Assertions.Tests\AssertMultipleTests.cs(88,14): error CS1061: 'Task<Exception>' does not contain a definition for 'WithMessageContaining' and no accessible extension method 'WithMessageContaining' accepting a first argument of type 'Task<Exception>' could be found (are you missing a using directive or an assembly reference?) [C:\git\TUnit\TUnit.Assertions.Tests\TUnit.Assertions.Tests.csproj::TargetFramework=net8.0]
C:\git\TUnit\TUnit.Assertions.Tests\ThrowInDelegateValueAssertionTests.cs(79,13): warning CS0162: Unreachable code detected [C:\git\TUnit\TUnit.Assertions.Tests\TUnit.Assertions.Tests.csproj::TargetFramework=net8.0]
C:\git\TUnit\TUnit.Assertions.Tests\Assertions\Delegates\Throws.ExceptionTests.cs(25,18): error CS1061: 'Task<Exception>' does not contain a definition for 'WithMessage' and no accessible extension method 'WithMessage' accepting a first argument of type 'Task<Exception>' could be found (are you missing a using directive or an assembly reference?) [C:\git\TUnit\TUnit.Assertions.Tests\TUnit.Assertions.Tests.csproj::TargetFramework=net8.0]
C:\git\TUnit\TUnit.Assertions.Tests\Assertions\Delegates\Throws.WithMessageMatchingTests.cs(51,79): error CS1061: 'Task<Throws.CustomException>' does not contain a definition for 'WithMessageMatching' and no accessible extension method 'WithMessageMatching' accepting a first argument of type 'Task<Throws.CustomException>' could be found (are you missing a using directive or an assembly reference?) [C:\git\TUnit\TUnit.Assertions.Tests\TUnit.Assertions.Tests.csproj::TargetFramework=net8.0]
C:\git\TUnit\TUnit.Assertions.Tests\Assertions\Delegates\Throws.WithMessageMatchingTests.cs(54,18): error CS1061: 'Task<Exception>' does not contain a definition for 'WithMessage' and no accessible extension method 'WithMessage' accepting a first argument of type 'Task<Exception>' could be found (are you missing a using directive or an assembly reference?) [C:\git\TUnit\TUnit.Assertions.Tests\TUnit.Assertions.Tests.csproj::TargetFramework=net8.0]
C:\git\TUnit\TUnit.Assertions.Tests\Bugs\Tests1770.cs(8,13): error CS0815: Cannot assign void to an implicitly-typed variable [C:\git\TUnit\TUnit.Assertions.Tests\TUnit.Assertions.Tests.csproj::TargetFramework=net8.0]
C:\git\TUnit\TUnit.Assertions.Tests\EnumerableTests.cs(58,65): error CS1660: Cannot convert lambda expression to type 'int' because it is not a delegate type [C:\git\TUnit\TUnit.Assertions.Tests\TUnit.Assertions.Tests.csproj::TargetFramework=net8.0]
C:\git\TUnit\TUnit.Assertions.Tests\Assertions\Delegates\Throws.ExactlyTests.cs(100,18): error CS1061: 'Task<Throws.CustomException>' does not contain a definition for 'And' and no accessible extension method 'And' accepting a first argument of type 'Task<Throws.CustomException>' could be found (are you missing a using directive or an assembly reference?) [C:\git\TUnit\TUnit.Assertions.Tests\TUnit.Assertions.Tests.csproj::TargetFramework=net8.0]
C:\git\TUnit\TUnit.Assertions.Tests\Assertions\Delegates\Throws.WithMessageMatchingTests.cs(65,17): error CS0815: Cannot assign void to an implicitly-typed variable [C:\git\TUnit\TUnit.Assertions.Tests\TUnit.Assertions.Tests.csproj::TargetFramework=net8.0]
C:\git\TUnit\TUnit.Assertions.Tests\ThrowInDelegateValueAssertionTests.cs(97,13): warning CS0162: Unreachable code detected [C:\git\TUnit\TUnit.Assertions.Tests\TUnit.Assertions.Tests.csproj::TargetFramework=net8.0]
C:\git\TUnit\TUnit.Assertions.Tests\Bugs\Tests1770.cs(16,13): error CS0815: Cannot assign void to an implicitly-typed variable [C:\git\TUnit\TUnit.Assertions.Tests\TUnit.Assertions.Tests.csproj::TargetFramework=net8.0]
C:\git\TUnit\TUnit.Assertions.Tests\Bugs\Tests2117.cs(84,38): error CS1501: No overload for method 'IsNotEquivalentTo' takes 2 arguments [C:\git\TUnit\TUnit.Assertions.Tests\TUnit.Assertions.Tests.csproj::TargetFramework=net8.0]
C:\git\TUnit\TUnit.Assertions.Tests\Helpers\StringDifferenceTests.cs(26,14): error CS1061: 'Task<Exception>' does not contain a definition for 'WithMessage' and no accessible extension method 'WithMessage' accepting a first argument of type 'Task<Exception>' could be found (are you missing a using directive or an assembly reference?) [C:\git\TUnit\TUnit.Assertions.Tests\TUnit.Assertions.Tests.csproj::TargetFramework=net8.0]
C:\git\TUnit\TUnit.Assertions.Tests\EnumTests.cs(96,34): error CS0411: The type arguments for method 'EnumAssertionExtensions.HasSameNameAs<TEnum>(AssertionBuilder<TEnum>, TEnum)' cannot be inferred from the usage. Try specifying the type arguments explicitly. [C:\git\TUnit\TUnit.Assertions.Tests\TUnit.Assertions.Tests.csproj::TargetFramework=net8.0]
C:\git\TUnit\TUnit.Assertions.Tests\EnumerableTests.cs(85,51): error CS8917: The delegate type could not be inferred. [C:\git\TUnit\TUnit.Assertions.Tests\TUnit.Assertions.Tests.csproj::TargetFramework=net8.0]
C:\git\TUnit\TUnit.Assertions.Tests\IgnoringTypeEquivalentTests.cs(26,14): error CS7036: There is no argument given that corresponds to the required parameter 'typeToIgnore' of 'ChainingExtensions.IgnoringType<T>(CustomAssertion<T>, Type)' [C:\git\TUnit\TUnit.Assertions.Tests\TUnit.Assertions.Tests.csproj::TargetFramework=net8.0]
C:\git\TUnit\TUnit.Assertions.Tests\Helpers\StringDifferenceTests.cs(50,14): error CS1061: 'Task<Exception>' does not contain a definition for 'WithMessage' and no accessible extension method 'WithMessage' accepting a first argument of type 'Task<Exception>' could be found (are you missing a using directive or an assembly reference?) [C:\git\TUnit\TUnit.Assertions.Tests\TUnit.Assertions.Tests.csproj::TargetFramework=net8.0]
C:\git\TUnit\TUnit.Assertions.Tests\Assertions\Delegates\Throws.ExactlyTests.cs(116,22): error CS1061: 'Task<Exception>' does not contain a definition for 'And' and no accessible extension method 'And' accepting a first argument of type 'Task<Exception>' could be found (are you missing a using directive or an assembly reference?) [C:\git\TUnit\TUnit.Assertions.Tests\TUnit.Assertions.Tests.csproj::TargetFramework=net8.0]
C:\git\TUnit\TUnit.Assertions.Tests\Assertions\Delegates\Throws.WithMessageMatchingTests.cs(99,18): error CS1061: 'Task<Exception>' does not contain a definition for 'WithMessageMatching' and no accessible extension method 'WithMessageMatching' accepting a first argument of type 'Task<Exception>' could be found (are you missing a using directive or an assembly reference?) [C:\git\TUnit\TUnit.Assertions.Tests\TUnit.Assertions.Tests.csproj::TargetFramework=net8.0]
C:\git\TUnit\TUnit.Assertions.Tests\Assertions\Delegates\Throws.WithMessageMatchingTests.cs(107,58): error CS1061: 'Task<Exception>' does not contain a definition for 'WithMessageMatching' and no accessible extension method 'WithMessageMatching' accepting a first argument of type 'Task<Exception>' could be found (are you missing a using directive or an assembly reference?) [C:\git\TUnit\TUnit.Assertions.Tests\TUnit.Assertions.Tests.csproj::TargetFramework=net8.0]
C:\git\TUnit\TUnit.Assertions.Tests\Bugs\Tests1877.cs(13,30): error CS1501: No overload for method 'IsEquivalentTo' takes 2 arguments [C:\git\TUnit\TUnit.Assertions.Tests\TUnit.Assertions.Tests.csproj::TargetFramework=net8.0]
C:\git\TUnit\TUnit.Assertions.Tests\Helpers\StringDifferenceTests.cs(74,14): error CS1061: 'Task<Exception>' does not contain a definition for 'WithMessage' and no accessible extension method 'WithMessage' accepting a first argument of type 'Task<Exception>' could be found (are you missing a using directive or an assembly reference?) [C:\git\TUnit\TUnit.Assertions.Tests\TUnit.Assertions.Tests.csproj::TargetFramework=net8.0]
C:\git\TUnit\TUnit.Assertions.Tests\Bugs\Tests1877.cs(22,30): error CS1501: No overload for method 'IsEquivalentTo' takes 2 arguments [C:\git\TUnit\TUnit.Assertions.Tests\TUnit.Assertions.Tests.csproj::TargetFramework=net8.0]
C:\git\TUnit\TUnit.Assertions.Tests\EnumTests.cs(106,38): error CS0411: The type arguments for method 'EnumAssertionExtensions.HasSameNameAs<TEnum>(AssertionBuilder<TEnum>, TEnum)' cannot be inferred from the usage. Try specifying the type arguments explicitly. [C:\git\TUnit\TUnit.Assertions.Tests\TUnit.Assertions.Tests.csproj::TargetFramework=net8.0]
C:\git\TUnit\TUnit.Assertions.Tests\IgnoringTypeEquivalentTests.cs(72,14): error CS7036: There is no argument given that corresponds to the required parameter 'typeToIgnore' of 'ChainingExtensions.IgnoringType<T>(CustomAssertion<T>, Type)' [C:\git\TUnit\TUnit.Assertions.Tests\TUnit.Assertions.Tests.csproj::TargetFramework=net8.0]
C:\git\TUnit\TUnit.Assertions.Tests\Helpers\StringDifferenceTests.cs(98,14): error CS1061: 'Task<Exception>' does not contain a definition for 'WithMessage' and no accessible extension method 'WithMessage' accepting a first argument of type 'Task<Exception>' could be found (are you missing a using directive or an assembly reference?) [C:\git\TUnit\TUnit.Assertions.Tests\TUnit.Assertions.Tests.csproj::TargetFramework=net8.0]
C:\git\TUnit\TUnit.Assertions.Tests\EnumerableTests.cs(94,67): error CS8917: The delegate type could not be inferred. [C:\git\TUnit\TUnit.Assertions.Tests\TUnit.Assertions.Tests.csproj::TargetFramework=net8.0]
C:\git\TUnit\TUnit.Assertions.Tests\EnumTests.cs(116,34): error CS0411: The type arguments for method 'EnumAssertionExtensions.HasSameValueAs<TEnum>(AssertionBuilder<TEnum>, TEnum)' cannot be inferred from the usage. Try specifying the type arguments explicitly. [C:\git\TUnit\TUnit.Assertions.Tests\TUnit.Assertions.Tests.csproj::TargetFramework=net8.0]
C:\git\TUnit\TUnit.Assertions.Tests\Assertions\Delegates\Throws.WithMessageMatchingTests.cs(128,18): error CS1061: 'Task<Exception>' does not contain a definition for 'WithMessageMatching' and no accessible extension method 'WithMessageMatching' accepting a first argument of type 'Task<Exception>' could be found (are you missing a using directive or an assembly reference?) [C:\git\TUnit\TUnit.Assertions.Tests\TUnit.Assertions.Tests.csproj::TargetFramework=net8.0]
C:\git\TUnit\TUnit.Assertions.Tests\Assertions\Delegates\Throws.WithMessageMatchingTests.cs(136,58): error CS1061: 'Task<Exception>' does not contain a definition for 'WithMessageMatching' and no accessible extension method 'WithMessageMatching' accepting a first argument of type 'Task<Exception>' could be found (are you missing a using directive or an assembly reference?) [C:\git\TUnit\TUnit.Assertions.Tests\TUnit.Assertions.Tests.csproj::TargetFramework=net8.0]
C:\git\TUnit\TUnit.Assertions.Tests\Assertions\Delegates\Throws.ExactlyTests.cs(139,22): error CS1061: 'Task<Throws.CustomException>' does not contain a definition for 'And' and no accessible extension method 'And' accepting a first argument of type 'Task<Throws.CustomException>' could be found (are you missing a using directive or an assembly reference?) [C:\git\TUnit\TUnit.Assertions.Tests\TUnit.Assertions.Tests.csproj::TargetFramework=net8.0]
C:\git\TUnit\TUnit.Assertions.Tests\IgnoringTypeEquivalentTests.cs(94,14): error CS7036: There is no argument given that corresponds to the required parameter 'typeToIgnore' of 'ChainingExtensions.IgnoringType<T>(CustomAssertion<T>, Type)' [C:\git\TUnit\TUnit.Assertions.Tests\TUnit.Assertions.Tests.csproj::TargetFramework=net8.0]
C:\git\TUnit\TUnit.Assertions.Tests\Bugs\Tests1774.cs(14,14): error CS1061: 'Task<Tests1774.Type2>' does not contain a definition for 'And' and no accessible extension method 'And' accepting a first argument of type 'Task<Tests1774.Type2>' could be found (are you missing a using directive or an assembly reference?) [C:\git\TUnit\TUnit.Assertions.Tests\TUnit.Assertions.Tests.csproj::TargetFramework=net8.0]
C:\git\TUnit\TUnit.Assertions.Tests\Assertions\Delegates\Throws.WithMessageMatchingTests.cs(152,18): error CS1061: 'Task<Exception>' does not contain a definition for 'WithMessageMatching' and no accessible extension method 'WithMessageMatching' accepting a first argument of type 'Task<Exception>' could be found (are you missing a using directive or an assembly reference?) [C:\git\TUnit\TUnit.Assertions.Tests\TUnit.Assertions.Tests.csproj::TargetFramework=net8.0]
C:\git\TUnit\TUnit.Assertions.Tests\Assertions\Delegates\Throws.WithMessageMatchingTests.cs(160,58): error CS1061: 'Task<Exception>' does not contain a definition for 'WithMessageMatching' and no accessible extension method 'WithMessageMatching' accepting a first argument of type 'Task<Exception>' could be found (are you missing a using directive or an assembly reference?) [C:\git\TUnit\TUnit.Assertions.Tests\TUnit.Assertions.Tests.csproj::TargetFramework=net8.0]
C:\git\TUnit\TUnit.Assertions.Tests\EnumTests.cs(126,38): error CS0411: The type arguments for method 'EnumAssertionExtensions.HasSameValueAs<TEnum>(AssertionBuilder<TEnum>, TEnum)' cannot be inferred from the usage. Try specifying the type arguments explicitly. [C:\git\TUnit\TUnit.Assertions.Tests\TUnit.Assertions.Tests.csproj::TargetFramework=net8.0]
C:\git\TUnit\TUnit.Assertions.Tests\IgnoringTypeEquivalentTests.cs(118,14): error CS7036: There is no argument given that corresponds to the required parameter 'typeToIgnore' of 'ChainingExtensions.IgnoringType<T>(CustomAssertion<T>, Type)' [C:\git\TUnit\TUnit.Assertions.Tests\TUnit.Assertions.Tests.csproj::TargetFramework=net8.0]
C:\git\TUnit\TUnit.Assertions.Tests\EnumTests.cs(136,34): error CS0411: The type arguments for method 'EnumAssertionExtensions.DoesNotHaveSameNameAs<TEnum>(AssertionBuilder<TEnum>, TEnum)' cannot be inferred from the usage. Try specifying the type arguments explicitly. [C:\git\TUnit\TUnit.Assertions.Tests\TUnit.Assertions.Tests.csproj::TargetFramework=net8.0]
C:\git\TUnit\TUnit.Assertions.Tests\NullabilityInferenceTests.cs(13,13): error CS0815: Cannot assign void to an implicitly-typed variable [C:\git\TUnit\TUnit.Assertions.Tests\TUnit.Assertions.Tests.csproj::TargetFramework=net8.0]
C:\git\TUnit\TUnit.Assertions.Tests\Assertions\Delegates\Throws.WithInnerExceptionTests.cs(30,18): error CS1061: 'Task<Exception>' does not contain a definition for 'WithInnerException' and no accessible extension method 'WithInnerException' accepting a first argument of type 'Task<Exception>' could be found (are you missing a using directive or an assembly reference?) [C:\git\TUnit\TUnit.Assertions.Tests\TUnit.Assertions.Tests.csproj::TargetFramework=net8.0]
C:\git\TUnit\TUnit.Assertions.Tests\Assertions\Delegates\Throws.WithInnerExceptionTests.cs(33,18): error CS1061: 'Task<Exception>' does not contain a definition for 'WithMessage' and no accessible extension method 'WithMessage' accepting a first argument of type 'Task<Exception>' could be found (are you missing a using directive or an assembly reference?) [C:\git\TUnit\TUnit.Assertions.Tests\TUnit.Assertions.Tests.csproj::TargetFramework=net8.0]
C:\git\TUnit\TUnit.Assertions.Tests\ParseAssertionTests.cs(11,34): error CS0121: The call is ambiguous between the following methods or properties: 'StringAssertionBuilderExtensions.IsParsableInto<T>(AssertionBuilder<string>)' and 'NullableStringAssertionBuilderExtensions.IsParsableInto<T>(AssertionBuilder<string?>)' [C:\git\TUnit\TUnit.Assertions.Tests\TUnit.Assertions.Tests.csproj::TargetFramework=net8.0]
C:\git\TUnit\TUnit.Assertions.Tests\Assertions\Delegates\Throws.WithInnerExceptionTests.cs(44,17): error CS0815: Cannot assign void to an implicitly-typed variable [C:\git\TUnit\TUnit.Assertions.Tests\TUnit.Assertions.Tests.csproj::TargetFramework=net8.0]
C:\git\TUnit\TUnit.Assertions.Tests\ParseAssertionTests.cs(17,34): error CS0121: The call is ambiguous between the following methods or properties: 'StringAssertionBuilderExtensions.IsNotParsableInto<T>(AssertionBuilder<string>)' and 'NullableStringAssertionBuilderExtensions.IsNotParsableInto<T>(AssertionBuilder<string?>)' [C:\git\TUnit\TUnit.Assertions.Tests\TUnit.Assertions.Tests.csproj::TargetFramework=net8.0]
C:\git\TUnit\TUnit.Assertions.Tests\EnumTests.cs(146,38): error CS0411: The type arguments for method 'EnumAssertionExtensions.DoesNotHaveSameNameAs<TEnum>(AssertionBuilder<TEnum>, TEnum)' cannot be inferred from the usage. Try specifying the type arguments explicitly. [C:\git\TUnit\TUnit.Assertions.Tests\TUnit.Assertions.Tests.csproj::TargetFramework=net8.0]
C:\git\TUnit\TUnit.Assertions.Tests\LazyEvaluationTests.cs(83,47): error CS1061: 'AssertionBuilder<int>' does not contain a definition for 'Chain' and no accessible extension method 'Chain' accepting a first argument of type 'AssertionBuilder<int>' could be found (are you missing a using directive or an assembly reference?) [C:\git\TUnit\TUnit.Assertions.Tests\TUnit.Assertions.Tests.csproj::TargetFramework=net8.0]
C:\git\TUnit\TUnit.Assertions.Tests\ParseAssertionTests.cs(24,14): error CS0121: The call is ambiguous between the following methods or properties: 'StringAssertionBuilderExtensions.WhenParsedInto<T>(AssertionBuilder<string>)' and 'NullableStringAssertionBuilderExtensions.WhenParsedInto<T>(AssertionBuilder<string?>)' [C:\git\TUnit\TUnit.Assertions.Tests\TUnit.Assertions.Tests.csproj::TargetFramework=net8.0]
C:\git\TUnit\TUnit.Assertions.Tests\IgnoringTypeEquivalentTests.cs(141,14): error CS7036: There is no argument given that corresponds to the required parameter 'typeToIgnore' of 'ChainingExtensions.IgnoringType<T>(CustomAssertion<T>, Type)' [C:\git\TUnit\TUnit.Assertions.Tests\TUnit.Assertions.Tests.csproj::TargetFramework=net8.0]
C:\git\TUnit\TUnit.Assertions.Tests\EnumTests.cs(156,34): error CS0411: The type arguments for method 'EnumAssertionExtensions.DoesNotHaveSameValueAs<TEnum>(AssertionBuilder<TEnum>, TEnum)' cannot be inferred from the usage. Try specifying the type arguments explicitly. [C:\git\TUnit\TUnit.Assertions.Tests\TUnit.Assertions.Tests.csproj::TargetFramework=net8.0]
C:\git\TUnit\TUnit.Assertions.Tests\Assertions\Delegates\Throws.WithInnerExceptionTests.cs(59,18): error CS1061: 'Task<Exception>' does not contain a definition for 'WithInnerException' and no accessible extension method 'WithInnerException' accepting a first argument of type 'Task<Exception>' could be found (are you missing a using directive or an assembly reference?) [C:\git\TUnit\TUnit.Assertions.Tests\TUnit.Assertions.Tests.csproj::TargetFramework=net8.0]
C:\git\TUnit\TUnit.Assertions.Tests\ParseAssertionTests.cs(33,14): error CS0121: The call is ambiguous between the following methods or properties: 'StringAssertionBuilderExtensions.IsParsableInto<T>(AssertionBuilder<string>)' and 'NullableStringAssertionBuilderExtensions.IsParsableInto<T>(AssertionBuilder<string?>)' [C:\git\TUnit\TUnit.Assertions.Tests\TUnit.Assertions.Tests.csproj::TargetFramework=net8.0]
C:\git\TUnit\TUnit.Assertions.Tests\LazyEvaluationTests.cs(110,52): warning CS8620: Argument of type 'Func<Task<string>>' cannot be used for parameter 'actualValueProvider' of type 'Func<Task<string?>>' in 'StringEqualToAssertion.StringEqualToAssertion(Func<Task<string?>> actualValueProvider, string? expected)' due to differences in the nullability of reference types. [C:\git\TUnit\TUnit.Assertions.Tests\TUnit.Assertions.Tests.csproj::TargetFramework=net8.0]
C:\git\TUnit\TUnit.Assertions.Tests\ParseAssertionTests.cs(41,14): error CS0121: The call is ambiguous between the following methods or properties: 'StringAssertionBuilderExtensions.IsParsableInto<T>(AssertionBuilder<string>)' and 'NullableStringAssertionBuilderExtensions.IsParsableInto<T>(AssertionBuilder<string?>)' [C:\git\TUnit\TUnit.Assertions.Tests\TUnit.Assertions.Tests.csproj::TargetFramework=net8.0]
C:\git\TUnit\TUnit.Assertions.Tests\Assertions\Delegates\Throws.OfTypeTests.cs(25,18): error CS1061: 'Task<Exception>' does not contain a definition for 'WithMessage' and no accessible extension method 'WithMessage' accepting a first argument of type 'Task<Exception>' could be found (are you missing a using directive or an assembly reference?) [C:\git\TUnit\TUnit.Assertions.Tests\TUnit.Assertions.Tests.csproj::TargetFramework=net8.0]
C:\git\TUnit\TUnit.Assertions.Tests\ParseAssertionTests.cs(47,41): error CS0121: The call is ambiguous between the following methods or properties: 'StringAssertionBuilderExtensions.IsParsableInto<T>(AssertionBuilder<string>)' and 'NullableStringAssertionBuilderExtensions.IsParsableInto<T>(AssertionBuilder<string?>)' [C:\git\TUnit\TUnit.Assertions.Tests\TUnit.Assertions.Tests.csproj::TargetFramework=net8.0]
C:\git\TUnit\TUnit.Assertions.Tests\IgnoringTypeEquivalentTests.cs(165,14): error CS7036: There is no argument given that corresponds to the required parameter 'typeToIgnore' of 'ChainingExtensions.IgnoringType<T>(CustomAssertion<T>, Type)' [C:\git\TUnit\TUnit.Assertions.Tests\TUnit.Assertions.Tests.csproj::TargetFramework=net8.0]
C:\git\TUnit\TUnit.Assertions.Tests\ParseAssertionTests.cs(54,14): error CS0121: The call is ambiguous between the following methods or properties: 'StringAssertionBuilderExtensions.WhenParsedInto<T>(AssertionBuilder<string>)' and 'NullableStringAssertionBuilderExtensions.WhenParsedInto<T>(AssertionBuilder<string?>)' [C:\git\TUnit\TUnit.Assertions.Tests\TUnit.Assertions.Tests.csproj::TargetFramework=net8.0]
C:\git\TUnit\TUnit.Assertions.Tests\SatisfiesTests.cs(14,33): error CS0029: Cannot implicitly convert type 'string' to 'bool' [C:\git\TUnit\TUnit.Assertions.Tests\TUnit.Assertions.Tests.csproj::TargetFramework=net8.0]
C:\git\TUnit\TUnit.Assertions.Tests\SatisfiesTests.cs(14,33): error CS1662: Cannot convert lambda expression to intended delegate type because some of the return types in the block are not implicitly convertible to the delegate return type [C:\git\TUnit\TUnit.Assertions.Tests\TUnit.Assertions.Tests.csproj::TargetFramework=net8.0]
C:\git\TUnit\TUnit.Assertions.Tests\IgnoringTypeEquivalentTests.cs(185,14): error CS7036: There is no argument given that corresponds to the required parameter 'typeToIgnore' of 'ChainingExtensions.IgnoringType<T>(CustomAssertion<T>, Type)' [C:\git\TUnit\TUnit.Assertions.Tests\TUnit.Assertions.Tests.csproj::TargetFramework=net8.0]
C:\git\TUnit\TUnit.Assertions.Tests\EnumerableTests.cs(151,49): error CS1503: Argument 1: cannot convert from 'System.Collections.IEnumerable' to 'System.Collections.Generic.IEnumerable<object>' [C:\git\TUnit\TUnit.Assertions.Tests\TUnit.Assertions.Tests.csproj::TargetFramework=net8.0]
C:\git\TUnit\TUnit.Assertions.Tests\LazyEvaluationTests.cs(145,46): error CS1061: 'AssertionBuilder<int>' does not contain a definition for 'Chain' and no accessible extension method 'Chain' accepting a first argument of type 'AssertionBuilder<int>' could be found (are you missing a using directive or an assembly reference?) [C:\git\TUnit\TUnit.Assertions.Tests\TUnit.Assertions.Tests.csproj::TargetFramework=net8.0]
C:\git\TUnit\TUnit.Assertions.Tests\Assertions\Delegates\Throws.OfTypeTests.cs(45,18): error CS1061: 'Task<Exception>' does not contain a definition for 'WithMessage' and no accessible extension method 'WithMessage' accepting a first argument of type 'Task<Exception>' could be found (are you missing a using directive or an assembly reference?) [C:\git\TUnit\TUnit.Assertions.Tests\TUnit.Assertions.Tests.csproj::TargetFramework=net8.0]
C:\git\TUnit\TUnit.Assertions.Tests\EnumTests.cs(166,38): error CS0411: The type arguments for method 'EnumAssertionExtensions.DoesNotHaveSameValueAs<TEnum>(AssertionBuilder<TEnum>, TEnum)' cannot be inferred from the usage. Try specifying the type arguments explicitly. [C:\git\TUnit\TUnit.Assertions.Tests\TUnit.Assertions.Tests.csproj::TargetFramework=net8.0]
C:\git\TUnit\TUnit.Assertions.Tests\Assertions\Delegates\Throws.NothingTests.cs(25,18): error CS1061: 'Task<Exception>' does not contain a definition for 'WithMessage' and no accessible extension method 'WithMessage' accepting a first argument of type 'Task<Exception>' could be found (are you missing a using directive or an assembly reference?) [C:\git\TUnit\TUnit.Assertions.Tests\TUnit.Assertions.Tests.csproj::TargetFramework=net8.0]
C:\git\TUnit\TUnit.Assertions.Tests\Assertions\Delegates\Throws.OfTypeTests.cs(64,18): error CS1061: 'Task<Exception>' does not contain a definition for 'WithMessage' and no accessible extension method 'WithMessage' accepting a first argument of type 'Task<Exception>' could be found (are you missing a using directive or an assembly reference?) [C:\git\TUnit\TUnit.Assertions.Tests\TUnit.Assertions.Tests.csproj::TargetFramework=net8.0]
C:\git\TUnit\TUnit.Assertions.Tests\LazyEvaluationTests.cs(178,47): error CS1061: 'AssertionBuilder<int>' does not contain a definition for 'Chain' and no accessible extension method 'Chain' accepting a first argument of type 'AssertionBuilder<int>' could be found (are you missing a using directive or an assembly reference?) [C:\git\TUnit\TUnit.Assertions.Tests\TUnit.Assertions.Tests.csproj::TargetFramework=net8.0]
C:\git\TUnit\TUnit.Assertions.Tests\Assertions\Delegates\Throws.OfTypeTests.cs(74,17): error CS0815: Cannot assign void to an implicitly-typed variable [C:\git\TUnit\TUnit.Assertions.Tests\TUnit.Assertions.Tests.csproj::TargetFramework=net8.0]
C:\git\TUnit\TUnit.Assertions.Tests\Assertions\Delegates\Throws.NothingTests.cs(45,17): error CS0815: Cannot assign void to an implicitly-typed variable [C:\git\TUnit\TUnit.Assertions.Tests\TUnit.Assertions.Tests.csproj::TargetFramework=net8.0]
C:\git\TUnit\TUnit.Assertions.Tests\SimplifiedApiDemo.cs(51,30): error CS1061: 'AssertionBuilder<int>' does not contain a definition for 'Chain' and no accessible extension method 'Chain' accepting a first argument of type 'AssertionBuilder<int>' could be found (are you missing a using directive or an assembly reference?) [C:\git\TUnit\TUnit.Assertions.Tests\TUnit.Assertions.Tests.csproj::TargetFramework=net8.0]
C:\git\TUnit\TUnit.Assertions.Tests\Old\DefaultAssertionTests.cs(9,15): warning CS8620: Argument of type 'AssertionBuilder<string?>' cannot be used for parameter 'builder' of type 'AssertionBuilder<string>' in 'CustomAssertion<string> StringAssertionBuilderExtensions.IsDefault(AssertionBuilder<string> builder)' due to differences in the nullability of reference types. [C:\git\TUnit\TUnit.Assertions.Tests\TUnit.Assertions.Tests.csproj::TargetFramework=net8.0]
C:\git\TUnit\TUnit.Assertions.Tests\SatisfiesTests.cs(34,33): error CS0029: Cannot implicitly convert type 'TUnit.Assertions.Tests.SatisfiesTests.MyModel' to 'bool' [C:\git\TUnit\TUnit.Assertions.Tests\TUnit.Assertions.Tests.csproj::TargetFramework=net8.0]
C:\git\TUnit\TUnit.Assertions.Tests\SatisfiesTests.cs(34,33): error CS1662: Cannot convert lambda expression to intended delegate type because some of the return types in the block are not implicitly convertible to the delegate return type [C:\git\TUnit\TUnit.Assertions.Tests\TUnit.Assertions.Tests.csproj::TargetFramework=net8.0]
C:\git\TUnit\TUnit.Assertions.Tests\SatisfiesTests.cs(52,33): error CS0029: Cannot implicitly convert type 'System.Threading.Tasks.Task<string?>' to 'bool' [C:\git\TUnit\TUnit.Assertions.Tests\TUnit.Assertions.Tests.csproj::TargetFramework=net8.0]
C:\git\TUnit\TUnit.Assertions.Tests\SatisfiesTests.cs(52,33): error CS1662: Cannot convert lambda expression to intended delegate type because some of the return types in the block are not implicitly convertible to the delegate return type [C:\git\TUnit\TUnit.Assertions.Tests\TUnit.Assertions.Tests.csproj::TargetFramework=net8.0]
C:\git\TUnit\TUnit.Assertions.Tests\Old\StringRegexAssertionTests.cs(24,46): error CS1503: Argument 2: cannot convert from 'System.Text.RegularExpressions.Regex' to 'string' [C:\git\TUnit\TUnit.Assertions.Tests\TUnit.Assertions.Tests.csproj::TargetFramework=net8.0]
C:\git\TUnit\TUnit.Assertions.Tests\Old\EqualityComparerTests.cs(20,35): error CS1501: No overload for method 'IsEqualTo' takes 2 arguments [C:\git\TUnit\TUnit.Assertions.Tests\TUnit.Assertions.Tests.csproj::TargetFramework=net8.0]
C:\git\TUnit\TUnit.Assertions.Tests\Old\StringRegexAssertionTests.cs(37,46): error CS1503: Argument 2: cannot convert from 'System.Text.RegularExpressions.Regex' to 'string' [C:\git\TUnit\TUnit.Assertions.Tests\TUnit.Assertions.Tests.csproj::TargetFramework=net8.0]
C:\git\TUnit\TUnit.Assertions.Tests\Old\StringRegexAssertionTests.cs(53,13): error CS0815: Cannot assign void to an implicitly-typed variable [C:\git\TUnit\TUnit.Assertions.Tests\TUnit.Assertions.Tests.csproj::TargetFramework=net8.0]
C:\git\TUnit\TUnit.Assertions.Tests\Old\StringRegexAssertionTests.cs(51,47): warning CS8620: Argument of type 'AssertionBuilder<string?>' cannot be used for parameter 'builder' of type 'AssertionBuilder<string>' in 'CustomAssertion<string> StringAssertionBuilderExtensions.Matches(AssertionBuilder<string> builder, string pattern)' due to differences in the nullability of reference types. [C:\git\TUnit\TUnit.Assertions.Tests\TUnit.Assertions.Tests.csproj::TargetFramework=net8.0]
C:\git\TUnit\TUnit.Assertions.Tests\Old\ExceptionAssertionTests.cs(10,14): error CS1061: 'Task<Exception>' does not contain a definition for 'WithInnerException' and no accessible extension method 'WithInnerException' accepting a first argument of type 'Task<Exception>' could be found (are you missing a using directive or an assembly reference?) [C:\git\TUnit\TUnit.Assertions.Tests\TUnit.Assertions.Tests.csproj::TargetFramework=net8.0]
C:\git\TUnit\TUnit.Assertions.Tests\Old\EquivalentAssertionTests.cs(47,56): error CS1503: Argument 1: cannot convert from '<anonymous type: string Value>' to 'TUnit.Assertions.Tests.Old.EquivalentAssertionTests.MyClass' [C:\git\TUnit\TUnit.Assertions.Tests\TUnit.Assertions.Tests.csproj::TargetFramework=net8.0]
C:\git\TUnit\TUnit.Assertions.Tests\Old\EquivalentAssertionTests.cs(60,59): error CS1503: Argument 1: cannot convert from '<anonymous type: string Value>' to 'TUnit.Assertions.Tests.Old.EquivalentAssertionTests.MyClass' [C:\git\TUnit\TUnit.Assertions.Tests\TUnit.Assertions.Tests.csproj::TargetFramework=net8.0]
C:\git\TUnit\TUnit.Assertions.Tests\SatisfiesTests.cs(72,33): error CS0029: Cannot implicitly convert type 'System.Threading.Tasks.Task<TUnit.Assertions.Tests.SatisfiesTests.MyAsyncModel?>' to 'bool' [C:\git\TUnit\TUnit.Assertions.Tests\TUnit.Assertions.Tests.csproj::TargetFramework=net8.0]
C:\git\TUnit\TUnit.Assertions.Tests\SatisfiesTests.cs(72,33): error CS1662: Cannot convert lambda expression to intended delegate type because some of the return types in the block are not implicitly convertible to the delegate return type [C:\git\TUnit\TUnit.Assertions.Tests\TUnit.Assertions.Tests.csproj::TargetFramework=net8.0]
C:\git\TUnit\TUnit.Assertions.Tests\Old\StringRegexAssertionTests.cs(77,78): error CS1503: Argument 2: cannot convert from 'System.Text.RegularExpressions.Regex' to 'string' [C:\git\TUnit\TUnit.Assertions.Tests\TUnit.Assertions.Tests.csproj::TargetFramework=net8.0]
C:\git\TUnit\TUnit.Assertions.Tests\Old\StringRegexAssertionTests.cs(79,13): error CS0815: Cannot assign void to an implicitly-typed variable [C:\git\TUnit\TUnit.Assertions.Tests\TUnit.Assertions.Tests.csproj::TargetFramework=net8.0]
C:\git\TUnit\TUnit.Assertions.Tests\Old\EquivalentAssertionTests.cs(70,53): error CS1503: Argument 1: cannot convert from 'int[]' to 'System.Collections.Generic.List<int>' [C:\git\TUnit\TUnit.Assertions.Tests\TUnit.Assertions.Tests.csproj::TargetFramework=net8.0]
C:\git\TUnit\TUnit.Assertions.Tests\Old\EquivalentAssertionTests.cs(80,54): error CS1503: Argument 1: cannot convert from 'System.Collections.Generic.List<int>' to 'int[]' [C:\git\TUnit\TUnit.Assertions.Tests\TUnit.Assertions.Tests.csproj::TargetFramework=net8.0]
C:\git\TUnit\TUnit.Assertions.Tests\Old\MemberTests.cs(16,53): error CS1660: Cannot convert lambda expression to type 'string' because it is not a delegate type [C:\git\TUnit\TUnit.Assertions.Tests\TUnit.Assertions.Tests.csproj::TargetFramework=net8.0]
C:\git\TUnit\TUnit.Assertions.Tests\Old\StringRegexAssertionTests.cs(107,78): error CS1503: Argument 2: cannot convert from 'System.Text.RegularExpressions.Regex' to 'string' [C:\git\TUnit\TUnit.Assertions.Tests\TUnit.Assertions.Tests.csproj::TargetFramework=net8.0]
C:\git\TUnit\TUnit.Assertions.Tests\Old\StringRegexAssertionTests.cs(109,13): error CS0815: Cannot assign void to an implicitly-typed variable [C:\git\TUnit\TUnit.Assertions.Tests\TUnit.Assertions.Tests.csproj::TargetFramework=net8.0]
C:\git\TUnit\TUnit.Assertions.Tests\Old\EquivalentAssertionTests.cs(108,38): error CS1501: No overload for method 'IsEquivalentTo' takes 2 arguments [C:\git\TUnit\TUnit.Assertions.Tests\TUnit.Assertions.Tests.csproj::TargetFramework=net8.0]
C:\git\TUnit\TUnit.Assertions.Tests\Old\StringRegexAssertionTests.cs(140,78): error CS1503: Argument 2: cannot convert from 'System.Text.RegularExpressions.Regex' to 'string' [C:\git\TUnit\TUnit.Assertions.Tests\TUnit.Assertions.Tests.csproj::TargetFramework=net8.0]
C:\git\TUnit\TUnit.Assertions.Tests\Old\StringAssertionTests.cs(24,15): warning CS8620: Argument of type 'AssertionBuilder<string?>' cannot be used for parameter 'builder' of type 'AssertionBuilder<string>' in 'CustomAssertion<string> StringAssertionBuilderExtensions.IsNullOrEmpty(AssertionBuilder<string> builder)' due to differences in the nullability of reference types. [C:\git\TUnit\TUnit.Assertions.Tests\TUnit.Assertions.Tests.csproj::TargetFramework=net8.0]
C:\git\TUnit\TUnit.Assertions.Tests\Old\EquivalentAssertionTests.cs(118,39): error CS1501: No overload for method 'IsEquivalentTo' takes 2 arguments [C:\git\TUnit\TUnit.Assertions.Tests\TUnit.Assertions.Tests.csproj::TargetFramework=net8.0]
C:\git\TUnit\TUnit.Assertions.Tests\SatisfiesTests.cs(91,41): error CS0029: Cannot implicitly convert type 'string' to 'bool' [C:\git\TUnit\TUnit.Assertions.Tests\TUnit.Assertions.Tests.csproj::TargetFramework=net8.0]
C:\git\TUnit\TUnit.Assertions.Tests\SatisfiesTests.cs(91,41): error CS1662: Cannot convert lambda expression to intended delegate type because some of the return types in the block are not implicitly convertible to the delegate return type [C:\git\TUnit\TUnit.Assertions.Tests\TUnit.Assertions.Tests.csproj::TargetFramework=net8.0]
C:\git\TUnit\TUnit.Assertions.Tests\Old\DefaultAssertionTests.cs(62,19): warning CS8620: Argument of type 'AssertionBuilder<string?>' cannot be used for parameter 'builder' of type 'AssertionBuilder<string>' in 'CustomAssertion<string> StringAssertionBuilderExtensions.IsNotDefault(AssertionBuilder<string> builder)' due to differences in the nullability of reference types. [C:\git\TUnit\TUnit.Assertions.Tests\TUnit.Assertions.Tests.csproj::TargetFramework=net8.0]
C:\git\TUnit\TUnit.Assertions.Tests\Old\StringAssertionTests.cs(52,15): warning CS8620: Argument of type 'AssertionBuilder<string?>' cannot be used for parameter 'builder' of type 'AssertionBuilder<string>' in 'CustomAssertion<string> StringAssertionBuilderExtensions.IsNullOrWhitespace(AssertionBuilder<string> builder)' due to differences in the nullability of reference types. [C:\git\TUnit\TUnit.Assertions.Tests\TUnit.Assertions.Tests.csproj::TargetFramework=net8.0]
C:\git\TUnit\TUnit.Assertions.Tests\Old\MemberTests.cs(29,136): error CS1660: Cannot convert lambda expression to type 'string' because it is not a delegate type [C:\git\TUnit\TUnit.Assertions.Tests\TUnit.Assertions.Tests.csproj::TargetFramework=net8.0]
C:\git\TUnit\TUnit.Assertions.Tests\Old\StringEqualsAssertionTests.cs(42,50): warning CS8604: Possible null reference argument for parameter 'expected' in 'GenericEqualToAssertion<string> AssertionBuilder<string>.IsEqualTo(string expected)'. [C:\git\TUnit\TUnit.Assertions.Tests\TUnit.Assertions.Tests.csproj::TargetFramework=net8.0]
C:\git\TUnit\TUnit.Assertions.Tests\Old\StringEqualsAssertionTests.cs(51,15): warning CS8620: Argument of type 'GenericEqualToAssertion<string?>' cannot be used for parameter 'assertion' of type 'GenericEqualToAssertion<string>' in 'StringEqualToAssertion ChainingExtensions.WithNullAndEmptyEquality(GenericEqualToAssertion<string> assertion)' due to differences in the nullability of reference types. [C:\git\TUnit\TUnit.Assertions.Tests\TUnit.Assertions.Tests.csproj::TargetFramework=net8.0]
C:\git\TUnit\TUnit.Assertions.Tests\Old\EquivalentAssertionTests.cs(128,122): error CS1501: No overload for method 'IsEquivalentTo' takes 2 arguments [C:\git\TUnit\TUnit.Assertions.Tests\TUnit.Assertions.Tests.csproj::TargetFramework=net8.0]
C:\git\TUnit\TUnit.Assertions.Tests\Old\MemberTests.cs(51,136): error CS1660: Cannot convert lambda expression to type 'string' because it is not a delegate type [C:\git\TUnit\TUnit.Assertions.Tests\TUnit.Assertions.Tests.csproj::TargetFramework=net8.0]
C:\git\TUnit\TUnit.Assertions.Tests\Old\EqualsAssertionTests.cs(13,14): error CS1061: 'Task<Exception>' does not contain a definition for 'And' and no accessible extension method 'And' accepting a first argument of type 'Task<Exception>' could be found (are you missing a using directive or an assembly reference?) [C:\git\TUnit\TUnit.Assertions.Tests\TUnit.Assertions.Tests.csproj::TargetFramework=net8.0]
C:\git\TUnit\TUnit.Assertions.Tests\Old\MemberTests.cs(68,136): error CS1660: Cannot convert lambda expression to type 'string' because it is not a delegate type [C:\git\TUnit\TUnit.Assertions.Tests\TUnit.Assertions.Tests.csproj::TargetFramework=net8.0]
C:\git\TUnit\TUnit.Assertions.Tests\Old\EquivalentAssertionTests.cs(148,122): error CS1501: No overload for method 'IsEquivalentTo' takes 2 arguments [C:\git\TUnit\TUnit.Assertions.Tests\TUnit.Assertions.Tests.csproj::TargetFramework=net8.0]
C:\git\TUnit\TUnit.Assertions.Tests\Old\StringContainsAssertionTests.cs(53,52): error CS0121: The call is ambiguous between the following methods or properties: 'StringAssertionBuilderExtensions.EndsWith(AssertionBuilder<string>, string)' and 'NullableStringAssertionBuilderExtensions.EndsWith(AssertionBuilder<string?>, string)' [C:\git\TUnit\TUnit.Assertions.Tests\TUnit.Assertions.Tests.csproj::TargetFramework=net8.0]
C:\git\TUnit\TUnit.Assertions.Tests\Old\EquivalentAssertionTests.cs(171,139): error CS1503: Argument 1: cannot convert from '<anonymous type: string Value>' to 'TUnit.Assertions.Tests.Old.EquivalentAssertionTests.MyClass' [C:\git\TUnit\TUnit.Assertions.Tests\TUnit.Assertions.Tests.csproj::TargetFramework=net8.0]
C:\git\TUnit\TUnit.Assertions.Tests\Old\StringEqualsAssertionTests.cs(96,117): warning CS8604: Possible null reference argument for parameter 'expected' in 'GenericEqualToAssertion<string> AssertionBuilder<string>.IsEqualTo(string expected)'. [C:\git\TUnit\TUnit.Assertions.Tests\TUnit.Assertions.Tests.csproj::TargetFramework=net8.0]
C:\git\TUnit\TUnit.Assertions.Tests\Old\StringRegexAssertionTests.cs(163,51): error CS1503: Argument 2: cannot convert from 'System.Text.RegularExpressions.Regex' to 'string' [C:\git\TUnit\TUnit.Assertions.Tests\TUnit.Assertions.Tests.csproj::TargetFramework=net8.0]
C:\git\TUnit\TUnit.Assertions.Tests\Old\EquivalentAssertionTests.cs(451,65): error CS1061: 'CustomAssertion<EquivalentAssertionTests.MyClass>' does not contain a definition for 'IgnoringMember' and no accessible extension method 'IgnoringMember' accepting a first argument of type 'CustomAssertion<EquivalentAssertionTests.MyClass>' could be found (are you missing a using directive or an assembly reference?) [C:\git\TUnit\TUnit.Assertions.Tests\TUnit.Assertions.Tests.csproj::TargetFramework=net8.0]
C:\git\TUnit\TUnit.Assertions.Tests\Old\StringEqualsAssertionTests.cs(105,82): warning CS8620: Argument of type 'GenericEqualToAssertion<string?>' cannot be used for parameter 'assertion' of type 'GenericEqualToAssertion<string>' in 'StringEqualToAssertion ChainingExtensions.WithNullAndEmptyEquality(GenericEqualToAssertion<string> assertion)' due to differences in the nullability of reference types. [C:\git\TUnit\TUnit.Assertions.Tests\TUnit.Assertions.Tests.csproj::TargetFramework=net8.0]
C:\git\TUnit\TUnit.Assertions.Tests\Old\StringRegexAssertionTests.cs(176,51): error CS1503: Argument 2: cannot convert from 'System.Text.RegularExpressions.Regex' to 'string' [C:\git\TUnit\TUnit.Assertions.Tests\TUnit.Assertions.Tests.csproj::TargetFramework=net8.0]
C:\git\TUnit\TUnit.Assertions.Tests\Old\StringRegexAssertionTests.cs(192,13): error CS0815: Cannot assign void to an implicitly-typed variable [C:\git\TUnit\TUnit.Assertions.Tests\TUnit.Assertions.Tests.csproj::TargetFramework=net8.0]
C:\git\TUnit\TUnit.Assertions.Tests\Old\StringRegexAssertionTests.cs(190,47): warning CS8620: Argument of type 'AssertionBuilder<string?>' cannot be used for parameter 'builder' of type 'AssertionBuilder<string>' in 'CustomAssertion<string> StringAssertionBuilderExtensions.DoesNotMatch(AssertionBuilder<string> builder, string pattern)' due to differences in the nullability of reference types. [C:\git\TUnit\TUnit.Assertions.Tests\TUnit.Assertions.Tests.csproj::TargetFramework=net8.0]
C:\git\TUnit\TUnit.Assertions.Tests\Old\EquivalentAssertionTests.cs(506,58): error CS1503: Argument 1: cannot convert from '<anonymous type: string Value>' to 'TUnit.Assertions.Tests.Old.EquivalentAssertionTests.MyClass' [C:\git\TUnit\TUnit.Assertions.Tests\TUnit.Assertions.Tests.csproj::TargetFramework=net8.0]
C:\git\TUnit\TUnit.Assertions.Tests\Old\EquivalentAssertionTests.cs(538,59): error CS1503: Argument 1: cannot convert from '<anonymous type: string Value>' to 'TUnit.Assertions.Tests.Old.EquivalentAssertionTests.MyClass' [C:\git\TUnit\TUnit.Assertions.Tests\TUnit.Assertions.Tests.csproj::TargetFramework=net8.0]
C:\git\TUnit\TUnit.Assertions.Tests\Old\StringRegexAssertionTests.cs(216,83): error CS1503: Argument 2: cannot convert from 'System.Text.RegularExpressions.Regex' to 'string' [C:\git\TUnit\TUnit.Assertions.Tests\TUnit.Assertions.Tests.csproj::TargetFramework=net8.0]
C:\git\TUnit\TUnit.Assertions.Tests\Old\StringRegexAssertionTests.cs(218,13): error CS0815: Cannot assign void to an implicitly-typed variable [C:\git\TUnit\TUnit.Assertions.Tests\TUnit.Assertions.Tests.csproj::TargetFramework=net8.0]
C:\git\TUnit\TUnit.Assertions.Tests\Old\EquivalentAssertionTests.cs(559,42): error CS1503: Argument 1: cannot convert from '<anonymous type: string Value>' to 'TUnit.Assertions.Tests.Old.EquivalentAssertionTests.MyClass' [C:\git\TUnit\TUnit.Assertions.Tests\TUnit.Assertions.Tests.csproj::TargetFramework=net8.0]
C:\git\TUnit\TUnit.Assertions.Tests\Old\StringRegexAssertionTests.cs(246,83): error CS1503: Argument 2: cannot convert from 'System.Text.RegularExpressions.Regex' to 'string' [C:\git\TUnit\TUnit.Assertions.Tests\TUnit.Assertions.Tests.csproj::TargetFramework=net8.0]
C:\git\TUnit\TUnit.Assertions.Tests\Old\StringRegexAssertionTests.cs(248,13): error CS0815: Cannot assign void to an implicitly-typed variable [C:\git\TUnit\TUnit.Assertions.Tests\TUnit.Assertions.Tests.csproj::TargetFramework=net8.0]
C:\git\TUnit\TUnit.Assertions.Tests\Old\EquivalentAssertionTests.cs(585,58): error CS1503: Argument 1: cannot convert from '<anonymous type: string Value, TUnit.Assertions.Tests.Old.EquivalentAssertionTests.InnerClass Inner>' to 'TUnit.Assertions.Tests.Old.EquivalentAssertionTests.MyClass' [C:\git\TUnit\TUnit.Assertions.Tests\TUnit.Assertions.Tests.csproj::TargetFramework=net8.0]
C:\git\TUnit\TUnit.Assertions.Tests\Old\StringRegexAssertionTests.cs(279,83): error CS1503: Argument 2: cannot convert from 'System.Text.RegularExpressions.Regex' to 'string' [C:\git\TUnit\TUnit.Assertions.Tests\TUnit.Assertions.Tests.csproj::TargetFramework=net8.0]
C:\git\TUnit\TUnit.Assertions.Tests\Old\EquivalentAssertionTests.cs(622,36): error CS1503: Argument 1: cannot convert from '<anonymous type: string Value, TUnit.Assertions.Tests.Old.EquivalentAssertionTests.InnerClass Inner>' to 'TUnit.Assertions.Tests.Old.EquivalentAssertionTests.MyClass' [C:\git\TUnit\TUnit.Assertions.Tests\TUnit.Assertions.Tests.csproj::TargetFramework=net8.0]
C:\git\TUnit\TUnit.Assertions.Tests\Old\EquivalentAssertionTests.cs(642,33): error CS1503: Argument 1: cannot convert from 'TUnit.Assertions.Tests.Old.EquivalentAssertionTests.MyClassWithSingleField' to 'TUnit.Assertions.Tests.Old.EquivalentAssertionTests.MyClassWithMultipleFields' [C:\git\TUnit\TUnit.Assertions.Tests\TUnit.Assertions.Tests.csproj::TargetFramework=net8.0]
C:\git\TUnit\TUnit.Assertions.Tests\Old\EquivalentAssertionTests.cs(671,59): error CS1503: Argument 1: cannot convert from 'TUnit.Assertions.Tests.Old.EquivalentAssertionTests.MyClassWithSingleField' to 'TUnit.Assertions.Tests.Old.EquivalentAssertionTests.MyClassWithMultipleFields' [C:\git\TUnit\TUnit.Assertions.Tests\TUnit.Assertions.Tests.csproj::TargetFramework=net8.0]
C:\git\TUnit\TUnit.Assertions.Tests\Old\EquivalentAssertionTests.cs(689,42): error CS1503: Argument 1: cannot convert from 'TUnit.Assertions.Tests.Old.EquivalentAssertionTests.MyClassWithSingleField' to 'TUnit.Assertions.Tests.Old.EquivalentAssertionTests.MyClassWithMultipleFields' [C:\git\TUnit\TUnit.Assertions.Tests\TUnit.Assertions.Tests.csproj::TargetFramework=net8.0]
C:\git\TUnit\TUnit.Assertions.Tests\SatisfiesTests.cs(118,41): error CS0029: Cannot implicitly convert type 'TUnit.Assertions.Tests.SatisfiesTests.MyModel' to 'bool' [C:\git\TUnit\TUnit.Assertions.Tests\TUnit.Assertions.Tests.csproj::TargetFramework=net8.0]
C:\git\TUnit\TUnit.Assertions.Tests\SatisfiesTests.cs(118,41): error CS1662: Cannot convert lambda expression to intended delegate type because some of the return types in the block are not implicitly convertible to the delegate return type [C:\git\TUnit\TUnit.Assertions.Tests\TUnit.Assertions.Tests.csproj::TargetFramework=net8.0]
C:\git\TUnit\TUnit.Assertions.Tests\SatisfiesTests.cs(154,41): error CS0029: Cannot implicitly convert type 'System.Threading.Tasks.Task<string?>' to 'bool' [C:\git\TUnit\TUnit.Assertions.Tests\TUnit.Assertions.Tests.csproj::TargetFramework=net8.0]
C:\git\TUnit\TUnit.Assertions.Tests\SatisfiesTests.cs(154,41): error CS1662: Cannot convert lambda expression to intended delegate type because some of the return types in the block are not implicitly convertible to the delegate return type [C:\git\TUnit\TUnit.Assertions.Tests\TUnit.Assertions.Tests.csproj::TargetFramework=net8.0]
C:\git\TUnit\TUnit.Assertions.Tests\SatisfiesTests.cs(181,41): error CS0029: Cannot implicitly convert type 'System.Threading.Tasks.Task<TUnit.Assertions.Tests.SatisfiesTests.MyAsyncModel?>' to 'bool' [C:\git\TUnit\TUnit.Assertions.Tests\TUnit.Assertions.Tests.csproj::TargetFramework=net8.0]
C:\git\TUnit\TUnit.Assertions.Tests\SatisfiesTests.cs(181,41): error CS1662: Cannot convert lambda expression to intended delegate type because some of the return types in the block are not implicitly convertible to the delegate return type [C:\git\TUnit\TUnit.Assertions.Tests\TUnit.Assertions.Tests.csproj::TargetFramework=net8.0]
C:\git\TUnit\TUnit.Assertions.Tests\SatisfiesTests.cs(211,35): error CS1501: No overload for method 'All' takes 0 arguments [C:\git\TUnit\TUnit.Assertions.Tests\TUnit.Assertions.Tests.csproj::TargetFramework=net8.0]
C:\git\TUnit\TUnit.Assertions.Tests\SatisfiesTests.cs(222,35): error CS1501: No overload for method 'All' takes 0 arguments [C:\git\TUnit\TUnit.Assertions.Tests\TUnit.Assertions.Tests.csproj::TargetFramework=net8.0]
C:\git\TUnit\TUnit.Assertions.Tests\SatisfiesTests.cs(234,39): error CS1501: No overload for method 'All' takes 0 arguments [C:\git\TUnit\TUnit.Assertions.Tests\TUnit.Assertions.Tests.csproj::TargetFramework=net8.0]
C:\git\TUnit\TUnit.Assertions.Tests\SatisfiesTests.cs(247,43): error CS1501: No overload for method 'All' takes 0 arguments [C:\git\TUnit\TUnit.Assertions.Tests\TUnit.Assertions.Tests.csproj::TargetFramework=net8.0]
C:\git\TUnit\TUnit.Assertions.Tests\ParseAssertionTests.cs(11,15): warning TUnitAssertions0005: Assert.That(...) should not be used with a constant value [C:\git\TUnit\TUnit.Assertions.Tests\TUnit.Assertions.Tests.csproj::TargetFramework=net8.0]
C:\git\TUnit\TUnit.Assertions.Tests\ParseAssertionTests.cs(17,15): warning TUnitAssertions0005: Assert.That(...) should not be used with a constant value [C:\git\TUnit\TUnit.Assertions.Tests\TUnit.Assertions.Tests.csproj::TargetFramework=net8.0]
C:\git\TUnit\TUnit.Assertions.Tests\ParseAssertionTests.cs(23,15): warning TUnitAssertions0005: Assert.That(...) should not be used with a constant value [C:\git\TUnit\TUnit.Assertions.Tests\TUnit.Assertions.Tests.csproj::TargetFramework=net8.0]
C:\git\TUnit\TUnit.Assertions.Tests\ParseAssertionTests.cs(32,15): warning TUnitAssertions0005: Assert.That(...) should not be used with a constant value [C:\git\TUnit\TUnit.Assertions.Tests\TUnit.Assertions.Tests.csproj::TargetFramework=net8.0]
C:\git\TUnit\TUnit.Assertions.Tests\ParseAssertionTests.cs(47,15): warning TUnitAssertions0005: Assert.That(...) should not be used with a constant value [C:\git\TUnit\TUnit.Assertions.Tests\TUnit.Assertions.Tests.csproj::TargetFramework=net8.0]
C:\git\TUnit\TUnit.Assertions.Tests\ParseAssertionTests.cs(40,15): warning TUnitAssertions0005: Assert.That(...) should not be used with a constant value [C:\git\TUnit\TUnit.Assertions.Tests\TUnit.Assertions.Tests.csproj::TargetFramework=net8.0]
C:\git\TUnit\TUnit.Assertions.Tests\ParseAssertionTests.cs(53,15): warning TUnitAssertions0005: Assert.That(...) should not be used with a constant value [C:\git\TUnit\TUnit.Assertions.Tests\TUnit.Assertions.Tests.csproj::TargetFramework=net8.0]
  ExampleNamespace.TestProject -> C:\git\TUnit\TUnit.Templates\content\TUnit.Aspire.Starter\ExampleNamespace.TestProject\bin\Debug\net9.0\ExampleNamespace.TestProject.dll
  TUnit.Playwright -> C:\git\TUnit\TUnit.Playwright\bin\Debug\net9.0\TUnit.Playwright.dll
  TUnit.PublicAPI -> C:\git\TUnit\TUnit.PublicAPI\bin\Debug\net472\TUnit.PublicAPI.exe
C:\git\TUnit\TUnit.Assertions.Tests\Old\DictionaryAssertionTests.cs(35,44): error CS0311: The type 'TUnit.Assertions.UnitTests.DictionaryAssertionTests.ReadDictionary' cannot be used as type parameter 'T' in the generic type or method 'DictionaryAssertionExtensions.ContainsKey<T>(AssertionBuilder<T>, object)'. There is no implicit reference conversion from 'TUnit.Assertions.UnitTests.DictionaryAssertionTests.ReadDictionary' to 'System.Collections.IDictionary'. [C:\git\TUnit\TUnit.Assertions.Tests\TUnit.Assertions.Tests.csproj::TargetFramework=net9.0]
C:\git\TUnit\TUnit.Assertions.Tests\TypeInferenceTests.cs(17,33): error CS1660: Cannot convert lambda expression to type 'int' because it is not a delegate type [C:\git\TUnit\TUnit.Assertions.Tests\TUnit.Assertions.Tests.csproj::TargetFramework=net9.0]
C:\git\TUnit\TUnit.Assertions.Tests\ThrowInDelegateValueAssertionTests.cs(11,13): warning CS0162: Unreachable code detected [C:\git\TUnit\TUnit.Assertions.Tests\TUnit.Assertions.Tests.csproj::TargetFramework=net9.0]
C:\git\TUnit\TUnit.Assertions.Tests\AssertionBuilders\OrAssertionTests.cs(40,22): error CS1061: 'AssertionBuilder<Exception>' does not contain a definition for 'IsNotAssignableTo' and no accessible extension method 'IsNotAssignableTo' accepting a first argument of type 'AssertionBuilder<Exception>' could be found (are you missing a using directive or an assembly reference?) [C:\git\TUnit\TUnit.Assertions.Tests\TUnit.Assertions.Tests.csproj::TargetFramework=net9.0]
C:\git\TUnit\TUnit.Assertions.Tests\ThrowInDelegateValueAssertionTests.cs(33,13): warning CS0162: Unreachable code detected [C:\git\TUnit\TUnit.Assertions.Tests\TUnit.Assertions.Tests.csproj::TargetFramework=net9.0]
C:\git\TUnit\TUnit.Assertions.Tests\ThrowInDelegateValueAssertionTests.cs(47,13): warning CS0162: Unreachable code detected [C:\git\TUnit\TUnit.Assertions.Tests\TUnit.Assertions.Tests.csproj::TargetFramework=net9.0]
C:\git\TUnit\TUnit.Assertions.Tests\ThrowInDelegateValueAssertionTests.cs(61,13): warning CS0162: Unreachable code detected [C:\git\TUnit\TUnit.Assertions.Tests\TUnit.Assertions.Tests.csproj::TargetFramework=net9.0]
C:\git\TUnit\TUnit.Assertions.Tests\ThrowInDelegateValueAssertionTests.cs(79,13): warning CS0162: Unreachable code detected [C:\git\TUnit\TUnit.Assertions.Tests\TUnit.Assertions.Tests.csproj::TargetFramework=net9.0]
C:\git\TUnit\TUnit.Assertions.Tests\ThrowInDelegateValueAssertionTests.cs(97,13): warning CS0162: Unreachable code detected [C:\git\TUnit\TUnit.Assertions.Tests\TUnit.Assertions.Tests.csproj::TargetFramework=net9.0]
C:\git\TUnit\TUnit.Assertions.Tests\Assertions\Delegates\Throws.WithParameterNameTests.cs(28,81): error CS1061: 'Task<ArgumentException>' does not contain a definition for 'WithParameterName' and no accessible extension method 'WithParameterName' accepting a first argument of type 'Task<ArgumentException>' could be found (are you missing a using directive or an assembly reference?) [C:\git\TUnit\TUnit.Assertions.Tests\TUnit.Assertions.Tests.csproj::TargetFramework=net9.0]
C:\git\TUnit\TUnit.Assertions.Tests\Assertions\Delegates\Throws.WithParameterNameTests.cs(31,18): error CS1061: 'Task<Exception>' does not contain a definition for 'WithMessage' and no accessible extension method 'WithMessage' accepting a first argument of type 'Task<Exception>' could be found (are you missing a using directive or an assembly reference?) [C:\git\TUnit\TUnit.Assertions.Tests\TUnit.Assertions.Tests.csproj::TargetFramework=net9.0]
C:\git\TUnit\TUnit.Assertions.Tests\Assertions\Delegates\Throws.WithParameterNameTests.cs(42,17): error CS0815: Cannot assign void to an implicitly-typed variable [C:\git\TUnit\TUnit.Assertions.Tests\TUnit.Assertions.Tests.csproj::TargetFramework=net9.0]
C:\git\TUnit\TUnit.Assertions.Tests\Assertions\Delegates\Throws.WithMessageTests.cs(28,79): error CS1061: 'Task<Throws.CustomException>' does not contain a definition for 'WithMessage' and no accessible extension method 'WithMessage' accepting a first argument of type 'Task<Throws.CustomException>' could be found (are you missing a using directive or an assembly reference?) [C:\git\TUnit\TUnit.Assertions.Tests\TUnit.Assertions.Tests.csproj::TargetFramework=net9.0]
C:\git\TUnit\TUnit.Assertions.Tests\Assertions\Delegates\Throws.WithMessageTests.cs(31,18): error CS1061: 'Task<Exception>' does not contain a definition for 'WithMessage' and no accessible extension method 'WithMessage' accepting a first argument of type 'Task<Exception>' could be found (are you missing a using directive or an assembly reference?) [C:\git\TUnit\TUnit.Assertions.Tests\TUnit.Assertions.Tests.csproj::TargetFramework=net9.0]
C:\git\TUnit\TUnit.Assertions.Tests\AssertMultipleTests.cs(30,13): error CS0815: Cannot assign void to an implicitly-typed variable [C:\git\TUnit\TUnit.Assertions.Tests\TUnit.Assertions.Tests.csproj::TargetFramework=net9.0]
C:\git\TUnit\TUnit.Assertions.Tests\Assertions\Delegates\Throws.WithMessageTests.cs(42,17): error CS0815: Cannot assign void to an implicitly-typed variable [C:\git\TUnit\TUnit.Assertions.Tests\TUnit.Assertions.Tests.csproj::TargetFramework=net9.0]
C:\git\TUnit\TUnit.Assertions.Tests\AssertMultipleTests.cs(88,14): error CS1061: 'Task<Exception>' does not contain a definition for 'WithMessageContaining' and no accessible extension method 'WithMessageContaining' accepting a first argument of type 'Task<Exception>' could be found (are you missing a using directive or an assembly reference?) [C:\git\TUnit\TUnit.Assertions.Tests\TUnit.Assertions.Tests.csproj::TargetFramework=net9.0]
C:\git\TUnit\TUnit.Assertions.Tests\Assertions\Delegates\Throws.WithMessageMatchingTests.cs(51,79): error CS1061: 'Task<Throws.CustomException>' does not contain a definition for 'WithMessageMatching' and no accessible extension method 'WithMessageMatching' accepting a first argument of type 'Task<Throws.CustomException>' could be found (are you missing a using directive or an assembly reference?) [C:\git\TUnit\TUnit.Assertions.Tests\TUnit.Assertions.Tests.csproj::TargetFramework=net9.0]
C:\git\TUnit\TUnit.Assertions.Tests\Assertions\Delegates\Throws.WithMessageMatchingTests.cs(54,18): error CS1061: 'Task<Exception>' does not contain a definition for 'WithMessage' and no accessible extension method 'WithMessage' accepting a first argument of type 'Task<Exception>' could be found (are you missing a using directive or an assembly reference?) [C:\git\TUnit\TUnit.Assertions.Tests\TUnit.Assertions.Tests.csproj::TargetFramework=net9.0]
C:\git\TUnit\TUnit.Assertions.Tests\Assertions\Delegates\Throws.WithMessageMatchingTests.cs(65,17): error CS0815: Cannot assign void to an implicitly-typed variable [C:\git\TUnit\TUnit.Assertions.Tests\TUnit.Assertions.Tests.csproj::TargetFramework=net9.0]
C:\git\TUnit\TUnit.Assertions.Tests\SimplifiedApiDemo.cs(51,30): error CS1061: 'AssertionBuilder<int>' does not contain a definition for 'Chain' and no accessible extension method 'Chain' accepting a first argument of type 'AssertionBuilder<int>' could be found (are you missing a using directive or an assembly reference?) [C:\git\TUnit\TUnit.Assertions.Tests\TUnit.Assertions.Tests.csproj::TargetFramework=net9.0]
C:\git\TUnit\TUnit.Assertions.Tests\SatisfiesTests.cs(14,33): error CS0029: Cannot implicitly convert type 'string' to 'bool' [C:\git\TUnit\TUnit.Assertions.Tests\TUnit.Assertions.Tests.csproj::TargetFramework=net9.0]
C:\git\TUnit\TUnit.Assertions.Tests\SatisfiesTests.cs(14,33): error CS1662: Cannot convert lambda expression to intended delegate type because some of the return types in the block are not implicitly convertible to the delegate return type [C:\git\TUnit\TUnit.Assertions.Tests\TUnit.Assertions.Tests.csproj::TargetFramework=net9.0]
C:\git\TUnit\TUnit.Assertions.Tests\Assertions\Delegates\Throws.WithMessageMatchingTests.cs(99,18): error CS1061: 'Task<Exception>' does not contain a definition for 'WithMessageMatching' and no accessible extension method 'WithMessageMatching' accepting a first argument of type 'Task<Exception>' could be found (are you missing a using directive or an assembly reference?) [C:\git\TUnit\TUnit.Assertions.Tests\TUnit.Assertions.Tests.csproj::TargetFramework=net9.0]
C:\git\TUnit\TUnit.Assertions.Tests\Assertions\Delegates\Throws.WithMessageMatchingTests.cs(107,58): error CS1061: 'Task<Exception>' does not contain a definition for 'WithMessageMatching' and no accessible extension method 'WithMessageMatching' accepting a first argument of type 'Task<Exception>' could be found (are you missing a using directive or an assembly reference?) [C:\git\TUnit\TUnit.Assertions.Tests\TUnit.Assertions.Tests.csproj::TargetFramework=net9.0]
C:\git\TUnit\TUnit.Assertions.Tests\Assertions\Delegates\Throws.WithMessageMatchingTests.cs(128,18): error CS1061: 'Task<Exception>' does not contain a definition for 'WithMessageMatching' and no accessible extension method 'WithMessageMatching' accepting a first argument of type 'Task<Exception>' could be found (are you missing a using directive or an assembly reference?) [C:\git\TUnit\TUnit.Assertions.Tests\TUnit.Assertions.Tests.csproj::TargetFramework=net9.0]
C:\git\TUnit\TUnit.Assertions.Tests\Assertions\Delegates\Throws.WithMessageMatchingTests.cs(136,58): error CS1061: 'Task<Exception>' does not contain a definition for 'WithMessageMatching' and no accessible extension method 'WithMessageMatching' accepting a first argument of type 'Task<Exception>' could be found (are you missing a using directive or an assembly reference?) [C:\git\TUnit\TUnit.Assertions.Tests\TUnit.Assertions.Tests.csproj::TargetFramework=net9.0]
C:\git\TUnit\TUnit.Assertions.Tests\Assertions\Delegates\Throws.WithMessageMatchingTests.cs(152,18): error CS1061: 'Task<Exception>' does not contain a definition for 'WithMessageMatching' and no accessible extension method 'WithMessageMatching' accepting a first argument of type 'Task<Exception>' could be found (are you missing a using directive or an assembly reference?) [C:\git\TUnit\TUnit.Assertions.Tests\TUnit.Assertions.Tests.csproj::TargetFramework=net9.0]
C:\git\TUnit\TUnit.Assertions.Tests\Assertions\Delegates\Throws.WithMessageMatchingTests.cs(160,58): error CS1061: 'Task<Exception>' does not contain a definition for 'WithMessageMatching' and no accessible extension method 'WithMessageMatching' accepting a first argument of type 'Task<Exception>' could be found (are you missing a using directive or an assembly reference?) [C:\git\TUnit\TUnit.Assertions.Tests\TUnit.Assertions.Tests.csproj::TargetFramework=net9.0]
C:\git\TUnit\TUnit.Assertions.Tests\Assertions\Delegates\Throws.WithInnerExceptionTests.cs(30,18): error CS1061: 'Task<Exception>' does not contain a definition for 'WithInnerException' and no accessible extension method 'WithInnerException' accepting a first argument of type 'Task<Exception>' could be found (are you missing a using directive or an assembly reference?) [C:\git\TUnit\TUnit.Assertions.Tests\TUnit.Assertions.Tests.csproj::TargetFramework=net9.0]
C:\git\TUnit\TUnit.Assertions.Tests\Assertions\Delegates\Throws.WithInnerExceptionTests.cs(33,18): error CS1061: 'Task<Exception>' does not contain a definition for 'WithMessage' and no accessible extension method 'WithMessage' accepting a first argument of type 'Task<Exception>' could be found (are you missing a using directive or an assembly reference?) [C:\git\TUnit\TUnit.Assertions.Tests\TUnit.Assertions.Tests.csproj::TargetFramework=net9.0]
C:\git\TUnit\TUnit.Assertions.Tests\SatisfiesTests.cs(34,33): error CS0029: Cannot implicitly convert type 'TUnit.Assertions.Tests.SatisfiesTests.MyModel' to 'bool' [C:\git\TUnit\TUnit.Assertions.Tests\TUnit.Assertions.Tests.csproj::TargetFramework=net9.0]
C:\git\TUnit\TUnit.Assertions.Tests\SatisfiesTests.cs(34,33): error CS1662: Cannot convert lambda expression to intended delegate type because some of the return types in the block are not implicitly convertible to the delegate return type [C:\git\TUnit\TUnit.Assertions.Tests\TUnit.Assertions.Tests.csproj::TargetFramework=net9.0]
C:\git\TUnit\TUnit.Assertions.Tests\Assertions\Delegates\Throws.WithInnerExceptionTests.cs(44,17): error CS0815: Cannot assign void to an implicitly-typed variable [C:\git\TUnit\TUnit.Assertions.Tests\TUnit.Assertions.Tests.csproj::TargetFramework=net9.0]
C:\git\TUnit\TUnit.Assertions.Tests\SatisfiesTests.cs(52,33): error CS0029: Cannot implicitly convert type 'System.Threading.Tasks.Task<string?>' to 'bool' [C:\git\TUnit\TUnit.Assertions.Tests\TUnit.Assertions.Tests.csproj::TargetFramework=net9.0]
C:\git\TUnit\TUnit.Assertions.Tests\SatisfiesTests.cs(52,33): error CS1662: Cannot convert lambda expression to intended delegate type because some of the return types in the block are not implicitly convertible to the delegate return type [C:\git\TUnit\TUnit.Assertions.Tests\TUnit.Assertions.Tests.csproj::TargetFramework=net9.0]
C:\git\TUnit\TUnit.Assertions.Tests\Assertions\Delegates\Throws.WithInnerExceptionTests.cs(59,18): error CS1061: 'Task<Exception>' does not contain a definition for 'WithInnerException' and no accessible extension method 'WithInnerException' accepting a first argument of type 'Task<Exception>' could be found (are you missing a using directive or an assembly reference?) [C:\git\TUnit\TUnit.Assertions.Tests\TUnit.Assertions.Tests.csproj::TargetFramework=net9.0]
C:\git\TUnit\TUnit.Assertions.Tests\Assertions\Delegates\Throws.OfTypeTests.cs(25,18): error CS1061: 'Task<Exception>' does not contain a definition for 'WithMessage' and no accessible extension method 'WithMessage' accepting a first argument of type 'Task<Exception>' could be found (are you missing a using directive or an assembly reference?) [C:\git\TUnit\TUnit.Assertions.Tests\TUnit.Assertions.Tests.csproj::TargetFramework=net9.0]
C:\git\TUnit\TUnit.Assertions.Tests\Assertions\Delegates\Throws.OfTypeTests.cs(45,18): error CS1061: 'Task<Exception>' does not contain a definition for 'WithMessage' and no accessible extension method 'WithMessage' accepting a first argument of type 'Task<Exception>' could be found (are you missing a using directive or an assembly reference?) [C:\git\TUnit\TUnit.Assertions.Tests\TUnit.Assertions.Tests.csproj::TargetFramework=net9.0]
C:\git\TUnit\TUnit.Assertions.Tests\Assertions\Delegates\Throws.OfTypeTests.cs(64,18): error CS1061: 'Task<Exception>' does not contain a definition for 'WithMessage' and no accessible extension method 'WithMessage' accepting a first argument of type 'Task<Exception>' could be found (are you missing a using directive or an assembly reference?) [C:\git\TUnit\TUnit.Assertions.Tests\TUnit.Assertions.Tests.csproj::TargetFramework=net9.0]
C:\git\TUnit\TUnit.Assertions.Tests\Assertions\Delegates\Throws.OfTypeTests.cs(74,17): error CS0815: Cannot assign void to an implicitly-typed variable [C:\git\TUnit\TUnit.Assertions.Tests\TUnit.Assertions.Tests.csproj::TargetFramework=net9.0]
C:\git\TUnit\TUnit.Assertions.Tests\SatisfiesTests.cs(72,33): error CS0029: Cannot implicitly convert type 'System.Threading.Tasks.Task<TUnit.Assertions.Tests.SatisfiesTests.MyAsyncModel?>' to 'bool' [C:\git\TUnit\TUnit.Assertions.Tests\TUnit.Assertions.Tests.csproj::TargetFramework=net9.0]
C:\git\TUnit\TUnit.Assertions.Tests\SatisfiesTests.cs(72,33): error CS1662: Cannot convert lambda expression to intended delegate type because some of the return types in the block are not implicitly convertible to the delegate return type [C:\git\TUnit\TUnit.Assertions.Tests\TUnit.Assertions.Tests.csproj::TargetFramework=net9.0]
C:\git\TUnit\TUnit.Assertions.Tests\Assertions\Delegates\Throws.NothingTests.cs(25,18): error CS1061: 'Task<Exception>' does not contain a definition for 'WithMessage' and no accessible extension method 'WithMessage' accepting a first argument of type 'Task<Exception>' could be found (are you missing a using directive or an assembly reference?) [C:\git\TUnit\TUnit.Assertions.Tests\TUnit.Assertions.Tests.csproj::TargetFramework=net9.0]
C:\git\TUnit\TUnit.Assertions.Tests\Bugs\Tests1600.cs(22,35): error CS1501: No overload for method 'IsEquivalentTo' takes 2 arguments [C:\git\TUnit\TUnit.Assertions.Tests\TUnit.Assertions.Tests.csproj::TargetFramework=net9.0]
C:\git\TUnit\TUnit.Assertions.Tests\Bugs\Tests2117.cs(49,38): error CS1501: No overload for method 'IsEquivalentTo' takes 2 arguments [C:\git\TUnit\TUnit.Assertions.Tests\TUnit.Assertions.Tests.csproj::TargetFramework=net9.0]
C:\git\TUnit\TUnit.Assertions.Tests\Assertions\Delegates\Throws.NothingTests.cs(45,17): error CS0815: Cannot assign void to an implicitly-typed variable [C:\git\TUnit\TUnit.Assertions.Tests\TUnit.Assertions.Tests.csproj::TargetFramework=net9.0]
C:\git\TUnit\TUnit.Assertions.Tests\Assertions\Delegates\Throws.ExceptionTests.cs(25,18): error CS1061: 'Task<Exception>' does not contain a definition for 'WithMessage' and no accessible extension method 'WithMessage' accepting a first argument of type 'Task<Exception>' could be found (are you missing a using directive or an assembly reference?) [C:\git\TUnit\TUnit.Assertions.Tests\TUnit.Assertions.Tests.csproj::TargetFramework=net9.0]
C:\git\TUnit\TUnit.Assertions.Tests\SatisfiesTests.cs(91,41): error CS0029: Cannot implicitly convert type 'string' to 'bool' [C:\git\TUnit\TUnit.Assertions.Tests\TUnit.Assertions.Tests.csproj::TargetFramework=net9.0]
C:\git\TUnit\TUnit.Assertions.Tests\SatisfiesTests.cs(91,41): error CS1662: Cannot convert lambda expression to intended delegate type because some of the return types in the block are not implicitly convertible to the delegate return type [C:\git\TUnit\TUnit.Assertions.Tests\TUnit.Assertions.Tests.csproj::TargetFramework=net9.0]
C:\git\TUnit\TUnit.Assertions.Tests\Bugs\Tests2117.cs(84,38): error CS1501: No overload for method 'IsNotEquivalentTo' takes 2 arguments [C:\git\TUnit\TUnit.Assertions.Tests\TUnit.Assertions.Tests.csproj::TargetFramework=net9.0]
C:\git\TUnit\TUnit.Assertions.Tests\Bugs\Tests1770.cs(8,13): error CS0815: Cannot assign void to an implicitly-typed variable [C:\git\TUnit\TUnit.Assertions.Tests\TUnit.Assertions.Tests.csproj::TargetFramework=net9.0]
C:\git\TUnit\TUnit.Assertions.Tests\Bugs\Tests1770.cs(16,13): error CS0815: Cannot assign void to an implicitly-typed variable [C:\git\TUnit\TUnit.Assertions.Tests\TUnit.Assertions.Tests.csproj::TargetFramework=net9.0]
C:\git\TUnit\TUnit.Assertions.Tests\Bugs\Tests1877.cs(13,30): error CS1501: No overload for method 'IsEquivalentTo' takes 2 arguments [C:\git\TUnit\TUnit.Assertions.Tests\TUnit.Assertions.Tests.csproj::TargetFramework=net9.0]
C:\git\TUnit\TUnit.Assertions.Tests\Bugs\Tests1877.cs(22,30): error CS1501: No overload for method 'IsEquivalentTo' takes 2 arguments [C:\git\TUnit\TUnit.Assertions.Tests\TUnit.Assertions.Tests.csproj::TargetFramework=net9.0]
C:\git\TUnit\TUnit.Assertions.Tests\Assertions\Delegates\Throws.ExactlyTests.cs(25,18): error CS1061: 'Task<Exception>' does not contain a definition for 'WithMessage' and no accessible extension method 'WithMessage' accepting a first argument of type 'Task<Exception>' could be found (are you missing a using directive or an assembly reference?) [C:\git\TUnit\TUnit.Assertions.Tests\TUnit.Assertions.Tests.csproj::TargetFramework=net9.0]
C:\git\TUnit\TUnit.Assertions.Tests\Assertions\Delegates\Throws.ExactlyTests.cs(45,18): error CS1061: 'Task<Exception>' does not contain a definition for 'WithMessage' and no accessible extension method 'WithMessage' accepting a first argument of type 'Task<Exception>' could be found (are you missing a using directive or an assembly reference?) [C:\git\TUnit\TUnit.Assertions.Tests\TUnit.Assertions.Tests.csproj::TargetFramework=net9.0]
C:\git\TUnit\TUnit.Assertions.Tests\Assertions\Delegates\Throws.ExactlyTests.cs(64,18): error CS1061: 'Task<Exception>' does not contain a definition for 'WithMessage' and no accessible extension method 'WithMessage' accepting a first argument of type 'Task<Exception>' could be found (are you missing a using directive or an assembly reference?) [C:\git\TUnit\TUnit.Assertions.Tests\TUnit.Assertions.Tests.csproj::TargetFramework=net9.0]
C:\git\TUnit\TUnit.Assertions.Tests\EnumerableTests.cs(29,56): error CS8917: The delegate type could not be inferred. [C:\git\TUnit\TUnit.Assertions.Tests\TUnit.Assertions.Tests.csproj::TargetFramework=net9.0]
C:\git\TUnit\TUnit.Assertions.Tests\Bugs\Tests1774.cs(14,14): error CS1061: 'Task<Tests1774.Type2>' does not contain a definition for 'And' and no accessible extension method 'And' accepting a first argument of type 'Task<Tests1774.Type2>' could be found (are you missing a using directive or an assembly reference?) [C:\git\TUnit\TUnit.Assertions.Tests\TUnit.Assertions.Tests.csproj::TargetFramework=net9.0]
C:\git\TUnit\TUnit.Assertions.Tests\Assertions\Delegates\Throws.ExactlyTests.cs(100,18): error CS1061: 'Task<Throws.CustomException>' does not contain a definition for 'And' and no accessible extension method 'And' accepting a first argument of type 'Task<Throws.CustomException>' could be found (are you missing a using directive or an assembly reference?) [C:\git\TUnit\TUnit.Assertions.Tests\TUnit.Assertions.Tests.csproj::TargetFramework=net9.0]
C:\git\TUnit\TUnit.Assertions.Tests\EnumerableTests.cs(40,61): error CS8917: The delegate type could not be inferred. [C:\git\TUnit\TUnit.Assertions.Tests\TUnit.Assertions.Tests.csproj::TargetFramework=net9.0]
C:\git\TUnit\TUnit.Assertions.Tests\EnumerableTests.cs(49,49): error CS1660: Cannot convert lambda expression to type 'int' because it is not a delegate type [C:\git\TUnit\TUnit.Assertions.Tests\TUnit.Assertions.Tests.csproj::TargetFramework=net9.0]
C:\git\TUnit\TUnit.Assertions.Tests\Assertions\Delegates\Throws.ExactlyTests.cs(116,22): error CS1061: 'Task<Exception>' does not contain a definition for 'And' and no accessible extension method 'And' accepting a first argument of type 'Task<Exception>' could be found (are you missing a using directive or an assembly reference?) [C:\git\TUnit\TUnit.Assertions.Tests\TUnit.Assertions.Tests.csproj::TargetFramework=net9.0]
C:\git\TUnit\TUnit.Assertions.Tests\Assertions\Delegates\Throws.ExactlyTests.cs(139,22): error CS1061: 'Task<Throws.CustomException>' does not contain a definition for 'And' and no accessible extension method 'And' accepting a first argument of type 'Task<Throws.CustomException>' could be found (are you missing a using directive or an assembly reference?) [C:\git\TUnit\TUnit.Assertions.Tests\TUnit.Assertions.Tests.csproj::TargetFramework=net9.0]
C:\git\TUnit\TUnit.Assertions.Tests\EnumerableTests.cs(58,65): error CS1660: Cannot convert lambda expression to type 'int' because it is not a delegate type [C:\git\TUnit\TUnit.Assertions.Tests\TUnit.Assertions.Tests.csproj::TargetFramework=net9.0]
C:\git\TUnit\TUnit.Assertions.Tests\EnumerableTests.cs(85,51): error CS8917: The delegate type could not be inferred. [C:\git\TUnit\TUnit.Assertions.Tests\TUnit.Assertions.Tests.csproj::TargetFramework=net9.0]
C:\git\TUnit\TUnit.Assertions.Tests\EnumerableTests.cs(94,67): error CS8917: The delegate type could not be inferred. [C:\git\TUnit\TUnit.Assertions.Tests\TUnit.Assertions.Tests.csproj::TargetFramework=net9.0]
C:\git\TUnit\TUnit.Assertions.Tests\EnumerableTests.cs(151,49): error CS1503: Argument 1: cannot convert from 'System.Collections.IEnumerable' to 'System.Collections.Generic.IEnumerable<object>' [C:\git\TUnit\TUnit.Assertions.Tests\TUnit.Assertions.Tests.csproj::TargetFramework=net9.0]
C:\git\TUnit\TUnit.Assertions.Tests\SatisfiesTests.cs(118,41): error CS0029: Cannot implicitly convert type 'TUnit.Assertions.Tests.SatisfiesTests.MyModel' to 'bool' [C:\git\TUnit\TUnit.Assertions.Tests\TUnit.Assertions.Tests.csproj::TargetFramework=net9.0]
C:\git\TUnit\TUnit.Assertions.Tests\SatisfiesTests.cs(118,41): error CS1662: Cannot convert lambda expression to intended delegate type because some of the return types in the block are not implicitly convertible to the delegate return type [C:\git\TUnit\TUnit.Assertions.Tests\TUnit.Assertions.Tests.csproj::TargetFramework=net9.0]
C:\git\TUnit\TUnit.Assertions.Tests\Helpers\StringDifferenceTests.cs(26,14): error CS1061: 'Task<Exception>' does not contain a definition for 'WithMessage' and no accessible extension method 'WithMessage' accepting a first argument of type 'Task<Exception>' could be found (are you missing a using directive or an assembly reference?) [C:\git\TUnit\TUnit.Assertions.Tests\TUnit.Assertions.Tests.csproj::TargetFramework=net9.0]
C:\git\TUnit\TUnit.Assertions.Tests\Helpers\StringDifferenceTests.cs(50,14): error CS1061: 'Task<Exception>' does not contain a definition for 'WithMessage' and no accessible extension method 'WithMessage' accepting a first argument of type 'Task<Exception>' could be found (are you missing a using directive or an assembly reference?) [C:\git\TUnit\TUnit.Assertions.Tests\TUnit.Assertions.Tests.csproj::TargetFramework=net9.0]
C:\git\TUnit\TUnit.Assertions.Tests\IgnoringTypeEquivalentTests.cs(26,14): error CS7036: There is no argument given that corresponds to the required parameter 'typeToIgnore' of 'ChainingExtensions.IgnoringType<T>(CustomAssertion<T>, Type)' [C:\git\TUnit\TUnit.Assertions.Tests\TUnit.Assertions.Tests.csproj::TargetFramework=net9.0]
C:\git\TUnit\TUnit.Assertions.Tests\SatisfiesTests.cs(154,41): error CS0029: Cannot implicitly convert type 'System.Threading.Tasks.Task<string?>' to 'bool' [C:\git\TUnit\TUnit.Assertions.Tests\TUnit.Assertions.Tests.csproj::TargetFramework=net9.0]
C:\git\TUnit\TUnit.Assertions.Tests\SatisfiesTests.cs(154,41): error CS1662: Cannot convert lambda expression to intended delegate type because some of the return types in the block are not implicitly convertible to the delegate return type [C:\git\TUnit\TUnit.Assertions.Tests\TUnit.Assertions.Tests.csproj::TargetFramework=net9.0]
C:\git\TUnit\TUnit.Assertions.Tests\Helpers\StringDifferenceTests.cs(74,14): error CS1061: 'Task<Exception>' does not contain a definition for 'WithMessage' and no accessible extension method 'WithMessage' accepting a first argument of type 'Task<Exception>' could be found (are you missing a using directive or an assembly reference?) [C:\git\TUnit\TUnit.Assertions.Tests\TUnit.Assertions.Tests.csproj::TargetFramework=net9.0]
C:\git\TUnit\TUnit.Assertions.Tests\Helpers\StringDifferenceTests.cs(98,14): error CS1061: 'Task<Exception>' does not contain a definition for 'WithMessage' and no accessible extension method 'WithMessage' accepting a first argument of type 'Task<Exception>' could be found (are you missing a using directive or an assembly reference?) [C:\git\TUnit\TUnit.Assertions.Tests\TUnit.Assertions.Tests.csproj::TargetFramework=net9.0]
C:\git\TUnit\TUnit.Assertions.Tests\IgnoringTypeEquivalentTests.cs(72,14): error CS7036: There is no argument given that corresponds to the required parameter 'typeToIgnore' of 'ChainingExtensions.IgnoringType<T>(CustomAssertion<T>, Type)' [C:\git\TUnit\TUnit.Assertions.Tests\TUnit.Assertions.Tests.csproj::TargetFramework=net9.0]
C:\git\TUnit\TUnit.Assertions.Tests\NullabilityInferenceTests.cs(13,13): error CS0815: Cannot assign void to an implicitly-typed variable [C:\git\TUnit\TUnit.Assertions.Tests\TUnit.Assertions.Tests.csproj::TargetFramework=net9.0]
C:\git\TUnit\TUnit.Assertions.Tests\IgnoringTypeEquivalentTests.cs(94,14): error CS7036: There is no argument given that corresponds to the required parameter 'typeToIgnore' of 'ChainingExtensions.IgnoringType<T>(CustomAssertion<T>, Type)' [C:\git\TUnit\TUnit.Assertions.Tests\TUnit.Assertions.Tests.csproj::TargetFramework=net9.0]
C:\git\TUnit\TUnit.Assertions.Tests\LazyEvaluationTests.cs(83,47): error CS1061: 'AssertionBuilder<int>' does not contain a definition for 'Chain' and no accessible extension method 'Chain' accepting a first argument of type 'AssertionBuilder<int>' could be found (are you missing a using directive or an assembly reference?) [C:\git\TUnit\TUnit.Assertions.Tests\TUnit.Assertions.Tests.csproj::TargetFramework=net9.0]
C:\git\TUnit\TUnit.Assertions.Tests\IgnoringTypeEquivalentTests.cs(118,14): error CS7036: There is no argument given that corresponds to the required parameter 'typeToIgnore' of 'ChainingExtensions.IgnoringType<T>(CustomAssertion<T>, Type)' [C:\git\TUnit\TUnit.Assertions.Tests\TUnit.Assertions.Tests.csproj::TargetFramework=net9.0]
C:\git\TUnit\TUnit.Assertions.Tests\ParseAssertionTests.cs(11,34): error CS0121: The call is ambiguous between the following methods or properties: 'StringAssertionBuilderExtensions.IsParsableInto<T>(AssertionBuilder<string>)' and 'NullableStringAssertionBuilderExtensions.IsParsableInto<T>(AssertionBuilder<string?>)' [C:\git\TUnit\TUnit.Assertions.Tests\TUnit.Assertions.Tests.csproj::TargetFramework=net9.0]
C:\git\TUnit\TUnit.Assertions.Tests\LazyEvaluationTests.cs(110,52): warning CS8620: Argument of type 'Func<Task<string>>' cannot be used for parameter 'actualValueProvider' of type 'Func<Task<string?>>' in 'StringEqualToAssertion.StringEqualToAssertion(Func<Task<string?>> actualValueProvider, string? expected)' due to differences in the nullability of reference types. [C:\git\TUnit\TUnit.Assertions.Tests\TUnit.Assertions.Tests.csproj::TargetFramework=net9.0]
C:\git\TUnit\TUnit.Assertions.Tests\IgnoringTypeEquivalentTests.cs(141,14): error CS7036: There is no argument given that corresponds to the required parameter 'typeToIgnore' of 'ChainingExtensions.IgnoringType<T>(CustomAssertion<T>, Type)' [C:\git\TUnit\TUnit.Assertions.Tests\TUnit.Assertions.Tests.csproj::TargetFramework=net9.0]
C:\git\TUnit\TUnit.Assertions.Tests\ParseAssertionTests.cs(17,34): error CS0121: The call is ambiguous between the following methods or properties: 'StringAssertionBuilderExtensions.IsNotParsableInto<T>(AssertionBuilder<string>)' and 'NullableStringAssertionBuilderExtensions.IsNotParsableInto<T>(AssertionBuilder<string?>)' [C:\git\TUnit\TUnit.Assertions.Tests\TUnit.Assertions.Tests.csproj::TargetFramework=net9.0]
C:\git\TUnit\TUnit.Assertions.Tests\ParseAssertionTests.cs(24,14): error CS0121: The call is ambiguous between the following methods or properties: 'StringAssertionBuilderExtensions.WhenParsedInto<T>(AssertionBuilder<string>)' and 'NullableStringAssertionBuilderExtensions.WhenParsedInto<T>(AssertionBuilder<string?>)' [C:\git\TUnit\TUnit.Assertions.Tests\TUnit.Assertions.Tests.csproj::TargetFramework=net9.0]
C:\git\TUnit\TUnit.Assertions.Tests\IgnoringTypeEquivalentTests.cs(165,14): error CS7036: There is no argument given that corresponds to the required parameter 'typeToIgnore' of 'ChainingExtensions.IgnoringType<T>(CustomAssertion<T>, Type)' [C:\git\TUnit\TUnit.Assertions.Tests\TUnit.Assertions.Tests.csproj::TargetFramework=net9.0]
C:\git\TUnit\TUnit.Assertions.Tests\LazyEvaluationTests.cs(145,46): error CS1061: 'AssertionBuilder<int>' does not contain a definition for 'Chain' and no accessible extension method 'Chain' accepting a first argument of type 'AssertionBuilder<int>' could be found (are you missing a using directive or an assembly reference?) [C:\git\TUnit\TUnit.Assertions.Tests\TUnit.Assertions.Tests.csproj::TargetFramework=net9.0]
C:\git\TUnit\TUnit.Assertions.Tests\ParseAssertionTests.cs(33,14): error CS0121: The call is ambiguous between the following methods or properties: 'StringAssertionBuilderExtensions.IsParsableInto<T>(AssertionBuilder<string>)' and 'NullableStringAssertionBuilderExtensions.IsParsableInto<T>(AssertionBuilder<string?>)' [C:\git\TUnit\TUnit.Assertions.Tests\TUnit.Assertions.Tests.csproj::TargetFramework=net9.0]
C:\git\TUnit\TUnit.Assertions.Tests\IgnoringTypeEquivalentTests.cs(185,14): error CS7036: There is no argument given that corresponds to the required parameter 'typeToIgnore' of 'ChainingExtensions.IgnoringType<T>(CustomAssertion<T>, Type)' [C:\git\TUnit\TUnit.Assertions.Tests\TUnit.Assertions.Tests.csproj::TargetFramework=net9.0]
C:\git\TUnit\TUnit.Assertions.Tests\ParseAssertionTests.cs(41,14): error CS0121: The call is ambiguous between the following methods or properties: 'StringAssertionBuilderExtensions.IsParsableInto<T>(AssertionBuilder<string>)' and 'NullableStringAssertionBuilderExtensions.IsParsableInto<T>(AssertionBuilder<string?>)' [C:\git\TUnit\TUnit.Assertions.Tests\TUnit.Assertions.Tests.csproj::TargetFramework=net9.0]
C:\git\TUnit\TUnit.Assertions.Tests\ParseAssertionTests.cs(47,41): error CS0121: The call is ambiguous between the following methods or properties: 'StringAssertionBuilderExtensions.IsParsableInto<T>(AssertionBuilder<string>)' and 'NullableStringAssertionBuilderExtensions.IsParsableInto<T>(AssertionBuilder<string?>)' [C:\git\TUnit\TUnit.Assertions.Tests\TUnit.Assertions.Tests.csproj::TargetFramework=net9.0]
C:\git\TUnit\TUnit.Assertions.Tests\LazyEvaluationTests.cs(178,47): error CS1061: 'AssertionBuilder<int>' does not contain a definition for 'Chain' and no accessible extension method 'Chain' accepting a first argument of type 'AssertionBuilder<int>' could be found (are you missing a using directive or an assembly reference?) [C:\git\TUnit\TUnit.Assertions.Tests\TUnit.Assertions.Tests.csproj::TargetFramework=net9.0]
C:\git\TUnit\TUnit.Assertions.Tests\ParseAssertionTests.cs(54,14): error CS0121: The call is ambiguous between the following methods or properties: 'StringAssertionBuilderExtensions.WhenParsedInto<T>(AssertionBuilder<string>)' and 'NullableStringAssertionBuilderExtensions.WhenParsedInto<T>(AssertionBuilder<string?>)' [C:\git\TUnit\TUnit.Assertions.Tests\TUnit.Assertions.Tests.csproj::TargetFramework=net9.0]
C:\git\TUnit\TUnit.Assertions.Tests\Old\DefaultAssertionTests.cs(9,15): warning CS8620: Argument of type 'AssertionBuilder<string?>' cannot be used for parameter 'builder' of type 'AssertionBuilder<string>' in 'CustomAssertion<string> StringAssertionBuilderExtensions.IsDefault(AssertionBuilder<string> builder)' due to differences in the nullability of reference types. [C:\git\TUnit\TUnit.Assertions.Tests\TUnit.Assertions.Tests.csproj::TargetFramework=net9.0]
C:\git\TUnit\TUnit.Assertions.Tests\Old\EqualityComparerTests.cs(20,35): error CS1501: No overload for method 'IsEqualTo' takes 2 arguments [C:\git\TUnit\TUnit.Assertions.Tests\TUnit.Assertions.Tests.csproj::TargetFramework=net9.0]
C:\git\TUnit\TUnit.Assertions.Tests\Old\StringRegexAssertionTests.cs(24,46): error CS1503: Argument 2: cannot convert from 'System.Text.RegularExpressions.Regex' to 'string' [C:\git\TUnit\TUnit.Assertions.Tests\TUnit.Assertions.Tests.csproj::TargetFramework=net9.0]
C:\git\TUnit\TUnit.Assertions.Tests\EnumTests.cs(96,34): error CS0411: The type arguments for method 'EnumAssertionExtensions.HasSameNameAs<TEnum>(AssertionBuilder<TEnum>, TEnum)' cannot be inferred from the usage. Try specifying the type arguments explicitly. [C:\git\TUnit\TUnit.Assertions.Tests\TUnit.Assertions.Tests.csproj::TargetFramework=net9.0]
C:\git\TUnit\TUnit.Assertions.Tests\Old\EqualsAssertionTests.cs(13,14): error CS1061: 'Task<Exception>' does not contain a definition for 'And' and no accessible extension method 'And' accepting a first argument of type 'Task<Exception>' could be found (are you missing a using directive or an assembly reference?) [C:\git\TUnit\TUnit.Assertions.Tests\TUnit.Assertions.Tests.csproj::TargetFramework=net9.0]
C:\git\TUnit\TUnit.Assertions.Tests\Old\StringRegexAssertionTests.cs(37,46): error CS1503: Argument 2: cannot convert from 'System.Text.RegularExpressions.Regex' to 'string' [C:\git\TUnit\TUnit.Assertions.Tests\TUnit.Assertions.Tests.csproj::TargetFramework=net9.0]
C:\git\TUnit\TUnit.Assertions.Tests\Old\ExceptionAssertionTests.cs(10,14): error CS1061: 'Task<Exception>' does not contain a definition for 'WithInnerException' and no accessible extension method 'WithInnerException' accepting a first argument of type 'Task<Exception>' could be found (are you missing a using directive or an assembly reference?) [C:\git\TUnit\TUnit.Assertions.Tests\TUnit.Assertions.Tests.csproj::TargetFramework=net9.0]
C:\git\TUnit\TUnit.Assertions.Tests\Old\EquivalentAssertionTests.cs(47,56): error CS1503: Argument 1: cannot convert from '<anonymous type: string Value>' to 'TUnit.Assertions.Tests.Old.EquivalentAssertionTests.MyClass' [C:\git\TUnit\TUnit.Assertions.Tests\TUnit.Assertions.Tests.csproj::TargetFramework=net9.0]
C:\git\TUnit\TUnit.Assertions.Tests\Old\StringRegexAssertionTests.cs(53,13): error CS0815: Cannot assign void to an implicitly-typed variable [C:\git\TUnit\TUnit.Assertions.Tests\TUnit.Assertions.Tests.csproj::TargetFramework=net9.0]
C:\git\TUnit\TUnit.Assertions.Tests\Old\StringRegexAssertionTests.cs(51,47): warning CS8620: Argument of type 'AssertionBuilder<string?>' cannot be used for parameter 'builder' of type 'AssertionBuilder<string>' in 'CustomAssertion<string> StringAssertionBuilderExtensions.Matches(AssertionBuilder<string> builder, string pattern)' due to differences in the nullability of reference types. [C:\git\TUnit\TUnit.Assertions.Tests\TUnit.Assertions.Tests.csproj::TargetFramework=net9.0]
C:\git\TUnit\TUnit.Assertions.Tests\Old\EquivalentAssertionTests.cs(60,59): error CS1503: Argument 1: cannot convert from '<anonymous type: string Value>' to 'TUnit.Assertions.Tests.Old.EquivalentAssertionTests.MyClass' [C:\git\TUnit\TUnit.Assertions.Tests\TUnit.Assertions.Tests.csproj::TargetFramework=net9.0]
C:\git\TUnit\TUnit.Assertions.Tests\EnumTests.cs(106,38): error CS0411: The type arguments for method 'EnumAssertionExtensions.HasSameNameAs<TEnum>(AssertionBuilder<TEnum>, TEnum)' cannot be inferred from the usage. Try specifying the type arguments explicitly. [C:\git\TUnit\TUnit.Assertions.Tests\TUnit.Assertions.Tests.csproj::TargetFramework=net9.0]
C:\git\TUnit\TUnit.Assertions.Tests\Old\MemberTests.cs(16,53): error CS1660: Cannot convert lambda expression to type 'string' because it is not a delegate type [C:\git\TUnit\TUnit.Assertions.Tests\TUnit.Assertions.Tests.csproj::TargetFramework=net9.0]
C:\git\TUnit\TUnit.Assertions.Tests\EnumTests.cs(116,34): error CS0411: The type arguments for method 'EnumAssertionExtensions.HasSameValueAs<TEnum>(AssertionBuilder<TEnum>, TEnum)' cannot be inferred from the usage. Try specifying the type arguments explicitly. [C:\git\TUnit\TUnit.Assertions.Tests\TUnit.Assertions.Tests.csproj::TargetFramework=net9.0]
C:\git\TUnit\TUnit.Assertions.Tests\Old\EquivalentAssertionTests.cs(70,53): error CS1503: Argument 1: cannot convert from 'int[]' to 'System.Collections.Generic.List<int>' [C:\git\TUnit\TUnit.Assertions.Tests\TUnit.Assertions.Tests.csproj::TargetFramework=net9.0]
C:\git\TUnit\TUnit.Assertions.Tests\Old\EquivalentAssertionTests.cs(80,54): error CS1503: Argument 1: cannot convert from 'System.Collections.Generic.List<int>' to 'int[]' [C:\git\TUnit\TUnit.Assertions.Tests\TUnit.Assertions.Tests.csproj::TargetFramework=net9.0]
C:\git\TUnit\TUnit.Assertions.Tests\Old\StringRegexAssertionTests.cs(77,78): error CS1503: Argument 2: cannot convert from 'System.Text.RegularExpressions.Regex' to 'string' [C:\git\TUnit\TUnit.Assertions.Tests\TUnit.Assertions.Tests.csproj::TargetFramework=net9.0]
C:\git\TUnit\TUnit.Assertions.Tests\Old\StringRegexAssertionTests.cs(79,13): error CS0815: Cannot assign void to an implicitly-typed variable [C:\git\TUnit\TUnit.Assertions.Tests\TUnit.Assertions.Tests.csproj::TargetFramework=net9.0]
C:\git\TUnit\TUnit.Assertions.Tests\Old\MemberTests.cs(29,136): error CS1660: Cannot convert lambda expression to type 'string' because it is not a delegate type [C:\git\TUnit\TUnit.Assertions.Tests\TUnit.Assertions.Tests.csproj::TargetFramework=net9.0]
C:\git\TUnit\TUnit.Assertions.Tests\EnumTests.cs(126,38): error CS0411: The type arguments for method 'EnumAssertionExtensions.HasSameValueAs<TEnum>(AssertionBuilder<TEnum>, TEnum)' cannot be inferred from the usage. Try specifying the type arguments explicitly. [C:\git\TUnit\TUnit.Assertions.Tests\TUnit.Assertions.Tests.csproj::TargetFramework=net9.0]
C:\git\TUnit\TUnit.Assertions.Tests\Old\EquivalentAssertionTests.cs(108,38): error CS1501: No overload for method 'IsEquivalentTo' takes 2 arguments [C:\git\TUnit\TUnit.Assertions.Tests\TUnit.Assertions.Tests.csproj::TargetFramework=net9.0]
C:\git\TUnit\TUnit.Assertions.Tests\EnumTests.cs(136,34): error CS0411: The type arguments for method 'EnumAssertionExtensions.DoesNotHaveSameNameAs<TEnum>(AssertionBuilder<TEnum>, TEnum)' cannot be inferred from the usage. Try specifying the type arguments explicitly. [C:\git\TUnit\TUnit.Assertions.Tests\TUnit.Assertions.Tests.csproj::TargetFramework=net9.0]
C:\git\TUnit\TUnit.Assertions.Tests\Old\StringRegexAssertionTests.cs(107,78): error CS1503: Argument 2: cannot convert from 'System.Text.RegularExpressions.Regex' to 'string' [C:\git\TUnit\TUnit.Assertions.Tests\TUnit.Assertions.Tests.csproj::TargetFramework=net9.0]
C:\git\TUnit\TUnit.Assertions.Tests\Old\StringRegexAssertionTests.cs(109,13): error CS0815: Cannot assign void to an implicitly-typed variable [C:\git\TUnit\TUnit.Assertions.Tests\TUnit.Assertions.Tests.csproj::TargetFramework=net9.0]
C:\git\TUnit\TUnit.Assertions.Tests\Old\EquivalentAssertionTests.cs(118,39): error CS1501: No overload for method 'IsEquivalentTo' takes 2 arguments [C:\git\TUnit\TUnit.Assertions.Tests\TUnit.Assertions.Tests.csproj::TargetFramework=net9.0]
C:\git\TUnit\TUnit.Assertions.Tests\Old\StringAssertionTests.cs(24,15): warning CS8620: Argument of type 'AssertionBuilder<string?>' cannot be used for parameter 'builder' of type 'AssertionBuilder<string>' in 'CustomAssertion<string> StringAssertionBuilderExtensions.IsNullOrEmpty(AssertionBuilder<string> builder)' due to differences in the nullability of reference types. [C:\git\TUnit\TUnit.Assertions.Tests\TUnit.Assertions.Tests.csproj::TargetFramework=net9.0]
C:\git\TUnit\TUnit.Assertions.Tests\Old\MemberTests.cs(51,136): error CS1660: Cannot convert lambda expression to type 'string' because it is not a delegate type [C:\git\TUnit\TUnit.Assertions.Tests\TUnit.Assertions.Tests.csproj::TargetFramework=net9.0]
C:\git\TUnit\TUnit.Assertions.Tests\Old\StringRegexAssertionTests.cs(140,78): error CS1503: Argument 2: cannot convert from 'System.Text.RegularExpressions.Regex' to 'string' [C:\git\TUnit\TUnit.Assertions.Tests\TUnit.Assertions.Tests.csproj::TargetFramework=net9.0]
C:\git\TUnit\TUnit.Assertions.Tests\Old\EquivalentAssertionTests.cs(128,122): error CS1501: No overload for method 'IsEquivalentTo' takes 2 arguments [C:\git\TUnit\TUnit.Assertions.Tests\TUnit.Assertions.Tests.csproj::TargetFramework=net9.0]
C:\git\TUnit\TUnit.Assertions.Tests\Old\DefaultAssertionTests.cs(62,19): warning CS8620: Argument of type 'AssertionBuilder<string?>' cannot be used for parameter 'builder' of type 'AssertionBuilder<string>' in 'CustomAssertion<string> StringAssertionBuilderExtensions.IsNotDefault(AssertionBuilder<string> builder)' due to differences in the nullability of reference types. [C:\git\TUnit\TUnit.Assertions.Tests\TUnit.Assertions.Tests.csproj::TargetFramework=net9.0]
C:\git\TUnit\TUnit.Assertions.Tests\EnumTests.cs(146,38): error CS0411: The type arguments for method 'EnumAssertionExtensions.DoesNotHaveSameNameAs<TEnum>(AssertionBuilder<TEnum>, TEnum)' cannot be inferred from the usage. Try specifying the type arguments explicitly. [C:\git\TUnit\TUnit.Assertions.Tests\TUnit.Assertions.Tests.csproj::TargetFramework=net9.0]
C:\git\TUnit\TUnit.Assertions.Tests\Old\StringRegexAssertionTests.cs(163,51): error CS1503: Argument 2: cannot convert from 'System.Text.RegularExpressions.Regex' to 'string' [C:\git\TUnit\TUnit.Assertions.Tests\TUnit.Assertions.Tests.csproj::TargetFramework=net9.0]
C:\git\TUnit\TUnit.Assertions.Tests\EnumTests.cs(156,34): error CS0411: The type arguments for method 'EnumAssertionExtensions.DoesNotHaveSameValueAs<TEnum>(AssertionBuilder<TEnum>, TEnum)' cannot be inferred from the usage. Try specifying the type arguments explicitly. [C:\git\TUnit\TUnit.Assertions.Tests\TUnit.Assertions.Tests.csproj::TargetFramework=net9.0]
C:\git\TUnit\TUnit.Assertions.Tests\Old\StringEqualsAssertionTests.cs(42,50): warning CS8604: Possible null reference argument for parameter 'expected' in 'GenericEqualToAssertion<string> AssertionBuilder<string>.IsEqualTo(string expected)'. [C:\git\TUnit\TUnit.Assertions.Tests\TUnit.Assertions.Tests.csproj::TargetFramework=net9.0]
C:\git\TUnit\TUnit.Assertions.Tests\Old\StringRegexAssertionTests.cs(176,51): error CS1503: Argument 2: cannot convert from 'System.Text.RegularExpressions.Regex' to 'string' [C:\git\TUnit\TUnit.Assertions.Tests\TUnit.Assertions.Tests.csproj::TargetFramework=net9.0]
C:\git\TUnit\TUnit.Assertions.Tests\Old\StringEqualsAssertionTests.cs(51,15): warning CS8620: Argument of type 'GenericEqualToAssertion<string?>' cannot be used for parameter 'assertion' of type 'GenericEqualToAssertion<string>' in 'StringEqualToAssertion ChainingExtensions.WithNullAndEmptyEquality(GenericEqualToAssertion<string> assertion)' due to differences in the nullability of reference types. [C:\git\TUnit\TUnit.Assertions.Tests\TUnit.Assertions.Tests.csproj::TargetFramework=net9.0]
C:\git\TUnit\TUnit.Assertions.Tests\Old\EquivalentAssertionTests.cs(148,122): error CS1501: No overload for method 'IsEquivalentTo' takes 2 arguments [C:\git\TUnit\TUnit.Assertions.Tests\TUnit.Assertions.Tests.csproj::TargetFramework=net9.0]
C:\git\TUnit\TUnit.Assertions.Tests\Old\MemberTests.cs(68,136): error CS1660: Cannot convert lambda expression to type 'string' because it is not a delegate type [C:\git\TUnit\TUnit.Assertions.Tests\TUnit.Assertions.Tests.csproj::TargetFramework=net9.0]
C:\git\TUnit\TUnit.Assertions.Tests\Old\StringContainsAssertionTests.cs(53,52): error CS0121: The call is ambiguous between the following methods or properties: 'StringAssertionBuilderExtensions.EndsWith(AssertionBuilder<string>, string)' and 'NullableStringAssertionBuilderExtensions.EndsWith(AssertionBuilder<string?>, string)' [C:\git\TUnit\TUnit.Assertions.Tests\TUnit.Assertions.Tests.csproj::TargetFramework=net9.0]
C:\git\TUnit\TUnit.Assertions.Tests\Old\StringAssertionTests.cs(52,15): warning CS8620: Argument of type 'AssertionBuilder<string?>' cannot be used for parameter 'builder' of type 'AssertionBuilder<string>' in 'CustomAssertion<string> StringAssertionBuilderExtensions.IsNullOrWhitespace(AssertionBuilder<string> builder)' due to differences in the nullability of reference types. [C:\git\TUnit\TUnit.Assertions.Tests\TUnit.Assertions.Tests.csproj::TargetFramework=net9.0]
C:\git\TUnit\TUnit.Assertions.Tests\Old\StringRegexAssertionTests.cs(192,13): error CS0815: Cannot assign void to an implicitly-typed variable [C:\git\TUnit\TUnit.Assertions.Tests\TUnit.Assertions.Tests.csproj::TargetFramework=net9.0]
C:\git\TUnit\TUnit.Assertions.Tests\Old\StringRegexAssertionTests.cs(190,47): warning CS8620: Argument of type 'AssertionBuilder<string?>' cannot be used for parameter 'builder' of type 'AssertionBuilder<string>' in 'CustomAssertion<string> StringAssertionBuilderExtensions.DoesNotMatch(AssertionBuilder<string> builder, string pattern)' due to differences in the nullability of reference types. [C:\git\TUnit\TUnit.Assertions.Tests\TUnit.Assertions.Tests.csproj::TargetFramework=net9.0]
C:\git\TUnit\TUnit.Assertions.Tests\Old\EquivalentAssertionTests.cs(171,139): error CS1503: Argument 1: cannot convert from '<anonymous type: string Value>' to 'TUnit.Assertions.Tests.Old.EquivalentAssertionTests.MyClass' [C:\git\TUnit\TUnit.Assertions.Tests\TUnit.Assertions.Tests.csproj::TargetFramework=net9.0]
C:\git\TUnit\TUnit.Assertions.Tests\EnumTests.cs(166,38): error CS0411: The type arguments for method 'EnumAssertionExtensions.DoesNotHaveSameValueAs<TEnum>(AssertionBuilder<TEnum>, TEnum)' cannot be inferred from the usage. Try specifying the type arguments explicitly. [C:\git\TUnit\TUnit.Assertions.Tests\TUnit.Assertions.Tests.csproj::TargetFramework=net9.0]
C:\git\TUnit\TUnit.Assertions.Tests\Old\StringRegexAssertionTests.cs(216,83): error CS1503: Argument 2: cannot convert from 'System.Text.RegularExpressions.Regex' to 'string' [C:\git\TUnit\TUnit.Assertions.Tests\TUnit.Assertions.Tests.csproj::TargetFramework=net9.0]
C:\git\TUnit\TUnit.Assertions.Tests\Old\StringRegexAssertionTests.cs(218,13): error CS0815: Cannot assign void to an implicitly-typed variable [C:\git\TUnit\TUnit.Assertions.Tests\TUnit.Assertions.Tests.csproj::TargetFramework=net9.0]
C:\git\TUnit\TUnit.Assertions.Tests\SatisfiesTests.cs(181,41): error CS0029: Cannot implicitly convert type 'System.Threading.Tasks.Task<TUnit.Assertions.Tests.SatisfiesTests.MyAsyncModel?>' to 'bool' [C:\git\TUnit\TUnit.Assertions.Tests\TUnit.Assertions.Tests.csproj::TargetFramework=net9.0]
C:\git\TUnit\TUnit.Assertions.Tests\SatisfiesTests.cs(181,41): error CS1662: Cannot convert lambda expression to intended delegate type because some of the return types in the block are not implicitly convertible to the delegate return type [C:\git\TUnit\TUnit.Assertions.Tests\TUnit.Assertions.Tests.csproj::TargetFramework=net9.0]
C:\git\TUnit\TUnit.Assertions.Tests\Old\StringRegexAssertionTests.cs(246,83): error CS1503: Argument 2: cannot convert from 'System.Text.RegularExpressions.Regex' to 'string' [C:\git\TUnit\TUnit.Assertions.Tests\TUnit.Assertions.Tests.csproj::TargetFramework=net9.0]
C:\git\TUnit\TUnit.Assertions.Tests\Old\StringRegexAssertionTests.cs(248,13): error CS0815: Cannot assign void to an implicitly-typed variable [C:\git\TUnit\TUnit.Assertions.Tests\TUnit.Assertions.Tests.csproj::TargetFramework=net9.0]
C:\git\TUnit\TUnit.Assertions.Tests\Old\StringEqualsAssertionTests.cs(96,117): warning CS8604: Possible null reference argument for parameter 'expected' in 'GenericEqualToAssertion<string> AssertionBuilder<string>.IsEqualTo(string expected)'. [C:\git\TUnit\TUnit.Assertions.Tests\TUnit.Assertions.Tests.csproj::TargetFramework=net9.0]
C:\git\TUnit\TUnit.Assertions.Tests\SatisfiesTests.cs(211,35): error CS1501: No overload for method 'All' takes 0 arguments [C:\git\TUnit\TUnit.Assertions.Tests\TUnit.Assertions.Tests.csproj::TargetFramework=net9.0]
C:\git\TUnit\TUnit.Assertions.Tests\Old\StringEqualsAssertionTests.cs(105,82): warning CS8620: Argument of type 'GenericEqualToAssertion<string?>' cannot be used for parameter 'assertion' of type 'GenericEqualToAssertion<string>' in 'StringEqualToAssertion ChainingExtensions.WithNullAndEmptyEquality(GenericEqualToAssertion<string> assertion)' due to differences in the nullability of reference types. [C:\git\TUnit\TUnit.Assertions.Tests\TUnit.Assertions.Tests.csproj::TargetFramework=net9.0]
C:\git\TUnit\TUnit.Assertions.Tests\Old\StringRegexAssertionTests.cs(279,83): error CS1503: Argument 2: cannot convert from 'System.Text.RegularExpressions.Regex' to 'string' [C:\git\TUnit\TUnit.Assertions.Tests\TUnit.Assertions.Tests.csproj::TargetFramework=net9.0]
C:\git\TUnit\TUnit.Assertions.Tests\SatisfiesTests.cs(222,35): error CS1501: No overload for method 'All' takes 0 arguments [C:\git\TUnit\TUnit.Assertions.Tests\TUnit.Assertions.Tests.csproj::TargetFramework=net9.0]
C:\git\TUnit\TUnit.Assertions.Tests\Old\EquivalentAssertionTests.cs(451,65): error CS1061: 'CustomAssertion<EquivalentAssertionTests.MyClass>' does not contain a definition for 'IgnoringMember' and no accessible extension method 'IgnoringMember' accepting a first argument of type 'CustomAssertion<EquivalentAssertionTests.MyClass>' could be found (are you missing a using directive or an assembly reference?) [C:\git\TUnit\TUnit.Assertions.Tests\TUnit.Assertions.Tests.csproj::TargetFramework=net9.0]
C:\git\TUnit\TUnit.Assertions.Tests\SatisfiesTests.cs(234,39): error CS1501: No overload for method 'All' takes 0 arguments [C:\git\TUnit\TUnit.Assertions.Tests\TUnit.Assertions.Tests.csproj::TargetFramework=net9.0]
C:\git\TUnit\TUnit.Assertions.Tests\Old\EquivalentAssertionTests.cs(506,58): error CS1503: Argument 1: cannot convert from '<anonymous type: string Value>' to 'TUnit.Assertions.Tests.Old.EquivalentAssertionTests.MyClass' [C:\git\TUnit\TUnit.Assertions.Tests\TUnit.Assertions.Tests.csproj::TargetFramework=net9.0]
C:\git\TUnit\TUnit.Assertions.Tests\Old\EquivalentAssertionTests.cs(538,59): error CS1503: Argument 1: cannot convert from '<anonymous type: string Value>' to 'TUnit.Assertions.Tests.Old.EquivalentAssertionTests.MyClass' [C:\git\TUnit\TUnit.Assertions.Tests\TUnit.Assertions.Tests.csproj::TargetFramework=net9.0]
C:\git\TUnit\TUnit.Assertions.Tests\Old\EquivalentAssertionTests.cs(559,42): error CS1503: Argument 1: cannot convert from '<anonymous type: string Value>' to 'TUnit.Assertions.Tests.Old.EquivalentAssertionTests.MyClass' [C:\git\TUnit\TUnit.Assertions.Tests\TUnit.Assertions.Tests.csproj::TargetFramework=net9.0]
C:\git\TUnit\TUnit.Assertions.Tests\Old\EquivalentAssertionTests.cs(585,58): error CS1503: Argument 1: cannot convert from '<anonymous type: string Value, TUnit.Assertions.Tests.Old.EquivalentAssertionTests.InnerClass Inner>' to 'TUnit.Assertions.Tests.Old.EquivalentAssertionTests.MyClass' [C:\git\TUnit\TUnit.Assertions.Tests\TUnit.Assertions.Tests.csproj::TargetFramework=net9.0]
C:\git\TUnit\TUnit.Assertions.Tests\Old\EquivalentAssertionTests.cs(622,36): error CS1503: Argument 1: cannot convert from '<anonymous type: string Value, TUnit.Assertions.Tests.Old.EquivalentAssertionTests.InnerClass Inner>' to 'TUnit.Assertions.Tests.Old.EquivalentAssertionTests.MyClass' [C:\git\TUnit\TUnit.Assertions.Tests\TUnit.Assertions.Tests.csproj::TargetFramework=net9.0]
C:\git\TUnit\TUnit.Assertions.Tests\Old\EquivalentAssertionTests.cs(642,33): error CS1503: Argument 1: cannot convert from 'TUnit.Assertions.Tests.Old.EquivalentAssertionTests.MyClassWithSingleField' to 'TUnit.Assertions.Tests.Old.EquivalentAssertionTests.MyClassWithMultipleFields' [C:\git\TUnit\TUnit.Assertions.Tests\TUnit.Assertions.Tests.csproj::TargetFramework=net9.0]
C:\git\TUnit\TUnit.Assertions.Tests\Old\EquivalentAssertionTests.cs(671,59): error CS1503: Argument 1: cannot convert from 'TUnit.Assertions.Tests.Old.EquivalentAssertionTests.MyClassWithSingleField' to 'TUnit.Assertions.Tests.Old.EquivalentAssertionTests.MyClassWithMultipleFields' [C:\git\TUnit\TUnit.Assertions.Tests\TUnit.Assertions.Tests.csproj::TargetFramework=net9.0]
C:\git\TUnit\TUnit.Assertions.Tests\Old\EquivalentAssertionTests.cs(689,42): error CS1503: Argument 1: cannot convert from 'TUnit.Assertions.Tests.Old.EquivalentAssertionTests.MyClassWithSingleField' to 'TUnit.Assertions.Tests.Old.EquivalentAssertionTests.MyClassWithMultipleFields' [C:\git\TUnit\TUnit.Assertions.Tests\TUnit.Assertions.Tests.csproj::TargetFramework=net9.0]
C:\git\TUnit\TUnit.Assertions.Tests\SatisfiesTests.cs(247,43): error CS1501: No overload for method 'All' takes 0 arguments [C:\git\TUnit\TUnit.Assertions.Tests\TUnit.Assertions.Tests.csproj::TargetFramework=net9.0]
C:\git\TUnit\TUnit.Assertions.Tests\ParseAssertionTests.cs(11,15): warning TUnitAssertions0005: Assert.That(...) should not be used with a constant value [C:\git\TUnit\TUnit.Assertions.Tests\TUnit.Assertions.Tests.csproj::TargetFramework=net9.0]
C:\git\TUnit\TUnit.Assertions.Tests\ParseAssertionTests.cs(17,15): warning TUnitAssertions0005: Assert.That(...) should not be used with a constant value [C:\git\TUnit\TUnit.Assertions.Tests\TUnit.Assertions.Tests.csproj::TargetFramework=net9.0]
C:\git\TUnit\TUnit.Assertions.Tests\ParseAssertionTests.cs(23,15): warning TUnitAssertions0005: Assert.That(...) should not be used with a constant value [C:\git\TUnit\TUnit.Assertions.Tests\TUnit.Assertions.Tests.csproj::TargetFramework=net9.0]
C:\git\TUnit\TUnit.Assertions.Tests\ParseAssertionTests.cs(32,15): warning TUnitAssertions0005: Assert.That(...) should not be used with a constant value [C:\git\TUnit\TUnit.Assertions.Tests\TUnit.Assertions.Tests.csproj::TargetFramework=net9.0]
C:\git\TUnit\TUnit.Assertions.Tests\ParseAssertionTests.cs(53,15): warning TUnitAssertions0005: Assert.That(...) should not be used with a constant value [C:\git\TUnit\TUnit.Assertions.Tests\TUnit.Assertions.Tests.csproj::TargetFramework=net9.0]
C:\git\TUnit\TUnit.Assertions.Tests\ParseAssertionTests.cs(40,15): warning TUnitAssertions0005: Assert.That(...) should not be used with a constant value [C:\git\TUnit\TUnit.Assertions.Tests\TUnit.Assertions.Tests.csproj::TargetFramework=net9.0]
C:\git\TUnit\TUnit.Assertions.Tests\ParseAssertionTests.cs(47,15): warning TUnitAssertions0005: Assert.That(...) should not be used with a constant value [C:\git\TUnit\TUnit.Assertions.Tests\TUnit.Assertions.Tests.csproj::TargetFramework=net9.0]
  Playground -> C:\git\TUnit\Playground\bin\Debug\net9.0\Playground.dll
  TUnit.Engine.Tests -> C:\git\TUnit\TUnit.Engine.Tests\bin\Debug\net9.0\TUnit.Engine.Tests.dll
  TUnit.Assertions.Analyzers.Tests -> C:\git\TUnit\TUnit.Assertions.Analyzers.Tests\bin\Debug\net9.0\TUnit.Assertions.Analyzers.Tests.dll
  TUnit.TestProject.VB.NET -> C:\git\TUnit\TUnit.TestProject.VB.NET\bin\Debug\net472\TUnit.TestProject.VB.NET.exe
  TUnit.TestProject.VB.NET -> C:\git\TUnit\TUnit.TestProject.VB.NET\bin\Debug\net9.0\TUnit.TestProject.VB.NET.dll
  TUnit.Playwright -> C:\git\TUnit\TUnit.Playwright\bin\Debug\net8.0\TUnit.Playwright.dll
  TUnit.TestProject.VB.NET -> C:\git\TUnit\TUnit.TestProject.VB.NET\bin\Debug\net8.0\TUnit.TestProject.VB.NET.dll
  Playground -> C:\git\TUnit\Playground\bin\Debug\net8.0\Playground.dll
  TUnit.PublicAPI -> C:\git\TUnit\TUnit.PublicAPI\bin\Debug\net9.0\TUnit.PublicAPI.dll
C:\git\TUnit\TUnit.TestProject.FSharp\Tests.fs(17,44): error FS0039: The type 'AssertionBuilder<_>' does not define the field, constructor or member 'IsPositive'. [C:\git\TUnit\TUnit.TestProject.FSharp\TUnit.TestProject.FSharp.fsproj::TargetFramework=net9.0]
  TUnit.PublicAPI -> C:\git\TUnit\TUnit.PublicAPI\bin\Debug\net8.0\TUnit.PublicAPI.dll
  TUnit.TestProject.FSharp -> C:\git\TUnit\TUnit.TestProject.FSharp\bin\Debug\net472\TUnit.TestProject.FSharp.exe
C:\git\TUnit\TUnit.TestProject.FSharp\Tests.fs(17,44): error FS0039: The type 'AssertionBuilder<_>' does not define the field, constructor or member 'IsPositive'. [C:\git\TUnit\TUnit.TestProject.FSharp\TUnit.TestProject.FSharp.fsproj::TargetFramework=net8.0]
C:\git\TUnit\TUnit.TestProject\AbstractBaseClassPropertyInjectionTests.cs(20,27): warning CS8602: Dereference of a possibly null reference. [C:\git\TUnit\TUnit.TestProject\TUnit.TestProject.csproj::TargetFramework=net472]
C:\git\TUnit\TUnit.TestProject\Tests.cs(13,15): warning CS8620: Argument of type 'AssertionBuilder<string?>' cannot be used for parameter 'builder' of type 'AssertionBuilder<string>' in 'StringEqualToAssertion StringAssertionBuilderExtensions.IsEqualTo(AssertionBuilder<string> builder, string? expected, StringComparison comparison)' due to differences in the nullability of reference types. [C:\git\TUnit\TUnit.TestProject\TUnit.TestProject.csproj::TargetFramework=net472]
C:\git\TUnit\TUnit.TestProject\SourceGeneratedViewer\TUnit.Core.SourceGenerator\TUnit.Core.SourceGenerator.Generators.PropertyInjectionSourceGenerator\TUnit_TestProject_PropertyInitializationTests_PropertyInjection.g.cs(39,86): warning CS8669: The annotation for nullable reference types should only be used in code within a '#nullable' annotations context. Auto-generated code requires an explicit '#nullable' directive in source. [C:\git\TUnit\TUnit.TestProject\TUnit.TestProject.csproj::TargetFramework=net472]
C:\git\TUnit\TUnit.TestProject\SourceGeneratedViewer\TUnit.Core.SourceGenerator\TUnit.Core.SourceGenerator.Generators.PropertyInjectionSourceGenerator\TUnit_TestProject_PropertyInitializationTests_PropertyInjection.g.cs(56,97): warning CS8669: The annotation for nullable reference types should only be used in code within a '#nullable' annotations context. Auto-generated code requires an explicit '#nullable' directive in source. [C:\git\TUnit\TUnit.TestProject\TUnit.TestProject.csproj::TargetFramework=net472]
C:\git\TUnit\TUnit.TestProject\AsyncDataSourceExampleTests.cs(7,67): warning CS1998: This async method lacks 'await' operators and will run synchronously. Consider using the 'await' operator to await non-blocking API calls, or 'await Task.Run(...)' to do CPU-bound work on a background thread. [C:\git\TUnit\TUnit.TestProject\TUnit.TestProject.csproj::TargetFramework=net472]
C:\git\TUnit\TUnit.TestProject\AsyncDataSourceExampleTests.cs(59,71): warning CS1998: This async method lacks 'await' operators and will run synchronously. Consider using the 'await' operator to await non-blocking API calls, or 'await Task.Run(...)' to do CPU-bound work on a background thread. [C:\git\TUnit\TUnit.TestProject\TUnit.TestProject.csproj::TargetFramework=net472]
C:\git\TUnit\TUnit.TestProject\Tests.cs(268,13): error CS0815: Cannot assign void to an implicitly-typed variable [C:\git\TUnit\TUnit.TestProject\TUnit.TestProject.csproj::TargetFramework=net472]
C:\git\TUnit\TUnit.TestProject\TestCountVerificationTests.cs(6,45): warning CS9113: Parameter 'value' is unread. [C:\git\TUnit\TUnit.TestProject\TUnit.TestProject.csproj::TargetFramework=net472]
C:\git\TUnit\TUnit.TestProject\TestContextIsolationTests.cs(307,15): warning CS8634: The type 'TUnit.Core.TestContext?' cannot be used as type parameter 'TActual' in the generic type or method 'ReferenceAssertionBuilderExtensions.IsSameReferenceAs<TActual>(AssertionBuilder<TActual>, TActual?)'. Nullability of type argument 'TUnit.Core.TestContext?' doesn't match 'class' constraint. [C:\git\TUnit\TUnit.TestProject\TUnit.TestProject.csproj::TargetFramework=net472]
C:\git\TUnit\TUnit.TestProject\TestContextIsolationTests.cs(317,15): warning CS8634: The type 'TUnit.Core.TestContext?' cannot be used as type parameter 'TActual' in the generic type or method 'ReferenceAssertionBuilderExtensions.IsSameReferenceAs<TActual>(AssertionBuilder<TActual>, TActual?)'. Nullability of type argument 'TUnit.Core.TestContext?' doesn't match 'class' constraint. [C:\git\TUnit\TUnit.TestProject\TUnit.TestProject.csproj::TargetFramework=net472]
C:\git\TUnit\TUnit.TestProject\TestContextIsolationTests.cs(318,15): warning CS8634: The type 'TUnit.Core.TestContext?' cannot be used as type parameter 'TActual' in the generic type or method 'ReferenceAssertionBuilderExtensions.IsSameReferenceAs<TActual>(AssertionBuilder<TActual>, TActual?)'. Nullability of type argument 'TUnit.Core.TestContext?' doesn't match 'class' constraint. [C:\git\TUnit\TUnit.TestProject\TUnit.TestProject.csproj::TargetFramework=net472]
C:\git\TUnit\TUnit.TestProject\TestContextIsolationTests.cs(263,15): warning CS8634: The type 'TUnit.Core.TestContext?' cannot be used as type parameter 'TActual' in the generic type or method 'ReferenceAssertionBuilderExtensions.IsSameReferenceAs<TActual>(AssertionBuilder<TActual>, TActual?)'. Nullability of type argument 'TUnit.Core.TestContext?' doesn't match 'class' constraint. [C:\git\TUnit\TUnit.TestProject\TUnit.TestProject.csproj::TargetFramework=net472]
C:\git\TUnit\TUnit.TestProject\TestContextIsolationTests.cs(159,15): warning CS8634: The type 'TUnit.Core.TestContext?' cannot be used as type parameter 'TActual' in the generic type or method 'ReferenceAssertionBuilderExtensions.IsSameReferenceAs<TActual>(AssertionBuilder<TActual>, TActual?)'. Nullability of type argument 'TUnit.Core.TestContext?' doesn't match 'class' constraint. [C:\git\TUnit\TUnit.TestProject\TUnit.TestProject.csproj::TargetFramework=net472]
C:\git\TUnit\TUnit.TestProject\TestContextIsolationTests.cs(174,15): warning CS8634: The type 'TUnit.Core.TestContext?' cannot be used as type parameter 'TActual' in the generic type or method 'ReferenceAssertionBuilderExtensions.IsSameReferenceAs<TActual>(AssertionBuilder<TActual>, TActual?)'. Nullability of type argument 'TUnit.Core.TestContext?' doesn't match 'class' constraint. [C:\git\TUnit\TUnit.TestProject\TUnit.TestProject.csproj::TargetFramework=net472]
C:\git\TUnit\TUnit.TestProject\TestContextIsolationTests.cs(180,15): warning CS8634: The type 'TUnit.Core.TestContext?' cannot be used as type parameter 'TActual' in the generic type or method 'ReferenceAssertionBuilderExtensions.IsSameReferenceAs<TActual>(AssertionBuilder<TActual>, TActual?)'. Nullability of type argument 'TUnit.Core.TestContext?' doesn't match 'class' constraint. [C:\git\TUnit\TUnit.TestProject\TUnit.TestProject.csproj::TargetFramework=net472]
C:\git\TUnit\TUnit.TestProject\TestContextIsolationTests.cs(185,19): warning CS8634: The type 'TUnit.Core.TestContext?' cannot be used as type parameter 'TActual' in the generic type or method 'ReferenceAssertionBuilderExtensions.IsSameReferenceAs<TActual>(AssertionBuilder<TActual>, TActual?)'. Nullability of type argument 'TUnit.Core.TestContext?' doesn't match 'class' constraint. [C:\git\TUnit\TUnit.TestProject\TUnit.TestProject.csproj::TargetFramework=net472]
C:\git\TUnit\TUnit.TestProject\TestContextIsolationTests.cs(187,19): warning CS8634: The type 'TUnit.Core.TestContext?' cannot be used as type parameter 'TActual' in the generic type or method 'ReferenceAssertionBuilderExtensions.IsSameReferenceAs<TActual>(AssertionBuilder<TActual>, TActual?)'. Nullability of type argument 'TUnit.Core.TestContext?' doesn't match 'class' constraint. [C:\git\TUnit\TUnit.TestProject\TUnit.TestProject.csproj::TargetFramework=net472]
C:\git\TUnit\TUnit.TestProject\TestContextIsolationTests.cs(190,15): warning CS8634: The type 'TUnit.Core.TestContext?' cannot be used as type parameter 'TActual' in the generic type or method 'ReferenceAssertionBuilderExtensions.IsSameReferenceAs<TActual>(AssertionBuilder<TActual>, TActual?)'. Nullability of type argument 'TUnit.Core.TestContext?' doesn't match 'class' constraint. [C:\git\TUnit\TUnit.TestProject\TUnit.TestProject.csproj::TargetFramework=net472]
C:\git\TUnit\TUnit.TestProject\Bugs\1570\Tests.cs(21,23): warning CS1998: This async method lacks 'await' operators and will run synchronously. Consider using the 'await' operator to await non-blocking API calls, or 'await Task.Run(...)' to do CPU-bound work on a background thread. [C:\git\TUnit\TUnit.TestProject\TUnit.TestProject.csproj::TargetFramework=net472]
C:\git\TUnit\TUnit.TestProject\Bugs\_2804\MultipleAfterHooksFailureTests.cs(254,9): warning CS0162: Unreachable code detected [C:\git\TUnit\TUnit.TestProject\TUnit.TestProject.csproj::TargetFramework=net472]
C:\git\TUnit\TUnit.TestProject\Bugs\_2804\MultipleAfterHooksFailureTests.cs(269,9): warning CS0162: Unreachable code detected [C:\git\TUnit\TUnit.TestProject\TUnit.TestProject.csproj::TargetFramework=net472]
C:\git\TUnit\TUnit.TestProject\Bugs\_2804\MultipleAfterHooksFailureTests.cs(285,9): warning CS0162: Unreachable code detected [C:\git\TUnit\TUnit.TestProject\TUnit.TestProject.csproj::TargetFramework=net472]
C:\git\TUnit\TUnit.TestProject\Bugs\1914\SyncHookTests.cs(52,9): warning CS0162: Unreachable code detected [C:\git\TUnit\TUnit.TestProject\TUnit.TestProject.csproj::TargetFramework=net472]
C:\git\TUnit\TUnit.TestProject\Bugs\1914\SyncHookTests.cs(69,9): warning CS0162: Unreachable code detected [C:\git\TUnit\TUnit.TestProject\TUnit.TestProject.csproj::TargetFramework=net472]
C:\git\TUnit\TUnit.TestProject\Bugs\1914\AsyncHookTests.cs(53,9): warning CS0162: Unreachable code detected [C:\git\TUnit\TUnit.TestProject\TUnit.TestProject.csproj::TargetFramework=net472]
C:\git\TUnit\TUnit.TestProject\Bugs\1914\SyncHookTests.cs(86,9): warning CS0162: Unreachable code detected [C:\git\TUnit\TUnit.TestProject\TUnit.TestProject.csproj::TargetFramework=net472]
C:\git\TUnit\TUnit.TestProject\Bugs\1914\AsyncHookTests.cs(71,9): warning CS0162: Unreachable code detected [C:\git\TUnit\TUnit.TestProject\TUnit.TestProject.csproj::TargetFramework=net472]
C:\git\TUnit\TUnit.TestProject\TestContextIsolationTests.cs(197,15): warning CS8634: The type 'TUnit.Core.TestContext?' cannot be used as type parameter 'TActual' in the generic type or method 'ReferenceAssertionBuilderExtensions.IsSameReferenceAs<TActual>(AssertionBuilder<TActual>, TActual?)'. Nullability of type argument 'TUnit.Core.TestContext?' doesn't match 'class' constraint. [C:\git\TUnit\TUnit.TestProject\TUnit.TestProject.csproj::TargetFramework=net472]
C:\git\TUnit\TUnit.TestProject\TestContextIsolationTests.cs(202,19): warning CS8634: The type 'TUnit.Core.TestContext?' cannot be used as type parameter 'TActual' in the generic type or method 'ReferenceAssertionBuilderExtensions.IsSameReferenceAs<TActual>(AssertionBuilder<TActual>, TActual?)'. Nullability of type argument 'TUnit.Core.TestContext?' doesn't match 'class' constraint. [C:\git\TUnit\TUnit.TestProject\TUnit.TestProject.csproj::TargetFramework=net472]
C:\git\TUnit\TUnit.TestProject\TestContextIsolationTests.cs(206,15): warning CS8634: The type 'TUnit.Core.TestContext?' cannot be used as type parameter 'TActual' in the generic type or method 'ReferenceAssertionBuilderExtensions.IsSameReferenceAs<TActual>(AssertionBuilder<TActual>, TActual?)'. Nullability of type argument 'TUnit.Core.TestContext?' doesn't match 'class' constraint. [C:\git\TUnit\TUnit.TestProject\TUnit.TestProject.csproj::TargetFramework=net472]
C:\git\TUnit\TUnit.TestProject\Bugs\1914\SyncHookTests.cs(112,9): warning CS0162: Unreachable code detected [C:\git\TUnit\TUnit.TestProject\TUnit.TestProject.csproj::TargetFramework=net472]
C:\git\TUnit\TUnit.TestProject\Bugs\1914\AsyncHookTests.cs(89,9): warning CS0162: Unreachable code detected [C:\git\TUnit\TUnit.TestProject\TUnit.TestProject.csproj::TargetFramework=net472]
C:\git\TUnit\TUnit.TestProject\Bugs\1914\SyncHookTests.cs(138,9): warning CS0162: Unreachable code detected [C:\git\TUnit\TUnit.TestProject\TUnit.TestProject.csproj::TargetFramework=net472]
C:\git\TUnit\TUnit.TestProject\Bugs\1914\AsyncHookTests.cs(112,9): warning CS0162: Unreachable code detected [C:\git\TUnit\TUnit.TestProject\TUnit.TestProject.csproj::TargetFramework=net472]
C:\git\TUnit\TUnit.TestProject\Bugs\1914\SyncHookTests.cs(171,9): warning CS0162: Unreachable code detected [C:\git\TUnit\TUnit.TestProject\TUnit.TestProject.csproj::TargetFramework=net472]
C:\git\TUnit\TUnit.TestProject\TestContextIsolationTests.cs(51,15): warning CS8634: The type 'TUnit.Core.TestContext?' cannot be used as type parameter 'TActual' in the generic type or method 'ReferenceAssertionBuilderExtensions.IsSameReferenceAs<TActual>(AssertionBuilder<TActual>, TActual?)'. Nullability of type argument 'TUnit.Core.TestContext?' doesn't match 'class' constraint. [C:\git\TUnit\TUnit.TestProject\TUnit.TestProject.csproj::TargetFramework=net472]
C:\git\TUnit\TUnit.TestProject\TestContextIsolationTests.cs(55,59): warning CS8604: Possible null reference argument for parameter 'expected' in 'GenericEqualToAssertion<string> AssertionBuilder<string>.IsEqualTo(string expected)'. [C:\git\TUnit\TUnit.TestProject\TUnit.TestProject.csproj::TargetFramework=net472]
C:\git\TUnit\TUnit.TestProject\Bugs\1914\AsyncHookTests.cs(135,9): warning CS0162: Unreachable code detected [C:\git\TUnit\TUnit.TestProject\TUnit.TestProject.csproj::TargetFramework=net472]
C:\git\TUnit\TUnit.TestProject\Bugs\1914\SyncHookTests.cs(204,9): warning CS0162: Unreachable code detected [C:\git\TUnit\TUnit.TestProject\TUnit.TestProject.csproj::TargetFramework=net472]
C:\git\TUnit\TUnit.TestProject\Bugs\1914\AsyncHookTests.cs(163,9): warning CS0162: Unreachable code detected [C:\git\TUnit\TUnit.TestProject\TUnit.TestProject.csproj::TargetFramework=net472]
C:\git\TUnit\TUnit.TestProject\TestContextIsolationTests.cs(81,15): warning CS8634: The type 'TUnit.Core.TestContext?' cannot be used as type parameter 'TActual' in the generic type or method 'ReferenceAssertionBuilderExtensions.IsSameReferenceAs<TActual>(AssertionBuilder<TActual>, TActual?)'. Nullability of type argument 'TUnit.Core.TestContext?' doesn't match 'class' constraint. [C:\git\TUnit\TUnit.TestProject\TUnit.TestProject.csproj::TargetFramework=net472]
C:\git\TUnit\TUnit.TestProject\TestContextIsolationTests.cs(83,59): warning CS8604: Possible null reference argument for parameter 'expected' in 'GenericEqualToAssertion<string> AssertionBuilder<string>.IsEqualTo(string expected)'. [C:\git\TUnit\TUnit.TestProject\TUnit.TestProject.csproj::TargetFramework=net472]
C:\git\TUnit\TUnit.TestProject\Bugs\1914\SyncHookTests.cs(244,9): warning CS0162: Unreachable code detected [C:\git\TUnit\TUnit.TestProject\TUnit.TestProject.csproj::TargetFramework=net472]
C:\git\TUnit\TUnit.TestProject\Bugs\1914\AsyncHookTests.cs(191,9): warning CS0162: Unreachable code detected [C:\git\TUnit\TUnit.TestProject\TUnit.TestProject.csproj::TargetFramework=net472]
C:\git\TUnit\TUnit.TestProject\TestContextIsolationTests.cs(105,15): warning CS8634: The type 'TUnit.Core.TestContext?' cannot be used as type parameter 'TActual' in the generic type or method 'ReferenceAssertionBuilderExtensions.IsSameReferenceAs<TActual>(AssertionBuilder<TActual>, TActual?)'. Nullability of type argument 'TUnit.Core.TestContext?' doesn't match 'class' constraint. [C:\git\TUnit\TUnit.TestProject\TUnit.TestProject.csproj::TargetFramework=net472]
C:\git\TUnit\TUnit.TestProject\TestContextIsolationTests.cs(107,59): warning CS8604: Possible null reference argument for parameter 'expected' in 'GenericEqualToAssertion<string> AssertionBuilder<string>.IsEqualTo(string expected)'. [C:\git\TUnit\TUnit.TestProject\TUnit.TestProject.csproj::TargetFramework=net472]
C:\git\TUnit\TUnit.TestProject\Bugs\1914\SyncHookTests.cs(293,9): warning CS0162: Unreachable code detected [C:\git\TUnit\TUnit.TestProject\TUnit.TestProject.csproj::TargetFramework=net472]
C:\git\TUnit\TUnit.TestProject\Bugs\1914\AsyncHookTests.cs(224,9): warning CS0162: Unreachable code detected [C:\git\TUnit\TUnit.TestProject\TUnit.TestProject.csproj::TargetFramework=net472]
C:\git\TUnit\TUnit.TestProject\TestContextIsolationTests.cs(125,51): error CS1061: 'AssertionBuilder<int>' does not contain a definition for 'GreaterThanOrEqualTo' and no accessible extension method 'GreaterThanOrEqualTo' accepting a first argument of type 'AssertionBuilder<int>' could be found (are you missing a using directive or an assembly reference?) [C:\git\TUnit\TUnit.TestProject\TUnit.TestProject.csproj::TargetFramework=net472]
C:\git\TUnit\TUnit.TestProject\Bugs\2481\Tests.cs(19,29): error CS8917: The delegate type could not be inferred. [C:\git\TUnit\TUnit.TestProject\TUnit.TestProject.csproj::TargetFramework=net472]
C:\git\TUnit\TUnit.TestProject\Bugs\2481\Tests.cs(20,29): error CS8917: The delegate type could not be inferred. [C:\git\TUnit\TUnit.TestProject\TUnit.TestProject.csproj::TargetFramework=net472]
C:\git\TUnit\TUnit.TestProject\Bugs\2481\Tests.cs(21,29): error CS8917: The delegate type could not be inferred. [C:\git\TUnit\TUnit.TestProject\TUnit.TestProject.csproj::TargetFramework=net472]
C:\git\TUnit\TUnit.TestProject\Bugs\1914\AsyncHookTests.cs(266,9): warning CS0162: Unreachable code detected [C:\git\TUnit\TUnit.TestProject\TUnit.TestProject.csproj::TargetFramework=net472]
C:\git\TUnit\TUnit.TestProject\ClassDataSourceEnumerableTest.cs(6,51): warning CS9113: Parameter 'value' is unread. [C:\git\TUnit\TUnit.TestProject\TUnit.TestProject.csproj::TargetFramework=net472]
C:\git\TUnit\TUnit.TestProject\Bugs\2067\Tests.cs(37,13): error CS0815: Cannot assign void to an implicitly-typed variable [C:\git\TUnit\TUnit.TestProject\TUnit.TestProject.csproj::TargetFramework=net472]
C:\git\TUnit\TUnit.TestProject\Bugs\2955\InheritedDataSourceTests.cs(68,27): warning CS8602: Dereference of a possibly null reference. [C:\git\TUnit\TUnit.TestProject\TUnit.TestProject.csproj::TargetFramework=net472]
C:\git\TUnit\TUnit.TestProject\Bugs\Issue2993\ImplicitConversionTests.cs(27,35): warning CS8600: Converting null literal or possible null value to non-nullable type. [C:\git\TUnit\TUnit.TestProject\TUnit.TestProject.csproj::TargetFramework=net472]
C:\git\TUnit\TUnit.TestProject\Bugs\2935\GenericTests.cs(31,63): error CS1061: 'Task<string>' does not contain a definition for 'And' and no accessible extension method 'And' accepting a first argument of type 'Task<string>' could be found (are you missing a using directive or an assembly reference?) [C:\git\TUnit\TUnit.TestProject\TUnit.TestProject.csproj::TargetFramework=net472]
C:\git\TUnit\TUnit.TestProject\Bugs\Issue2887\ReproTest.cs(16,54): warning CS9113: Parameter 'serviceProvider' is unread. [C:\git\TUnit\TUnit.TestProject\TUnit.TestProject.csproj::TargetFramework=net472]
C:\git\TUnit\TUnit.TestProject\ClassDisplayNameAttributeTests.cs(23,57): warning CS9113: Parameter 'value' is unread. [C:\git\TUnit\TUnit.TestProject\TUnit.TestProject.csproj::TargetFramework=net472]
C:\git\TUnit\TUnit.TestProject\SimpleGenericTests.cs(58,47): warning CS8604: Possible null reference argument for parameter 'expected' in 'GenericNotEqualToAssertion<T> AssertionBuilder<T>.IsNotEqualTo(T expected)'. [C:\git\TUnit\TUnit.TestProject\TUnit.TestProject.csproj::TargetFramework=net472]
C:\git\TUnit\TUnit.TestProject\SimpleGenericTests.cs(59,53): warning CS8604: Possible null reference argument for parameter 'expected' in 'GenericNotEqualToAssertion<T2> AssertionBuilder<T2>.IsNotEqualTo(T2 expected)'. [C:\git\TUnit\TUnit.TestProject\TUnit.TestProject.csproj::TargetFramework=net472]
C:\git\TUnit\TUnit.TestProject\SimpleGenericTests.cs(42,47): warning CS8604: Possible null reference argument for parameter 'expected' in 'GenericNotEqualToAssertion<T> AssertionBuilder<T>.IsNotEqualTo(T expected)'. [C:\git\TUnit\TUnit.TestProject\TUnit.TestProject.csproj::TargetFramework=net472]
C:\git\TUnit\TUnit.TestProject\SimpleGenericTests.cs(26,47): warning CS8604: Possible null reference argument for parameter 'expected' in 'GenericNotEqualToAssertion<T> AssertionBuilder<T>.IsNotEqualTo(T expected)'. [C:\git\TUnit\TUnit.TestProject\TUnit.TestProject.csproj::TargetFramework=net472]
C:\git\TUnit\TUnit.TestProject\SimpleGenericTests.cs(13,47): warning CS8604: Possible null reference argument for parameter 'expected' in 'GenericNotEqualToAssertion<T> AssertionBuilder<T>.IsNotEqualTo(T expected)'. [C:\git\TUnit\TUnit.TestProject\TUnit.TestProject.csproj::TargetFramework=net472]
C:\git\TUnit\TUnit.TestProject\ScopedRetryAttributePriorityTests.cs(63,43): error CS1501: No overload for method 'IsEqualTo' takes 2 arguments [C:\git\TUnit\TUnit.TestProject\TUnit.TestProject.csproj::TargetFramework=net472]
C:\git\TUnit\TUnit.TestProject\ScopedRetryAttributePriorityTests.cs(36,54): error CS1501: No overload for method 'IsEqualTo' takes 2 arguments [C:\git\TUnit\TUnit.TestProject\TUnit.TestProject.csproj::TargetFramework=net472]
C:\git\TUnit\TUnit.TestProject\ScopedRetryAttributePriorityTests.cs(40,53): error CS1501: No overload for method 'IsEqualTo' takes 2 arguments [C:\git\TUnit\TUnit.TestProject\TUnit.TestProject.csproj::TargetFramework=net472]
C:\git\TUnit\TUnit.TestProject\ComprehensiveCountTest.cs(8,44): warning CS9113: Parameter 'classValue' is unread. [C:\git\TUnit\TUnit.TestProject\TUnit.TestProject.csproj::TargetFramework=net472]
C:\git\TUnit\TUnit.TestProject\PropertyInitializationTests.cs(108,91): warning CS1998: This async method lacks 'await' operators and will run synchronously. Consider using the 'await' operator to await non-blocking API calls, or 'await Task.Run(...)' to do CPU-bound work on a background thread. [C:\git\TUnit\TUnit.TestProject\TUnit.TestProject.csproj::TargetFramework=net472]
C:\git\TUnit\TUnit.TestProject\PropertyInitializationTests.cs(98,82): warning CS1998: This async method lacks 'await' operators and will run synchronously. Consider using the 'await' operator to await non-blocking API calls, or 'await Task.Run(...)' to do CPU-bound work on a background thread. [C:\git\TUnit\TUnit.TestProject\TUnit.TestProject.csproj::TargetFramework=net472]
C:\git\TUnit\TUnit.TestProject\CombinedParallelConstraintsTests.cs(253,17): warning CS0219: The variable 'hasOverlap' is assigned but its value is never used [C:\git\TUnit\TUnit.TestProject\TUnit.TestProject.csproj::TargetFramework=net472]
C:\git\TUnit\TUnit.TestProject\DependsOnTests2.cs(29,97): error CS1061: 'Task<Exception>' does not contain a definition for 'WithMessage' and no accessible extension method 'WithMessage' accepting a first argument of type 'Task<Exception>' could be found (are you missing a using directive or an assembly reference?) [C:\git\TUnit\TUnit.TestProject\TUnit.TestProject.csproj::TargetFramework=net472]
C:\git\TUnit\TUnit.TestProject\OverrideResultsTests.cs(21,29): error CS1660: Cannot convert lambda expression to type 'TestContext' because it is not a delegate type [C:\git\TUnit\TUnit.TestProject\TUnit.TestProject.csproj::TargetFramework=net472]
C:\git\TUnit\TUnit.TestProject\DynamicallyRegisteredTests.cs(58,19): warning CS0618: 'TestContext.ReregisterTestWithArguments(object?[]?, Dictionary<string, object?>?)' is obsolete: 'This method is non-functional after the removal of ITestFinder. It will be removed in a future version.' [C:\git\TUnit\TUnit.TestProject\TUnit.TestProject.csproj::TargetFramework=net472]
C:\git\TUnit\TUnit.TestProject\NotInParallelExecutionTests.cs(28,25): warning CS8602: Dereference of a possibly null reference. [C:\git\TUnit\TUnit.TestProject\TUnit.TestProject.csproj::TargetFramework=net472]
C:\git\TUnit\TUnit.TestProject\NotInParallelExecutionTests.cs(53,30): warning CS8602: Dereference of a possibly null reference. [C:\git\TUnit\TUnit.TestProject\TUnit.TestProject.csproj::TargetFramework=net472]
C:\git\TUnit\TUnit.TestProject\NestedClassDataSourceDrivenTests2.cs(33,36): warning CS8618: Non-nullable property 'InnerClass' must contain a non-null value when exiting constructor. Consider adding the 'required' modifier or declaring the property as nullable. [C:\git\TUnit\TUnit.TestProject\TUnit.TestProject.csproj::TargetFramework=net472]
C:\git\TUnit\TUnit.TestProject\MixedDataSourceBugTest.cs(5,41): warning CS9113: Parameter 'classValue' is unread. [C:\git\TUnit\TUnit.TestProject\TUnit.TestProject.csproj::TargetFramework=net472]
C:\git\TUnit\TUnit.TestProject\NestedClassDataSourceDrivenTests3.cs(130,36): warning CS8618: Non-nullable property 'InnerClass' must contain a non-null value when exiting constructor. Consider adding the 'required' modifier or declaring the property as nullable. [C:\git\TUnit\TUnit.TestProject\TUnit.TestProject.csproj::TargetFramework=net472]
C:\git\TUnit\TUnit.TestProject\NestedClassDataSourceDrivenTests3.cs(100,36): warning CS8618: Non-nullable property 'InnerClass' must contain a non-null value when exiting constructor. Consider adding the 'required' modifier or declaring the property as nullable. [C:\git\TUnit\TUnit.TestProject\TUnit.TestProject.csproj::TargetFramework=net472]
C:\git\TUnit\TUnit.TestProject\NestedClassDataSourceDrivenTests3.cs(61,36): warning CS8618: Non-nullable property 'InnerClass' must contain a non-null value when exiting constructor. Consider adding the 'required' modifier or declaring the property as nullable. [C:\git\TUnit\TUnit.TestProject\TUnit.TestProject.csproj::TargetFramework=net472]
C:\git\TUnit\TUnit.TestProject\NestedClassDataSourceDrivenTests3.cs(34,36): warning CS8618: Non-nullable property 'InnerClass' must contain a non-null value when exiting constructor. Consider adding the 'required' modifier or declaring the property as nullable. [C:\git\TUnit\TUnit.TestProject\TUnit.TestProject.csproj::TargetFramework=net472]
C:\git\TUnit\TUnit.TestProject\GenericConstraintValidationTests.cs(173,47): warning CS8604: Possible null reference argument for parameter 'expected' in 'GenericNotEqualToAssertion<T> AssertionBuilder<T>.IsNotEqualTo(T expected)'. [C:\git\TUnit\TUnit.TestProject\TUnit.TestProject.csproj::TargetFramework=net472]
C:\git\TUnit\TUnit.TestProject\GenericConstraintValidationTests.cs(160,51): warning CS8625: Cannot convert null literal to non-nullable reference type. [C:\git\TUnit\TUnit.TestProject\TUnit.TestProject.csproj::TargetFramework=net472]
C:\git\TUnit\TUnit.TestProject\GenericConstraintValidationTests.cs(66,47): warning CS8625: Cannot convert null literal to non-nullable reference type. [C:\git\TUnit\TUnit.TestProject\TUnit.TestProject.csproj::TargetFramework=net472]
C:\git\TUnit\TUnit.TestProject\GenericConstraintValidationTests.cs(126,47): warning CS8604: Possible null reference argument for parameter 'expected' in 'GenericNotEqualToAssertion<T> AssertionBuilder<T>.IsNotEqualTo(T expected)'. [C:\git\TUnit\TUnit.TestProject\TUnit.TestProject.csproj::TargetFramework=net472]
C:\git\TUnit\TUnit.TestProject\Bugs\_2804\HookCleanupOnFailureTests.cs(16,24): warning CS0414: The field 'HookCleanupOnFailureTests._beforeAssemblyCount' is assigned but its value is never used [C:\git\TUnit\TUnit.TestProject\TUnit.TestProject.csproj::TargetFramework=net472]
C:\git\TUnit\TUnit.TestProject\Bugs\_2804\MultipleAfterHooksFailureTests.cs(124,25): warning CS0414: The field 'MultipleAfterClassHooksTests._testsExecuted' is assigned but its value is never used [C:\git\TUnit\TUnit.TestProject\TUnit.TestProject.csproj::TargetFramework=net472]
C:\git\TUnit\TUnit.TestProject\Bugs\_2804\HookExceptionHandlingTests.cs(14,25): warning CS0414: The field 'HookExceptionHandlingTests._afterAssemblyExecuted' is assigned but its value is never used [C:\git\TUnit\TUnit.TestProject\TUnit.TestProject.csproj::TargetFramework=net472]
C:\git\TUnit\TUnit.TestProject\Bugs\_2804\HookCleanupOnFailureTests.cs(17,24): warning CS0414: The field 'HookCleanupOnFailureTests._afterAssemblyCount' is assigned but its value is never used [C:\git\TUnit\TUnit.TestProject\TUnit.TestProject.csproj::TargetFramework=net472]
C:\git\TUnit\TUnit.TestProject\DynamicTests\Runtime.cs(13,17): warning TUnit0014: Public method missing [Test] attribute - add attribute or make method private/protected [C:\git\TUnit\TUnit.TestProject\TUnit.TestProject.csproj::TargetFramework=net472]
C:\git\TUnit\TUnit.TestProject\CallEventReceiverTests.cs(34,28): warning TUnit0014: Public method missing [Test] attribute - add attribute or make method private/protected [C:\git\TUnit\TUnit.TestProject\TUnit.TestProject.csproj::TargetFramework=net472]
C:\git\TUnit\TUnit.TestProject\VerifyFixTest.cs(11,27): warning TUnit0300: Generic test method with data source may not be AOT-compatible. All generic type combinations must be known at compile time. [C:\git\TUnit\TUnit.TestProject\TUnit.TestProject.csproj::TargetFramework=net472]
C:\git\TUnit\TUnit.TestProject\AllDataSourcesCombinedTestsVerification.cs(40,30): warning TUnit0042: Global hooks should not be mixed with test classes to avoid confusion. Place them in their own class. [C:\git\TUnit\TUnit.TestProject\TUnit.TestProject.csproj::TargetFramework=net472]
C:\git\TUnit\TUnit.TestProject\AllDataSourcesCombinedTests.cs(40,30): warning TUnit0042: Global hooks should not be mixed with test classes to avoid confusion. Place them in their own class. [C:\git\TUnit\TUnit.TestProject\TUnit.TestProject.csproj::TargetFramework=net472]
C:\git\TUnit\TUnit.TestProject\ArgumentsWithClassDataSourceTests.cs(29,30): warning TUnit0042: Global hooks should not be mixed with test classes to avoid confusion. Place them in their own class. [C:\git\TUnit\TUnit.TestProject\TUnit.TestProject.csproj::TargetFramework=net472]
C:\git\TUnit\TUnit.TestProject\TestMixedGenericParameters.cs(8,23): warning TUnit0300: Generic test method with data source may not be AOT-compatible. All generic type combinations must be known at compile time. [C:\git\TUnit\TUnit.TestProject\TUnit.TestProject.csproj::TargetFramework=net472]
C:\git\TUnit\TUnit.TestProject\Bugs\_2804\TestSpecificAfterHooksTests.cs(234,30): warning TUnit0042: Global hooks should not be mixed with test classes to avoid confusion. Place them in their own class. [C:\git\TUnit\TUnit.TestProject\TUnit.TestProject.csproj::TargetFramework=net472]
C:\git\TUnit\TUnit.TestProject\Bugs\_2804\TestSpecificAfterHooksTests.cs(249,30): warning TUnit0042: Global hooks should not be mixed with test classes to avoid confusion. Place them in their own class. [C:\git\TUnit\TUnit.TestProject\TUnit.TestProject.csproj::TargetFramework=net472]
C:\git\TUnit\TUnit.TestProject\Bugs\_2804\TestSpecificAfterHooksTests.cs(264,30): warning TUnit0042: Global hooks should not be mixed with test classes to avoid confusion. Place them in their own class. [C:\git\TUnit\TUnit.TestProject\TUnit.TestProject.csproj::TargetFramework=net472]
C:\git\TUnit\TUnit.TestProject\Bugs\_2804\TestSpecificAfterHooksTests.cs(219,30): warning TUnit0042: Global hooks should not be mixed with test classes to avoid confusion. Place them in their own class. [C:\git\TUnit\TUnit.TestProject\TUnit.TestProject.csproj::TargetFramework=net472]
C:\git\TUnit\TUnit.TestProject\Bugs\_2804\TestSpecificAfterHooksTests.cs(279,30): warning TUnit0042: Global hooks should not be mixed with test classes to avoid confusion. Place them in their own class. [C:\git\TUnit\TUnit.TestProject\TUnit.TestProject.csproj::TargetFramework=net472]
C:\git\TUnit\TUnit.TestProject\Bugs\_2804\MultipleAfterHooksFailureTests.cs(377,30): warning TUnit0042: Global hooks should not be mixed with test classes to avoid confusion. Place them in their own class. [C:\git\TUnit\TUnit.TestProject\TUnit.TestProject.csproj::TargetFramework=net472]
C:\git\TUnit\TUnit.TestProject\Bugs\_2804\MultipleAfterHooksFailureTests.cs(388,30): warning TUnit0042: Global hooks should not be mixed with test classes to avoid confusion. Place them in their own class. [C:\git\TUnit\TUnit.TestProject\TUnit.TestProject.csproj::TargetFramework=net472]
C:\git\TUnit\TUnit.TestProject\Bugs\_2804\MultipleAfterHooksFailureTests.cs(400,30): warning TUnit0042: Global hooks should not be mixed with test classes to avoid confusion. Place them in their own class. [C:\git\TUnit\TUnit.TestProject\TUnit.TestProject.csproj::TargetFramework=net472]
C:\git\TUnit\TUnit.TestProject\Bugs\_2804\MultipleAfterHooksFailureTests.cs(435,30): warning TUnit0042: Global hooks should not be mixed with test classes to avoid confusion. Place them in their own class. [C:\git\TUnit\TUnit.TestProject\TUnit.TestProject.csproj::TargetFramework=net472]
C:\git\TUnit\TUnit.TestProject\CallEventReceiverTests.cs(25,30): warning TUnit0042: Global hooks should not be mixed with test classes to avoid confusion. Place them in their own class. [C:\git\TUnit\TUnit.TestProject\TUnit.TestProject.csproj::TargetFramework=net472]
C:\git\TUnit\TUnit.TestProject\Bugs\_2804\MultipleAfterHooksFailureTests.cs(423,30): warning TUnit0042: Global hooks should not be mixed with test classes to avoid confusion. Place them in their own class. [C:\git\TUnit\TUnit.TestProject\TUnit.TestProject.csproj::TargetFramework=net472]
C:\git\TUnit\TUnit.TestProject\Bugs\_2804\MultipleAfterHooksFailureTests.cs(446,24): warning TUnit0042: Global hooks should not be mixed with test classes to avoid confusion. Place them in their own class. [C:\git\TUnit\TUnit.TestProject\TUnit.TestProject.csproj::TargetFramework=net472]
C:\git\TUnit\TUnit.TestProject\Bugs\_2804\MultipleAfterHooksFailureTests.cs(412,30): warning TUnit0042: Global hooks should not be mixed with test classes to avoid confusion. Place them in their own class. [C:\git\TUnit\TUnit.TestProject\TUnit.TestProject.csproj::TargetFramework=net472]
C:\git\TUnit\TUnit.TestProject\Bugs\_2804\MultipleAfterHooksFailureTests.cs(316,30): warning TUnit0042: Global hooks should not be mixed with test classes to avoid confusion. Place them in their own class. [C:\git\TUnit\TUnit.TestProject\TUnit.TestProject.csproj::TargetFramework=net472]
C:\git\TUnit\TUnit.TestProject\Bugs\_2804\MultipleAfterHooksFailureTests.cs(327,30): warning TUnit0042: Global hooks should not be mixed with test classes to avoid confusion. Place them in their own class. [C:\git\TUnit\TUnit.TestProject\TUnit.TestProject.csproj::TargetFramework=net472]
C:\git\TUnit\TUnit.TestProject\Bugs\_2804\MultipleAfterHooksFailureTests.cs(338,30): warning TUnit0042: Global hooks should not be mixed with test classes to avoid confusion. Place them in their own class. [C:\git\TUnit\TUnit.TestProject\TUnit.TestProject.csproj::TargetFramework=net472]
C:\git\TUnit\TUnit.TestProject\Bugs\_2804\MultipleAfterHooksFailureTests.cs(349,24): warning TUnit0042: Global hooks should not be mixed with test classes to avoid confusion. Place them in their own class. [C:\git\TUnit\TUnit.TestProject\TUnit.TestProject.csproj::TargetFramework=net472]
C:\git\TUnit\TUnit.TestProject\Bugs\_2804\HookExceptionHandlingTests.cs(197,24): warning TUnit0042: Global hooks should not be mixed with test classes to avoid confusion. Place them in their own class. [C:\git\TUnit\TUnit.TestProject\TUnit.TestProject.csproj::TargetFramework=net472]
C:\git\TUnit\TUnit.TestProject\Bugs\_2804\HookExceptionHandlingTests.cs(52,24): warning TUnit0042: Global hooks should not be mixed with test classes to avoid confusion. Place them in their own class. [C:\git\TUnit\TUnit.TestProject\TUnit.TestProject.csproj::TargetFramework=net472]
C:\git\TUnit\TUnit.TestProject\Bugs\_2804\HookExceptionHandlingTests.cs(69,24): warning TUnit0042: Global hooks should not be mixed with test classes to avoid confusion. Place them in their own class. [C:\git\TUnit\TUnit.TestProject\TUnit.TestProject.csproj::TargetFramework=net472]
C:\git\TUnit\TUnit.TestProject\Bugs\_2804\HookExceptionHandlingTests.cs(106,24): warning TUnit0042: Global hooks should not be mixed with test classes to avoid confusion. Place them in their own class. [C:\git\TUnit\TUnit.TestProject\TUnit.TestProject.csproj::TargetFramework=net472]
C:\git\TUnit\TUnit.TestProject\Bugs\_2804\HookCleanupOnFailureTests.cs(200,24): warning TUnit0042: Global hooks should not be mixed with test classes to avoid confusion. Place them in their own class. [C:\git\TUnit\TUnit.TestProject\TUnit.TestProject.csproj::TargetFramework=net472]
C:\git\TUnit\TUnit.TestProject\Bugs\_2804\HookCleanupOnFailureTests.cs(178,24): warning TUnit0042: Global hooks should not be mixed with test classes to avoid confusion. Place them in their own class. [C:\git\TUnit\TUnit.TestProject\TUnit.TestProject.csproj::TargetFramework=net472]
C:\git\TUnit\TUnit.TestProject\Bugs\_2804\HookCleanupOnFailureTests.cs(171,24): warning TUnit0042: Global hooks should not be mixed with test classes to avoid confusion. Place them in their own class. [C:\git\TUnit\TUnit.TestProject\TUnit.TestProject.csproj::TargetFramework=net472]
C:\git\TUnit\TUnit.TestProject\Bugs\_2804\HookCleanupOnFailureTests.cs(113,24): warning TUnit0042: Global hooks should not be mixed with test classes to avoid confusion. Place them in their own class. [C:\git\TUnit\TUnit.TestProject\TUnit.TestProject.csproj::TargetFramework=net472]
C:\git\TUnit\TUnit.TestProject\Bugs\_2804\HookCleanupOnFailureTests.cs(102,24): warning TUnit0042: Global hooks should not be mixed with test classes to avoid confusion. Place them in their own class. [C:\git\TUnit\TUnit.TestProject\TUnit.TestProject.csproj::TargetFramework=net472]
C:\git\TUnit\TUnit.TestProject\ClassDataSourceDrivenTestsSharedKeyed2.cs(41,30): warning TUnit0042: Global hooks should not be mixed with test classes to avoid confusion. Place them in their own class. [C:\git\TUnit\TUnit.TestProject\TUnit.TestProject.csproj::TargetFramework=net472]
C:\git\TUnit\TUnit.TestProject\Bugs\_2804\HookCleanupOnFailureTests.cs(31,24): warning TUnit0042: Global hooks should not be mixed with test classes to avoid confusion. Place them in their own class. [C:\git\TUnit\TUnit.TestProject\TUnit.TestProject.csproj::TargetFramework=net472]
C:\git\TUnit\TUnit.TestProject\Bugs\_2804\HookCleanupOnFailureTests.cs(20,24): warning TUnit0042: Global hooks should not be mixed with test classes to avoid confusion. Place them in their own class. [C:\git\TUnit\TUnit.TestProject\TUnit.TestProject.csproj::TargetFramework=net472]
C:\git\TUnit\TUnit.TestProject\ClassDataSourceDrivenTestsSharedKeyed3.cs(41,30): warning TUnit0042: Global hooks should not be mixed with test classes to avoid confusion. Place them in their own class. [C:\git\TUnit\TUnit.TestProject\TUnit.TestProject.csproj::TargetFramework=net472]
C:\git\TUnit\TUnit.TestProject\Bugs\_2804\CriticalHookChainExecutionTests.cs(322,30): warning TUnit0042: Global hooks should not be mixed with test classes to avoid confusion. Place them in their own class. [C:\git\TUnit\TUnit.TestProject\TUnit.TestProject.csproj::TargetFramework=net472]
C:\git\TUnit\TUnit.TestProject\Bugs\_2804\CriticalHookChainExecutionTests.cs(346,30): warning TUnit0042: Global hooks should not be mixed with test classes to avoid confusion. Place them in their own class. [C:\git\TUnit\TUnit.TestProject\TUnit.TestProject.csproj::TargetFramework=net472]
C:\git\TUnit\TUnit.TestProject\Bugs\2136\Tests.cs(14,23): warning TUnit0300: Generic test method with data source may not be AOT-compatible. All generic type combinations must be known at compile time. [C:\git\TUnit\TUnit.TestProject\TUnit.TestProject.csproj::TargetFramework=net472]
C:\git\TUnit\TUnit.TestProject\Bugs\_2804\CriticalHookChainExecutionTests.cs(358,24): warning TUnit0042: Global hooks should not be mixed with test classes to avoid confusion. Place them in their own class. [C:\git\TUnit\TUnit.TestProject\TUnit.TestProject.csproj::TargetFramework=net472]
C:\git\TUnit\TUnit.TestProject\Bugs\2798\Tests.cs(16,36): warning TUnit0046: Return a `Func<T>` rather than a `<T>`. [C:\git\TUnit\TUnit.TestProject\TUnit.TestProject.csproj::TargetFramework=net472]
C:\git\TUnit\TUnit.TestProject\Bugs\2757\Tests.cs(20,41): warning TUnit0046: Return a `Func<T>` rather than a `<T>`. [C:\git\TUnit\TUnit.TestProject\TUnit.TestProject.csproj::TargetFramework=net472]
C:\git\TUnit\TUnit.TestProject\Bugs\_2804\CriticalHookChainExecutionTests.cs(256,30): warning TUnit0042: Global hooks should not be mixed with test classes to avoid confusion. Place them in their own class. [C:\git\TUnit\TUnit.TestProject\TUnit.TestProject.csproj::TargetFramework=net472]
C:\git\TUnit\TUnit.TestProject\Bugs\_2804\CriticalHookChainExecutionTests.cs(223,30): warning TUnit0042: Global hooks should not be mixed with test classes to avoid confusion. Place them in their own class. [C:\git\TUnit\TUnit.TestProject\TUnit.TestProject.csproj::TargetFramework=net472]
C:\git\TUnit\TUnit.TestProject\Bugs\2867\DisposalNotCalledTests.cs(267,30): warning TUnit0042: Global hooks should not be mixed with test classes to avoid confusion. Place them in their own class. [C:\git\TUnit\TUnit.TestProject\TUnit.TestProject.csproj::TargetFramework=net472]
C:\git\TUnit\TUnit.TestProject\Bugs\_2804\CriticalHookChainExecutionTests.cs(127,30): warning TUnit0042: Global hooks should not be mixed with test classes to avoid confusion. Place them in their own class. [C:\git\TUnit\TUnit.TestProject\TUnit.TestProject.csproj::TargetFramework=net472]
C:\git\TUnit\TUnit.TestProject\Bugs\_2804\CriticalHookChainExecutionTests.cs(59,30): warning TUnit0042: Global hooks should not be mixed with test classes to avoid confusion. Place them in their own class. [C:\git\TUnit\TUnit.TestProject\TUnit.TestProject.csproj::TargetFramework=net472]
C:\git\TUnit\TUnit.TestProject\Bugs\_2804\CriticalHookChainExecutionTests.cs(101,30): warning TUnit0042: Global hooks should not be mixed with test classes to avoid confusion. Place them in their own class. [C:\git\TUnit\TUnit.TestProject\TUnit.TestProject.csproj::TargetFramework=net472]
C:\git\TUnit\TUnit.TestProject\Bugs\HookOrchestratorDeadlockTests.cs(153,30): warning TUnit0042: Global hooks should not be mixed with test classes to avoid confusion. Place them in their own class. [C:\git\TUnit\TUnit.TestProject\TUnit.TestProject.csproj::TargetFramework=net472]
C:\git\TUnit\TUnit.TestProject\Bugs\HookOrchestratorDeadlockTests.cs(163,30): warning TUnit0042: Global hooks should not be mixed with test classes to avoid confusion. Place them in their own class. [C:\git\TUnit\TUnit.TestProject\TUnit.TestProject.csproj::TargetFramework=net472]
C:\git\TUnit\TUnit.TestProject\Bugs\3185\BugRepro3185.cs(88,19): warning TUnitAssertions0005: Assert.That(...) should not be used with a constant value [C:\git\TUnit\TUnit.TestProject\TUnit.TestProject.csproj::TargetFramework=net472]
C:\git\TUnit\TUnit.TestProject\Bugs\HookOrchestratorDeadlockTests.cs(90,30): warning TUnit0042: Global hooks should not be mixed with test classes to avoid confusion. Place them in their own class. [C:\git\TUnit\TUnit.TestProject\TUnit.TestProject.csproj::TargetFramework=net472]
C:\git\TUnit\TUnit.TestProject\Bugs\HookOrchestratorDeadlockTests.cs(80,30): warning TUnit0042: Global hooks should not be mixed with test classes to avoid confusion. Place them in their own class. [C:\git\TUnit\TUnit.TestProject\TUnit.TestProject.csproj::TargetFramework=net472]
C:\git\TUnit\TUnit.TestProject\SmartInferenceTests.cs(27,23): warning TUnit0300: Generic test method with data source may not be AOT-compatible. All generic type combinations must be known at compile time. [C:\git\TUnit\TUnit.TestProject\TUnit.TestProject.csproj::TargetFramework=net472]
C:\git\TUnit\TUnit.TestProject\ClassDataSourceWithMethodDataSourceTests.cs(35,30): warning TUnit0042: Global hooks should not be mixed with test classes to avoid confusion. Place them in their own class. [C:\git\TUnit\TUnit.TestProject\TUnit.TestProject.csproj::TargetFramework=net472]
C:\git\TUnit\TUnit.TestProject\SmartInferenceTests.cs(11,23): warning TUnit0300: Generic test method with data source may not be AOT-compatible. All generic type combinations must be known at compile time. [C:\git\TUnit\TUnit.TestProject\TUnit.TestProject.csproj::TargetFramework=net472]
C:\git\TUnit\TUnit.TestProject\Bugs\Issue2504CollectionExpressionTest.cs(62,30): warning TUnit0042: Global hooks should not be mixed with test classes to avoid confusion. Place them in their own class. [C:\git\TUnit\TUnit.TestProject\TUnit.TestProject.csproj::TargetFramework=net472]
C:\git\TUnit\TUnit.TestProject\SimpleTupleTest.cs(11,56): warning TUnit0301: Tuple parameter 'value' uses reflection which is not AOT-compatible. Consider using concrete types instead of tuples. [C:\git\TUnit\TUnit.TestProject\TUnit.TestProject.csproj::TargetFramework=net472]
C:\git\TUnit\TUnit.TestProject\SimpleStaticTest.cs(9,15): warning TUnitAssertions0005: Assert.That(...) should not be used with a constant value [C:\git\TUnit\TUnit.TestProject\TUnit.TestProject.csproj::TargetFramework=net472]
C:\git\TUnit\TUnit.TestProject\SimpleHookTest.cs(28,24): warning TUnit0042: Global hooks should not be mixed with test classes to avoid confusion. Place them in their own class. [C:\git\TUnit\TUnit.TestProject\TUnit.TestProject.csproj::TargetFramework=net472]
C:\git\TUnit\TUnit.TestProject\SimpleHookTest.cs(23,24): warning TUnit0042: Global hooks should not be mixed with test classes to avoid confusion. Place them in their own class. [C:\git\TUnit\TUnit.TestProject\TUnit.TestProject.csproj::TargetFramework=net472]
C:\git\TUnit\TUnit.TestProject\SimpleGenericTests.cs(56,23): warning TUnit0300: Generic test method with data source may not be AOT-compatible. All generic type combinations must be known at compile time. [C:\git\TUnit\TUnit.TestProject\TUnit.TestProject.csproj::TargetFramework=net472]
C:\git\TUnit\TUnit.TestProject\SimpleGenericTests.cs(23,23): warning TUnit0300: Generic test method with data source may not be AOT-compatible. All generic type combinations must be known at compile time. [C:\git\TUnit\TUnit.TestProject\TUnit.TestProject.csproj::TargetFramework=net472]
C:\git\TUnit\TUnit.TestProject\SimpleGenericTests.cs(11,23): warning TUnit0300: Generic test method with data source may not be AOT-compatible. All generic type combinations must be known at compile time. [C:\git\TUnit\TUnit.TestProject\TUnit.TestProject.csproj::TargetFramework=net472]
C:\git\TUnit\TUnit.TestProject\RunOnSkipTests.cs(52,15): warning TUnitAssertions0005: Assert.That(...) should not be used with a constant value [C:\git\TUnit\TUnit.TestProject\TUnit.TestProject.csproj::TargetFramework=net472]
C:\git\TUnit\TUnit.TestProject\RunOnSkipTests.cs(38,15): warning TUnitAssertions0005: Assert.That(...) should not be used with a constant value [C:\git\TUnit\TUnit.TestProject\TUnit.TestProject.csproj::TargetFramework=net472]
C:\git\TUnit\TUnit.TestProject\FailFastTest.cs(10,15): warning TUnitAssertions0005: Assert.That(...) should not be used with a constant value [C:\git\TUnit\TUnit.TestProject\TUnit.TestProject.csproj::TargetFramework=net472]
C:\git\TUnit\TUnit.TestProject\NestedTupleTest.cs(16,64): warning TUnit0301: Tuple parameter 'data' uses reflection which is not AOT-compatible. Consider using concrete types instead of tuples. [C:\git\TUnit\TUnit.TestProject\TUnit.TestProject.csproj::TargetFramework=net472]
C:\git\TUnit\TUnit.TestProject\NestedTupleTest.cs(8,71): warning TUnit0301: Tuple parameter 'data2' uses reflection which is not AOT-compatible. Consider using concrete types instead of tuples. [C:\git\TUnit\TUnit.TestProject\TUnit.TestProject.csproj::TargetFramework=net472]
C:\git\TUnit\TUnit.TestProject\NestedTupleDataSourceTests.cs(12,73): warning TUnit0301: Tuple parameter 'value2' uses reflection which is not AOT-compatible. Consider using concrete types instead of tuples. [C:\git\TUnit\TUnit.TestProject\TUnit.TestProject.csproj::TargetFramework=net472]
C:\git\TUnit\TUnit.TestProject\NestedTupleDataSourceTests.cs(32,67): warning TUnit0301: Tuple parameter 'value1' uses reflection which is not AOT-compatible. Consider using concrete types instead of tuples. [C:\git\TUnit\TUnit.TestProject\TUnit.TestProject.csproj::TargetFramework=net472]
C:\git\TUnit\TUnit.TestProject\NestedTupleDataSourceTests.cs(32,86): warning TUnit0301: Tuple parameter 'value2' uses reflection which is not AOT-compatible. Consider using concrete types instead of tuples. [C:\git\TUnit\TUnit.TestProject\TUnit.TestProject.csproj::TargetFramework=net472]
C:\git\TUnit\TUnit.TestProject\NestedTupleDataSourceTests.cs(43,86): warning TUnit0301: Tuple parameter 'value2' uses reflection which is not AOT-compatible. Consider using concrete types instead of tuples. [C:\git\TUnit\TUnit.TestProject\TUnit.TestProject.csproj::TargetFramework=net472]
C:\git\TUnit\TUnit.TestProject\NestedTupleDataSourceTests.cs(54,82): warning TUnit0301: Tuple parameter 'value2' uses reflection which is not AOT-compatible. Consider using concrete types instead of tuples. [C:\git\TUnit\TUnit.TestProject\TUnit.TestProject.csproj::TargetFramework=net472]
C:\git\TUnit\TUnit.TestProject\NestedTupleDataSourceTests.cs(64,86): warning TUnit0301: Tuple parameter 'value2' uses reflection which is not AOT-compatible. Consider using concrete types instead of tuples. [C:\git\TUnit\TUnit.TestProject\TUnit.TestProject.csproj::TargetFramework=net472]
C:\git\TUnit\TUnit.TestProject\NestedTupleDataSourceTests.cs(121,45): warning TUnit0046: Return a `Func<T>` rather than a `<T>`. [C:\git\TUnit\TUnit.TestProject\TUnit.TestProject.csproj::TargetFramework=net472]
C:\git\TUnit\TUnit.TestProject\NestedTupleDataSourceTests.cs(74,83): warning TUnit0301: Tuple parameter 'value2' uses reflection which is not AOT-compatible. Consider using concrete types instead of tuples. [C:\git\TUnit\TUnit.TestProject\TUnit.TestProject.csproj::TargetFramework=net472]
C:\git\TUnit\TUnit.TestProject\NestedTupleDataSourceTests.cs(84,88): warning TUnit0301: Tuple parameter 'value2' uses reflection which is not AOT-compatible. Consider using concrete types instead of tuples. [C:\git\TUnit\TUnit.TestProject\TUnit.TestProject.csproj::TargetFramework=net472]
C:\git\TUnit\TUnit.TestProject\MinimalDiscoveryTest.cs(8,15): warning TUnitAssertions0005: Assert.That(...) should not be used with a constant value [C:\git\TUnit\TUnit.TestProject\TUnit.TestProject.csproj::TargetFramework=net472]
C:\git\TUnit\TUnit.TestProject\MultipleClassDataGeneratorsTests.cs(26,30): warning TUnit0042: Global hooks should not be mixed with test classes to avoid confusion. Place them in their own class. [C:\git\TUnit\TUnit.TestProject\TUnit.TestProject.csproj::TargetFramework=net472]
C:\git\TUnit\TUnit.TestProject\MultipleDataSourcesTests.cs(29,30): warning TUnit0042: Global hooks should not be mixed with test classes to avoid confusion. Place them in their own class. [C:\git\TUnit\TUnit.TestProject\TUnit.TestProject.csproj::TargetFramework=net472]
C:\git\TUnit\TUnit.TestProject\MethodDataSourceWithArgumentsTests.cs(35,30): warning TUnit0042: Global hooks should not be mixed with test classes to avoid confusion. Place them in their own class. [C:\git\TUnit\TUnit.TestProject\TUnit.TestProject.csproj::TargetFramework=net472]
C:\git\TUnit\TUnit.TestProject\NestedTupleDataSourceTests.cs(22,65): warning TUnit0301: Tuple parameter 'value' uses reflection which is not AOT-compatible. Consider using concrete types instead of tuples. [C:\git\TUnit\TUnit.TestProject\TUnit.TestProject.csproj::TargetFramework=net472]
C:\git\TUnit\TUnit.TestProject\HookGeneratorTest.cs(9,24): warning TUnit0042: Global hooks should not be mixed with test classes to avoid confusion. Place them in their own class. [C:\git\TUnit\TUnit.TestProject\TUnit.TestProject.csproj::TargetFramework=net472]
C:\git\TUnit\TUnit.TestProject\HookGeneratorTest.cs(15,30): warning TUnit0042: Global hooks should not be mixed with test classes to avoid confusion. Place them in their own class. [C:\git\TUnit\TUnit.TestProject\TUnit.TestProject.csproj::TargetFramework=net472]
C:\git\TUnit\TUnit.TestProject\HookExecutorTests.cs(13,30): warning TUnit0042: Global hooks should not be mixed with test classes to avoid confusion. Place them in their own class. [C:\git\TUnit\TUnit.TestProject\TUnit.TestProject.csproj::TargetFramework=net472]
C:\git\TUnit\TUnit.TestProject\HookExecutorTests.cs(26,30): warning TUnit0042: Global hooks should not be mixed with test classes to avoid confusion. Place them in their own class. [C:\git\TUnit\TUnit.TestProject\TUnit.TestProject.csproj::TargetFramework=net472]
C:\git\TUnit\TUnit.TestProject\HookExecutorTests.cs(35,30): warning TUnit0042: Global hooks should not be mixed with test classes to avoid confusion. Place them in their own class. [C:\git\TUnit\TUnit.TestProject\TUnit.TestProject.csproj::TargetFramework=net472]
C:\git\TUnit\TUnit.TestProject\GenericTypedDataSourceTests.cs(70,23): warning TUnit0300: Generic test method with data source may not be AOT-compatible. All generic type combinations must be known at compile time. [C:\git\TUnit\TUnit.TestProject\TUnit.TestProject.csproj::TargetFramework=net472]
C:\git\TUnit\TUnit.TestProject\GenericTypedDataSourceTests.cs(41,23): warning TUnit0300: Generic test method with data source may not be AOT-compatible. All generic type combinations must be known at compile time. [C:\git\TUnit\TUnit.TestProject\TUnit.TestProject.csproj::TargetFramework=net472]
C:\git\TUnit\TUnit.TestProject\GenericTypeTests.cs(79,23): warning TUnit0300: Generic test method with data source may not be AOT-compatible. All generic type combinations must be known at compile time. [C:\git\TUnit\TUnit.TestProject\TUnit.TestProject.csproj::TargetFramework=net472]
C:\git\TUnit\TUnit.TestProject\GenericTypeTests.cs(20,23): warning TUnit0300: Generic test method with data source may not be AOT-compatible. All generic type combinations must be known at compile time. [C:\git\TUnit\TUnit.TestProject\TUnit.TestProject.csproj::TargetFramework=net472]
C:\git\TUnit\TUnit.TestProject\HookExecutorTests.cs(54,30): warning TUnit0042: Global hooks should not be mixed with test classes to avoid confusion. Place them in their own class. [C:\git\TUnit\TUnit.TestProject\TUnit.TestProject.csproj::TargetFramework=net472]
C:\git\TUnit\TUnit.TestProject\HookExecutorTests.cs(63,30): warning TUnit0042: Global hooks should not be mixed with test classes to avoid confusion. Place them in their own class. [C:\git\TUnit\TUnit.TestProject\TUnit.TestProject.csproj::TargetFramework=net472]
C:\git\TUnit\TUnit.TestProject\GenericMatrixTests.cs(63,23): warning TUnit0300: Generic test method with data source may not be AOT-compatible. All generic type combinations must be known at compile time. [C:\git\TUnit\TUnit.TestProject\TUnit.TestProject.csproj::TargetFramework=net472]
C:\git\TUnit\TUnit.TestProject\GenericTypeTests.cs(52,23): warning TUnit0300: Generic test method with data source may not be AOT-compatible. All generic type combinations must be known at compile time. [C:\git\TUnit\TUnit.TestProject\TUnit.TestProject.csproj::TargetFramework=net472]
C:\git\TUnit\TUnit.TestProject\GenericTestExample.cs(15,17): warning TUnit0300: Generic test method with data source may not be AOT-compatible. All generic type combinations must be known at compile time. [C:\git\TUnit\TUnit.TestProject\TUnit.TestProject.csproj::TargetFramework=net472]
C:\git\TUnit\TUnit.TestProject\GenericTypeTests.cs(61,23): warning TUnit0300: Generic test method with data source may not be AOT-compatible. All generic type combinations must be known at compile time. [C:\git\TUnit\TUnit.TestProject\TUnit.TestProject.csproj::TargetFramework=net472]
C:\git\TUnit\TUnit.TestProject\GenericTypedDataSourceTests.cs(57,23): warning TUnit0300: Generic test method with data source may not be AOT-compatible. All generic type combinations must be known at compile time. [C:\git\TUnit\TUnit.TestProject\TUnit.TestProject.csproj::TargetFramework=net472]
C:\git\TUnit\TUnit.TestProject\GenericTypeTests.cs(9,23): warning TUnit0300: Generic test method with data source may not be AOT-compatible. All generic type combinations must be known at compile time. [C:\git\TUnit\TUnit.TestProject\TUnit.TestProject.csproj::TargetFramework=net472]
C:\git\TUnit\TUnit.TestProject\GenericMatrixTests.cs(73,23): warning TUnit0300: Generic test method with data source may not be AOT-compatible. All generic type combinations must be known at compile time. [C:\git\TUnit\TUnit.TestProject\TUnit.TestProject.csproj::TargetFramework=net472]
C:\git\TUnit\TUnit.TestProject\GenericTypedDataSourceTests.cs(49,23): warning TUnit0300: Generic test method with data source may not be AOT-compatible. All generic type combinations must be known at compile time. [C:\git\TUnit\TUnit.TestProject\TUnit.TestProject.csproj::TargetFramework=net472]
C:\git\TUnit\TUnit.TestProject\GenericInstanceMethodDataSourceTests.cs(59,23): warning TUnit0300: Generic test method with data source may not be AOT-compatible. All generic type combinations must be known at compile time. [C:\git\TUnit\TUnit.TestProject\TUnit.TestProject.csproj::TargetFramework=net472]
C:\git\TUnit\TUnit.TestProject\GenericInheritsTestVerification.cs(15,17): warning TUnit0300: Generic test method with data source may not be AOT-compatible. All generic type combinations must be known at compile time. [C:\git\TUnit\TUnit.TestProject\TUnit.TestProject.csproj::TargetFramework=net472]
C:\git\TUnit\TUnit.TestProject\GenericConstraintValidationTests.cs(171,23): warning TUnit0300: Generic test method with data source may not be AOT-compatible. All generic type combinations must be known at compile time. [C:\git\TUnit\TUnit.TestProject\TUnit.TestProject.csproj::TargetFramework=net472]
C:\git\TUnit\TUnit.TestProject\GenericConstraintValidationTests.cs(155,23): warning TUnit0300: Generic test method with data source may not be AOT-compatible. All generic type combinations must be known at compile time. [C:\git\TUnit\TUnit.TestProject\TUnit.TestProject.csproj::TargetFramework=net472]
C:\git\TUnit\TUnit.TestProject\GenericMatrixTests.cs(22,23): warning TUnit0300: Generic test method with data source may not be AOT-compatible. All generic type combinations must be known at compile time. [C:\git\TUnit\TUnit.TestProject\TUnit.TestProject.csproj::TargetFramework=net472]
C:\git\TUnit\TUnit.TestProject\GenericInstanceMethodDataSourceTests.cs(26,23): warning TUnit0300: Generic test method with data source may not be AOT-compatible. All generic type combinations must be known at compile time. [C:\git\TUnit\TUnit.TestProject\TUnit.TestProject.csproj::TargetFramework=net472]
C:\git\TUnit\TUnit.TestProject\GenericConstraintValidationTests.cs(140,23): warning TUnit0300: Generic test method with data source may not be AOT-compatible. All generic type combinations must be known at compile time. [C:\git\TUnit\TUnit.TestProject\TUnit.TestProject.csproj::TargetFramework=net472]
C:\git\TUnit\TUnit.TestProject\GenericConstraintValidationTests.cs(63,23): warning TUnit0300: Generic test method with data source may not be AOT-compatible. All generic type combinations must be known at compile time. [C:\git\TUnit\TUnit.TestProject\TUnit.TestProject.csproj::TargetFramework=net472]
C:\git\TUnit\TUnit.TestProject\GenericInstanceMethodDataSourceTests.cs(15,23): warning TUnit0300: Generic test method with data source may not be AOT-compatible. All generic type combinations must be known at compile time. [C:\git\TUnit\TUnit.TestProject\TUnit.TestProject.csproj::TargetFramework=net472]
C:\git\TUnit\TUnit.TestProject\GenericConstraintValidationTests.cs(124,23): warning TUnit0300: Generic test method with data source may not be AOT-compatible. All generic type combinations must be known at compile time. [C:\git\TUnit\TUnit.TestProject\TUnit.TestProject.csproj::TargetFramework=net472]
C:\git\TUnit\TUnit.TestProject\GenericConstraintValidationTests.cs(73,23): warning TUnit0300: Generic test method with data source may not be AOT-compatible. All generic type combinations must be known at compile time. [C:\git\TUnit\TUnit.TestProject\TUnit.TestProject.csproj::TargetFramework=net472]
C:\git\TUnit\TUnit.TestProject\GenericMatrixTests.cs(36,23): warning TUnit0300: Generic test method with data source may not be AOT-compatible. All generic type combinations must be known at compile time. [C:\git\TUnit\TUnit.TestProject\TUnit.TestProject.csproj::TargetFramework=net472]
C:\git\TUnit\TUnit.TestProject\HookExecutorTests.cs(43,30): warning TUnit0042: Global hooks should not be mixed with test classes to avoid confusion. Place them in their own class. [C:\git\TUnit\TUnit.TestProject\TUnit.TestProject.csproj::TargetFramework=net472]
C:\git\TUnit\TUnit.TestProject\GenericConstraintValidationTests.cs(82,23): warning TUnit0300: Generic test method with data source may not be AOT-compatible. All generic type combinations must be known at compile time. [C:\git\TUnit\TUnit.TestProject\TUnit.TestProject.csproj::TargetFramework=net472]
C:\git\TUnit\TUnit.TestProject\GenericMatrixTests.cs(47,23): warning TUnit0300: Generic test method with data source may not be AOT-compatible. All generic type combinations must be known at compile time. [C:\git\TUnit\TUnit.TestProject\TUnit.TestProject.csproj::TargetFramework=net472]
C:\git\TUnit\TUnit.TestProject\GenericMatrixTests.cs(11,23): warning TUnit0300: Generic test method with data source may not be AOT-compatible. All generic type combinations must be known at compile time. [C:\git\TUnit\TUnit.TestProject\TUnit.TestProject.csproj::TargetFramework=net472]
C:\git\TUnit\TUnit.TestProject\GenericMethodTests.cs(11,17): warning TUnit0300: Generic test method with data source may not be AOT-compatible. All generic type combinations must be known at compile time. [C:\git\TUnit\TUnit.TestProject\TUnit.TestProject.csproj::TargetFramework=net472]
C:\git\TUnit\TUnit.TestProject\GenericConstraintValidationTests.cs(92,23): warning TUnit0300: Generic test method with data source may not be AOT-compatible. All generic type combinations must be known at compile time. [C:\git\TUnit\TUnit.TestProject\TUnit.TestProject.csproj::TargetFramework=net472]
C:\git\TUnit\TUnit.TestProject\HookExecutorTests.cs(110,30): warning TUnit0042: Global hooks should not be mixed with test classes to avoid confusion. Place them in their own class. [C:\git\TUnit\TUnit.TestProject\TUnit.TestProject.csproj::TargetFramework=net472]
C:\git\TUnit\TUnit.TestProject\GenericConstraintValidationTests.cs(101,23): warning TUnit0300: Generic test method with data source may not be AOT-compatible. All generic type combinations must be known at compile time. [C:\git\TUnit\TUnit.TestProject\TUnit.TestProject.csproj::TargetFramework=net472]
C:\git\TUnit\TUnit.TestProject\GenericConstraintValidationTests.cs(110,23): warning TUnit0300: Generic test method with data source may not be AOT-compatible. All generic type combinations must be known at compile time. [C:\git\TUnit\TUnit.TestProject\TUnit.TestProject.csproj::TargetFramework=net472]
C:\git\TUnit\TUnit.TestProject\HookExecutorTests.cs(123,30): warning TUnit0042: Global hooks should not be mixed with test classes to avoid confusion. Place them in their own class. [C:\git\TUnit\TUnit.TestProject\TUnit.TestProject.csproj::TargetFramework=net472]
C:\git\TUnit\TUnit.TestProject\AbstractBaseClassPropertyInjectionTests.cs(20,27): warning CS8602: Dereference of a possibly null reference. [C:\git\TUnit\TUnit.TestProject\TUnit.TestProject.csproj::TargetFramework=net9.0]
C:\git\TUnit\TUnit.TestProject\Tests.cs(13,15): warning CS8620: Argument of type 'AssertionBuilder<string?>' cannot be used for parameter 'builder' of type 'AssertionBuilder<string>' in 'StringEqualToAssertion StringAssertionBuilderExtensions.IsEqualTo(AssertionBuilder<string> builder, string? expected, StringComparison comparison)' due to differences in the nullability of reference types. [C:\git\TUnit\TUnit.TestProject\TUnit.TestProject.csproj::TargetFramework=net9.0]
C:\git\TUnit\TUnit.TestProject\SourceGeneratedViewer\TUnit.Core.SourceGenerator\TUnit.Core.SourceGenerator.Generators.PropertyInjectionSourceGenerator\TUnit_TestProject_PropertyInitializationTests_PropertyInjection.g.cs(39,86): warning CS8669: The annotation for nullable reference types should only be used in code within a '#nullable' annotations context. Auto-generated code requires an explicit '#nullable' directive in source. [C:\git\TUnit\TUnit.TestProject\TUnit.TestProject.csproj::TargetFramework=net9.0]
C:\git\TUnit\TUnit.TestProject\SourceGeneratedViewer\TUnit.Core.SourceGenerator\TUnit.Core.SourceGenerator.Generators.PropertyInjectionSourceGenerator\TUnit_TestProject_PropertyInitializationTests_PropertyInjection.g.cs(56,97): warning CS8669: The annotation for nullable reference types should only be used in code within a '#nullable' annotations context. Auto-generated code requires an explicit '#nullable' directive in source. [C:\git\TUnit\TUnit.TestProject\TUnit.TestProject.csproj::TargetFramework=net9.0]
C:\git\TUnit\TUnit.TestProject\Tests.cs(268,13): error CS0815: Cannot assign void to an implicitly-typed variable [C:\git\TUnit\TUnit.TestProject\TUnit.TestProject.csproj::TargetFramework=net9.0]
C:\git\TUnit\TUnit.TestProject\TestCountVerificationTests.cs(6,45): warning CS9113: Parameter 'value' is unread. [C:\git\TUnit\TUnit.TestProject\TUnit.TestProject.csproj::TargetFramework=net9.0]
C:\git\TUnit\TUnit.TestProject\TestContextIsolationTests.cs(307,15): warning CS8634: The type 'TUnit.Core.TestContext?' cannot be used as type parameter 'TActual' in the generic type or method 'ReferenceAssertionBuilderExtensions.IsSameReferenceAs<TActual>(AssertionBuilder<TActual>, TActual?)'. Nullability of type argument 'TUnit.Core.TestContext?' doesn't match 'class' constraint. [C:\git\TUnit\TUnit.TestProject\TUnit.TestProject.csproj::TargetFramework=net9.0]
C:\git\TUnit\TUnit.TestProject\TestContextIsolationTests.cs(317,15): warning CS8634: The type 'TUnit.Core.TestContext?' cannot be used as type parameter 'TActual' in the generic type or method 'ReferenceAssertionBuilderExtensions.IsSameReferenceAs<TActual>(AssertionBuilder<TActual>, TActual?)'. Nullability of type argument 'TUnit.Core.TestContext?' doesn't match 'class' constraint. [C:\git\TUnit\TUnit.TestProject\TUnit.TestProject.csproj::TargetFramework=net9.0]
C:\git\TUnit\TUnit.TestProject\TestContextIsolationTests.cs(318,15): warning CS8634: The type 'TUnit.Core.TestContext?' cannot be used as type parameter 'TActual' in the generic type or method 'ReferenceAssertionBuilderExtensions.IsSameReferenceAs<TActual>(AssertionBuilder<TActual>, TActual?)'. Nullability of type argument 'TUnit.Core.TestContext?' doesn't match 'class' constraint. [C:\git\TUnit\TUnit.TestProject\TUnit.TestProject.csproj::TargetFramework=net9.0]
C:\git\TUnit\TUnit.TestProject\AsyncDataSourceExampleTests.cs(7,67): warning CS1998: This async method lacks 'await' operators and will run synchronously. Consider using the 'await' operator to await non-blocking API calls, or 'await Task.Run(...)' to do CPU-bound work on a background thread. [C:\git\TUnit\TUnit.TestProject\TUnit.TestProject.csproj::TargetFramework=net9.0]
C:\git\TUnit\TUnit.TestProject\TestContextIsolationTests.cs(263,15): warning CS8634: The type 'TUnit.Core.TestContext?' cannot be used as type parameter 'TActual' in the generic type or method 'ReferenceAssertionBuilderExtensions.IsSameReferenceAs<TActual>(AssertionBuilder<TActual>, TActual?)'. Nullability of type argument 'TUnit.Core.TestContext?' doesn't match 'class' constraint. [C:\git\TUnit\TUnit.TestProject\TUnit.TestProject.csproj::TargetFramework=net9.0]
C:\git\TUnit\TUnit.TestProject\TestContextIsolationTests.cs(159,15): warning CS8634: The type 'TUnit.Core.TestContext?' cannot be used as type parameter 'TActual' in the generic type or method 'ReferenceAssertionBuilderExtensions.IsSameReferenceAs<TActual>(AssertionBuilder<TActual>, TActual?)'. Nullability of type argument 'TUnit.Core.TestContext?' doesn't match 'class' constraint. [C:\git\TUnit\TUnit.TestProject\TUnit.TestProject.csproj::TargetFramework=net9.0]
C:\git\TUnit\TUnit.TestProject\AsyncDataSourceExampleTests.cs(59,71): warning CS1998: This async method lacks 'await' operators and will run synchronously. Consider using the 'await' operator to await non-blocking API calls, or 'await Task.Run(...)' to do CPU-bound work on a background thread. [C:\git\TUnit\TUnit.TestProject\TUnit.TestProject.csproj::TargetFramework=net9.0]
C:\git\TUnit\TUnit.TestProject\TestContextIsolationTests.cs(174,15): warning CS8634: The type 'TUnit.Core.TestContext?' cannot be used as type parameter 'TActual' in the generic type or method 'ReferenceAssertionBuilderExtensions.IsSameReferenceAs<TActual>(AssertionBuilder<TActual>, TActual?)'. Nullability of type argument 'TUnit.Core.TestContext?' doesn't match 'class' constraint. [C:\git\TUnit\TUnit.TestProject\TUnit.TestProject.csproj::TargetFramework=net9.0]
C:\git\TUnit\TUnit.TestProject\TestContextIsolationTests.cs(180,15): warning CS8634: The type 'TUnit.Core.TestContext?' cannot be used as type parameter 'TActual' in the generic type or method 'ReferenceAssertionBuilderExtensions.IsSameReferenceAs<TActual>(AssertionBuilder<TActual>, TActual?)'. Nullability of type argument 'TUnit.Core.TestContext?' doesn't match 'class' constraint. [C:\git\TUnit\TUnit.TestProject\TUnit.TestProject.csproj::TargetFramework=net9.0]
C:\git\TUnit\TUnit.TestProject\TestContextIsolationTests.cs(185,19): warning CS8634: The type 'TUnit.Core.TestContext?' cannot be used as type parameter 'TActual' in the generic type or method 'ReferenceAssertionBuilderExtensions.IsSameReferenceAs<TActual>(AssertionBuilder<TActual>, TActual?)'. Nullability of type argument 'TUnit.Core.TestContext?' doesn't match 'class' constraint. [C:\git\TUnit\TUnit.TestProject\TUnit.TestProject.csproj::TargetFramework=net9.0]
C:\git\TUnit\TUnit.TestProject\TestContextIsolationTests.cs(187,19): warning CS8634: The type 'TUnit.Core.TestContext?' cannot be used as type parameter 'TActual' in the generic type or method 'ReferenceAssertionBuilderExtensions.IsSameReferenceAs<TActual>(AssertionBuilder<TActual>, TActual?)'. Nullability of type argument 'TUnit.Core.TestContext?' doesn't match 'class' constraint. [C:\git\TUnit\TUnit.TestProject\TUnit.TestProject.csproj::TargetFramework=net9.0]
C:\git\TUnit\TUnit.TestProject\TestContextIsolationTests.cs(190,15): warning CS8634: The type 'TUnit.Core.TestContext?' cannot be used as type parameter 'TActual' in the generic type or method 'ReferenceAssertionBuilderExtensions.IsSameReferenceAs<TActual>(AssertionBuilder<TActual>, TActual?)'. Nullability of type argument 'TUnit.Core.TestContext?' doesn't match 'class' constraint. [C:\git\TUnit\TUnit.TestProject\TUnit.TestProject.csproj::TargetFramework=net9.0]
C:\git\TUnit\TUnit.TestProject\TestContextIsolationTests.cs(197,15): warning CS8634: The type 'TUnit.Core.TestContext?' cannot be used as type parameter 'TActual' in the generic type or method 'ReferenceAssertionBuilderExtensions.IsSameReferenceAs<TActual>(AssertionBuilder<TActual>, TActual?)'. Nullability of type argument 'TUnit.Core.TestContext?' doesn't match 'class' constraint. [C:\git\TUnit\TUnit.TestProject\TUnit.TestProject.csproj::TargetFramework=net9.0]
C:\git\TUnit\TUnit.TestProject\TestContextIsolationTests.cs(202,19): warning CS8634: The type 'TUnit.Core.TestContext?' cannot be used as type parameter 'TActual' in the generic type or method 'ReferenceAssertionBuilderExtensions.IsSameReferenceAs<TActual>(AssertionBuilder<TActual>, TActual?)'. Nullability of type argument 'TUnit.Core.TestContext?' doesn't match 'class' constraint. [C:\git\TUnit\TUnit.TestProject\TUnit.TestProject.csproj::TargetFramework=net9.0]
C:\git\TUnit\TUnit.TestProject\TestContextIsolationTests.cs(206,15): warning CS8634: The type 'TUnit.Core.TestContext?' cannot be used as type parameter 'TActual' in the generic type or method 'ReferenceAssertionBuilderExtensions.IsSameReferenceAs<TActual>(AssertionBuilder<TActual>, TActual?)'. Nullability of type argument 'TUnit.Core.TestContext?' doesn't match 'class' constraint. [C:\git\TUnit\TUnit.TestProject\TUnit.TestProject.csproj::TargetFramework=net9.0]
C:\git\TUnit\TUnit.TestProject\TestContextIsolationTests.cs(51,15): warning CS8634: The type 'TUnit.Core.TestContext?' cannot be used as type parameter 'TActual' in the generic type or method 'ReferenceAssertionBuilderExtensions.IsSameReferenceAs<TActual>(AssertionBuilder<TActual>, TActual?)'. Nullability of type argument 'TUnit.Core.TestContext?' doesn't match 'class' constraint. [C:\git\TUnit\TUnit.TestProject\TUnit.TestProject.csproj::TargetFramework=net9.0]
C:\git\TUnit\TUnit.TestProject\TestContextIsolationTests.cs(81,15): warning CS8634: The type 'TUnit.Core.TestContext?' cannot be used as type parameter 'TActual' in the generic type or method 'ReferenceAssertionBuilderExtensions.IsSameReferenceAs<TActual>(AssertionBuilder<TActual>, TActual?)'. Nullability of type argument 'TUnit.Core.TestContext?' doesn't match 'class' constraint. [C:\git\TUnit\TUnit.TestProject\TUnit.TestProject.csproj::TargetFramework=net9.0]
C:\git\TUnit\TUnit.TestProject\TestContextIsolationTests.cs(105,15): warning CS8634: The type 'TUnit.Core.TestContext?' cannot be used as type parameter 'TActual' in the generic type or method 'ReferenceAssertionBuilderExtensions.IsSameReferenceAs<TActual>(AssertionBuilder<TActual>, TActual?)'. Nullability of type argument 'TUnit.Core.TestContext?' doesn't match 'class' constraint. [C:\git\TUnit\TUnit.TestProject\TUnit.TestProject.csproj::TargetFramework=net9.0]
C:\git\TUnit\TUnit.TestProject\TestContextIsolationTests.cs(125,51): error CS1061: 'AssertionBuilder<int>' does not contain a definition for 'GreaterThanOrEqualTo' and no accessible extension method 'GreaterThanOrEqualTo' accepting a first argument of type 'AssertionBuilder<int>' could be found (are you missing a using directive or an assembly reference?) [C:\git\TUnit\TUnit.TestProject\TUnit.TestProject.csproj::TargetFramework=net9.0]
C:\git\TUnit\TUnit.TestProject\SimpleGenericTests.cs(58,47): warning CS8604: Possible null reference argument for parameter 'expected' in 'GenericNotEqualToAssertion<T> AssertionBuilder<T>.IsNotEqualTo(T expected)'. [C:\git\TUnit\TUnit.TestProject\TUnit.TestProject.csproj::TargetFramework=net9.0]
C:\git\TUnit\TUnit.TestProject\SimpleGenericTests.cs(59,53): warning CS8604: Possible null reference argument for parameter 'expected' in 'GenericNotEqualToAssertion<T2> AssertionBuilder<T2>.IsNotEqualTo(T2 expected)'. [C:\git\TUnit\TUnit.TestProject\TUnit.TestProject.csproj::TargetFramework=net9.0]
C:\git\TUnit\TUnit.TestProject\SimpleGenericTests.cs(42,47): warning CS8604: Possible null reference argument for parameter 'expected' in 'GenericNotEqualToAssertion<T> AssertionBuilder<T>.IsNotEqualTo(T expected)'. [C:\git\TUnit\TUnit.TestProject\TUnit.TestProject.csproj::TargetFramework=net9.0]
C:\git\TUnit\TUnit.TestProject\SimpleGenericTests.cs(26,47): warning CS8604: Possible null reference argument for parameter 'expected' in 'GenericNotEqualToAssertion<T> AssertionBuilder<T>.IsNotEqualTo(T expected)'. [C:\git\TUnit\TUnit.TestProject\TUnit.TestProject.csproj::TargetFramework=net9.0]
C:\git\TUnit\TUnit.TestProject\SimpleGenericTests.cs(13,47): warning CS8604: Possible null reference argument for parameter 'expected' in 'GenericNotEqualToAssertion<T> AssertionBuilder<T>.IsNotEqualTo(T expected)'. [C:\git\TUnit\TUnit.TestProject\TUnit.TestProject.csproj::TargetFramework=net9.0]
C:\git\TUnit\TUnit.TestProject\ScopedRetryAttributePriorityTests.cs(63,43): error CS1501: No overload for method 'IsEqualTo' takes 2 arguments [C:\git\TUnit\TUnit.TestProject\TUnit.TestProject.csproj::TargetFramework=net9.0]
C:\git\TUnit\TUnit.TestProject\ScopedRetryAttributePriorityTests.cs(36,54): error CS1501: No overload for method 'IsEqualTo' takes 2 arguments [C:\git\TUnit\TUnit.TestProject\TUnit.TestProject.csproj::TargetFramework=net9.0]
C:\git\TUnit\TUnit.TestProject\ScopedRetryAttributePriorityTests.cs(40,53): error CS1501: No overload for method 'IsEqualTo' takes 2 arguments [C:\git\TUnit\TUnit.TestProject\TUnit.TestProject.csproj::TargetFramework=net9.0]
C:\git\TUnit\TUnit.TestProject\PropertyInitializationTests.cs(108,91): warning CS1998: This async method lacks 'await' operators and will run synchronously. Consider using the 'await' operator to await non-blocking API calls, or 'await Task.Run(...)' to do CPU-bound work on a background thread. [C:\git\TUnit\TUnit.TestProject\TUnit.TestProject.csproj::TargetFramework=net9.0]
C:\git\TUnit\TUnit.TestProject\PropertyInitializationTests.cs(98,82): warning CS1998: This async method lacks 'await' operators and will run synchronously. Consider using the 'await' operator to await non-blocking API calls, or 'await Task.Run(...)' to do CPU-bound work on a background thread. [C:\git\TUnit\TUnit.TestProject\TUnit.TestProject.csproj::TargetFramework=net9.0]
C:\git\TUnit\TUnit.TestProject\OverrideResultsTests.cs(21,29): error CS1660: Cannot convert lambda expression to type 'TestContext' because it is not a delegate type [C:\git\TUnit\TUnit.TestProject\TUnit.TestProject.csproj::TargetFramework=net9.0]
C:\git\TUnit\TUnit.TestProject\Bugs\1570\Tests.cs(21,23): warning CS1998: This async method lacks 'await' operators and will run synchronously. Consider using the 'await' operator to await non-blocking API calls, or 'await Task.Run(...)' to do CPU-bound work on a background thread. [C:\git\TUnit\TUnit.TestProject\TUnit.TestProject.csproj::TargetFramework=net9.0]
C:\git\TUnit\TUnit.TestProject\Bugs\2067\Tests.cs(37,13): error CS0815: Cannot assign void to an implicitly-typed variable [C:\git\TUnit\TUnit.TestProject\TUnit.TestProject.csproj::TargetFramework=net9.0]
C:\git\TUnit\TUnit.TestProject\Bugs\2075\Tests.cs(53,45): warning CS9113: Parameter 'factory' is unread. [C:\git\TUnit\TUnit.TestProject\TUnit.TestProject.csproj::TargetFramework=net9.0]
C:\git\TUnit\TUnit.TestProject\ClassDataSourceEnumerableTest.cs(6,51): warning CS9113: Parameter 'value' is unread. [C:\git\TUnit\TUnit.TestProject\TUnit.TestProject.csproj::TargetFramework=net9.0]
C:\git\TUnit\TUnit.TestProject\Bugs\2481\Tests.cs(19,29): error CS8917: The delegate type could not be inferred. [C:\git\TUnit\TUnit.TestProject\TUnit.TestProject.csproj::TargetFramework=net9.0]
C:\git\TUnit\TUnit.TestProject\Bugs\2481\Tests.cs(20,29): error CS8917: The delegate type could not be inferred. [C:\git\TUnit\TUnit.TestProject\TUnit.TestProject.csproj::TargetFramework=net9.0]
C:\git\TUnit\TUnit.TestProject\Bugs\2481\Tests.cs(21,29): error CS8917: The delegate type could not be inferred. [C:\git\TUnit\TUnit.TestProject\TUnit.TestProject.csproj::TargetFramework=net9.0]
C:\git\TUnit\TUnit.TestProject\ClassDisplayNameAttributeTests.cs(23,57): warning CS9113: Parameter 'value' is unread. [C:\git\TUnit\TUnit.TestProject\TUnit.TestProject.csproj::TargetFramework=net9.0]
C:\git\TUnit\TUnit.TestProject\Bugs\2935\GenericTests.cs(31,63): error CS1061: 'Task<string>' does not contain a definition for 'And' and no accessible extension method 'And' accepting a first argument of type 'Task<string>' could be found (are you missing a using directive or an assembly reference?) [C:\git\TUnit\TUnit.TestProject\TUnit.TestProject.csproj::TargetFramework=net9.0]
C:\git\TUnit\TUnit.TestProject\Bugs\_2804\MultipleAfterHooksFailureTests.cs(254,9): warning CS0162: Unreachable code detected [C:\git\TUnit\TUnit.TestProject\TUnit.TestProject.csproj::TargetFramework=net9.0]
C:\git\TUnit\TUnit.TestProject\Bugs\_2804\MultipleAfterHooksFailureTests.cs(269,9): warning CS0162: Unreachable code detected [C:\git\TUnit\TUnit.TestProject\TUnit.TestProject.csproj::TargetFramework=net9.0]
C:\git\TUnit\TUnit.TestProject\Bugs\2955\InheritedDataSourceTests.cs(68,27): warning CS8602: Dereference of a possibly null reference. [C:\git\TUnit\TUnit.TestProject\TUnit.TestProject.csproj::TargetFramework=net9.0]
C:\git\TUnit\TUnit.TestProject\Bugs\_2804\MultipleAfterHooksFailureTests.cs(285,9): warning CS0162: Unreachable code detected [C:\git\TUnit\TUnit.TestProject\TUnit.TestProject.csproj::TargetFramework=net9.0]
C:\git\TUnit\TUnit.TestProject\Bugs\Issue2887\ReproTest.cs(16,54): warning CS9113: Parameter 'serviceProvider' is unread. [C:\git\TUnit\TUnit.TestProject\TUnit.TestProject.csproj::TargetFramework=net9.0]
C:\git\TUnit\TUnit.TestProject\Bugs\Issue2993\ImplicitConversionTests.cs(27,35): warning CS8600: Converting null literal or possible null value to non-nullable type. [C:\git\TUnit\TUnit.TestProject\TUnit.TestProject.csproj::TargetFramework=net9.0]
C:\git\TUnit\TUnit.TestProject\ComprehensiveCountTest.cs(8,44): warning CS9113: Parameter 'classValue' is unread. [C:\git\TUnit\TUnit.TestProject\TUnit.TestProject.csproj::TargetFramework=net9.0]
C:\git\TUnit\TUnit.TestProject\CombinedParallelConstraintsTests.cs(253,17): warning CS0219: The variable 'hasOverlap' is assigned but its value is never used [C:\git\TUnit\TUnit.TestProject\TUnit.TestProject.csproj::TargetFramework=net9.0]
C:\git\TUnit\TUnit.TestProject\CustomAssertions\Tests.cs(23,15): error CS1929: 'AssertionBuilder<HttpResponseMessage>' does not contain a definition for 'IsProblemDetails' and the best extension method overload 'HttpResponseAssertionExtensions.IsProblemDetails(IValueSource<HttpResponseMessage>)' requires a receiver of type 'TUnit.Assertions.AssertConditions.Interfaces.IValueSource<System.Net.Http.HttpResponseMessage>' [C:\git\TUnit\TUnit.TestProject\TUnit.TestProject.csproj::TargetFramework=net9.0]
C:\git\TUnit\TUnit.TestProject\CustomAssertions\ProblemDetailsAssertion.cs(74,28): error CS1061: 'IValueSource<ProblemDetails>' does not contain a definition for 'RegisterAssertion' and no accessible extension method 'RegisterAssertion' accepting a first argument of type 'IValueSource<ProblemDetails>' could be found (are you missing a using directive or an assembly reference?) [C:\git\TUnit\TUnit.TestProject\TUnit.TestProject.csproj::TargetFramework=net9.0]
C:\git\TUnit\TUnit.TestProject\CustomAssertions\ProblemDetailsAssertion.cs(60,28): error CS1061: 'IValueSource<HttpResponseMessage>' does not contain a definition for 'RegisterConversionAssertion' and no accessible extension method 'RegisterConversionAssertion' accepting a first argument of type 'IValueSource<HttpResponseMessage>' could be found (are you missing a using directive or an assembly reference?) [C:\git\TUnit\TUnit.TestProject\TUnit.TestProject.csproj::TargetFramework=net9.0]
C:\git\TUnit\TUnit.TestProject\CustomAssertions\ProblemDetailsAssertion.cs(80,28): error CS1061: 'IValueSource<ProblemDetails>' does not contain a definition for 'RegisterAssertion' and no accessible extension method 'RegisterAssertion' accepting a first argument of type 'IValueSource<ProblemDetails>' could be found (are you missing a using directive or an assembly reference?) [C:\git\TUnit\TUnit.TestProject\TUnit.TestProject.csproj::TargetFramework=net9.0]
C:\git\TUnit\TUnit.TestProject\DependsOnTests2.cs(29,97): error CS1061: 'Task<Exception>' does not contain a definition for 'WithMessage' and no accessible extension method 'WithMessage' accepting a first argument of type 'Task<Exception>' could be found (are you missing a using directive or an assembly reference?) [C:\git\TUnit\TUnit.TestProject\TUnit.TestProject.csproj::TargetFramework=net9.0]
C:\git\TUnit\TUnit.TestProject\NotInParallelExecutionTests.cs(28,25): warning CS8602: Dereference of a possibly null reference. [C:\git\TUnit\TUnit.TestProject\TUnit.TestProject.csproj::TargetFramework=net9.0]
C:\git\TUnit\TUnit.TestProject\NotInParallelExecutionTests.cs(53,30): warning CS8602: Dereference of a possibly null reference. [C:\git\TUnit\TUnit.TestProject\TUnit.TestProject.csproj::TargetFramework=net9.0]
C:\git\TUnit\TUnit.TestProject\DynamicallyRegisteredTests.cs(58,19): warning CS0618: 'TestContext.ReregisterTestWithArguments(object?[]?, Dictionary<string, object?>?)' is obsolete: 'This method is non-functional after the removal of ITestFinder. It will be removed in a future version.' [C:\git\TUnit\TUnit.TestProject\TUnit.TestProject.csproj::TargetFramework=net9.0]
C:\git\TUnit\TUnit.TestProject\NestedClassDataSourceDrivenTests3.cs(130,36): warning CS8618: Non-nullable property 'InnerClass' must contain a non-null value when exiting constructor. Consider adding the 'required' modifier or declaring the property as nullable. [C:\git\TUnit\TUnit.TestProject\TUnit.TestProject.csproj::TargetFramework=net9.0]
C:\git\TUnit\TUnit.TestProject\NestedClassDataSourceDrivenTests3.cs(100,36): warning CS8618: Non-nullable property 'InnerClass' must contain a non-null value when exiting constructor. Consider adding the 'required' modifier or declaring the property as nullable. [C:\git\TUnit\TUnit.TestProject\TUnit.TestProject.csproj::TargetFramework=net9.0]
C:\git\TUnit\TUnit.TestProject\NestedClassDataSourceDrivenTests3.cs(61,36): warning CS8618: Non-nullable property 'InnerClass' must contain a non-null value when exiting constructor. Consider adding the 'required' modifier or declaring the property as nullable. [C:\git\TUnit\TUnit.TestProject\TUnit.TestProject.csproj::TargetFramework=net9.0]
C:\git\TUnit\TUnit.TestProject\NestedClassDataSourceDrivenTests3.cs(34,36): warning CS8618: Non-nullable property 'InnerClass' must contain a non-null value when exiting constructor. Consider adding the 'required' modifier or declaring the property as nullable. [C:\git\TUnit\TUnit.TestProject\TUnit.TestProject.csproj::TargetFramework=net9.0]
C:\git\TUnit\TUnit.TestProject\NestedClassDataSourceDrivenTests2.cs(33,36): warning CS8618: Non-nullable property 'InnerClass' must contain a non-null value when exiting constructor. Consider adding the 'required' modifier or declaring the property as nullable. [C:\git\TUnit\TUnit.TestProject\TUnit.TestProject.csproj::TargetFramework=net9.0]
C:\git\TUnit\TUnit.TestProject\MixedDataSourceBugTest.cs(5,41): warning CS9113: Parameter 'classValue' is unread. [C:\git\TUnit\TUnit.TestProject\TUnit.TestProject.csproj::TargetFramework=net9.0]
C:\git\TUnit\TUnit.TestProject\GenericConstraintValidationTests.cs(66,47): warning CS8625: Cannot convert null literal to non-nullable reference type. [C:\git\TUnit\TUnit.TestProject\TUnit.TestProject.csproj::TargetFramework=net9.0]
C:\git\TUnit\TUnit.TestProject\GenericConstraintValidationTests.cs(126,47): warning CS8604: Possible null reference argument for parameter 'expected' in 'GenericNotEqualToAssertion<T> AssertionBuilder<T>.IsNotEqualTo(T expected)'. [C:\git\TUnit\TUnit.TestProject\TUnit.TestProject.csproj::TargetFramework=net9.0]
C:\git\TUnit\TUnit.TestProject\GenericConstraintValidationTests.cs(160,51): warning CS8625: Cannot convert null literal to non-nullable reference type. [C:\git\TUnit\TUnit.TestProject\TUnit.TestProject.csproj::TargetFramework=net9.0]
C:\git\TUnit\TUnit.TestProject\GenericConstraintValidationTests.cs(173,47): warning CS8604: Possible null reference argument for parameter 'expected' in 'GenericNotEqualToAssertion<T> AssertionBuilder<T>.IsNotEqualTo(T expected)'. [C:\git\TUnit\TUnit.TestProject\TUnit.TestProject.csproj::TargetFramework=net9.0]
C:\git\TUnit\TUnit.TestProject\Bugs\_2804\MultipleAfterHooksFailureTests.cs(124,25): warning CS0414: The field 'MultipleAfterClassHooksTests._testsExecuted' is assigned but its value is never used [C:\git\TUnit\TUnit.TestProject\TUnit.TestProject.csproj::TargetFramework=net9.0]
C:\git\TUnit\TUnit.TestProject\Bugs\_2804\HookCleanupOnFailureTests.cs(17,24): warning CS0414: The field 'HookCleanupOnFailureTests._afterAssemblyCount' is assigned but its value is never used [C:\git\TUnit\TUnit.TestProject\TUnit.TestProject.csproj::TargetFramework=net9.0]
C:\git\TUnit\TUnit.TestProject\Bugs\_2804\HookExceptionHandlingTests.cs(14,25): warning CS0414: The field 'HookExceptionHandlingTests._afterAssemblyExecuted' is assigned but its value is never used [C:\git\TUnit\TUnit.TestProject\TUnit.TestProject.csproj::TargetFramework=net9.0]
C:\git\TUnit\TUnit.TestProject\Bugs\_2804\HookCleanupOnFailureTests.cs(16,24): warning CS0414: The field 'HookCleanupOnFailureTests._beforeAssemblyCount' is assigned but its value is never used [C:\git\TUnit\TUnit.TestProject\TUnit.TestProject.csproj::TargetFramework=net9.0]
C:\git\TUnit\TUnit.TestProject\CallEventReceiverTests.cs(34,28): warning TUnit0014: Public method missing [Test] attribute - add attribute or make method private/protected [C:\git\TUnit\TUnit.TestProject\TUnit.TestProject.csproj::TargetFramework=net9.0]
C:\git\TUnit\TUnit.TestProject\DynamicTests\Runtime.cs(13,17): warning TUnit0014: Public method missing [Test] attribute - add attribute or make method private/protected [C:\git\TUnit\TUnit.TestProject\TUnit.TestProject.csproj::TargetFramework=net9.0]
C:\git\TUnit\TUnit.TestProject\VerifyFixTest.cs(11,27): warning TUnit0300: Generic test method with data source may not be AOT-compatible. All generic type combinations must be known at compile time. [C:\git\TUnit\TUnit.TestProject\TUnit.TestProject.csproj::TargetFramework=net9.0]
C:\git\TUnit\TUnit.TestProject\AllDataSourcesCombinedTests.cs(40,30): warning TUnit0042: Global hooks should not be mixed with test classes to avoid confusion. Place them in their own class. [C:\git\TUnit\TUnit.TestProject\TUnit.TestProject.csproj::TargetFramework=net9.0]
C:\git\TUnit\TUnit.TestProject\AllDataSourcesCombinedTestsVerification.cs(40,30): warning TUnit0042: Global hooks should not be mixed with test classes to avoid confusion. Place them in their own class. [C:\git\TUnit\TUnit.TestProject\TUnit.TestProject.csproj::TargetFramework=net9.0]
C:\git\TUnit\TUnit.TestProject\TestMixedGenericParameters.cs(8,23): warning TUnit0300: Generic test method with data source may not be AOT-compatible. All generic type combinations must be known at compile time. [C:\git\TUnit\TUnit.TestProject\TUnit.TestProject.csproj::TargetFramework=net9.0]
C:\git\TUnit\TUnit.TestProject\ArgumentsWithClassDataSourceTests.cs(29,30): warning TUnit0042: Global hooks should not be mixed with test classes to avoid confusion. Place them in their own class. [C:\git\TUnit\TUnit.TestProject\TUnit.TestProject.csproj::TargetFramework=net9.0]
C:\git\TUnit\TUnit.TestProject\SmartInferenceTests.cs(11,23): warning TUnit0300: Generic test method with data source may not be AOT-compatible. All generic type combinations must be known at compile time. [C:\git\TUnit\TUnit.TestProject\TUnit.TestProject.csproj::TargetFramework=net9.0]
C:\git\TUnit\TUnit.TestProject\SmartInferenceTests.cs(27,23): warning TUnit0300: Generic test method with data source may not be AOT-compatible. All generic type combinations must be known at compile time. [C:\git\TUnit\TUnit.TestProject\TUnit.TestProject.csproj::TargetFramework=net9.0]
C:\git\TUnit\TUnit.TestProject\SimpleTupleTest.cs(11,56): warning TUnit0301: Tuple parameter 'value' uses reflection which is not AOT-compatible. Consider using concrete types instead of tuples. [C:\git\TUnit\TUnit.TestProject\TUnit.TestProject.csproj::TargetFramework=net9.0]
C:\git\TUnit\TUnit.TestProject\SimpleStaticTest.cs(9,15): warning TUnitAssertions0005: Assert.That(...) should not be used with a constant value [C:\git\TUnit\TUnit.TestProject\TUnit.TestProject.csproj::TargetFramework=net9.0]
C:\git\TUnit\TUnit.TestProject\SimpleHookTest.cs(28,24): warning TUnit0042: Global hooks should not be mixed with test classes to avoid confusion. Place them in their own class. [C:\git\TUnit\TUnit.TestProject\TUnit.TestProject.csproj::TargetFramework=net9.0]
C:\git\TUnit\TUnit.TestProject\SimpleHookTest.cs(23,24): warning TUnit0042: Global hooks should not be mixed with test classes to avoid confusion. Place them in their own class. [C:\git\TUnit\TUnit.TestProject\TUnit.TestProject.csproj::TargetFramework=net9.0]
C:\git\TUnit\TUnit.TestProject\SimpleGenericTests.cs(56,23): warning TUnit0300: Generic test method with data source may not be AOT-compatible. All generic type combinations must be known at compile time. [C:\git\TUnit\TUnit.TestProject\TUnit.TestProject.csproj::TargetFramework=net9.0]
C:\git\TUnit\TUnit.TestProject\SimpleGenericTests.cs(11,23): warning TUnit0300: Generic test method with data source may not be AOT-compatible. All generic type combinations must be known at compile time. [C:\git\TUnit\TUnit.TestProject\TUnit.TestProject.csproj::TargetFramework=net9.0]
C:\git\TUnit\TUnit.TestProject\SimpleGenericTests.cs(23,23): warning TUnit0300: Generic test method with data source may not be AOT-compatible. All generic type combinations must be known at compile time. [C:\git\TUnit\TUnit.TestProject\TUnit.TestProject.csproj::TargetFramework=net9.0]
C:\git\TUnit\TUnit.TestProject\CallEventReceiverTests.cs(25,30): warning TUnit0042: Global hooks should not be mixed with test classes to avoid confusion. Place them in their own class. [C:\git\TUnit\TUnit.TestProject\TUnit.TestProject.csproj::TargetFramework=net9.0]
C:\git\TUnit\TUnit.TestProject\Bugs\_2804\TestSpecificAfterHooksTests.cs(234,30): warning TUnit0042: Global hooks should not be mixed with test classes to avoid confusion. Place them in their own class. [C:\git\TUnit\TUnit.TestProject\TUnit.TestProject.csproj::TargetFramework=net9.0]
C:\git\TUnit\TUnit.TestProject\Bugs\_2804\TestSpecificAfterHooksTests.cs(249,30): warning TUnit0042: Global hooks should not be mixed with test classes to avoid confusion. Place them in their own class. [C:\git\TUnit\TUnit.TestProject\TUnit.TestProject.csproj::TargetFramework=net9.0]
C:\git\TUnit\TUnit.TestProject\Bugs\_2804\TestSpecificAfterHooksTests.cs(279,30): warning TUnit0042: Global hooks should not be mixed with test classes to avoid confusion. Place them in their own class. [C:\git\TUnit\TUnit.TestProject\TUnit.TestProject.csproj::TargetFramework=net9.0]
C:\git\TUnit\TUnit.TestProject\Bugs\_2804\TestSpecificAfterHooksTests.cs(264,30): warning TUnit0042: Global hooks should not be mixed with test classes to avoid confusion. Place them in their own class. [C:\git\TUnit\TUnit.TestProject\TUnit.TestProject.csproj::TargetFramework=net9.0]
C:\git\TUnit\TUnit.TestProject\Bugs\_2804\TestSpecificAfterHooksTests.cs(219,30): warning TUnit0042: Global hooks should not be mixed with test classes to avoid confusion. Place them in their own class. [C:\git\TUnit\TUnit.TestProject\TUnit.TestProject.csproj::TargetFramework=net9.0]
C:\git\TUnit\TUnit.TestProject\ClassDataSourceDrivenTestsSharedKeyed2.cs(41,30): warning TUnit0042: Global hooks should not be mixed with test classes to avoid confusion. Place them in their own class. [C:\git\TUnit\TUnit.TestProject\TUnit.TestProject.csproj::TargetFramework=net9.0]
C:\git\TUnit\TUnit.TestProject\ClassDataSourceDrivenTestsSharedKeyed3.cs(41,30): warning TUnit0042: Global hooks should not be mixed with test classes to avoid confusion. Place them in their own class. [C:\git\TUnit\TUnit.TestProject\TUnit.TestProject.csproj::TargetFramework=net9.0]
C:\git\TUnit\TUnit.TestProject\Bugs\2136\Tests.cs(14,23): warning TUnit0300: Generic test method with data source may not be AOT-compatible. All generic type combinations must be known at compile time. [C:\git\TUnit\TUnit.TestProject\TUnit.TestProject.csproj::TargetFramework=net9.0]
C:\git\TUnit\TUnit.TestProject\Bugs\_2804\MultipleAfterHooksFailureTests.cs(435,30): warning TUnit0042: Global hooks should not be mixed with test classes to avoid confusion. Place them in their own class. [C:\git\TUnit\TUnit.TestProject\TUnit.TestProject.csproj::TargetFramework=net9.0]
C:\git\TUnit\TUnit.TestProject\Bugs\_2804\MultipleAfterHooksFailureTests.cs(423,30): warning TUnit0042: Global hooks should not be mixed with test classes to avoid confusion. Place them in their own class. [C:\git\TUnit\TUnit.TestProject\TUnit.TestProject.csproj::TargetFramework=net9.0]
C:\git\TUnit\TUnit.TestProject\Bugs\_2804\MultipleAfterHooksFailureTests.cs(446,24): warning TUnit0042: Global hooks should not be mixed with test classes to avoid confusion. Place them in their own class. [C:\git\TUnit\TUnit.TestProject\TUnit.TestProject.csproj::TargetFramework=net9.0]
C:\git\TUnit\TUnit.TestProject\Bugs\_2804\MultipleAfterHooksFailureTests.cs(412,30): warning TUnit0042: Global hooks should not be mixed with test classes to avoid confusion. Place them in their own class. [C:\git\TUnit\TUnit.TestProject\TUnit.TestProject.csproj::TargetFramework=net9.0]
C:\git\TUnit\TUnit.TestProject\Bugs\_2804\MultipleAfterHooksFailureTests.cs(400,30): warning TUnit0042: Global hooks should not be mixed with test classes to avoid confusion. Place them in their own class. [C:\git\TUnit\TUnit.TestProject\TUnit.TestProject.csproj::TargetFramework=net9.0]
C:\git\TUnit\TUnit.TestProject\Bugs\_2804\MultipleAfterHooksFailureTests.cs(388,30): warning TUnit0042: Global hooks should not be mixed with test classes to avoid confusion. Place them in their own class. [C:\git\TUnit\TUnit.TestProject\TUnit.TestProject.csproj::TargetFramework=net9.0]
C:\git\TUnit\TUnit.TestProject\Bugs\2798\Tests.cs(16,36): warning TUnit0046: Return a `Func<T>` rather than a `<T>`. [C:\git\TUnit\TUnit.TestProject\TUnit.TestProject.csproj::TargetFramework=net9.0]
C:\git\TUnit\TUnit.TestProject\Bugs\2757\Tests.cs(20,41): warning TUnit0046: Return a `Func<T>` rather than a `<T>`. [C:\git\TUnit\TUnit.TestProject\TUnit.TestProject.csproj::TargetFramework=net9.0]
C:\git\TUnit\TUnit.TestProject\Bugs\_2804\MultipleAfterHooksFailureTests.cs(377,30): warning TUnit0042: Global hooks should not be mixed with test classes to avoid confusion. Place them in their own class. [C:\git\TUnit\TUnit.TestProject\TUnit.TestProject.csproj::TargetFramework=net9.0]
C:\git\TUnit\TUnit.TestProject\Bugs\_2804\MultipleAfterHooksFailureTests.cs(327,30): warning TUnit0042: Global hooks should not be mixed with test classes to avoid confusion. Place them in their own class. [C:\git\TUnit\TUnit.TestProject\TUnit.TestProject.csproj::TargetFramework=net9.0]
C:\git\TUnit\TUnit.TestProject\Bugs\_2804\MultipleAfterHooksFailureTests.cs(349,24): warning TUnit0042: Global hooks should not be mixed with test classes to avoid confusion. Place them in their own class. [C:\git\TUnit\TUnit.TestProject\TUnit.TestProject.csproj::TargetFramework=net9.0]
C:\git\TUnit\TUnit.TestProject\Bugs\_2804\MultipleAfterHooksFailureTests.cs(338,30): warning TUnit0042: Global hooks should not be mixed with test classes to avoid confusion. Place them in their own class. [C:\git\TUnit\TUnit.TestProject\TUnit.TestProject.csproj::TargetFramework=net9.0]
C:\git\TUnit\TUnit.TestProject\ClassDataSourceWithMethodDataSourceTests.cs(35,30): warning TUnit0042: Global hooks should not be mixed with test classes to avoid confusion. Place them in their own class. [C:\git\TUnit\TUnit.TestProject\TUnit.TestProject.csproj::TargetFramework=net9.0]
C:\git\TUnit\TUnit.TestProject\Bugs\_2804\MultipleAfterHooksFailureTests.cs(316,30): warning TUnit0042: Global hooks should not be mixed with test classes to avoid confusion. Place them in their own class. [C:\git\TUnit\TUnit.TestProject\TUnit.TestProject.csproj::TargetFramework=net9.0]
C:\git\TUnit\TUnit.TestProject\Bugs\2867\DisposalNotCalledTests.cs(267,30): warning TUnit0042: Global hooks should not be mixed with test classes to avoid confusion. Place them in their own class. [C:\git\TUnit\TUnit.TestProject\TUnit.TestProject.csproj::TargetFramework=net9.0]
C:\git\TUnit\TUnit.TestProject\Bugs\3185\BugRepro3185.cs(88,19): warning TUnitAssertions0005: Assert.That(...) should not be used with a constant value [C:\git\TUnit\TUnit.TestProject\TUnit.TestProject.csproj::TargetFramework=net9.0]
C:\git\TUnit\TUnit.TestProject\Bugs\HookOrchestratorDeadlockTests.cs(163,30): warning TUnit0042: Global hooks should not be mixed with test classes to avoid confusion. Place them in their own class. [C:\git\TUnit\TUnit.TestProject\TUnit.TestProject.csproj::TargetFramework=net9.0]
C:\git\TUnit\TUnit.TestProject\Bugs\HookOrchestratorDeadlockTests.cs(153,30): warning TUnit0042: Global hooks should not be mixed with test classes to avoid confusion. Place them in their own class. [C:\git\TUnit\TUnit.TestProject\TUnit.TestProject.csproj::TargetFramework=net9.0]
C:\git\TUnit\TUnit.TestProject\Bugs\HookOrchestratorDeadlockTests.cs(90,30): warning TUnit0042: Global hooks should not be mixed with test classes to avoid confusion. Place them in their own class. [C:\git\TUnit\TUnit.TestProject\TUnit.TestProject.csproj::TargetFramework=net9.0]
C:\git\TUnit\TUnit.TestProject\Bugs\HookOrchestratorDeadlockTests.cs(80,30): warning TUnit0042: Global hooks should not be mixed with test classes to avoid confusion. Place them in their own class. [C:\git\TUnit\TUnit.TestProject\TUnit.TestProject.csproj::TargetFramework=net9.0]
C:\git\TUnit\TUnit.TestProject\Bugs\_2804\HookExceptionHandlingTests.cs(197,24): warning TUnit0042: Global hooks should not be mixed with test classes to avoid confusion. Place them in their own class. [C:\git\TUnit\TUnit.TestProject\TUnit.TestProject.csproj::TargetFramework=net9.0]
C:\git\TUnit\TUnit.TestProject\Bugs\Issue2504CollectionExpressionTest.cs(62,30): warning TUnit0042: Global hooks should not be mixed with test classes to avoid confusion. Place them in their own class. [C:\git\TUnit\TUnit.TestProject\TUnit.TestProject.csproj::TargetFramework=net9.0]
C:\git\TUnit\TUnit.TestProject\Bugs\_2804\HookExceptionHandlingTests.cs(106,24): warning TUnit0042: Global hooks should not be mixed with test classes to avoid confusion. Place them in their own class. [C:\git\TUnit\TUnit.TestProject\TUnit.TestProject.csproj::TargetFramework=net9.0]
C:\git\TUnit\TUnit.TestProject\Bugs\_2804\HookExceptionHandlingTests.cs(69,24): warning TUnit0042: Global hooks should not be mixed with test classes to avoid confusion. Place them in their own class. [C:\git\TUnit\TUnit.TestProject\TUnit.TestProject.csproj::TargetFramework=net9.0]
C:\git\TUnit\TUnit.TestProject\Bugs\_2804\HookExceptionHandlingTests.cs(52,24): warning TUnit0042: Global hooks should not be mixed with test classes to avoid confusion. Place them in their own class. [C:\git\TUnit\TUnit.TestProject\TUnit.TestProject.csproj::TargetFramework=net9.0]
C:\git\TUnit\TUnit.TestProject\Bugs\_2804\HookCleanupOnFailureTests.cs(200,24): warning TUnit0042: Global hooks should not be mixed with test classes to avoid confusion. Place them in their own class. [C:\git\TUnit\TUnit.TestProject\TUnit.TestProject.csproj::TargetFramework=net9.0]
C:\git\TUnit\TUnit.TestProject\Bugs\_2804\HookCleanupOnFailureTests.cs(178,24): warning TUnit0042: Global hooks should not be mixed with test classes to avoid confusion. Place them in their own class. [C:\git\TUnit\TUnit.TestProject\TUnit.TestProject.csproj::TargetFramework=net9.0]
C:\git\TUnit\TUnit.TestProject\Bugs\_2804\HookCleanupOnFailureTests.cs(171,24): warning TUnit0042: Global hooks should not be mixed with test classes to avoid confusion. Place them in their own class. [C:\git\TUnit\TUnit.TestProject\TUnit.TestProject.csproj::TargetFramework=net9.0]
C:\git\TUnit\TUnit.TestProject\Bugs\_2804\HookCleanupOnFailureTests.cs(113,24): warning TUnit0042: Global hooks should not be mixed with test classes to avoid confusion. Place them in their own class. [C:\git\TUnit\TUnit.TestProject\TUnit.TestProject.csproj::TargetFramework=net9.0]
C:\git\TUnit\TUnit.TestProject\Bugs\_2804\HookCleanupOnFailureTests.cs(102,24): warning TUnit0042: Global hooks should not be mixed with test classes to avoid confusion. Place them in their own class. [C:\git\TUnit\TUnit.TestProject\TUnit.TestProject.csproj::TargetFramework=net9.0]
C:\git\TUnit\TUnit.TestProject\Bugs\_2804\HookCleanupOnFailureTests.cs(31,24): warning TUnit0042: Global hooks should not be mixed with test classes to avoid confusion. Place them in their own class. [C:\git\TUnit\TUnit.TestProject\TUnit.TestProject.csproj::TargetFramework=net9.0]
C:\git\TUnit\TUnit.TestProject\Bugs\_2804\HookCleanupOnFailureTests.cs(20,24): warning TUnit0042: Global hooks should not be mixed with test classes to avoid confusion. Place them in their own class. [C:\git\TUnit\TUnit.TestProject\TUnit.TestProject.csproj::TargetFramework=net9.0]
C:\git\TUnit\TUnit.TestProject\Bugs\_2804\CriticalHookChainExecutionTests.cs(59,30): warning TUnit0042: Global hooks should not be mixed with test classes to avoid confusion. Place them in their own class. [C:\git\TUnit\TUnit.TestProject\TUnit.TestProject.csproj::TargetFramework=net9.0]
C:\git\TUnit\TUnit.TestProject\Bugs\_2804\CriticalHookChainExecutionTests.cs(101,30): warning TUnit0042: Global hooks should not be mixed with test classes to avoid confusion. Place them in their own class. [C:\git\TUnit\TUnit.TestProject\TUnit.TestProject.csproj::TargetFramework=net9.0]
C:\git\TUnit\TUnit.TestProject\Bugs\_2804\CriticalHookChainExecutionTests.cs(127,30): warning TUnit0042: Global hooks should not be mixed with test classes to avoid confusion. Place them in their own class. [C:\git\TUnit\TUnit.TestProject\TUnit.TestProject.csproj::TargetFramework=net9.0]
C:\git\TUnit\TUnit.TestProject\Bugs\_2804\CriticalHookChainExecutionTests.cs(358,24): warning TUnit0042: Global hooks should not be mixed with test classes to avoid confusion. Place them in their own class. [C:\git\TUnit\TUnit.TestProject\TUnit.TestProject.csproj::TargetFramework=net9.0]
C:\git\TUnit\TUnit.TestProject\Bugs\_2804\CriticalHookChainExecutionTests.cs(256,30): warning TUnit0042: Global hooks should not be mixed with test classes to avoid confusion. Place them in their own class. [C:\git\TUnit\TUnit.TestProject\TUnit.TestProject.csproj::TargetFramework=net9.0]
C:\git\TUnit\TUnit.TestProject\Bugs\_2804\CriticalHookChainExecutionTests.cs(346,30): warning TUnit0042: Global hooks should not be mixed with test classes to avoid confusion. Place them in their own class. [C:\git\TUnit\TUnit.TestProject\TUnit.TestProject.csproj::TargetFramework=net9.0]
C:\git\TUnit\TUnit.TestProject\Bugs\_2804\CriticalHookChainExecutionTests.cs(223,30): warning TUnit0042: Global hooks should not be mixed with test classes to avoid confusion. Place them in their own class. [C:\git\TUnit\TUnit.TestProject\TUnit.TestProject.csproj::TargetFramework=net9.0]
C:\git\TUnit\TUnit.TestProject\Bugs\_2804\CriticalHookChainExecutionTests.cs(322,30): warning TUnit0042: Global hooks should not be mixed with test classes to avoid confusion. Place them in their own class. [C:\git\TUnit\TUnit.TestProject\TUnit.TestProject.csproj::TargetFramework=net9.0]
C:\git\TUnit\TUnit.TestProject\NestedTupleTest.cs(16,64): warning TUnit0301: Tuple parameter 'data' uses reflection which is not AOT-compatible. Consider using concrete types instead of tuples. [C:\git\TUnit\TUnit.TestProject\TUnit.TestProject.csproj::TargetFramework=net9.0]
C:\git\TUnit\TUnit.TestProject\NestedTupleTest.cs(8,71): warning TUnit0301: Tuple parameter 'data2' uses reflection which is not AOT-compatible. Consider using concrete types instead of tuples. [C:\git\TUnit\TUnit.TestProject\TUnit.TestProject.csproj::TargetFramework=net9.0]
C:\git\TUnit\TUnit.TestProject\NestedTupleDataSourceTests.cs(84,88): warning TUnit0301: Tuple parameter 'value2' uses reflection which is not AOT-compatible. Consider using concrete types instead of tuples. [C:\git\TUnit\TUnit.TestProject\TUnit.TestProject.csproj::TargetFramework=net9.0]
C:\git\TUnit\TUnit.TestProject\NestedTupleDataSourceTests.cs(74,83): warning TUnit0301: Tuple parameter 'value2' uses reflection which is not AOT-compatible. Consider using concrete types instead of tuples. [C:\git\TUnit\TUnit.TestProject\TUnit.TestProject.csproj::TargetFramework=net9.0]
C:\git\TUnit\TUnit.TestProject\NestedTupleDataSourceTests.cs(64,86): warning TUnit0301: Tuple parameter 'value2' uses reflection which is not AOT-compatible. Consider using concrete types instead of tuples. [C:\git\TUnit\TUnit.TestProject\TUnit.TestProject.csproj::TargetFramework=net9.0]
C:\git\TUnit\TUnit.TestProject\NestedTupleDataSourceTests.cs(121,45): warning TUnit0046: Return a `Func<T>` rather than a `<T>`. [C:\git\TUnit\TUnit.TestProject\TUnit.TestProject.csproj::TargetFramework=net9.0]
C:\git\TUnit\TUnit.TestProject\NestedTupleDataSourceTests.cs(54,82): warning TUnit0301: Tuple parameter 'value2' uses reflection which is not AOT-compatible. Consider using concrete types instead of tuples. [C:\git\TUnit\TUnit.TestProject\TUnit.TestProject.csproj::TargetFramework=net9.0]
C:\git\TUnit\TUnit.TestProject\NestedTupleDataSourceTests.cs(43,86): warning TUnit0301: Tuple parameter 'value2' uses reflection which is not AOT-compatible. Consider using concrete types instead of tuples. [C:\git\TUnit\TUnit.TestProject\TUnit.TestProject.csproj::TargetFramework=net9.0]
C:\git\TUnit\TUnit.TestProject\NestedTupleDataSourceTests.cs(32,67): warning TUnit0301: Tuple parameter 'value1' uses reflection which is not AOT-compatible. Consider using concrete types instead of tuples. [C:\git\TUnit\TUnit.TestProject\TUnit.TestProject.csproj::TargetFramework=net9.0]
C:\git\TUnit\TUnit.TestProject\NestedTupleDataSourceTests.cs(32,86): warning TUnit0301: Tuple parameter 'value2' uses reflection which is not AOT-compatible. Consider using concrete types instead of tuples. [C:\git\TUnit\TUnit.TestProject\TUnit.TestProject.csproj::TargetFramework=net9.0]
C:\git\TUnit\TUnit.TestProject\NestedTupleDataSourceTests.cs(22,65): warning TUnit0301: Tuple parameter 'value' uses reflection which is not AOT-compatible. Consider using concrete types instead of tuples. [C:\git\TUnit\TUnit.TestProject\TUnit.TestProject.csproj::TargetFramework=net9.0]
C:\git\TUnit\TUnit.TestProject\NestedTupleDataSourceTests.cs(12,73): warning TUnit0301: Tuple parameter 'value2' uses reflection which is not AOT-compatible. Consider using concrete types instead of tuples. [C:\git\TUnit\TUnit.TestProject\TUnit.TestProject.csproj::TargetFramework=net9.0]
C:\git\TUnit\TUnit.TestProject\FailFastTest.cs(10,15): warning TUnitAssertions0005: Assert.That(...) should not be used with a constant value [C:\git\TUnit\TUnit.TestProject\TUnit.TestProject.csproj::TargetFramework=net9.0]
C:\git\TUnit\TUnit.TestProject\MultipleDataSourcesTests.cs(29,30): warning TUnit0042: Global hooks should not be mixed with test classes to avoid confusion. Place them in their own class. [C:\git\TUnit\TUnit.TestProject\TUnit.TestProject.csproj::TargetFramework=net9.0]
C:\git\TUnit\TUnit.TestProject\MultipleClassDataGeneratorsTests.cs(26,30): warning TUnit0042: Global hooks should not be mixed with test classes to avoid confusion. Place them in their own class. [C:\git\TUnit\TUnit.TestProject\TUnit.TestProject.csproj::TargetFramework=net9.0]
C:\git\TUnit\TUnit.TestProject\MinimalDiscoveryTest.cs(8,15): warning TUnitAssertions0005: Assert.That(...) should not be used with a constant value [C:\git\TUnit\TUnit.TestProject\TUnit.TestProject.csproj::TargetFramework=net9.0]
C:\git\TUnit\TUnit.TestProject\MethodDataSourceWithArgumentsTests.cs(35,30): warning TUnit0042: Global hooks should not be mixed with test classes to avoid confusion. Place them in their own class. [C:\git\TUnit\TUnit.TestProject\TUnit.TestProject.csproj::TargetFramework=net9.0]
C:\git\TUnit\TUnit.TestProject\GenericConstraintValidationTests.cs(63,23): warning TUnit0300: Generic test method with data source may not be AOT-compatible. All generic type combinations must be known at compile time. [C:\git\TUnit\TUnit.TestProject\TUnit.TestProject.csproj::TargetFramework=net9.0]
C:\git\TUnit\TUnit.TestProject\GenericConstraintValidationTests.cs(124,23): warning TUnit0300: Generic test method with data source may not be AOT-compatible. All generic type combinations must be known at compile time. [C:\git\TUnit\TUnit.TestProject\TUnit.TestProject.csproj::TargetFramework=net9.0]
C:\git\TUnit\TUnit.TestProject\GenericConstraintValidationTests.cs(140,23): warning TUnit0300: Generic test method with data source may not be AOT-compatible. All generic type combinations must be known at compile time. [C:\git\TUnit\TUnit.TestProject\TUnit.TestProject.csproj::TargetFramework=net9.0]
C:\git\TUnit\TUnit.TestProject\GenericConstraintValidationTests.cs(110,23): warning TUnit0300: Generic test method with data source may not be AOT-compatible. All generic type combinations must be known at compile time. [C:\git\TUnit\TUnit.TestProject\TUnit.TestProject.csproj::TargetFramework=net9.0]
C:\git\TUnit\TUnit.TestProject\GenericConstraintValidationTests.cs(101,23): warning TUnit0300: Generic test method with data source may not be AOT-compatible. All generic type combinations must be known at compile time. [C:\git\TUnit\TUnit.TestProject\TUnit.TestProject.csproj::TargetFramework=net9.0]
C:\git\TUnit\TUnit.TestProject\GenericConstraintValidationTests.cs(92,23): warning TUnit0300: Generic test method with data source may not be AOT-compatible. All generic type combinations must be known at compile time. [C:\git\TUnit\TUnit.TestProject\TUnit.TestProject.csproj::TargetFramework=net9.0]
C:\git\TUnit\TUnit.TestProject\GenericConstraintValidationTests.cs(155,23): warning TUnit0300: Generic test method with data source may not be AOT-compatible. All generic type combinations must be known at compile time. [C:\git\TUnit\TUnit.TestProject\TUnit.TestProject.csproj::TargetFramework=net9.0]
C:\git\TUnit\TUnit.TestProject\GenericConstraintValidationTests.cs(82,23): warning TUnit0300: Generic test method with data source may not be AOT-compatible. All generic type combinations must be known at compile time. [C:\git\TUnit\TUnit.TestProject\TUnit.TestProject.csproj::TargetFramework=net9.0]
C:\git\TUnit\TUnit.TestProject\GenericConstraintValidationTests.cs(73,23): warning TUnit0300: Generic test method with data source may not be AOT-compatible. All generic type combinations must be known at compile time. [C:\git\TUnit\TUnit.TestProject\TUnit.TestProject.csproj::TargetFramework=net9.0]
C:\git\TUnit\TUnit.TestProject\GenericConstraintValidationTests.cs(171,23): warning TUnit0300: Generic test method with data source may not be AOT-compatible. All generic type combinations must be known at compile time. [C:\git\TUnit\TUnit.TestProject\TUnit.TestProject.csproj::TargetFramework=net9.0]
C:\git\TUnit\TUnit.TestProject\GenericInheritsTestVerification.cs(15,17): warning TUnit0300: Generic test method with data source may not be AOT-compatible. All generic type combinations must be known at compile time. [C:\git\TUnit\TUnit.TestProject\TUnit.TestProject.csproj::TargetFramework=net9.0]
C:\git\TUnit\TUnit.TestProject\GenericInstanceMethodDataSourceTests.cs(26,23): warning TUnit0300: Generic test method with data source may not be AOT-compatible. All generic type combinations must be known at compile time. [C:\git\TUnit\TUnit.TestProject\TUnit.TestProject.csproj::TargetFramework=net9.0]
C:\git\TUnit\TUnit.TestProject\GenericInstanceMethodDataSourceTests.cs(59,23): warning TUnit0300: Generic test method with data source may not be AOT-compatible. All generic type combinations must be known at compile time. [C:\git\TUnit\TUnit.TestProject\TUnit.TestProject.csproj::TargetFramework=net9.0]
C:\git\TUnit\TUnit.TestProject\GenericInstanceMethodDataSourceTests.cs(15,23): warning TUnit0300: Generic test method with data source may not be AOT-compatible. All generic type combinations must be known at compile time. [C:\git\TUnit\TUnit.TestProject\TUnit.TestProject.csproj::TargetFramework=net9.0]
C:\git\TUnit\TUnit.TestProject\GenericMatrixTests.cs(11,23): warning TUnit0300: Generic test method with data source may not be AOT-compatible. All generic type combinations must be known at compile time. [C:\git\TUnit\TUnit.TestProject\TUnit.TestProject.csproj::TargetFramework=net9.0]
C:\git\TUnit\TUnit.TestProject\GenericMatrixTests.cs(63,23): warning TUnit0300: Generic test method with data source may not be AOT-compatible. All generic type combinations must be known at compile time. [C:\git\TUnit\TUnit.TestProject\TUnit.TestProject.csproj::TargetFramework=net9.0]
C:\git\TUnit\TUnit.TestProject\GenericMatrixTests.cs(73,23): warning TUnit0300: Generic test method with data source may not be AOT-compatible. All generic type combinations must be known at compile time. [C:\git\TUnit\TUnit.TestProject\TUnit.TestProject.csproj::TargetFramework=net9.0]
C:\git\TUnit\TUnit.TestProject\GenericMatrixTests.cs(36,23): warning TUnit0300: Generic test method with data source may not be AOT-compatible. All generic type combinations must be known at compile time. [C:\git\TUnit\TUnit.TestProject\TUnit.TestProject.csproj::TargetFramework=net9.0]
C:\git\TUnit\TUnit.TestProject\GenericMatrixTests.cs(47,23): warning TUnit0300: Generic test method with data source may not be AOT-compatible. All generic type combinations must be known at compile time. [C:\git\TUnit\TUnit.TestProject\TUnit.TestProject.csproj::TargetFramework=net9.0]
C:\git\TUnit\TUnit.TestProject\GenericMatrixTests.cs(22,23): warning TUnit0300: Generic test method with data source may not be AOT-compatible. All generic type combinations must be known at compile time. [C:\git\TUnit\TUnit.TestProject\TUnit.TestProject.csproj::TargetFramework=net9.0]
C:\git\TUnit\TUnit.TestProject\GenericTestExample.cs(15,17): warning TUnit0300: Generic test method with data source may not be AOT-compatible. All generic type combinations must be known at compile time. [C:\git\TUnit\TUnit.TestProject\TUnit.TestProject.csproj::TargetFramework=net9.0]
C:\git\TUnit\TUnit.TestProject\GenericMethodTests.cs(11,17): warning TUnit0300: Generic test method with data source may not be AOT-compatible. All generic type combinations must be known at compile time. [C:\git\TUnit\TUnit.TestProject\TUnit.TestProject.csproj::TargetFramework=net9.0]
C:\git\TUnit\TUnit.TestProject\GenericTests.cs(26,23): warning TUnit0300: Generic test method with data source may not be AOT-compatible. All generic type combinations must be known at compile time. [C:\git\TUnit\TUnit.TestProject\TUnit.TestProject.csproj::TargetFramework=net9.0]
C:\git\TUnit\TUnit.TestProject\GenericTypedDataSourceTests.cs(57,23): warning TUnit0300: Generic test method with data source may not be AOT-compatible. All generic type combinations must be known at compile time. [C:\git\TUnit\TUnit.TestProject\TUnit.TestProject.csproj::TargetFramework=net9.0]
C:\git\TUnit\TUnit.TestProject\GenericTypedDataSourceTests.cs(41,23): warning TUnit0300: Generic test method with data source may not be AOT-compatible. All generic type combinations must be known at compile time. [C:\git\TUnit\TUnit.TestProject\TUnit.TestProject.csproj::TargetFramework=net9.0]
C:\git\TUnit\TUnit.TestProject\GenericTypedDataSourceTests.cs(49,23): warning TUnit0300: Generic test method with data source may not be AOT-compatible. All generic type combinations must be known at compile time. [C:\git\TUnit\TUnit.TestProject\TUnit.TestProject.csproj::TargetFramework=net9.0]
C:\git\TUnit\TUnit.TestProject\GenericTypedDataSourceTests.cs(70,23): warning TUnit0300: Generic test method with data source may not be AOT-compatible. All generic type combinations must be known at compile time. [C:\git\TUnit\TUnit.TestProject\TUnit.TestProject.csproj::TargetFramework=net9.0]
C:\git\TUnit\TUnit.TestProject\GenericTypeTests.cs(61,23): warning TUnit0300: Generic test method with data source may not be AOT-compatible. All generic type combinations must be known at compile time. [C:\git\TUnit\TUnit.TestProject\TUnit.TestProject.csproj::TargetFramework=net9.0]
C:\git\TUnit\TUnit.TestProject\GenericTypeTests.cs(52,23): warning TUnit0300: Generic test method with data source may not be AOT-compatible. All generic type combinations must be known at compile time. [C:\git\TUnit\TUnit.TestProject\TUnit.TestProject.csproj::TargetFramework=net9.0]
C:\git\TUnit\TUnit.TestProject\GenericTypeTests.cs(20,23): warning TUnit0300: Generic test method with data source may not be AOT-compatible. All generic type combinations must be known at compile time. [C:\git\TUnit\TUnit.TestProject\TUnit.TestProject.csproj::TargetFramework=net9.0]
C:\git\TUnit\TUnit.TestProject\GenericTypeTests.cs(79,23): warning TUnit0300: Generic test method with data source may not be AOT-compatible. All generic type combinations must be known at compile time. [C:\git\TUnit\TUnit.TestProject\TUnit.TestProject.csproj::TargetFramework=net9.0]
C:\git\TUnit\TUnit.TestProject\GenericTypeTests.cs(9,23): warning TUnit0300: Generic test method with data source may not be AOT-compatible. All generic type combinations must be known at compile time. [C:\git\TUnit\TUnit.TestProject\TUnit.TestProject.csproj::TargetFramework=net9.0]
C:\git\TUnit\TUnit.TestProject\HookExecutorTests.cs(54,30): warning TUnit0042: Global hooks should not be mixed with test classes to avoid confusion. Place them in their own class. [C:\git\TUnit\TUnit.TestProject\TUnit.TestProject.csproj::TargetFramework=net9.0]
C:\git\TUnit\TUnit.TestProject\HookGeneratorTest.cs(9,24): warning TUnit0042: Global hooks should not be mixed with test classes to avoid confusion. Place them in their own class. [C:\git\TUnit\TUnit.TestProject\TUnit.TestProject.csproj::TargetFramework=net9.0]
C:\git\TUnit\TUnit.TestProject\HookExecutorTests.cs(13,30): warning TUnit0042: Global hooks should not be mixed with test classes to avoid confusion. Place them in their own class. [C:\git\TUnit\TUnit.TestProject\TUnit.TestProject.csproj::TargetFramework=net9.0]
C:\git\TUnit\TUnit.TestProject\HookGeneratorTest.cs(15,30): warning TUnit0042: Global hooks should not be mixed with test classes to avoid confusion. Place them in their own class. [C:\git\TUnit\TUnit.TestProject\TUnit.TestProject.csproj::TargetFramework=net9.0]
C:\git\TUnit\TUnit.TestProject\HookExecutorTests.cs(26,30): warning TUnit0042: Global hooks should not be mixed with test classes to avoid confusion. Place them in their own class. [C:\git\TUnit\TUnit.TestProject\TUnit.TestProject.csproj::TargetFramework=net9.0]
C:\git\TUnit\TUnit.TestProject\HookExecutorTests.cs(123,30): warning TUnit0042: Global hooks should not be mixed with test classes to avoid confusion. Place them in their own class. [C:\git\TUnit\TUnit.TestProject\TUnit.TestProject.csproj::TargetFramework=net9.0]
C:\git\TUnit\TUnit.TestProject\HookExecutorTests.cs(110,30): warning TUnit0042: Global hooks should not be mixed with test classes to avoid confusion. Place them in their own class. [C:\git\TUnit\TUnit.TestProject\TUnit.TestProject.csproj::TargetFramework=net9.0]
C:\git\TUnit\TUnit.TestProject\HookExecutorTests.cs(35,30): warning TUnit0042: Global hooks should not be mixed with test classes to avoid confusion. Place them in their own class. [C:\git\TUnit\TUnit.TestProject\TUnit.TestProject.csproj::TargetFramework=net9.0]
C:\git\TUnit\TUnit.TestProject\HookExecutorTests.cs(63,30): warning TUnit0042: Global hooks should not be mixed with test classes to avoid confusion. Place them in their own class. [C:\git\TUnit\TUnit.TestProject\TUnit.TestProject.csproj::TargetFramework=net9.0]
C:\git\TUnit\TUnit.TestProject\HookExecutorTests.cs(43,30): warning TUnit0042: Global hooks should not be mixed with test classes to avoid confusion. Place them in their own class. [C:\git\TUnit\TUnit.TestProject\TUnit.TestProject.csproj::TargetFramework=net9.0]
C:\git\TUnit\TUnit.TestProject\AbstractBaseClassPropertyInjectionTests.cs(20,27): warning CS8602: Dereference of a possibly null reference. [C:\git\TUnit\TUnit.TestProject\TUnit.TestProject.csproj::TargetFramework=net8.0]
C:\git\TUnit\TUnit.TestProject\Tests.cs(13,15): warning CS8620: Argument of type 'AssertionBuilder<string?>' cannot be used for parameter 'builder' of type 'AssertionBuilder<string>' in 'StringEqualToAssertion StringAssertionBuilderExtensions.IsEqualTo(AssertionBuilder<string> builder, string? expected, StringComparison comparison)' due to differences in the nullability of reference types. [C:\git\TUnit\TUnit.TestProject\TUnit.TestProject.csproj::TargetFramework=net8.0]
C:\git\TUnit\TUnit.TestProject\SourceGeneratedViewer\TUnit.Core.SourceGenerator\TUnit.Core.SourceGenerator.Generators.PropertyInjectionSourceGenerator\TUnit_TestProject_PropertyInitializationTests_PropertyInjection.g.cs(39,86): warning CS8669: The annotation for nullable reference types should only be used in code within a '#nullable' annotations context. Auto-generated code requires an explicit '#nullable' directive in source. [C:\git\TUnit\TUnit.TestProject\TUnit.TestProject.csproj::TargetFramework=net8.0]
C:\git\TUnit\TUnit.TestProject\SourceGeneratedViewer\TUnit.Core.SourceGenerator\TUnit.Core.SourceGenerator.Generators.PropertyInjectionSourceGenerator\TUnit_TestProject_PropertyInitializationTests_PropertyInjection.g.cs(56,97): warning CS8669: The annotation for nullable reference types should only be used in code within a '#nullable' annotations context. Auto-generated code requires an explicit '#nullable' directive in source. [C:\git\TUnit\TUnit.TestProject\TUnit.TestProject.csproj::TargetFramework=net8.0]
C:\git\TUnit\TUnit.TestProject\Tests.cs(268,13): error CS0815: Cannot assign void to an implicitly-typed variable [C:\git\TUnit\TUnit.TestProject\TUnit.TestProject.csproj::TargetFramework=net8.0]
C:\git\TUnit\TUnit.TestProject\TestCountVerificationTests.cs(6,45): warning CS9113: Parameter 'value' is unread. [C:\git\TUnit\TUnit.TestProject\TUnit.TestProject.csproj::TargetFramework=net8.0]
C:\git\TUnit\TUnit.TestProject\TestContextIsolationTests.cs(307,15): warning CS8634: The type 'TUnit.Core.TestContext?' cannot be used as type parameter 'TActual' in the generic type or method 'ReferenceAssertionBuilderExtensions.IsSameReferenceAs<TActual>(AssertionBuilder<TActual>, TActual?)'. Nullability of type argument 'TUnit.Core.TestContext?' doesn't match 'class' constraint. [C:\git\TUnit\TUnit.TestProject\TUnit.TestProject.csproj::TargetFramework=net8.0]
C:\git\TUnit\TUnit.TestProject\TestContextIsolationTests.cs(317,15): warning CS8634: The type 'TUnit.Core.TestContext?' cannot be used as type parameter 'TActual' in the generic type or method 'ReferenceAssertionBuilderExtensions.IsSameReferenceAs<TActual>(AssertionBuilder<TActual>, TActual?)'. Nullability of type argument 'TUnit.Core.TestContext?' doesn't match 'class' constraint. [C:\git\TUnit\TUnit.TestProject\TUnit.TestProject.csproj::TargetFramework=net8.0]
C:\git\TUnit\TUnit.TestProject\TestContextIsolationTests.cs(318,15): warning CS8634: The type 'TUnit.Core.TestContext?' cannot be used as type parameter 'TActual' in the generic type or method 'ReferenceAssertionBuilderExtensions.IsSameReferenceAs<TActual>(AssertionBuilder<TActual>, TActual?)'. Nullability of type argument 'TUnit.Core.TestContext?' doesn't match 'class' constraint. [C:\git\TUnit\TUnit.TestProject\TUnit.TestProject.csproj::TargetFramework=net8.0]
C:\git\TUnit\TUnit.TestProject\AsyncDataSourceExampleTests.cs(7,67): warning CS1998: This async method lacks 'await' operators and will run synchronously. Consider using the 'await' operator to await non-blocking API calls, or 'await Task.Run(...)' to do CPU-bound work on a background thread. [C:\git\TUnit\TUnit.TestProject\TUnit.TestProject.csproj::TargetFramework=net8.0]
C:\git\TUnit\TUnit.TestProject\AsyncDataSourceExampleTests.cs(59,71): warning CS1998: This async method lacks 'await' operators and will run synchronously. Consider using the 'await' operator to await non-blocking API calls, or 'await Task.Run(...)' to do CPU-bound work on a background thread. [C:\git\TUnit\TUnit.TestProject\TUnit.TestProject.csproj::TargetFramework=net8.0]
C:\git\TUnit\TUnit.TestProject\TestContextIsolationTests.cs(263,15): warning CS8634: The type 'TUnit.Core.TestContext?' cannot be used as type parameter 'TActual' in the generic type or method 'ReferenceAssertionBuilderExtensions.IsSameReferenceAs<TActual>(AssertionBuilder<TActual>, TActual?)'. Nullability of type argument 'TUnit.Core.TestContext?' doesn't match 'class' constraint. [C:\git\TUnit\TUnit.TestProject\TUnit.TestProject.csproj::TargetFramework=net8.0]
C:\git\TUnit\TUnit.TestProject\TestContextIsolationTests.cs(159,15): warning CS8634: The type 'TUnit.Core.TestContext?' cannot be used as type parameter 'TActual' in the generic type or method 'ReferenceAssertionBuilderExtensions.IsSameReferenceAs<TActual>(AssertionBuilder<TActual>, TActual?)'. Nullability of type argument 'TUnit.Core.TestContext?' doesn't match 'class' constraint. [C:\git\TUnit\TUnit.TestProject\TUnit.TestProject.csproj::TargetFramework=net8.0]
C:\git\TUnit\TUnit.TestProject\TestContextIsolationTests.cs(174,15): warning CS8634: The type 'TUnit.Core.TestContext?' cannot be used as type parameter 'TActual' in the generic type or method 'ReferenceAssertionBuilderExtensions.IsSameReferenceAs<TActual>(AssertionBuilder<TActual>, TActual?)'. Nullability of type argument 'TUnit.Core.TestContext?' doesn't match 'class' constraint. [C:\git\TUnit\TUnit.TestProject\TUnit.TestProject.csproj::TargetFramework=net8.0]
C:\git\TUnit\TUnit.TestProject\TestContextIsolationTests.cs(180,15): warning CS8634: The type 'TUnit.Core.TestContext?' cannot be used as type parameter 'TActual' in the generic type or method 'ReferenceAssertionBuilderExtensions.IsSameReferenceAs<TActual>(AssertionBuilder<TActual>, TActual?)'. Nullability of type argument 'TUnit.Core.TestContext?' doesn't match 'class' constraint. [C:\git\TUnit\TUnit.TestProject\TUnit.TestProject.csproj::TargetFramework=net8.0]
C:\git\TUnit\TUnit.TestProject\TestContextIsolationTests.cs(185,19): warning CS8634: The type 'TUnit.Core.TestContext?' cannot be used as type parameter 'TActual' in the generic type or method 'ReferenceAssertionBuilderExtensions.IsSameReferenceAs<TActual>(AssertionBuilder<TActual>, TActual?)'. Nullability of type argument 'TUnit.Core.TestContext?' doesn't match 'class' constraint. [C:\git\TUnit\TUnit.TestProject\TUnit.TestProject.csproj::TargetFramework=net8.0]
C:\git\TUnit\TUnit.TestProject\TestContextIsolationTests.cs(187,19): warning CS8634: The type 'TUnit.Core.TestContext?' cannot be used as type parameter 'TActual' in the generic type or method 'ReferenceAssertionBuilderExtensions.IsSameReferenceAs<TActual>(AssertionBuilder<TActual>, TActual?)'. Nullability of type argument 'TUnit.Core.TestContext?' doesn't match 'class' constraint. [C:\git\TUnit\TUnit.TestProject\TUnit.TestProject.csproj::TargetFramework=net8.0]
C:\git\TUnit\TUnit.TestProject\TestContextIsolationTests.cs(190,15): warning CS8634: The type 'TUnit.Core.TestContext?' cannot be used as type parameter 'TActual' in the generic type or method 'ReferenceAssertionBuilderExtensions.IsSameReferenceAs<TActual>(AssertionBuilder<TActual>, TActual?)'. Nullability of type argument 'TUnit.Core.TestContext?' doesn't match 'class' constraint. [C:\git\TUnit\TUnit.TestProject\TUnit.TestProject.csproj::TargetFramework=net8.0]
C:\git\TUnit\TUnit.TestProject\TestContextIsolationTests.cs(197,15): warning CS8634: The type 'TUnit.Core.TestContext?' cannot be used as type parameter 'TActual' in the generic type or method 'ReferenceAssertionBuilderExtensions.IsSameReferenceAs<TActual>(AssertionBuilder<TActual>, TActual?)'. Nullability of type argument 'TUnit.Core.TestContext?' doesn't match 'class' constraint. [C:\git\TUnit\TUnit.TestProject\TUnit.TestProject.csproj::TargetFramework=net8.0]
C:\git\TUnit\TUnit.TestProject\TestContextIsolationTests.cs(202,19): warning CS8634: The type 'TUnit.Core.TestContext?' cannot be used as type parameter 'TActual' in the generic type or method 'ReferenceAssertionBuilderExtensions.IsSameReferenceAs<TActual>(AssertionBuilder<TActual>, TActual?)'. Nullability of type argument 'TUnit.Core.TestContext?' doesn't match 'class' constraint. [C:\git\TUnit\TUnit.TestProject\TUnit.TestProject.csproj::TargetFramework=net8.0]
C:\git\TUnit\TUnit.TestProject\TestContextIsolationTests.cs(206,15): warning CS8634: The type 'TUnit.Core.TestContext?' cannot be used as type parameter 'TActual' in the generic type or method 'ReferenceAssertionBuilderExtensions.IsSameReferenceAs<TActual>(AssertionBuilder<TActual>, TActual?)'. Nullability of type argument 'TUnit.Core.TestContext?' doesn't match 'class' constraint. [C:\git\TUnit\TUnit.TestProject\TUnit.TestProject.csproj::TargetFramework=net8.0]
C:\git\TUnit\TUnit.TestProject\TestContextIsolationTests.cs(51,15): warning CS8634: The type 'TUnit.Core.TestContext?' cannot be used as type parameter 'TActual' in the generic type or method 'ReferenceAssertionBuilderExtensions.IsSameReferenceAs<TActual>(AssertionBuilder<TActual>, TActual?)'. Nullability of type argument 'TUnit.Core.TestContext?' doesn't match 'class' constraint. [C:\git\TUnit\TUnit.TestProject\TUnit.TestProject.csproj::TargetFramework=net8.0]
C:\git\TUnit\TUnit.TestProject\Bugs\1570\Tests.cs(21,23): warning CS1998: This async method lacks 'await' operators and will run synchronously. Consider using the 'await' operator to await non-blocking API calls, or 'await Task.Run(...)' to do CPU-bound work on a background thread. [C:\git\TUnit\TUnit.TestProject\TUnit.TestProject.csproj::TargetFramework=net8.0]
C:\git\TUnit\TUnit.TestProject\TestContextIsolationTests.cs(81,15): warning CS8634: The type 'TUnit.Core.TestContext?' cannot be used as type parameter 'TActual' in the generic type or method 'ReferenceAssertionBuilderExtensions.IsSameReferenceAs<TActual>(AssertionBuilder<TActual>, TActual?)'. Nullability of type argument 'TUnit.Core.TestContext?' doesn't match 'class' constraint. [C:\git\TUnit\TUnit.TestProject\TUnit.TestProject.csproj::TargetFramework=net8.0]
C:\git\TUnit\TUnit.TestProject\TestContextIsolationTests.cs(105,15): warning CS8634: The type 'TUnit.Core.TestContext?' cannot be used as type parameter 'TActual' in the generic type or method 'ReferenceAssertionBuilderExtensions.IsSameReferenceAs<TActual>(AssertionBuilder<TActual>, TActual?)'. Nullability of type argument 'TUnit.Core.TestContext?' doesn't match 'class' constraint. [C:\git\TUnit\TUnit.TestProject\TUnit.TestProject.csproj::TargetFramework=net8.0]
C:\git\TUnit\TUnit.TestProject\Bugs\_2804\MultipleAfterHooksFailureTests.cs(254,9): warning CS0162: Unreachable code detected [C:\git\TUnit\TUnit.TestProject\TUnit.TestProject.csproj::TargetFramework=net8.0]
C:\git\TUnit\TUnit.TestProject\Bugs\_2804\MultipleAfterHooksFailureTests.cs(269,9): warning CS0162: Unreachable code detected [C:\git\TUnit\TUnit.TestProject\TUnit.TestProject.csproj::TargetFramework=net8.0]
C:\git\TUnit\TUnit.TestProject\Bugs\_2804\MultipleAfterHooksFailureTests.cs(285,9): warning CS0162: Unreachable code detected [C:\git\TUnit\TUnit.TestProject\TUnit.TestProject.csproj::TargetFramework=net8.0]
C:\git\TUnit\TUnit.TestProject\Bugs\2067\Tests.cs(37,13): error CS0815: Cannot assign void to an implicitly-typed variable [C:\git\TUnit\TUnit.TestProject\TUnit.TestProject.csproj::TargetFramework=net8.0]
C:\git\TUnit\TUnit.TestProject\TestContextIsolationTests.cs(125,51): error CS1061: 'AssertionBuilder<int>' does not contain a definition for 'GreaterThanOrEqualTo' and no accessible extension method 'GreaterThanOrEqualTo' accepting a first argument of type 'AssertionBuilder<int>' could be found (are you missing a using directive or an assembly reference?) [C:\git\TUnit\TUnit.TestProject\TUnit.TestProject.csproj::TargetFramework=net8.0]
C:\git\TUnit\TUnit.TestProject\Bugs\2481\Tests.cs(19,29): error CS8917: The delegate type could not be inferred. [C:\git\TUnit\TUnit.TestProject\TUnit.TestProject.csproj::TargetFramework=net8.0]
C:\git\TUnit\TUnit.TestProject\Bugs\2481\Tests.cs(20,29): error CS8917: The delegate type could not be inferred. [C:\git\TUnit\TUnit.TestProject\TUnit.TestProject.csproj::TargetFramework=net8.0]
C:\git\TUnit\TUnit.TestProject\Bugs\2481\Tests.cs(21,29): error CS8917: The delegate type could not be inferred. [C:\git\TUnit\TUnit.TestProject\TUnit.TestProject.csproj::TargetFramework=net8.0]
C:\git\TUnit\TUnit.TestProject\Bugs\2955\InheritedDataSourceTests.cs(68,27): warning CS8602: Dereference of a possibly null reference. [C:\git\TUnit\TUnit.TestProject\TUnit.TestProject.csproj::TargetFramework=net8.0]
C:\git\TUnit\TUnit.TestProject\Bugs\2935\GenericTests.cs(31,63): error CS1061: 'Task<string>' does not contain a definition for 'And' and no accessible extension method 'And' accepting a first argument of type 'Task<string>' could be found (are you missing a using directive or an assembly reference?) [C:\git\TUnit\TUnit.TestProject\TUnit.TestProject.csproj::TargetFramework=net8.0]
C:\git\TUnit\TUnit.TestProject\ClassDataSourceEnumerableTest.cs(6,51): warning CS9113: Parameter 'value' is unread. [C:\git\TUnit\TUnit.TestProject\TUnit.TestProject.csproj::TargetFramework=net8.0]
C:\git\TUnit\TUnit.TestProject\ClassDisplayNameAttributeTests.cs(23,57): warning CS9113: Parameter 'value' is unread. [C:\git\TUnit\TUnit.TestProject\TUnit.TestProject.csproj::TargetFramework=net8.0]
C:\git\TUnit\TUnit.TestProject\SimpleGenericTests.cs(58,47): warning CS8604: Possible null reference argument for parameter 'expected' in 'GenericNotEqualToAssertion<T> AssertionBuilder<T>.IsNotEqualTo(T expected)'. [C:\git\TUnit\TUnit.TestProject\TUnit.TestProject.csproj::TargetFramework=net8.0]
C:\git\TUnit\TUnit.TestProject\SimpleGenericTests.cs(59,53): warning CS8604: Possible null reference argument for parameter 'expected' in 'GenericNotEqualToAssertion<T2> AssertionBuilder<T2>.IsNotEqualTo(T2 expected)'. [C:\git\TUnit\TUnit.TestProject\TUnit.TestProject.csproj::TargetFramework=net8.0]
C:\git\TUnit\TUnit.TestProject\SimpleGenericTests.cs(42,47): warning CS8604: Possible null reference argument for parameter 'expected' in 'GenericNotEqualToAssertion<T> AssertionBuilder<T>.IsNotEqualTo(T expected)'. [C:\git\TUnit\TUnit.TestProject\TUnit.TestProject.csproj::TargetFramework=net8.0]
C:\git\TUnit\TUnit.TestProject\SimpleGenericTests.cs(26,47): warning CS8604: Possible null reference argument for parameter 'expected' in 'GenericNotEqualToAssertion<T> AssertionBuilder<T>.IsNotEqualTo(T expected)'. [C:\git\TUnit\TUnit.TestProject\TUnit.TestProject.csproj::TargetFramework=net8.0]
C:\git\TUnit\TUnit.TestProject\Bugs\Issue2887\ReproTest.cs(16,54): warning CS9113: Parameter 'serviceProvider' is unread. [C:\git\TUnit\TUnit.TestProject\TUnit.TestProject.csproj::TargetFramework=net8.0]
C:\git\TUnit\TUnit.TestProject\SimpleGenericTests.cs(13,47): warning CS8604: Possible null reference argument for parameter 'expected' in 'GenericNotEqualToAssertion<T> AssertionBuilder<T>.IsNotEqualTo(T expected)'. [C:\git\TUnit\TUnit.TestProject\TUnit.TestProject.csproj::TargetFramework=net8.0]
C:\git\TUnit\TUnit.TestProject\Bugs\Issue2993\ImplicitConversionTests.cs(27,35): warning CS8600: Converting null literal or possible null value to non-nullable type. [C:\git\TUnit\TUnit.TestProject\TUnit.TestProject.csproj::TargetFramework=net8.0]
C:\git\TUnit\TUnit.TestProject\ScopedRetryAttributePriorityTests.cs(63,43): error CS1501: No overload for method 'IsEqualTo' takes 2 arguments [C:\git\TUnit\TUnit.TestProject\TUnit.TestProject.csproj::TargetFramework=net8.0]
C:\git\TUnit\TUnit.TestProject\ScopedRetryAttributePriorityTests.cs(36,54): error CS1501: No overload for method 'IsEqualTo' takes 2 arguments [C:\git\TUnit\TUnit.TestProject\TUnit.TestProject.csproj::TargetFramework=net8.0]
C:\git\TUnit\TUnit.TestProject\ScopedRetryAttributePriorityTests.cs(40,53): error CS1501: No overload for method 'IsEqualTo' takes 2 arguments [C:\git\TUnit\TUnit.TestProject\TUnit.TestProject.csproj::TargetFramework=net8.0]
C:\git\TUnit\TUnit.TestProject\ComprehensiveCountTest.cs(8,44): warning CS9113: Parameter 'classValue' is unread. [C:\git\TUnit\TUnit.TestProject\TUnit.TestProject.csproj::TargetFramework=net8.0]
C:\git\TUnit\TUnit.TestProject\CombinedParallelConstraintsTests.cs(253,17): warning CS0219: The variable 'hasOverlap' is assigned but its value is never used [C:\git\TUnit\TUnit.TestProject\TUnit.TestProject.csproj::TargetFramework=net8.0]
C:\git\TUnit\TUnit.TestProject\PropertyInitializationTests.cs(108,91): warning CS1998: This async method lacks 'await' operators and will run synchronously. Consider using the 'await' operator to await non-blocking API calls, or 'await Task.Run(...)' to do CPU-bound work on a background thread. [C:\git\TUnit\TUnit.TestProject\TUnit.TestProject.csproj::TargetFramework=net8.0]
C:\git\TUnit\TUnit.TestProject\PropertyInitializationTests.cs(98,82): warning CS1998: This async method lacks 'await' operators and will run synchronously. Consider using the 'await' operator to await non-blocking API calls, or 'await Task.Run(...)' to do CPU-bound work on a background thread. [C:\git\TUnit\TUnit.TestProject\TUnit.TestProject.csproj::TargetFramework=net8.0]
C:\git\TUnit\TUnit.TestProject\CustomAssertions\Tests.cs(23,15): error CS1929: 'AssertionBuilder<HttpResponseMessage>' does not contain a definition for 'IsProblemDetails' and the best extension method overload 'HttpResponseAssertionExtensions.IsProblemDetails(IValueSource<HttpResponseMessage>)' requires a receiver of type 'TUnit.Assertions.AssertConditions.Interfaces.IValueSource<System.Net.Http.HttpResponseMessage>' [C:\git\TUnit\TUnit.TestProject\TUnit.TestProject.csproj::TargetFramework=net8.0]
C:\git\TUnit\TUnit.TestProject\CustomAssertions\ProblemDetailsAssertion.cs(74,28): error CS1061: 'IValueSource<ProblemDetails>' does not contain a definition for 'RegisterAssertion' and no accessible extension method 'RegisterAssertion' accepting a first argument of type 'IValueSource<ProblemDetails>' could be found (are you missing a using directive or an assembly reference?) [C:\git\TUnit\TUnit.TestProject\TUnit.TestProject.csproj::TargetFramework=net8.0]
C:\git\TUnit\TUnit.TestProject\CustomAssertions\ProblemDetailsAssertion.cs(80,28): error CS1061: 'IValueSource<ProblemDetails>' does not contain a definition for 'RegisterAssertion' and no accessible extension method 'RegisterAssertion' accepting a first argument of type 'IValueSource<ProblemDetails>' could be found (are you missing a using directive or an assembly reference?) [C:\git\TUnit\TUnit.TestProject\TUnit.TestProject.csproj::TargetFramework=net8.0]
C:\git\TUnit\TUnit.TestProject\CustomAssertions\ProblemDetailsAssertion.cs(60,28): error CS1061: 'IValueSource<HttpResponseMessage>' does not contain a definition for 'RegisterConversionAssertion' and no accessible extension method 'RegisterConversionAssertion' accepting a first argument of type 'IValueSource<HttpResponseMessage>' could be found (are you missing a using directive or an assembly reference?) [C:\git\TUnit\TUnit.TestProject\TUnit.TestProject.csproj::TargetFramework=net8.0]
C:\git\TUnit\TUnit.TestProject\OverrideResultsTests.cs(21,29): error CS1660: Cannot convert lambda expression to type 'TestContext' because it is not a delegate type [C:\git\TUnit\TUnit.TestProject\TUnit.TestProject.csproj::TargetFramework=net8.0]
C:\git\TUnit\TUnit.TestProject\NotInParallelExecutionTests.cs(28,25): warning CS8602: Dereference of a possibly null reference. [C:\git\TUnit\TUnit.TestProject\TUnit.TestProject.csproj::TargetFramework=net8.0]
C:\git\TUnit\TUnit.TestProject\NotInParallelExecutionTests.cs(53,30): warning CS8602: Dereference of a possibly null reference. [C:\git\TUnit\TUnit.TestProject\TUnit.TestProject.csproj::TargetFramework=net8.0]
C:\git\TUnit\TUnit.TestProject\DependsOnTests2.cs(29,97): error CS1061: 'Task<Exception>' does not contain a definition for 'WithMessage' and no accessible extension method 'WithMessage' accepting a first argument of type 'Task<Exception>' could be found (are you missing a using directive or an assembly reference?) [C:\git\TUnit\TUnit.TestProject\TUnit.TestProject.csproj::TargetFramework=net8.0]
C:\git\TUnit\TUnit.TestProject\DynamicallyRegisteredTests.cs(58,19): warning CS0618: 'TestContext.ReregisterTestWithArguments(object?[]?, Dictionary<string, object?>?)' is obsolete: 'This method is non-functional after the removal of ITestFinder. It will be removed in a future version.' [C:\git\TUnit\TUnit.TestProject\TUnit.TestProject.csproj::TargetFramework=net8.0]
C:\git\TUnit\TUnit.TestProject\NestedClassDataSourceDrivenTests3.cs(130,36): warning CS8618: Non-nullable property 'InnerClass' must contain a non-null value when exiting constructor. Consider adding the 'required' modifier or declaring the property as nullable. [C:\git\TUnit\TUnit.TestProject\TUnit.TestProject.csproj::TargetFramework=net8.0]
C:\git\TUnit\TUnit.TestProject\NestedClassDataSourceDrivenTests3.cs(100,36): warning CS8618: Non-nullable property 'InnerClass' must contain a non-null value when exiting constructor. Consider adding the 'required' modifier or declaring the property as nullable. [C:\git\TUnit\TUnit.TestProject\TUnit.TestProject.csproj::TargetFramework=net8.0]
C:\git\TUnit\TUnit.TestProject\NestedClassDataSourceDrivenTests3.cs(61,36): warning CS8618: Non-nullable property 'InnerClass' must contain a non-null value when exiting constructor. Consider adding the 'required' modifier or declaring the property as nullable. [C:\git\TUnit\TUnit.TestProject\TUnit.TestProject.csproj::TargetFramework=net8.0]
C:\git\TUnit\TUnit.TestProject\NestedClassDataSourceDrivenTests3.cs(34,36): warning CS8618: Non-nullable property 'InnerClass' must contain a non-null value when exiting constructor. Consider adding the 'required' modifier or declaring the property as nullable. [C:\git\TUnit\TUnit.TestProject\TUnit.TestProject.csproj::TargetFramework=net8.0]
C:\git\TUnit\TUnit.TestProject\NestedClassDataSourceDrivenTests2.cs(33,36): warning CS8618: Non-nullable property 'InnerClass' must contain a non-null value when exiting constructor. Consider adding the 'required' modifier or declaring the property as nullable. [C:\git\TUnit\TUnit.TestProject\TUnit.TestProject.csproj::TargetFramework=net8.0]
C:\git\TUnit\TUnit.TestProject\MixedDataSourceBugTest.cs(5,41): warning CS9113: Parameter 'classValue' is unread. [C:\git\TUnit\TUnit.TestProject\TUnit.TestProject.csproj::TargetFramework=net8.0]
C:\git\TUnit\TUnit.TestProject\GenericConstraintValidationTests.cs(66,47): warning CS8625: Cannot convert null literal to non-nullable reference type. [C:\git\TUnit\TUnit.TestProject\TUnit.TestProject.csproj::TargetFramework=net8.0]
C:\git\TUnit\TUnit.TestProject\GenericConstraintValidationTests.cs(126,47): warning CS8604: Possible null reference argument for parameter 'expected' in 'GenericNotEqualToAssertion<T> AssertionBuilder<T>.IsNotEqualTo(T expected)'. [C:\git\TUnit\TUnit.TestProject\TUnit.TestProject.csproj::TargetFramework=net8.0]
C:\git\TUnit\TUnit.TestProject\GenericConstraintValidationTests.cs(160,51): warning CS8625: Cannot convert null literal to non-nullable reference type. [C:\git\TUnit\TUnit.TestProject\TUnit.TestProject.csproj::TargetFramework=net8.0]
C:\git\TUnit\TUnit.TestProject\GenericConstraintValidationTests.cs(173,47): warning CS8604: Possible null reference argument for parameter 'expected' in 'GenericNotEqualToAssertion<T> AssertionBuilder<T>.IsNotEqualTo(T expected)'. [C:\git\TUnit\TUnit.TestProject\TUnit.TestProject.csproj::TargetFramework=net8.0]
C:\git\TUnit\TUnit.TestProject\Bugs\_2804\HookExceptionHandlingTests.cs(14,25): warning CS0414: The field 'HookExceptionHandlingTests._afterAssemblyExecuted' is assigned but its value is never used [C:\git\TUnit\TUnit.TestProject\TUnit.TestProject.csproj::TargetFramework=net8.0]
C:\git\TUnit\TUnit.TestProject\Bugs\_2804\HookCleanupOnFailureTests.cs(16,24): warning CS0414: The field 'HookCleanupOnFailureTests._beforeAssemblyCount' is assigned but its value is never used [C:\git\TUnit\TUnit.TestProject\TUnit.TestProject.csproj::TargetFramework=net8.0]
C:\git\TUnit\TUnit.TestProject\Bugs\_2804\HookCleanupOnFailureTests.cs(17,24): warning CS0414: The field 'HookCleanupOnFailureTests._afterAssemblyCount' is assigned but its value is never used [C:\git\TUnit\TUnit.TestProject\TUnit.TestProject.csproj::TargetFramework=net8.0]
C:\git\TUnit\TUnit.TestProject\Bugs\_2804\MultipleAfterHooksFailureTests.cs(124,25): warning CS0414: The field 'MultipleAfterClassHooksTests._testsExecuted' is assigned but its value is never used [C:\git\TUnit\TUnit.TestProject\TUnit.TestProject.csproj::TargetFramework=net8.0]
C:\git\TUnit\TUnit.TestProject\CallEventReceiverTests.cs(34,28): warning TUnit0014: Public method missing [Test] attribute - add attribute or make method private/protected [C:\git\TUnit\TUnit.TestProject\TUnit.TestProject.csproj::TargetFramework=net8.0]
C:\git\TUnit\TUnit.TestProject\DynamicTests\Runtime.cs(13,17): warning TUnit0014: Public method missing [Test] attribute - add attribute or make method private/protected [C:\git\TUnit\TUnit.TestProject\TUnit.TestProject.csproj::TargetFramework=net8.0]
C:\git\TUnit\TUnit.TestProject\VerifyFixTest.cs(11,27): warning TUnit0300: Generic test method with data source may not be AOT-compatible. All generic type combinations must be known at compile time. [C:\git\TUnit\TUnit.TestProject\TUnit.TestProject.csproj::TargetFramework=net8.0]
C:\git\TUnit\TUnit.TestProject\AllDataSourcesCombinedTests.cs(40,30): warning TUnit0042: Global hooks should not be mixed with test classes to avoid confusion. Place them in their own class. [C:\git\TUnit\TUnit.TestProject\TUnit.TestProject.csproj::TargetFramework=net8.0]
C:\git\TUnit\TUnit.TestProject\TestMixedGenericParameters.cs(8,23): warning TUnit0300: Generic test method with data source may not be AOT-compatible. All generic type combinations must be known at compile time. [C:\git\TUnit\TUnit.TestProject\TUnit.TestProject.csproj::TargetFramework=net8.0]
C:\git\TUnit\TUnit.TestProject\AllDataSourcesCombinedTestsVerification.cs(40,30): warning TUnit0042: Global hooks should not be mixed with test classes to avoid confusion. Place them in their own class. [C:\git\TUnit\TUnit.TestProject\TUnit.TestProject.csproj::TargetFramework=net8.0]
C:\git\TUnit\TUnit.TestProject\ArgumentsWithClassDataSourceTests.cs(29,30): warning TUnit0042: Global hooks should not be mixed with test classes to avoid confusion. Place them in their own class. [C:\git\TUnit\TUnit.TestProject\TUnit.TestProject.csproj::TargetFramework=net8.0]
C:\git\TUnit\TUnit.TestProject\CallEventReceiverTests.cs(25,30): warning TUnit0042: Global hooks should not be mixed with test classes to avoid confusion. Place them in their own class. [C:\git\TUnit\TUnit.TestProject\TUnit.TestProject.csproj::TargetFramework=net8.0]
C:\git\TUnit\TUnit.TestProject\Bugs\_2804\TestSpecificAfterHooksTests.cs(219,30): warning TUnit0042: Global hooks should not be mixed with test classes to avoid confusion. Place them in their own class. [C:\git\TUnit\TUnit.TestProject\TUnit.TestProject.csproj::TargetFramework=net8.0]
C:\git\TUnit\TUnit.TestProject\Bugs\_2804\TestSpecificAfterHooksTests.cs(234,30): warning TUnit0042: Global hooks should not be mixed with test classes to avoid confusion. Place them in their own class. [C:\git\TUnit\TUnit.TestProject\TUnit.TestProject.csproj::TargetFramework=net8.0]
C:\git\TUnit\TUnit.TestProject\Bugs\_2804\TestSpecificAfterHooksTests.cs(249,30): warning TUnit0042: Global hooks should not be mixed with test classes to avoid confusion. Place them in their own class. [C:\git\TUnit\TUnit.TestProject\TUnit.TestProject.csproj::TargetFramework=net8.0]
C:\git\TUnit\TUnit.TestProject\Bugs\_2804\TestSpecificAfterHooksTests.cs(264,30): warning TUnit0042: Global hooks should not be mixed with test classes to avoid confusion. Place them in their own class. [C:\git\TUnit\TUnit.TestProject\TUnit.TestProject.csproj::TargetFramework=net8.0]
C:\git\TUnit\TUnit.TestProject\Bugs\_2804\TestSpecificAfterHooksTests.cs(279,30): warning TUnit0042: Global hooks should not be mixed with test classes to avoid confusion. Place them in their own class. [C:\git\TUnit\TUnit.TestProject\TUnit.TestProject.csproj::TargetFramework=net8.0]
C:\git\TUnit\TUnit.TestProject\Bugs\_2804\MultipleAfterHooksFailureTests.cs(377,30): warning TUnit0042: Global hooks should not be mixed with test classes to avoid confusion. Place them in their own class. [C:\git\TUnit\TUnit.TestProject\TUnit.TestProject.csproj::TargetFramework=net8.0]
C:\git\TUnit\TUnit.TestProject\Bugs\_2804\MultipleAfterHooksFailureTests.cs(412,30): warning TUnit0042: Global hooks should not be mixed with test classes to avoid confusion. Place them in their own class. [C:\git\TUnit\TUnit.TestProject\TUnit.TestProject.csproj::TargetFramework=net8.0]
C:\git\TUnit\TUnit.TestProject\Bugs\_2804\MultipleAfterHooksFailureTests.cs(388,30): warning TUnit0042: Global hooks should not be mixed with test classes to avoid confusion. Place them in their own class. [C:\git\TUnit\TUnit.TestProject\TUnit.TestProject.csproj::TargetFramework=net8.0]
C:\git\TUnit\TUnit.TestProject\Bugs\_2804\MultipleAfterHooksFailureTests.cs(400,30): warning TUnit0042: Global hooks should not be mixed with test classes to avoid confusion. Place them in their own class. [C:\git\TUnit\TUnit.TestProject\TUnit.TestProject.csproj::TargetFramework=net8.0]
C:\git\TUnit\TUnit.TestProject\Bugs\_2804\MultipleAfterHooksFailureTests.cs(423,30): warning TUnit0042: Global hooks should not be mixed with test classes to avoid confusion. Place them in their own class. [C:\git\TUnit\TUnit.TestProject\TUnit.TestProject.csproj::TargetFramework=net8.0]
C:\git\TUnit\TUnit.TestProject\Bugs\_2804\MultipleAfterHooksFailureTests.cs(435,30): warning TUnit0042: Global hooks should not be mixed with test classes to avoid confusion. Place them in their own class. [C:\git\TUnit\TUnit.TestProject\TUnit.TestProject.csproj::TargetFramework=net8.0]
C:\git\TUnit\TUnit.TestProject\Bugs\_2804\MultipleAfterHooksFailureTests.cs(446,24): warning TUnit0042: Global hooks should not be mixed with test classes to avoid confusion. Place them in their own class. [C:\git\TUnit\TUnit.TestProject\TUnit.TestProject.csproj::TargetFramework=net8.0]
C:\git\TUnit\TUnit.TestProject\Bugs\_2804\MultipleAfterHooksFailureTests.cs(316,30): warning TUnit0042: Global hooks should not be mixed with test classes to avoid confusion. Place them in their own class. [C:\git\TUnit\TUnit.TestProject\TUnit.TestProject.csproj::TargetFramework=net8.0]
C:\git\TUnit\TUnit.TestProject\Bugs\_2804\MultipleAfterHooksFailureTests.cs(327,30): warning TUnit0042: Global hooks should not be mixed with test classes to avoid confusion. Place them in their own class. [C:\git\TUnit\TUnit.TestProject\TUnit.TestProject.csproj::TargetFramework=net8.0]
C:\git\TUnit\TUnit.TestProject\Bugs\_2804\MultipleAfterHooksFailureTests.cs(338,30): warning TUnit0042: Global hooks should not be mixed with test classes to avoid confusion. Place them in their own class. [C:\git\TUnit\TUnit.TestProject\TUnit.TestProject.csproj::TargetFramework=net8.0]
C:\git\TUnit\TUnit.TestProject\Bugs\_2804\MultipleAfterHooksFailureTests.cs(349,24): warning TUnit0042: Global hooks should not be mixed with test classes to avoid confusion. Place them in their own class. [C:\git\TUnit\TUnit.TestProject\TUnit.TestProject.csproj::TargetFramework=net8.0]
C:\git\TUnit\TUnit.TestProject\Bugs\_2804\HookExceptionHandlingTests.cs(197,24): warning TUnit0042: Global hooks should not be mixed with test classes to avoid confusion. Place them in their own class. [C:\git\TUnit\TUnit.TestProject\TUnit.TestProject.csproj::TargetFramework=net8.0]
C:\git\TUnit\TUnit.TestProject\Bugs\_2804\HookExceptionHandlingTests.cs(52,24): warning TUnit0042: Global hooks should not be mixed with test classes to avoid confusion. Place them in their own class. [C:\git\TUnit\TUnit.TestProject\TUnit.TestProject.csproj::TargetFramework=net8.0]
C:\git\TUnit\TUnit.TestProject\Bugs\_2804\HookExceptionHandlingTests.cs(69,24): warning TUnit0042: Global hooks should not be mixed with test classes to avoid confusion. Place them in their own class. [C:\git\TUnit\TUnit.TestProject\TUnit.TestProject.csproj::TargetFramework=net8.0]
C:\git\TUnit\TUnit.TestProject\Bugs\2136\Tests.cs(14,23): warning TUnit0300: Generic test method with data source may not be AOT-compatible. All generic type combinations must be known at compile time. [C:\git\TUnit\TUnit.TestProject\TUnit.TestProject.csproj::TargetFramework=net8.0]
C:\git\TUnit\TUnit.TestProject\Bugs\_2804\HookExceptionHandlingTests.cs(106,24): warning TUnit0042: Global hooks should not be mixed with test classes to avoid confusion. Place them in their own class. [C:\git\TUnit\TUnit.TestProject\TUnit.TestProject.csproj::TargetFramework=net8.0]
C:\git\TUnit\TUnit.TestProject\Bugs\_2804\HookCleanupOnFailureTests.cs(178,24): warning TUnit0042: Global hooks should not be mixed with test classes to avoid confusion. Place them in their own class. [C:\git\TUnit\TUnit.TestProject\TUnit.TestProject.csproj::TargetFramework=net8.0]
C:\git\TUnit\TUnit.TestProject\Bugs\_2804\HookCleanupOnFailureTests.cs(171,24): warning TUnit0042: Global hooks should not be mixed with test classes to avoid confusion. Place them in their own class. [C:\git\TUnit\TUnit.TestProject\TUnit.TestProject.csproj::TargetFramework=net8.0]
C:\git\TUnit\TUnit.TestProject\Bugs\_2804\HookCleanupOnFailureTests.cs(200,24): warning TUnit0042: Global hooks should not be mixed with test classes to avoid confusion. Place them in their own class. [C:\git\TUnit\TUnit.TestProject\TUnit.TestProject.csproj::TargetFramework=net8.0]
C:\git\TUnit\TUnit.TestProject\Bugs\_2804\HookCleanupOnFailureTests.cs(102,24): warning TUnit0042: Global hooks should not be mixed with test classes to avoid confusion. Place them in their own class. [C:\git\TUnit\TUnit.TestProject\TUnit.TestProject.csproj::TargetFramework=net8.0]
C:\git\TUnit\TUnit.TestProject\Bugs\2757\Tests.cs(20,41): warning TUnit0046: Return a `Func<T>` rather than a `<T>`. [C:\git\TUnit\TUnit.TestProject\TUnit.TestProject.csproj::TargetFramework=net8.0]
C:\git\TUnit\TUnit.TestProject\ClassDataSourceDrivenTestsSharedKeyed2.cs(41,30): warning TUnit0042: Global hooks should not be mixed with test classes to avoid confusion. Place them in their own class. [C:\git\TUnit\TUnit.TestProject\TUnit.TestProject.csproj::TargetFramework=net8.0]
C:\git\TUnit\TUnit.TestProject\Bugs\_2804\HookCleanupOnFailureTests.cs(113,24): warning TUnit0042: Global hooks should not be mixed with test classes to avoid confusion. Place them in their own class. [C:\git\TUnit\TUnit.TestProject\TUnit.TestProject.csproj::TargetFramework=net8.0]
C:\git\TUnit\TUnit.TestProject\Bugs\2798\Tests.cs(16,36): warning TUnit0046: Return a `Func<T>` rather than a `<T>`. [C:\git\TUnit\TUnit.TestProject\TUnit.TestProject.csproj::TargetFramework=net8.0]
C:\git\TUnit\TUnit.TestProject\Bugs\_2804\HookCleanupOnFailureTests.cs(20,24): warning TUnit0042: Global hooks should not be mixed with test classes to avoid confusion. Place them in their own class. [C:\git\TUnit\TUnit.TestProject\TUnit.TestProject.csproj::TargetFramework=net8.0]
C:\git\TUnit\TUnit.TestProject\Bugs\_2804\HookCleanupOnFailureTests.cs(31,24): warning TUnit0042: Global hooks should not be mixed with test classes to avoid confusion. Place them in their own class. [C:\git\TUnit\TUnit.TestProject\TUnit.TestProject.csproj::TargetFramework=net8.0]
C:\git\TUnit\TUnit.TestProject\ClassDataSourceDrivenTestsSharedKeyed3.cs(41,30): warning TUnit0042: Global hooks should not be mixed with test classes to avoid confusion. Place them in their own class. [C:\git\TUnit\TUnit.TestProject\TUnit.TestProject.csproj::TargetFramework=net8.0]
C:\git\TUnit\TUnit.TestProject\SmartInferenceTests.cs(27,23): warning TUnit0300: Generic test method with data source may not be AOT-compatible. All generic type combinations must be known at compile time. [C:\git\TUnit\TUnit.TestProject\TUnit.TestProject.csproj::TargetFramework=net8.0]
C:\git\TUnit\TUnit.TestProject\SmartInferenceTests.cs(11,23): warning TUnit0300: Generic test method with data source may not be AOT-compatible. All generic type combinations must be known at compile time. [C:\git\TUnit\TUnit.TestProject\TUnit.TestProject.csproj::TargetFramework=net8.0]
C:\git\TUnit\TUnit.TestProject\Bugs\2867\DisposalNotCalledTests.cs(267,30): warning TUnit0042: Global hooks should not be mixed with test classes to avoid confusion. Place them in their own class. [C:\git\TUnit\TUnit.TestProject\TUnit.TestProject.csproj::TargetFramework=net8.0]
C:\git\TUnit\TUnit.TestProject\Bugs\_2804\CriticalHookChainExecutionTests.cs(322,30): warning TUnit0042: Global hooks should not be mixed with test classes to avoid confusion. Place them in their own class. [C:\git\TUnit\TUnit.TestProject\TUnit.TestProject.csproj::TargetFramework=net8.0]
C:\git\TUnit\TUnit.TestProject\Bugs\_2804\CriticalHookChainExecutionTests.cs(346,30): warning TUnit0042: Global hooks should not be mixed with test classes to avoid confusion. Place them in their own class. [C:\git\TUnit\TUnit.TestProject\TUnit.TestProject.csproj::TargetFramework=net8.0]
C:\git\TUnit\TUnit.TestProject\SimpleTupleTest.cs(11,56): warning TUnit0301: Tuple parameter 'value' uses reflection which is not AOT-compatible. Consider using concrete types instead of tuples. [C:\git\TUnit\TUnit.TestProject\TUnit.TestProject.csproj::TargetFramework=net8.0]
C:\git\TUnit\TUnit.TestProject\Bugs\_2804\CriticalHookChainExecutionTests.cs(358,24): warning TUnit0042: Global hooks should not be mixed with test classes to avoid confusion. Place them in their own class. [C:\git\TUnit\TUnit.TestProject\TUnit.TestProject.csproj::TargetFramework=net8.0]
C:\git\TUnit\TUnit.TestProject\SimpleStaticTest.cs(9,15): warning TUnitAssertions0005: Assert.That(...) should not be used with a constant value [C:\git\TUnit\TUnit.TestProject\TUnit.TestProject.csproj::TargetFramework=net8.0]
C:\git\TUnit\TUnit.TestProject\Bugs\3185\BugRepro3185.cs(88,19): warning TUnitAssertions0005: Assert.That(...) should not be used with a constant value [C:\git\TUnit\TUnit.TestProject\TUnit.TestProject.csproj::TargetFramework=net8.0]
C:\git\TUnit\TUnit.TestProject\Bugs\HookOrchestratorDeadlockTests.cs(80,30): warning TUnit0042: Global hooks should not be mixed with test classes to avoid confusion. Place them in their own class. [C:\git\TUnit\TUnit.TestProject\TUnit.TestProject.csproj::TargetFramework=net8.0]
C:\git\TUnit\TUnit.TestProject\Bugs\HookOrchestratorDeadlockTests.cs(90,30): warning TUnit0042: Global hooks should not be mixed with test classes to avoid confusion. Place them in their own class. [C:\git\TUnit\TUnit.TestProject\TUnit.TestProject.csproj::TargetFramework=net8.0]
C:\git\TUnit\TUnit.TestProject\Bugs\HookOrchestratorDeadlockTests.cs(153,30): warning TUnit0042: Global hooks should not be mixed with test classes to avoid confusion. Place them in their own class. [C:\git\TUnit\TUnit.TestProject\TUnit.TestProject.csproj::TargetFramework=net8.0]
C:\git\TUnit\TUnit.TestProject\Bugs\HookOrchestratorDeadlockTests.cs(163,30): warning TUnit0042: Global hooks should not be mixed with test classes to avoid confusion. Place them in their own class. [C:\git\TUnit\TUnit.TestProject\TUnit.TestProject.csproj::TargetFramework=net8.0]
C:\git\TUnit\TUnit.TestProject\Bugs\_2804\CriticalHookChainExecutionTests.cs(223,30): warning TUnit0042: Global hooks should not be mixed with test classes to avoid confusion. Place them in their own class. [C:\git\TUnit\TUnit.TestProject\TUnit.TestProject.csproj::TargetFramework=net8.0]
C:\git\TUnit\TUnit.TestProject\Bugs\_2804\CriticalHookChainExecutionTests.cs(256,30): warning TUnit0042: Global hooks should not be mixed with test classes to avoid confusion. Place them in their own class. [C:\git\TUnit\TUnit.TestProject\TUnit.TestProject.csproj::TargetFramework=net8.0]
C:\git\TUnit\TUnit.TestProject\SimpleHookTest.cs(23,24): warning TUnit0042: Global hooks should not be mixed with test classes to avoid confusion. Place them in their own class. [C:\git\TUnit\TUnit.TestProject\TUnit.TestProject.csproj::TargetFramework=net8.0]
C:\git\TUnit\TUnit.TestProject\SimpleHookTest.cs(28,24): warning TUnit0042: Global hooks should not be mixed with test classes to avoid confusion. Place them in their own class. [C:\git\TUnit\TUnit.TestProject\TUnit.TestProject.csproj::TargetFramework=net8.0]
C:\git\TUnit\TUnit.TestProject\SimpleGenericTests.cs(56,23): warning TUnit0300: Generic test method with data source may not be AOT-compatible. All generic type combinations must be known at compile time. [C:\git\TUnit\TUnit.TestProject\TUnit.TestProject.csproj::TargetFramework=net8.0]
C:\git\TUnit\TUnit.TestProject\SimpleGenericTests.cs(23,23): warning TUnit0300: Generic test method with data source may not be AOT-compatible. All generic type combinations must be known at compile time. [C:\git\TUnit\TUnit.TestProject\TUnit.TestProject.csproj::TargetFramework=net8.0]
C:\git\TUnit\TUnit.TestProject\SimpleGenericTests.cs(11,23): warning TUnit0300: Generic test method with data source may not be AOT-compatible. All generic type combinations must be known at compile time. [C:\git\TUnit\TUnit.TestProject\TUnit.TestProject.csproj::TargetFramework=net8.0]
C:\git\TUnit\TUnit.TestProject\Bugs\_2804\CriticalHookChainExecutionTests.cs(127,30): warning TUnit0042: Global hooks should not be mixed with test classes to avoid confusion. Place them in their own class. [C:\git\TUnit\TUnit.TestProject\TUnit.TestProject.csproj::TargetFramework=net8.0]
C:\git\TUnit\TUnit.TestProject\Bugs\_2804\CriticalHookChainExecutionTests.cs(59,30): warning TUnit0042: Global hooks should not be mixed with test classes to avoid confusion. Place them in their own class. [C:\git\TUnit\TUnit.TestProject\TUnit.TestProject.csproj::TargetFramework=net8.0]
C:\git\TUnit\TUnit.TestProject\Bugs\_2804\CriticalHookChainExecutionTests.cs(101,30): warning TUnit0042: Global hooks should not be mixed with test classes to avoid confusion. Place them in their own class. [C:\git\TUnit\TUnit.TestProject\TUnit.TestProject.csproj::TargetFramework=net8.0]
C:\git\TUnit\TUnit.TestProject\Bugs\Issue2504CollectionExpressionTest.cs(62,30): warning TUnit0042: Global hooks should not be mixed with test classes to avoid confusion. Place them in their own class. [C:\git\TUnit\TUnit.TestProject\TUnit.TestProject.csproj::TargetFramework=net8.0]
C:\git\TUnit\TUnit.TestProject\ClassDataSourceWithMethodDataSourceTests.cs(35,30): warning TUnit0042: Global hooks should not be mixed with test classes to avoid confusion. Place them in their own class. [C:\git\TUnit\TUnit.TestProject\TUnit.TestProject.csproj::TargetFramework=net8.0]
C:\git\TUnit\TUnit.TestProject\NestedTupleTest.cs(16,64): warning TUnit0301: Tuple parameter 'data' uses reflection which is not AOT-compatible. Consider using concrete types instead of tuples. [C:\git\TUnit\TUnit.TestProject\TUnit.TestProject.csproj::TargetFramework=net8.0]
C:\git\TUnit\TUnit.TestProject\NestedTupleTest.cs(8,71): warning TUnit0301: Tuple parameter 'data2' uses reflection which is not AOT-compatible. Consider using concrete types instead of tuples. [C:\git\TUnit\TUnit.TestProject\TUnit.TestProject.csproj::TargetFramework=net8.0]
C:\git\TUnit\TUnit.TestProject\NestedTupleDataSourceTests.cs(22,65): warning TUnit0301: Tuple parameter 'value' uses reflection which is not AOT-compatible. Consider using concrete types instead of tuples. [C:\git\TUnit\TUnit.TestProject\TUnit.TestProject.csproj::TargetFramework=net8.0]
C:\git\TUnit\TUnit.TestProject\NestedTupleDataSourceTests.cs(84,88): warning TUnit0301: Tuple parameter 'value2' uses reflection which is not AOT-compatible. Consider using concrete types instead of tuples. [C:\git\TUnit\TUnit.TestProject\TUnit.TestProject.csproj::TargetFramework=net8.0]
C:\git\TUnit\TUnit.TestProject\NestedTupleDataSourceTests.cs(74,83): warning TUnit0301: Tuple parameter 'value2' uses reflection which is not AOT-compatible. Consider using concrete types instead of tuples. [C:\git\TUnit\TUnit.TestProject\TUnit.TestProject.csproj::TargetFramework=net8.0]
C:\git\TUnit\TUnit.TestProject\NestedTupleDataSourceTests.cs(64,86): warning TUnit0301: Tuple parameter 'value2' uses reflection which is not AOT-compatible. Consider using concrete types instead of tuples. [C:\git\TUnit\TUnit.TestProject\TUnit.TestProject.csproj::TargetFramework=net8.0]
C:\git\TUnit\TUnit.TestProject\NestedTupleDataSourceTests.cs(121,45): warning TUnit0046: Return a `Func<T>` rather than a `<T>`. [C:\git\TUnit\TUnit.TestProject\TUnit.TestProject.csproj::TargetFramework=net8.0]
C:\git\TUnit\TUnit.TestProject\NestedTupleDataSourceTests.cs(54,82): warning TUnit0301: Tuple parameter 'value2' uses reflection which is not AOT-compatible. Consider using concrete types instead of tuples. [C:\git\TUnit\TUnit.TestProject\TUnit.TestProject.csproj::TargetFramework=net8.0]
C:\git\TUnit\TUnit.TestProject\NestedTupleDataSourceTests.cs(43,86): warning TUnit0301: Tuple parameter 'value2' uses reflection which is not AOT-compatible. Consider using concrete types instead of tuples. [C:\git\TUnit\TUnit.TestProject\TUnit.TestProject.csproj::TargetFramework=net8.0]
C:\git\TUnit\TUnit.TestProject\NestedTupleDataSourceTests.cs(32,67): warning TUnit0301: Tuple parameter 'value1' uses reflection which is not AOT-compatible. Consider using concrete types instead of tuples. [C:\git\TUnit\TUnit.TestProject\TUnit.TestProject.csproj::TargetFramework=net8.0]
C:\git\TUnit\TUnit.TestProject\NestedTupleDataSourceTests.cs(32,86): warning TUnit0301: Tuple parameter 'value2' uses reflection which is not AOT-compatible. Consider using concrete types instead of tuples. [C:\git\TUnit\TUnit.TestProject\TUnit.TestProject.csproj::TargetFramework=net8.0]
C:\git\TUnit\TUnit.TestProject\NestedTupleDataSourceTests.cs(12,73): warning TUnit0301: Tuple parameter 'value2' uses reflection which is not AOT-compatible. Consider using concrete types instead of tuples. [C:\git\TUnit\TUnit.TestProject\TUnit.TestProject.csproj::TargetFramework=net8.0]
C:\git\TUnit\TUnit.TestProject\MultipleDataSourcesTests.cs(29,30): warning TUnit0042: Global hooks should not be mixed with test classes to avoid confusion. Place them in their own class. [C:\git\TUnit\TUnit.TestProject\TUnit.TestProject.csproj::TargetFramework=net8.0]
C:\git\TUnit\TUnit.TestProject\MultipleClassDataGeneratorsTests.cs(26,30): warning TUnit0042: Global hooks should not be mixed with test classes to avoid confusion. Place them in their own class. [C:\git\TUnit\TUnit.TestProject\TUnit.TestProject.csproj::TargetFramework=net8.0]
C:\git\TUnit\TUnit.TestProject\MinimalDiscoveryTest.cs(8,15): warning TUnitAssertions0005: Assert.That(...) should not be used with a constant value [C:\git\TUnit\TUnit.TestProject\TUnit.TestProject.csproj::TargetFramework=net8.0]
C:\git\TUnit\TUnit.TestProject\MethodDataSourceWithArgumentsTests.cs(35,30): warning TUnit0042: Global hooks should not be mixed with test classes to avoid confusion. Place them in their own class. [C:\git\TUnit\TUnit.TestProject\TUnit.TestProject.csproj::TargetFramework=net8.0]
C:\git\TUnit\TUnit.TestProject\FailFastTest.cs(10,15): warning TUnitAssertions0005: Assert.That(...) should not be used with a constant value [C:\git\TUnit\TUnit.TestProject\TUnit.TestProject.csproj::TargetFramework=net8.0]
C:\git\TUnit\TUnit.TestProject\GenericConstraintValidationTests.cs(110,23): warning TUnit0300: Generic test method with data source may not be AOT-compatible. All generic type combinations must be known at compile time. [C:\git\TUnit\TUnit.TestProject\TUnit.TestProject.csproj::TargetFramework=net8.0]
C:\git\TUnit\TUnit.TestProject\GenericConstraintValidationTests.cs(124,23): warning TUnit0300: Generic test method with data source may not be AOT-compatible. All generic type combinations must be known at compile time. [C:\git\TUnit\TUnit.TestProject\TUnit.TestProject.csproj::TargetFramework=net8.0]
C:\git\TUnit\TUnit.TestProject\GenericConstraintValidationTests.cs(140,23): warning TUnit0300: Generic test method with data source may not be AOT-compatible. All generic type combinations must be known at compile time. [C:\git\TUnit\TUnit.TestProject\TUnit.TestProject.csproj::TargetFramework=net8.0]
C:\git\TUnit\TUnit.TestProject\GenericConstraintValidationTests.cs(101,23): warning TUnit0300: Generic test method with data source may not be AOT-compatible. All generic type combinations must be known at compile time. [C:\git\TUnit\TUnit.TestProject\TUnit.TestProject.csproj::TargetFramework=net8.0]
C:\git\TUnit\TUnit.TestProject\GenericConstraintValidationTests.cs(92,23): warning TUnit0300: Generic test method with data source may not be AOT-compatible. All generic type combinations must be known at compile time. [C:\git\TUnit\TUnit.TestProject\TUnit.TestProject.csproj::TargetFramework=net8.0]
C:\git\TUnit\TUnit.TestProject\GenericConstraintValidationTests.cs(155,23): warning TUnit0300: Generic test method with data source may not be AOT-compatible. All generic type combinations must be known at compile time. [C:\git\TUnit\TUnit.TestProject\TUnit.TestProject.csproj::TargetFramework=net8.0]
C:\git\TUnit\TUnit.TestProject\GenericConstraintValidationTests.cs(82,23): warning TUnit0300: Generic test method with data source may not be AOT-compatible. All generic type combinations must be known at compile time. [C:\git\TUnit\TUnit.TestProject\TUnit.TestProject.csproj::TargetFramework=net8.0]
C:\git\TUnit\TUnit.TestProject\GenericConstraintValidationTests.cs(171,23): warning TUnit0300: Generic test method with data source may not be AOT-compatible. All generic type combinations must be known at compile time. [C:\git\TUnit\TUnit.TestProject\TUnit.TestProject.csproj::TargetFramework=net8.0]
C:\git\TUnit\TUnit.TestProject\GenericConstraintValidationTests.cs(73,23): warning TUnit0300: Generic test method with data source may not be AOT-compatible. All generic type combinations must be known at compile time. [C:\git\TUnit\TUnit.TestProject\TUnit.TestProject.csproj::TargetFramework=net8.0]
C:\git\TUnit\TUnit.TestProject\GenericConstraintValidationTests.cs(63,23): warning TUnit0300: Generic test method with data source may not be AOT-compatible. All generic type combinations must be known at compile time. [C:\git\TUnit\TUnit.TestProject\TUnit.TestProject.csproj::TargetFramework=net8.0]
C:\git\TUnit\TUnit.TestProject\GenericInheritsTestVerification.cs(15,17): warning TUnit0300: Generic test method with data source may not be AOT-compatible. All generic type combinations must be known at compile time. [C:\git\TUnit\TUnit.TestProject\TUnit.TestProject.csproj::TargetFramework=net8.0]
C:\git\TUnit\TUnit.TestProject\GenericInstanceMethodDataSourceTests.cs(26,23): warning TUnit0300: Generic test method with data source may not be AOT-compatible. All generic type combinations must be known at compile time. [C:\git\TUnit\TUnit.TestProject\TUnit.TestProject.csproj::TargetFramework=net8.0]
C:\git\TUnit\TUnit.TestProject\GenericInstanceMethodDataSourceTests.cs(59,23): warning TUnit0300: Generic test method with data source may not be AOT-compatible. All generic type combinations must be known at compile time. [C:\git\TUnit\TUnit.TestProject\TUnit.TestProject.csproj::TargetFramework=net8.0]
C:\git\TUnit\TUnit.TestProject\GenericInstanceMethodDataSourceTests.cs(15,23): warning TUnit0300: Generic test method with data source may not be AOT-compatible. All generic type combinations must be known at compile time. [C:\git\TUnit\TUnit.TestProject\TUnit.TestProject.csproj::TargetFramework=net8.0]
C:\git\TUnit\TUnit.TestProject\GenericMatrixTests.cs(73,23): warning TUnit0300: Generic test method with data source may not be AOT-compatible. All generic type combinations must be known at compile time. [C:\git\TUnit\TUnit.TestProject\TUnit.TestProject.csproj::TargetFramework=net8.0]
C:\git\TUnit\TUnit.TestProject\GenericMatrixTests.cs(47,23): warning TUnit0300: Generic test method with data source may not be AOT-compatible. All generic type combinations must be known at compile time. [C:\git\TUnit\TUnit.TestProject\TUnit.TestProject.csproj::TargetFramework=net8.0]
C:\git\TUnit\TUnit.TestProject\GenericMatrixTests.cs(63,23): warning TUnit0300: Generic test method with data source may not be AOT-compatible. All generic type combinations must be known at compile time. [C:\git\TUnit\TUnit.TestProject\TUnit.TestProject.csproj::TargetFramework=net8.0]
C:\git\TUnit\TUnit.TestProject\GenericMatrixTests.cs(36,23): warning TUnit0300: Generic test method with data source may not be AOT-compatible. All generic type combinations must be known at compile time. [C:\git\TUnit\TUnit.TestProject\TUnit.TestProject.csproj::TargetFramework=net8.0]
C:\git\TUnit\TUnit.TestProject\GenericMatrixTests.cs(11,23): warning TUnit0300: Generic test method with data source may not be AOT-compatible. All generic type combinations must be known at compile time. [C:\git\TUnit\TUnit.TestProject\TUnit.TestProject.csproj::TargetFramework=net8.0]
C:\git\TUnit\TUnit.TestProject\GenericMatrixTests.cs(22,23): warning TUnit0300: Generic test method with data source may not be AOT-compatible. All generic type combinations must be known at compile time. [C:\git\TUnit\TUnit.TestProject\TUnit.TestProject.csproj::TargetFramework=net8.0]
C:\git\TUnit\TUnit.TestProject\GenericTestExample.cs(15,17): warning TUnit0300: Generic test method with data source may not be AOT-compatible. All generic type combinations must be known at compile time. [C:\git\TUnit\TUnit.TestProject\TUnit.TestProject.csproj::TargetFramework=net8.0]
C:\git\TUnit\TUnit.TestProject\GenericTests.cs(26,23): warning TUnit0300: Generic test method with data source may not be AOT-compatible. All generic type combinations must be known at compile time. [C:\git\TUnit\TUnit.TestProject\TUnit.TestProject.csproj::TargetFramework=net8.0]
C:\git\TUnit\TUnit.TestProject\GenericMethodTests.cs(11,17): warning TUnit0300: Generic test method with data source may not be AOT-compatible. All generic type combinations must be known at compile time. [C:\git\TUnit\TUnit.TestProject\TUnit.TestProject.csproj::TargetFramework=net8.0]
C:\git\TUnit\TUnit.TestProject\HookGeneratorTest.cs(15,30): warning TUnit0042: Global hooks should not be mixed with test classes to avoid confusion. Place them in their own class. [C:\git\TUnit\TUnit.TestProject\TUnit.TestProject.csproj::TargetFramework=net8.0]
C:\git\TUnit\TUnit.TestProject\HookGeneratorTest.cs(9,24): warning TUnit0042: Global hooks should not be mixed with test classes to avoid confusion. Place them in their own class. [C:\git\TUnit\TUnit.TestProject\TUnit.TestProject.csproj::TargetFramework=net8.0]
C:\git\TUnit\TUnit.TestProject\HookExecutorTests.cs(123,30): warning TUnit0042: Global hooks should not be mixed with test classes to avoid confusion. Place them in their own class. [C:\git\TUnit\TUnit.TestProject\TUnit.TestProject.csproj::TargetFramework=net8.0]
C:\git\TUnit\TUnit.TestProject\HookExecutorTests.cs(110,30): warning TUnit0042: Global hooks should not be mixed with test classes to avoid confusion. Place them in their own class. [C:\git\TUnit\TUnit.TestProject\TUnit.TestProject.csproj::TargetFramework=net8.0]
C:\git\TUnit\TUnit.TestProject\HookExecutorTests.cs(63,30): warning TUnit0042: Global hooks should not be mixed with test classes to avoid confusion. Place them in their own class. [C:\git\TUnit\TUnit.TestProject\TUnit.TestProject.csproj::TargetFramework=net8.0]
C:\git\TUnit\TUnit.TestProject\HookExecutorTests.cs(54,30): warning TUnit0042: Global hooks should not be mixed with test classes to avoid confusion. Place them in their own class. [C:\git\TUnit\TUnit.TestProject\TUnit.TestProject.csproj::TargetFramework=net8.0]
C:\git\TUnit\TUnit.TestProject\HookExecutorTests.cs(43,30): warning TUnit0042: Global hooks should not be mixed with test classes to avoid confusion. Place them in their own class. [C:\git\TUnit\TUnit.TestProject\TUnit.TestProject.csproj::TargetFramework=net8.0]
C:\git\TUnit\TUnit.TestProject\HookExecutorTests.cs(35,30): warning TUnit0042: Global hooks should not be mixed with test classes to avoid confusion. Place them in their own class. [C:\git\TUnit\TUnit.TestProject\TUnit.TestProject.csproj::TargetFramework=net8.0]
C:\git\TUnit\TUnit.TestProject\HookExecutorTests.cs(26,30): warning TUnit0042: Global hooks should not be mixed with test classes to avoid confusion. Place them in their own class. [C:\git\TUnit\TUnit.TestProject\TUnit.TestProject.csproj::TargetFramework=net8.0]
C:\git\TUnit\TUnit.TestProject\HookExecutorTests.cs(13,30): warning TUnit0042: Global hooks should not be mixed with test classes to avoid confusion. Place them in their own class. [C:\git\TUnit\TUnit.TestProject\TUnit.TestProject.csproj::TargetFramework=net8.0]
C:\git\TUnit\TUnit.TestProject\GenericTypedDataSourceTests.cs(57,23): warning TUnit0300: Generic test method with data source may not be AOT-compatible. All generic type combinations must be known at compile time. [C:\git\TUnit\TUnit.TestProject\TUnit.TestProject.csproj::TargetFramework=net8.0]
C:\git\TUnit\TUnit.TestProject\GenericTypedDataSourceTests.cs(49,23): warning TUnit0300: Generic test method with data source may not be AOT-compatible. All generic type combinations must be known at compile time. [C:\git\TUnit\TUnit.TestProject\TUnit.TestProject.csproj::TargetFramework=net8.0]
C:\git\TUnit\TUnit.TestProject\GenericTypedDataSourceTests.cs(70,23): warning TUnit0300: Generic test method with data source may not be AOT-compatible. All generic type combinations must be known at compile time. [C:\git\TUnit\TUnit.TestProject\TUnit.TestProject.csproj::TargetFramework=net8.0]
C:\git\TUnit\TUnit.TestProject\GenericTypedDataSourceTests.cs(41,23): warning TUnit0300: Generic test method with data source may not be AOT-compatible. All generic type combinations must be known at compile time. [C:\git\TUnit\TUnit.TestProject\TUnit.TestProject.csproj::TargetFramework=net8.0]
C:\git\TUnit\TUnit.TestProject\GenericTypeTests.cs(79,23): warning TUnit0300: Generic test method with data source may not be AOT-compatible. All generic type combinations must be known at compile time. [C:\git\TUnit\TUnit.TestProject\TUnit.TestProject.csproj::TargetFramework=net8.0]
C:\git\TUnit\TUnit.TestProject\GenericTypeTests.cs(61,23): warning TUnit0300: Generic test method with data source may not be AOT-compatible. All generic type combinations must be known at compile time. [C:\git\TUnit\TUnit.TestProject\TUnit.TestProject.csproj::TargetFramework=net8.0]
C:\git\TUnit\TUnit.TestProject\GenericTypeTests.cs(52,23): warning TUnit0300: Generic test method with data source may not be AOT-compatible. All generic type combinations must be known at compile time. [C:\git\TUnit\TUnit.TestProject\TUnit.TestProject.csproj::TargetFramework=net8.0]
C:\git\TUnit\TUnit.TestProject\GenericTypeTests.cs(20,23): warning TUnit0300: Generic test method with data source may not be AOT-compatible. All generic type combinations must be known at compile time. [C:\git\TUnit\TUnit.TestProject\TUnit.TestProject.csproj::TargetFramework=net8.0]
C:\git\TUnit\TUnit.TestProject\GenericTypeTests.cs(9,23): warning TUnit0300: Generic test method with data source may not be AOT-compatible. All generic type combinations must be known at compile time. [C:\git\TUnit\TUnit.TestProject\TUnit.TestProject.csproj::TargetFramework=net8.0]

Build FAILED.

C:\Users\thomh\.nuget\packages\system.text.encodings.web\9.0.0\buildTransitive\netcoreapp2.0\System.Text.Encodings.Web.targets(4,5): warning : System.Text.Encodings.Web 9.0.0 doesn't support net6.0 and has not been tested with it. Consider upgrading your TargetFramework to net8.0 or later. You may also set <SuppressTfmSupportBuildWarnings>true</SuppressTfmSupportBuildWarnings> in the project file to ignore this warning and attempt to run in this unsupported configuration at your own risk. [C:\git\TUnit\TUnit.TestProject.Library\TUnit.TestProject.Library.csproj::TargetFramework=net6.0]
C:\Users\thomh\.nuget\packages\system.io.pipelines\9.0.0\buildTransitive\netcoreapp2.0\System.IO.Pipelines.targets(4,5): warning : System.IO.Pipelines 9.0.0 doesn't support net6.0 and has not been tested with it. Consider upgrading your TargetFramework to net8.0 or later. You may also set <SuppressTfmSupportBuildWarnings>true</SuppressTfmSupportBuildWarnings> in the project file to ignore this warning and attempt to run in this unsupported configuration at your own risk. [C:\git\TUnit\TUnit.TestProject.Library\TUnit.TestProject.Library.csproj::TargetFramework=net6.0]
C:\Users\thomh\.nuget\packages\microsoft.bcl.asyncinterfaces\9.0.0\buildTransitive\netcoreapp2.0\Microsoft.Bcl.AsyncInterfaces.targets(4,5): warning : Microsoft.Bcl.AsyncInterfaces 9.0.0 doesn't support net6.0 and has not been tested with it. Consider upgrading your TargetFramework to net8.0 or later. You may also set <SuppressTfmSupportBuildWarnings>true</SuppressTfmSupportBuildWarnings> in the project file to ignore this warning and attempt to run in this unsupported configuration at your own risk. [C:\git\TUnit\TUnit.TestProject.Library\TUnit.TestProject.Library.csproj::TargetFramework=net6.0]
C:\Users\thomh\.nuget\packages\system.text.json\9.0.0\buildTransitive\netcoreapp2.0\System.Text.Json.targets(4,5): warning : System.Text.Json 9.0.0 doesn't support net6.0 and has not been tested with it. Consider upgrading your TargetFramework to net8.0 or later. You may also set <SuppressTfmSupportBuildWarnings>true</SuppressTfmSupportBuildWarnings> in the project file to ignore this warning and attempt to run in this unsupported configuration at your own risk. [C:\git\TUnit\TUnit.TestProject.Library\TUnit.TestProject.Library.csproj::TargetFramework=net6.0]
C:\git\TUnit\TUnit.Assertions.Analyzers\AnalyzerReleases.Shipped.md(5,1): warning RS2007: Analyzer release file 'AnalyzerReleases.Shipped.md' has a missing or invalid release header '#### Assertion Usage Rules' (https://github.com/dotnet/roslyn-analyzers/blob/main/src/Microsoft.CodeAnalysis.Analyzers/ReleaseTrackingAnalyzers.Help.md) [C:\git\TUnit\TUnit.Assertions.Analyzers\TUnit.Assertions.Analyzers.csproj::TargetFramework=netstandard2.0]
C:\git\TUnit\TUnit.Core.SourceGenerator\CodeGenerators\Helpers\TupleArgumentHelper.cs(72,37): warning CS8600: Converting null literal or possible null value to non-nullable type. [C:\git\TUnit\TUnit.Core.SourceGenerator.Roslyn44\TUnit.Core.SourceGenerator.Roslyn44.csproj::TargetFramework=netstandard2.0]
C:\git\TUnit\TUnit.Core.SourceGenerator\Generators\AotMethodInvocationGenerator.cs(168,52): warning CS8604: Possible null reference argument for parameter 'name' in 'ImmutableArray<ISymbol> INamespaceOrTypeSymbol.GetMembers(string name)'. [C:\git\TUnit\TUnit.Core.SourceGenerator.Roslyn44\TUnit.Core.SourceGenerator.Roslyn44.csproj::TargetFramework=netstandard2.0]
C:\git\TUnit\TUnit.Core.SourceGenerator\Generators\TestMetadataGenerator.cs(741,54): warning CS8604: Possible null reference argument for parameter 'name' in 'ImmutableArray<ISymbol> INamespaceOrTypeSymbol.GetMembers(string name)'. [C:\git\TUnit\TUnit.Core.SourceGenerator.Roslyn44\TUnit.Core.SourceGenerator.Roslyn44.csproj::TargetFramework=netstandard2.0]
C:\git\TUnit\TUnit.Core.SourceGenerator\CodeGenerators\Helpers\TupleArgumentHelper.cs(72,37): warning CS8600: Converting null literal or possible null value to non-nullable type. [C:\git\TUnit\TUnit.Core.SourceGenerator\TUnit.Core.SourceGenerator.csproj::TargetFramework=netstandard2.0]
C:\git\TUnit\TUnit.Core.SourceGenerator\Generators\AotMethodInvocationGenerator.cs(168,52): warning CS8604: Possible null reference argument for parameter 'name' in 'ImmutableArray<ISymbol> INamespaceOrTypeSymbol.GetMembers(string name)'. [C:\git\TUnit\TUnit.Core.SourceGenerator\TUnit.Core.SourceGenerator.csproj::TargetFramework=netstandard2.0]
C:\git\TUnit\TUnit.Core.SourceGenerator\Generators\TestMetadataGenerator.cs(741,54): warning CS8604: Possible null reference argument for parameter 'name' in 'ImmutableArray<ISymbol> INamespaceOrTypeSymbol.GetMembers(string name)'. [C:\git\TUnit\TUnit.Core.SourceGenerator\TUnit.Core.SourceGenerator.csproj::TargetFramework=netstandard2.0]
C:\git\TUnit\TUnit.Analyzers\AnalyzerReleases.Shipped.md(5,1): warning RS2007: Analyzer release file 'AnalyzerReleases.Shipped.md' has a missing or invalid release header '#### Test Method and Structure Rules' (https://github.com/dotnet/roslyn-analyzers/blob/main/src/Microsoft.CodeAnalysis.Analyzers/ReleaseTrackingAnalyzers.Help.md) [C:\git\TUnit\TUnit.Analyzers\TUnit.Analyzers.csproj::TargetFramework=netstandard2.0]
C:\git\TUnit\TUnit.Templates\content\TUnit.FSharp\TestProject.fsproj : warning NU1504: Duplicate 'PackageReference' items found. Remove the duplicate items or use the Update functionality to ensure a consistent restore behavior. The duplicate 'PackageReference' items are: TUnit.Assertions.FSharp *, TUnit.Assertions.FSharp 0.61.39.
C:\git\TUnit\TUnit.Templates\content\TUnit.AspNet.FSharp\TestProject\TestProject.fsproj : warning NU1504: Duplicate 'PackageReference' items found. Remove the duplicate items or use the Update functionality to ensure a consistent restore behavior. The duplicate 'PackageReference' items are: TUnit.Assertions.FSharp *, TUnit.Assertions.FSharp 0.61.39.
C:\git\TUnit\TUnit.Analyzers\MultipleConstructorsAnalyzer.cs(13,15): warning RS2008: Enable analyzer release tracking for the analyzer project containing rule 'TUnit0052' (https://github.com/dotnet/roslyn-analyzers/blob/main/src/Microsoft.CodeAnalysis.Analyzers/ReleaseTrackingAnalyzers.Help.md) [C:\git\TUnit\TUnit.Analyzers.Roslyn47\TUnit.Analyzers.Roslyn47.csproj::TargetFramework=netstandard2.0]
C:\git\TUnit\TUnit.Core.SourceGenerator\CodeGenerators\Helpers\TupleArgumentHelper.cs(72,37): warning CS8600: Converting null literal or possible null value to non-nullable type. [C:\git\TUnit\TUnit.Core.SourceGenerator.Roslyn47\TUnit.Core.SourceGenerator.Roslyn47.csproj::TargetFramework=netstandard2.0]
C:\git\TUnit\TUnit.Core.SourceGenerator\Generators\AotMethodInvocationGenerator.cs(168,52): warning CS8604: Possible null reference argument for parameter 'name' in 'ImmutableArray<ISymbol> INamespaceOrTypeSymbol.GetMembers(string name)'. [C:\git\TUnit\TUnit.Core.SourceGenerator.Roslyn47\TUnit.Core.SourceGenerator.Roslyn47.csproj::TargetFramework=netstandard2.0]
C:\git\TUnit\TUnit.Core.SourceGenerator\Generators\TestMetadataGenerator.cs(741,54): warning CS8604: Possible null reference argument for parameter 'name' in 'ImmutableArray<ISymbol> INamespaceOrTypeSymbol.GetMembers(string name)'. [C:\git\TUnit\TUnit.Core.SourceGenerator.Roslyn47\TUnit.Core.SourceGenerator.Roslyn47.csproj::TargetFramework=netstandard2.0]
C:\git\TUnit\TUnit.Assertions.SourceGenerator\Generators\AssertionMethodGenerator.cs(113,21): warning CS8604: Possible null reference argument for parameter 'MethodName' in 'CreateAssertionAttributeData.CreateAssertionAttributeData(INamedTypeSymbol TargetType, INamedTypeSymbol ContainingType, string MethodName, string? CustomName, bool NegateLogic, bool RequiresGenericTypeParameter, bool TreatAsInstance)'. [C:\git\TUnit\TUnit.Assertions.SourceGenerator\TUnit.Assertions.SourceGenerator.csproj::TargetFramework=netstandard2.0]
C:\git\TUnit\TUnit.Assertions.SourceGenerator\Generators\AssertionMethodGenerator.cs(220,21): warning CS8604: Possible null reference argument for parameter 'MethodName' in 'CreateAssertionAttributeData.CreateAssertionAttributeData(INamedTypeSymbol TargetType, INamedTypeSymbol ContainingType, string MethodName, string? CustomName, bool NegateLogic, bool RequiresGenericTypeParameter, bool TreatAsInstance)'. [C:\git\TUnit\TUnit.Assertions.SourceGenerator\TUnit.Assertions.SourceGenerator.csproj::TargetFramework=netstandard2.0]
C:\git\TUnit\TUnit.Core.SourceGenerator\CodeGenerators\Helpers\TupleArgumentHelper.cs(72,37): warning CS8600: Converting null literal or possible null value to non-nullable type. [C:\git\TUnit\TUnit.Core.SourceGenerator.Roslyn414\TUnit.Core.SourceGenerator.Roslyn414.csproj::TargetFramework=netstandard2.0]
C:\git\TUnit\TUnit.Core.SourceGenerator\Generators\TestMetadataGenerator.cs(741,54): warning CS8604: Possible null reference argument for parameter 'name' in 'ImmutableArray<ISymbol> INamespaceOrTypeSymbol.GetMembers(string name)'. [C:\git\TUnit\TUnit.Core.SourceGenerator.Roslyn414\TUnit.Core.SourceGenerator.Roslyn414.csproj::TargetFramework=netstandard2.0]
C:\git\TUnit\TUnit.Core.SourceGenerator\Generators\AotMethodInvocationGenerator.cs(168,52): warning CS8604: Possible null reference argument for parameter 'name' in 'ImmutableArray<ISymbol> INamespaceOrTypeSymbol.GetMembers(string name)'. [C:\git\TUnit\TUnit.Core.SourceGenerator.Roslyn414\TUnit.Core.SourceGenerator.Roslyn414.csproj::TargetFramework=netstandard2.0]
C:\git\TUnit\TUnit.Analyzers\MultipleConstructorsAnalyzer.cs(13,15): warning RS2008: Enable analyzer release tracking for the analyzer project containing rule 'TUnit0052' (https://github.com/dotnet/roslyn-analyzers/blob/main/src/Microsoft.CodeAnalysis.Analyzers/ReleaseTrackingAnalyzers.Help.md) [C:\git\TUnit\TUnit.Analyzers.Roslyn414\TUnit.Analyzers.Roslyn414.csproj::TargetFramework=netstandard2.0]
C:\git\TUnit\TestProject.props(33,9): warning MSB3061: Unable to delete file "C:\git\TUnit\TUnit.Assertions.Analyzers.Tests\SourceGeneratedViewer\TUnit.Core.SourceGenerator\TUnit.Core.SourceGenerator.Generators.TestMetadataGenerator\AwaitAssertionAnalyzerTests_Assert_That_Is_Flagged_When_Generic_Type_Parameters_And_Not_Awaited_6d11b90b34a7488c854ecf549255056c.g.cs". Access to the path 'C:\git\TUnit\TUnit.Assertions.Analyzers.Tests\SourceGeneratedViewer\TUnit.Core.SourceGenerator\TUnit.Core.SourceGenerator.Generators.TestMetadataGenerator\AwaitAssertionAnalyzerTests_Assert_That_Is_Flagged_When_Generic_Type_Parameters_And_Not_Awaited_6d11b90b34a7488c854ecf549255056c.g.cs' is denied.  [C:\git\TUnit\TUnit.Assertions.Analyzers.Tests\TUnit.Assertions.Analyzers.Tests.csproj::TargetFramework=net8.0]
C:\git\TUnit\TestProject.props(33,9): warning MSB3061: Unable to delete file "C:\git\TUnit\TUnit.Assertions.Analyzers.Tests\SourceGeneratedViewer\TUnit.Core.SourceGenerator\TUnit.Core.SourceGenerator.Generators.TestMetadataGenerator\AwaitValueTaskAssertThatAnalyzerTests_ValueTask_Assert_That_Func_Is_Not_Flagged_When_Awaited_ea5ec29417e5453580e850037436accb.g.cs". Access to the path 'C:\git\TUnit\TUnit.Assertions.Analyzers.Tests\SourceGeneratedViewer\TUnit.Core.SourceGenerator\TUnit.Core.SourceGenerator.Generators.TestMetadataGenerator\AwaitValueTaskAssertThatAnalyzerTests_ValueTask_Assert_That_Func_Is_Not_Flagged_When_Awaited_ea5ec29417e5453580e850037436accb.g.cs' is denied.  [C:\git\TUnit\TUnit.Assertions.Analyzers.Tests\TUnit.Assertions.Analyzers.Tests.csproj::TargetFramework=net9.0]
C:\git\TUnit\TestProject.props(33,9): warning MSB3061: Unable to delete file "C:\git\TUnit\TUnit.Assertions.Analyzers.Tests\SourceGeneratedViewer\TUnit.Core.SourceGenerator\TUnit.Core.SourceGenerator.Generators.TestMetadataGenerator\AwaitValueTaskAssertThatAnalyzerTests_ValueTask_Assert_That_Func_Is_Not_Flagged_When_Awaited_ea5ec29417e5453580e850037436accb.g.cs". Access to the path 'C:\git\TUnit\TUnit.Assertions.Analyzers.Tests\SourceGeneratedViewer\TUnit.Core.SourceGenerator\TUnit.Core.SourceGenerator.Generators.TestMetadataGenerator\AwaitValueTaskAssertThatAnalyzerTests_ValueTask_Assert_That_Func_Is_Not_Flagged_When_Awaited_ea5ec29417e5453580e850037436accb.g.cs' is denied.  [C:\git\TUnit\TUnit.Assertions.Analyzers.Tests\TUnit.Assertions.Analyzers.Tests.csproj::TargetFramework=net8.0]
C:\git\TUnit\TestProject.props(33,9): warning MSB3061: Unable to delete file "C:\git\TUnit\TUnit.Assertions.Analyzers.Tests\SourceGeneratedViewer\TUnit.Core.SourceGenerator\TUnit.Core.SourceGenerator.Generators.TestMetadataGenerator\AwaitAssertionAnalyzerTests_Assert_Multiple_Is_Not_Flagged_When_Using_Without_Scope_3d4710ab66f64570b831f11e7b3e883b.g.cs". Access to the path 'C:\git\TUnit\TUnit.Assertions.Analyzers.Tests\SourceGeneratedViewer\TUnit.Core.SourceGenerator\TUnit.Core.SourceGenerator.Generators.TestMetadataGenerator\AwaitAssertionAnalyzerTests_Assert_Multiple_Is_Not_Flagged_When_Using_Without_Scope_3d4710ab66f64570b831f11e7b3e883b.g.cs' is denied.  [C:\git\TUnit\TUnit.Assertions.Analyzers.Tests\TUnit.Assertions.Analyzers.Tests.csproj::TargetFramework=net472]
C:\git\TUnit\TestProject.props(33,9): warning MSB3061: Unable to delete file "C:\git\TUnit\TUnit.Assertions.Analyzers.Tests\SourceGeneratedViewer\TUnit.Core.SourceGenerator\TUnit.Core.SourceGenerator.Generators.TestMetadataGenerator\ConstantInAssertThatAnalyzerTests_Assert_That_Is_Flagged_When_Using_Constant_78260ff79da64dbe8141da8615788979.g.cs". Access to the path 'C:\git\TUnit\TUnit.Assertions.Analyzers.Tests\SourceGeneratedViewer\TUnit.Core.SourceGenerator\TUnit.Core.SourceGenerator.Generators.TestMetadataGenerator\ConstantInAssertThatAnalyzerTests_Assert_That_Is_Flagged_When_Using_Constant_78260ff79da64dbe8141da8615788979.g.cs' is denied.  [C:\git\TUnit\TUnit.Assertions.Analyzers.Tests\TUnit.Assertions.Analyzers.Tests.csproj::TargetFramework=net472]
C:\git\TUnit\TestProject.props(33,9): warning MSB3061: Unable to delete file "C:\git\TUnit\TUnit.Assertions.Analyzers.Tests\SourceGeneratedViewer\TUnit.Core.SourceGenerator\TUnit.Core.SourceGenerator.Generators.TestMetadataGenerator\MixAndOrOperatorsAnalyzerTests_Flag_When_Mixing_And_With_Or_5c97b140dd7043ed84aac6bb84090f61.g.cs". Access to the path 'C:\git\TUnit\TUnit.Assertions.Analyzers.Tests\SourceGeneratedViewer\TUnit.Core.SourceGenerator\TUnit.Core.SourceGenerator.Generators.TestMetadataGenerator\MixAndOrOperatorsAnalyzerTests_Flag_When_Mixing_And_With_Or_5c97b140dd7043ed84aac6bb84090f61.g.cs' is denied.  [C:\git\TUnit\TUnit.Assertions.Analyzers.Tests\TUnit.Assertions.Analyzers.Tests.csproj::TargetFramework=net8.0]
C:\git\TUnit\TestProject.props(33,9): warning MSB3061: Unable to delete file "C:\git\TUnit\TUnit.Assertions.SourceGenerator.Tests\SourceGeneratedViewer\TUnit.Core.SourceGenerator\TUnit.Core.SourceGenerator.Generators.AotTupleProcessorGenerator\AotTupleProcessors.g.cs". Access to the path 'C:\git\TUnit\TUnit.Assertions.SourceGenerator.Tests\SourceGeneratedViewer\TUnit.Core.SourceGenerator\TUnit.Core.SourceGenerator.Generators.AotTupleProcessorGenerator\AotTupleProcessors.g.cs' is denied.  [C:\git\TUnit\TUnit.Assertions.SourceGenerator.Tests\TUnit.Assertions.SourceGenerator.Tests.csproj::TargetFramework=net472]
C:\git\TUnit\TestProject.props(33,9): warning MSB3061: Unable to delete file "C:\git\TUnit\TUnit.Assertions.Analyzers.Tests\SourceGeneratedViewer\TUnit.Core.SourceGenerator\TUnit.Core.SourceGenerator.Generators.TestMetadataGenerator\ConstantInAssertThatAnalyzerTests_No_Error_When_Not_Constant_9b4632df789f4485bb3e35519a06d9f0.g.cs". Access to the path 'C:\git\TUnit\TUnit.Assertions.Analyzers.Tests\SourceGeneratedViewer\TUnit.Core.SourceGenerator\TUnit.Core.SourceGenerator.Generators.TestMetadataGenerator\ConstantInAssertThatAnalyzerTests_No_Error_When_Not_Constant_9b4632df789f4485bb3e35519a06d9f0.g.cs' is denied.  [C:\git\TUnit\TUnit.Assertions.Analyzers.Tests\TUnit.Assertions.Analyzers.Tests.csproj::TargetFramework=net9.0]
C:\git\TUnit\TestProject.props(33,9): warning MSB3061: Unable to delete file "C:\git\TUnit\TUnit.Core.SourceGenerator.Tests\SourceGeneratedViewer\TUnit.Core.SourceGenerator\TUnit.Core.SourceGenerator.Generators.TestMetadataGenerator\AssemblyNamesWithDashesTests_AssemblyNameWithDashes_ShouldGenerateValidVariableNames_55ca882ec8db4bbfac1041abb33e8530.g.cs". Access to the path 'C:\git\TUnit\TUnit.Core.SourceGenerator.Tests\SourceGeneratedViewer\TUnit.Core.SourceGenerator\TUnit.Core.SourceGenerator.Generators.TestMetadataGenerator\AssemblyNamesWithDashesTests_AssemblyNameWithDashes_ShouldGenerateValidVariableNames_55ca882ec8db4bbfac1041abb33e8530.g.cs' is denied.  [C:\git\TUnit\TUnit.Core.SourceGenerator.Tests\TUnit.Core.SourceGenerator.Tests.csproj::TargetFramework=net472]
C:\git\TUnit\TestProject.props(33,9): warning MSB3061: Unable to delete file "C:\git\TUnit\TUnit.Core.SourceGenerator.Tests\SourceGeneratedViewer\TUnit.Core.SourceGenerator\TUnit.Core.SourceGenerator.Generators.TestMetadataGenerator\BasicTests_Test_6c52f74c3e0c4e23875a08cb0859d5f2.g.cs". Access to the path 'C:\git\TUnit\TUnit.Core.SourceGenerator.Tests\SourceGeneratedViewer\TUnit.Core.SourceGenerator\TUnit.Core.SourceGenerator.Generators.TestMetadataGenerator\BasicTests_Test_6c52f74c3e0c4e23875a08cb0859d5f2.g.cs' is denied.  [C:\git\TUnit\TUnit.Core.SourceGenerator.Tests\TUnit.Core.SourceGenerator.Tests.csproj::TargetFramework=net8.0]
C:\git\TUnit\TestProject.props(33,9): warning MSB3061: Unable to delete file "C:\git\TUnit\TUnit.Core.SourceGenerator.Tests\SourceGeneratedViewer\TUnit.Core.SourceGenerator\TUnit.Core.SourceGenerator.Generators.TestMetadataGenerator\GenericTypeResolverTests_Test_GenericConstraints_WithInstantiation_013559cfa49f49b7a7c94e83379f7562.g.cs". Access to the path 'C:\git\TUnit\TUnit.Core.SourceGenerator.Tests\SourceGeneratedViewer\TUnit.Core.SourceGenerator\TUnit.Core.SourceGenerator.Generators.TestMetadataGenerator\GenericTypeResolverTests_Test_GenericConstraints_WithInstantiation_013559cfa49f49b7a7c94e83379f7562.g.cs' is denied.  [C:\git\TUnit\TUnit.Core.SourceGenerator.Tests\TUnit.Core.SourceGenerator.Tests.csproj::TargetFramework=net472]
C:\git\TUnit\TestProject.props(33,9): warning MSB3061: Unable to delete file "C:\git\TUnit\TUnit.Core.SourceGenerator.Tests\SourceGeneratedViewer\TUnit.Core.SourceGenerator\TUnit.Core.SourceGenerator.Generators.TestMetadataGenerator\UnifiedReflectionFreeTests_Test_StronglyTypedDelegates_Generation_fe82e36b41f2425c84e403f3b3762d27.g.cs". Access to the path 'C:\git\TUnit\TUnit.Core.SourceGenerator.Tests\SourceGeneratedViewer\TUnit.Core.SourceGenerator\TUnit.Core.SourceGenerator.Generators.TestMetadataGenerator\UnifiedReflectionFreeTests_Test_StronglyTypedDelegates_Generation_fe82e36b41f2425c84e403f3b3762d27.g.cs' is denied.  [C:\git\TUnit\TUnit.Core.SourceGenerator.Tests\TUnit.Core.SourceGenerator.Tests.csproj::TargetFramework=net8.0]
C:\git\TUnit\TUnit.TestProject.Library\Bugs\1889\BaseTests.cs(19,17): warning TUnit0300: Generic test method with data source may not be AOT-compatible. All generic type combinations must be known at compile time. [C:\git\TUnit\TUnit.TestProject.Library\TUnit.TestProject.Library.csproj::TargetFramework=netstandard2.0]
C:\git\TUnit\TUnit.TestProject.Library\Bugs\1889\BaseTests.cs(12,17): warning TUnit0300: Generic test method with data source may not be AOT-compatible. All generic type combinations must be known at compile time. [C:\git\TUnit\TUnit.TestProject.Library\TUnit.TestProject.Library.csproj::TargetFramework=netstandard2.0]
C:\git\TUnit\TUnit.TestProject.Library\Bugs\1889\BaseTests.cs(19,17): warning TUnit0300: Generic test method with data source may not be AOT-compatible. All generic type combinations must be known at compile time. [C:\git\TUnit\TUnit.TestProject.Library\TUnit.TestProject.Library.csproj::TargetFramework=net472]
C:\git\TUnit\TUnit.TestProject.Library\Bugs\1889\BaseTests.cs(12,17): warning TUnit0300: Generic test method with data source may not be AOT-compatible. All generic type combinations must be known at compile time. [C:\git\TUnit\TUnit.TestProject.Library\TUnit.TestProject.Library.csproj::TargetFramework=net472]
C:\git\TUnit\TestProject.props(33,9): warning MSB3061: Unable to delete file "C:\git\TUnit\TUnit.Analyzers.Tests\SourceGeneratedViewer\TUnit.Core.SourceGenerator\TUnit.Core.SourceGenerator.Generators.AotConverterGenerator\AotConverters.g.cs". Access to the path 'C:\git\TUnit\TUnit.Analyzers.Tests\SourceGeneratedViewer\TUnit.Core.SourceGenerator\TUnit.Core.SourceGenerator.Generators.AotConverterGenerator\AotConverters.g.cs' is denied.  [C:\git\TUnit\TUnit.Analyzers.Tests\TUnit.Analyzers.Tests.csproj::TargetFramework=net9.0]
C:\git\TUnit\TestProject.props(33,9): warning MSB3061: Unable to delete file "C:\git\TUnit\TUnit.Analyzers.Tests\SourceGeneratedViewer\TUnit.Core.SourceGenerator\TUnit.Core.SourceGenerator.Generators.TestMetadataGenerator\ClassDataSourceAnalyzerTests_Class_No_Error_1c9de470adb546f0a2ca8780d93e775e.g.cs". Access to the path 'C:\git\TUnit\TUnit.Analyzers.Tests\SourceGeneratedViewer\TUnit.Core.SourceGenerator\TUnit.Core.SourceGenerator.Generators.TestMetadataGenerator\ClassDataSourceAnalyzerTests_Class_No_Error_1c9de470adb546f0a2ca8780d93e775e.g.cs' is denied.  [C:\git\TUnit\TUnit.Analyzers.Tests\TUnit.Analyzers.Tests.csproj::TargetFramework=net9.0]
C:\git\TUnit\TestProject.props(33,9): warning MSB3061: Unable to delete file "C:\git\TUnit\TUnit.Analyzers.Tests\SourceGeneratedViewer\TUnit.Core.SourceGenerator\TUnit.Core.SourceGenerator.Generators.TestMetadataGenerator\ClassDataSourceAnalyzerTests_Class_No_Error_1c9de470adb546f0a2ca8780d93e775e.g.cs". Access to the path 'C:\git\TUnit\TUnit.Analyzers.Tests\SourceGeneratedViewer\TUnit.Core.SourceGenerator\TUnit.Core.SourceGenerator.Generators.TestMetadataGenerator\ClassDataSourceAnalyzerTests_Class_No_Error_1c9de470adb546f0a2ca8780d93e775e.g.cs' is denied.  [C:\git\TUnit\TUnit.Analyzers.Tests\TUnit.Analyzers.Tests.csproj::TargetFramework=net472]
C:\git\TUnit\TestProject.props(33,9): warning MSB3061: Unable to delete file "C:\git\TUnit\TUnit.TestProject\SourceGeneratedViewer\System.Text.Json.SourceGeneration\System.Text.Json.SourceGeneration.JsonSourceGenerator\SourceGenerationContext.PropertyNames.g.cs". Access to the path 'C:\git\TUnit\TUnit.TestProject\SourceGeneratedViewer\System.Text.Json.SourceGeneration\System.Text.Json.SourceGeneration.JsonSourceGenerator\SourceGenerationContext.PropertyNames.g.cs' is denied.  [C:\git\TUnit\TUnit.TestProject\TUnit.TestProject.csproj::TargetFramework=net9.0]
C:\git\TUnit\TestProject.props(33,9): warning MSB3061: Unable to delete file "C:\git\TUnit\TUnit.Analyzers.Tests\SourceGeneratedViewer\TUnit.Core.SourceGenerator\TUnit.Core.SourceGenerator.Generators.TestMetadataGenerator\DisposableFieldPropertyAnalyzerTests_New_IAsyncDisposable_No_Issue_When_Cleaned_Up_1f5b82c1154f4d508e1dfa59db3d4760.g.cs". Access to the path 'C:\git\TUnit\TUnit.Analyzers.Tests\SourceGeneratedViewer\TUnit.Core.SourceGenerator\TUnit.Core.SourceGenerator.Generators.TestMetadataGenerator\DisposableFieldPropertyAnalyzerTests_New_IAsyncDisposable_No_Issue_When_Cleaned_Up_1f5b82c1154f4d508e1dfa59db3d4760.g.cs' is denied.  [C:\git\TUnit\TUnit.Analyzers.Tests\TUnit.Analyzers.Tests.csproj::TargetFramework=net8.0]
C:\git\TUnit\TestProject.props(33,9): warning MSB3061: Unable to delete file "C:\git\TUnit\TUnit.Analyzers.Tests\SourceGeneratedViewer\TUnit.Core.SourceGenerator\TUnit.Core.SourceGenerator.Generators.TestMetadataGenerator\DisposableFieldPropertyAnalyzerTests_New_IAsyncDisposable__Static_No_Issue_When_Cleaned_Up_4120e2253b5d4bc8b4393456abef748d.g.cs". Access to the path 'C:\git\TUnit\TUnit.Analyzers.Tests\SourceGeneratedViewer\TUnit.Core.SourceGenerator\TUnit.Core.SourceGenerator.Generators.TestMetadataGenerator\DisposableFieldPropertyAnalyzerTests_New_IAsyncDisposable__Static_No_Issue_When_Cleaned_Up_4120e2253b5d4bc8b4393456abef748d.g.cs' is denied.  [C:\git\TUnit\TUnit.Analyzers.Tests\TUnit.Analyzers.Tests.csproj::TargetFramework=net9.0]
C:\git\TUnit\TestProject.props(33,9): warning MSB3061: Unable to delete file "C:\git\TUnit\TUnit.TestProject\SourceGeneratedViewer\TUnit.Core.SourceGenerator\TUnit.Core.SourceGenerator.Generators.HookMetadataGenerator\AssemblyBase2_BeforeAll2_Before_Assembly_26d5b08e4b6f4f2c8a338af946804bb4.Hook.g.cs". Access to the path 'C:\git\TUnit\TUnit.TestProject\SourceGeneratedViewer\TUnit.Core.SourceGenerator\TUnit.Core.SourceGenerator.Generators.HookMetadataGenerator\AssemblyBase2_BeforeAll2_Before_Assembly_26d5b08e4b6f4f2c8a338af946804bb4.Hook.g.cs' is denied.  [C:\git\TUnit\TUnit.TestProject\TUnit.TestProject.csproj::TargetFramework=net9.0]
C:\git\TUnit\TestProject.props(33,9): warning MSB3061: Unable to delete file "C:\git\TUnit\TUnit.Analyzers.Tests\SourceGeneratedViewer\TUnit.Core.SourceGenerator\TUnit.Core.SourceGenerator.Generators.TestMetadataGenerator\EnumerableMethodDataTupleTypeTests_Invalid_Enumerable_Tuple_Raises_Error_a34f9a52407c4140b3653f41660bf3ad.g.cs". Access to the path 'C:\git\TUnit\TUnit.Analyzers.Tests\SourceGeneratedViewer\TUnit.Core.SourceGenerator\TUnit.Core.SourceGenerator.Generators.TestMetadataGenerator\EnumerableMethodDataTupleTypeTests_Invalid_Enumerable_Tuple_Raises_Error_a34f9a52407c4140b3653f41660bf3ad.g.cs' is denied.  [C:\git\TUnit\TUnit.Analyzers.Tests\TUnit.Analyzers.Tests.csproj::TargetFramework=net9.0]
C:\git\TUnit\TestProject.props(33,9): warning MSB3061: Unable to delete file "C:\git\TUnit\TUnit.Analyzers.Tests\SourceGeneratedViewer\TUnit.Core.SourceGenerator\TUnit.Core.SourceGenerator.Generators.TestMetadataGenerator\DynamicTestAwaitExpressionSuppressorTests_WarningsInTUnitAreSuppressed_e8fc79e462c34ec2b1b8d2053220f5ec.g.cs". Access to the path 'C:\git\TUnit\TUnit.Analyzers.Tests\SourceGeneratedViewer\TUnit.Core.SourceGenerator\TUnit.Core.SourceGenerator.Generators.TestMetadataGenerator\DynamicTestAwaitExpressionSuppressorTests_WarningsInTUnitAreSuppressed_e8fc79e462c34ec2b1b8d2053220f5ec.g.cs' is denied.  [C:\git\TUnit\TUnit.Analyzers.Tests\TUnit.Analyzers.Tests.csproj::TargetFramework=net8.0]
C:\git\TUnit\TestProject.props(33,9): warning MSB3061: Unable to delete file "C:\git\TUnit\TUnit.TestProject\SourceGeneratedViewer\TUnit.Core.SourceGenerator\TUnit.Core.SourceGenerator.Generators.HookMetadataGenerator\AsyncHookTests_BeforeTestDiscovery_Before_TestDiscovery_6398b2d808154e36a6278054357cb7dc.Hook.g.cs". Access to the path 'C:\git\TUnit\TUnit.TestProject\SourceGeneratedViewer\TUnit.Core.SourceGenerator\TUnit.Core.SourceGenerator.Generators.HookMetadataGenerator\AsyncHookTests_BeforeTestDiscovery_Before_TestDiscovery_6398b2d808154e36a6278054357cb7dc.Hook.g.cs' is denied.  [C:\git\TUnit\TUnit.TestProject\TUnit.TestProject.csproj::TargetFramework=net9.0]
C:\git\TUnit\TestProject.props(33,9): warning MSB3061: Unable to delete file "C:\git\TUnit\TUnit.Analyzers.Tests\SourceGeneratedViewer\TUnit.Core.SourceGenerator\TUnit.Core.SourceGenerator.Generators.TestMetadataGenerator\InstanceTestMethodAnalyzerTests_Instance_No_Error_a60099e8ca0c402ab7f367405cf20c5a.g.cs". Access to the path 'C:\git\TUnit\TUnit.Analyzers.Tests\SourceGeneratedViewer\TUnit.Core.SourceGenerator\TUnit.Core.SourceGenerator.Generators.TestMetadataGenerator\InstanceTestMethodAnalyzerTests_Instance_No_Error_a60099e8ca0c402ab7f367405cf20c5a.g.cs' is denied.  [C:\git\TUnit\TUnit.Analyzers.Tests\TUnit.Analyzers.Tests.csproj::TargetFramework=net8.0]
C:\git\TUnit\TestProject.props(33,9): warning MSB3061: Unable to delete file "C:\git\TUnit\TUnit.Analyzers.Tests\SourceGeneratedViewer\TUnit.Core.SourceGenerator\TUnit.Core.SourceGenerator.Generators.TestMetadataGenerator\InheritsTestsAnalyzerTests_Warning_Test_bf7ba45ed996491caf842724011366c4.g.cs". Access to the path 'C:\git\TUnit\TUnit.Analyzers.Tests\SourceGeneratedViewer\TUnit.Core.SourceGenerator\TUnit.Core.SourceGenerator.Generators.TestMetadataGenerator\InheritsTestsAnalyzerTests_Warning_Test_bf7ba45ed996491caf842724011366c4.g.cs' is denied.  [C:\git\TUnit\TUnit.Analyzers.Tests\TUnit.Analyzers.Tests.csproj::TargetFramework=net472]
C:\git\TUnit\TestProject.props(33,9): warning MSB3061: Unable to delete file "C:\git\TUnit\TUnit.Analyzers.Tests\SourceGeneratedViewer\TUnit.Core.SourceGenerator\TUnit.Core.SourceGenerator.Generators.TestMetadataGenerator\MethodDataSourceAnalyzerTests_Method_Data_Source_Is_Not_Flagged_When_List_Inner_Type_Matches_Parameter_Type_e04f6306d8b94f3fae3ba8843ef37f49.g.cs". Access to the path 'C:\git\TUnit\TUnit.Analyzers.Tests\SourceGeneratedViewer\TUnit.Core.SourceGenerator\TUnit.Core.SourceGenerator.Generators.TestMetadataGenerator\MethodDataSourceAnalyzerTests_Method_Data_Source_Is_Not_Flagged_When_List_Inner_Type_Matches_Parameter_Type_e04f6306d8b94f3fae3ba8843ef37f49.g.cs' is denied.  [C:\git\TUnit\TUnit.Analyzers.Tests\TUnit.Analyzers.Tests.csproj::TargetFramework=net472]
C:\git\TUnit\TestProject.props(33,9): warning MSB3061: Unable to delete file "C:\git\TUnit\TUnit.Analyzers.Tests\SourceGeneratedViewer\TUnit.Core.SourceGenerator\TUnit.Core.SourceGenerator.Generators.TestMetadataGenerator\MethodDataSourceAnalyzerTests_Method_Data_Source_Is_Not_Flagged_When_Does_Match_Property_Type_Tuple_52000df6359144ce81b13806f5c2ecb6.g.cs". Access to the path 'C:\git\TUnit\TUnit.Analyzers.Tests\SourceGeneratedViewer\TUnit.Core.SourceGenerator\TUnit.Core.SourceGenerator.Generators.TestMetadataGenerator\MethodDataSourceAnalyzerTests_Method_Data_Source_Is_Not_Flagged_When_Does_Match_Property_Type_Tuple_52000df6359144ce81b13806f5c2ecb6.g.cs' is denied.  [C:\git\TUnit\TUnit.Analyzers.Tests\TUnit.Analyzers.Tests.csproj::TargetFramework=net8.0]
C:\git\TUnit\TestProject.props(33,9): warning MSB3061: Unable to delete file "C:\git\TUnit\TUnit.Analyzers.Tests\SourceGeneratedViewer\TUnit.Core.SourceGenerator\TUnit.Core.SourceGenerator.Generators.TestMetadataGenerator\MethodDataSourceMatchesConstructorAnalyzerTests_Wrong_IEnumerable_Return_Method_Error_3cc368ddaa834b1baaf4330a967df6ab.g.cs". Access to the path 'C:\git\TUnit\TUnit.Analyzers.Tests\SourceGeneratedViewer\TUnit.Core.SourceGenerator\TUnit.Core.SourceGenerator.Generators.TestMetadataGenerator\MethodDataSourceMatchesConstructorAnalyzerTests_Wrong_IEnumerable_Return_Method_Error_3cc368ddaa834b1baaf4330a967df6ab.g.cs' is denied.  [C:\git\TUnit\TUnit.Analyzers.Tests\TUnit.Analyzers.Tests.csproj::TargetFramework=net9.0]
C:\git\TUnit\TestProject.props(33,9): warning MSB3061: Unable to delete file "C:\git\TUnit\TUnit.Analyzers.Tests\SourceGeneratedViewer\TUnit.Core.SourceGenerator\TUnit.Core.SourceGenerator.Generators.TestMetadataGenerator\MethodDataSourceAnalyzerTests_Method_Data_Source_Is_Not_Flagged_When_Matching_Tuple_ca14c4c619374b6cb0da80fb90ebabf2.g.cs". Access to the path 'C:\git\TUnit\TUnit.Analyzers.Tests\SourceGeneratedViewer\TUnit.Core.SourceGenerator\TUnit.Core.SourceGenerator.Generators.TestMetadataGenerator\MethodDataSourceAnalyzerTests_Method_Data_Source_Is_Not_Flagged_When_Matching_Tuple_ca14c4c619374b6cb0da80fb90ebabf2.g.cs' is denied.  [C:\git\TUnit\TUnit.Analyzers.Tests\TUnit.Analyzers.Tests.csproj::TargetFramework=net8.0]
C:\git\TUnit\TestProject.props(33,9): warning MSB3061: Unable to delete file "C:\git\TUnit\TUnit.Analyzers.Tests\SourceGeneratedViewer\TUnit.Core.SourceGenerator\TUnit.Core.SourceGenerator.Generators.TestMetadataGenerator\PropertyAnalyzerTests_Method_Data_Source_Is_Flagged_When_More_Than_1_DataAttribute_04fd18354b014bc2a9e805900c3d259b.g.cs". Access to the path 'C:\git\TUnit\TUnit.Analyzers.Tests\SourceGeneratedViewer\TUnit.Core.SourceGenerator\TUnit.Core.SourceGenerator.Generators.TestMetadataGenerator\PropertyAnalyzerTests_Method_Data_Source_Is_Flagged_When_More_Than_1_DataAttribute_04fd18354b014bc2a9e805900c3d259b.g.cs' is denied.  [C:\git\TUnit\TUnit.Analyzers.Tests\TUnit.Analyzers.Tests.csproj::TargetFramework=net9.0]
C:\git\TUnit\TestProject.props(33,9): warning MSB3061: Unable to delete file "C:\git\TUnit\TUnit.TestProject\SourceGeneratedViewer\TUnit.Core.SourceGenerator\TUnit.Core.SourceGenerator.Generators.HookMetadataGenerator\Base2_BeforeAll2_Before_Class_d05f32bad79141f3973af91bd5a63354.Hook.g.cs". Access to the path 'C:\git\TUnit\TUnit.TestProject\SourceGeneratedViewer\TUnit.Core.SourceGenerator\TUnit.Core.SourceGenerator.Generators.HookMetadataGenerator\Base2_BeforeAll2_Before_Class_d05f32bad79141f3973af91bd5a63354.Hook.g.cs' is denied.  [C:\git\TUnit\TUnit.TestProject\TUnit.TestProject.csproj::TargetFramework=net9.0]
C:\git\TUnit\TestProject.props(33,9): warning MSB3061: Unable to delete file "C:\git\TUnit\TUnit.Analyzers.Tests\SourceGeneratedViewer\TUnit.Core.SourceGenerator\TUnit.Core.SourceGenerator.Generators.TestMetadataGenerator\MethodDataSourceMatchesConstructorAnalyzerTests_Wrong_Return_Method_Error_14dff4e90aa14670bef29d19677f00c8.g.cs". Access to the path 'C:\git\TUnit\TUnit.Analyzers.Tests\SourceGeneratedViewer\TUnit.Core.SourceGenerator\TUnit.Core.SourceGenerator.Generators.TestMetadataGenerator\MethodDataSourceMatchesConstructorAnalyzerTests_Wrong_Return_Method_Error_14dff4e90aa14670bef29d19677f00c8.g.cs' is denied.  [C:\git\TUnit\TUnit.Analyzers.Tests\TUnit.Analyzers.Tests.csproj::TargetFramework=net8.0]
C:\git\TUnit\TestProject.props(33,9): warning MSB3061: Unable to delete file "C:\git\TUnit\TUnit.Analyzers.Tests\SourceGeneratedViewer\TUnit.Core.SourceGenerator\TUnit.Core.SourceGenerator.Generators.TestMetadataGenerator\PublicMethodMissingTestAttributeAnalyzerTests_Class_No_Error_6e7181ff54154846b5512431d7623ba6.g.cs". Access to the path 'C:\git\TUnit\TUnit.Analyzers.Tests\SourceGeneratedViewer\TUnit.Core.SourceGenerator\TUnit.Core.SourceGenerator.Generators.TestMetadataGenerator\PublicMethodMissingTestAttributeAnalyzerTests_Class_No_Error_6e7181ff54154846b5512431d7623ba6.g.cs' is denied.  [C:\git\TUnit\TUnit.Analyzers.Tests\TUnit.Analyzers.Tests.csproj::TargetFramework=net472]
C:\git\TUnit\TUnit.TestProject.Library\Bugs\1889\BaseTests.cs(19,17): warning TUnit0300: Generic test method with data source may not be AOT-compatible. All generic type combinations must be known at compile time. [C:\git\TUnit\TUnit.TestProject.Library\TUnit.TestProject.Library.csproj::TargetFramework=net6.0]
C:\git\TUnit\TUnit.TestProject.Library\Bugs\1889\BaseTests.cs(12,17): warning TUnit0300: Generic test method with data source may not be AOT-compatible. All generic type combinations must be known at compile time. [C:\git\TUnit\TUnit.TestProject.Library\TUnit.TestProject.Library.csproj::TargetFramework=net6.0]
C:\git\TUnit\TUnit.TestProject.Library\Bugs\1889\BaseTests.cs(19,17): warning TUnit0300: Generic test method with data source may not be AOT-compatible. All generic type combinations must be known at compile time. [C:\git\TUnit\TUnit.TestProject.Library\TUnit.TestProject.Library.csproj::TargetFramework=net8.0]
C:\git\TUnit\TUnit.TestProject.Library\Bugs\1889\BaseTests.cs(12,17): warning TUnit0300: Generic test method with data source may not be AOT-compatible. All generic type combinations must be known at compile time. [C:\git\TUnit\TUnit.TestProject.Library\TUnit.TestProject.Library.csproj::TargetFramework=net8.0]
C:\git\TUnit\TestProject.props(33,9): warning MSB3061: Unable to delete file "C:\git\TUnit\TUnit.Analyzers.Tests\SourceGeneratedViewer\TUnit.Core.SourceGenerator\TUnit.Core.SourceGenerator.Generators.TestMetadataGenerator\TestMethodParametersAnalyzerTests_DataSourceGenerator_f0c873f080384501b4a28c8f3bb481b3.g.cs". Access to the path 'C:\git\TUnit\TUnit.Analyzers.Tests\SourceGeneratedViewer\TUnit.Core.SourceGenerator\TUnit.Core.SourceGenerator.Generators.TestMetadataGenerator\TestMethodParametersAnalyzerTests_DataSourceGenerator_f0c873f080384501b4a28c8f3bb481b3.g.cs' is denied.  [C:\git\TUnit\TUnit.Analyzers.Tests\TUnit.Analyzers.Tests.csproj::TargetFramework=net9.0]
C:\git\TUnit\TestProject.props(33,9): warning MSB3061: Unable to delete file "C:\git\TUnit\TUnit.TestProject\SourceGeneratedViewer\TUnit.Core.SourceGenerator\TUnit.Core.SourceGenerator.Generators.HookMetadataGenerator\CatastrophicFailureRecoveryTests_Cleanup_Hook1_Partial_Success_After_Test_24857a968c6e438baf77f4242bd65fd4.Hook.g.cs". Access to the path 'C:\git\TUnit\TUnit.TestProject\SourceGeneratedViewer\TUnit.Core.SourceGenerator\TUnit.Core.SourceGenerator.Generators.HookMetadataGenerator\CatastrophicFailureRecoveryTests_Cleanup_Hook1_Partial_Success_After_Test_24857a968c6e438baf77f4242bd65fd4.Hook.g.cs' is denied.  [C:\git\TUnit\TUnit.TestProject\TUnit.TestProject.csproj::TargetFramework=net9.0]
C:\git\TUnit\TestProject.props(33,9): warning MSB3061: Unable to delete file "C:\git\TUnit\TUnit.Analyzers.Tests\SourceGeneratedViewer\TUnit.Core.SourceGenerator\TUnit.Core.SourceGenerator.Generators.TestMetadataGenerator\TestMethodParametersAnalyzerTests_DataSourceGenerator_f0c873f080384501b4a28c8f3bb481b3.g.cs". Access to the path 'C:\git\TUnit\TUnit.Analyzers.Tests\SourceGeneratedViewer\TUnit.Core.SourceGenerator\TUnit.Core.SourceGenerator.Generators.TestMetadataGenerator\TestMethodParametersAnalyzerTests_DataSourceGenerator_f0c873f080384501b4a28c8f3bb481b3.g.cs' is denied.  [C:\git\TUnit\TUnit.Analyzers.Tests\TUnit.Analyzers.Tests.csproj::TargetFramework=net8.0]
C:\git\TUnit\TUnit.TestProject.Library\Bugs\1889\BaseTests.cs(19,17): warning TUnit0300: Generic test method with data source may not be AOT-compatible. All generic type combinations must be known at compile time. [C:\git\TUnit\TUnit.TestProject.Library\TUnit.TestProject.Library.csproj::TargetFramework=net9.0]
C:\git\TUnit\TUnit.TestProject.Library\Bugs\1889\BaseTests.cs(12,17): warning TUnit0300: Generic test method with data source may not be AOT-compatible. All generic type combinations must be known at compile time. [C:\git\TUnit\TUnit.TestProject.Library\TUnit.TestProject.Library.csproj::TargetFramework=net9.0]
C:\git\TUnit\TestProject.props(33,9): warning MSB3061: Unable to delete file "C:\git\TUnit\TUnit.TestProject\SourceGeneratedViewer\TUnit.Core.SourceGenerator\TUnit.Core.SourceGenerator.Generators.HookMetadataGenerator\DeadlockFixVerificationTests_VerifyNoDeadlocksOccurred_After_TestSession_d21f1e6579444c16a9de370bc164f900.Hook.g.cs". Access to the path 'C:\git\TUnit\TUnit.TestProject\SourceGeneratedViewer\TUnit.Core.SourceGenerator\TUnit.Core.SourceGenerator.Generators.HookMetadataGenerator\DeadlockFixVerificationTests_VerifyNoDeadlocksOccurred_After_TestSession_d21f1e6579444c16a9de370bc164f900.Hook.g.cs' is denied.  [C:\git\TUnit\TUnit.TestProject\TUnit.TestProject.csproj::TargetFramework=net9.0]
C:\git\TUnit\TestProject.props(33,9): warning MSB3061: Unable to delete file "C:\git\TUnit\TUnit.Assertions.Tests\SourceGeneratedViewer\TUnit.Core.SourceGenerator\TUnit.Core.SourceGenerator.Generators.TestMetadataGenerator\SkipTests_Skip_Test_Throws_SkipTestException_c6521930243d4cdb9acf3fdce802657e.g.cs". Access to the path 'C:\git\TUnit\TUnit.Assertions.Tests\SourceGeneratedViewer\TUnit.Core.SourceGenerator\TUnit.Core.SourceGenerator.Generators.TestMetadataGenerator\SkipTests_Skip_Test_Throws_SkipTestException_c6521930243d4cdb9acf3fdce802657e.g.cs' is denied.  [C:\git\TUnit\TUnit.Assertions.Tests\TUnit.Assertions.Tests.csproj::TargetFramework=net472]
C:\git\TUnit\TestProject.props(33,9): warning MSB3061: Unable to delete file "C:\git\TUnit\TUnit.Assertions.Tests\SourceGeneratedViewer\TUnit.Core.SourceGenerator\TUnit.Core.SourceGenerator.Generators.TestMetadataGenerator\StringRegexAssertionTests_DoesNotMatch_WithValidPattern_GeneratedRegexPattern_Succeeds_cae939f4887b488d8543bd494b4658cf.g.cs". Access to the path 'C:\git\TUnit\TUnit.Assertions.Tests\SourceGeneratedViewer\TUnit.Core.SourceGenerator\TUnit.Core.SourceGenerator.Generators.TestMetadataGenerator\StringRegexAssertionTests_DoesNotMatch_WithValidPattern_GeneratedRegexPattern_Succeeds_cae939f4887b488d8543bd494b4658cf.g.cs' is denied.  [C:\git\TUnit\TUnit.Assertions.Tests\TUnit.Assertions.Tests.csproj::TargetFramework=net8.0]
C:\git\TUnit\TestProject.props(33,9): warning MSB3061: Unable to delete file "C:\git\TUnit\TUnit.TestProject\SourceGeneratedViewer\TUnit.Core.SourceGenerator\TUnit.Core.SourceGenerator.Generators.HookMetadataGenerator\GlobalBase2_AfterAll2_AfterEvery_Test_f94c998b097e4aa587f4fe4eb6915de1.Hook.g.cs". Access to the path 'C:\git\TUnit\TUnit.TestProject\SourceGeneratedViewer\TUnit.Core.SourceGenerator\TUnit.Core.SourceGenerator.Generators.HookMetadataGenerator\GlobalBase2_AfterAll2_AfterEvery_Test_f94c998b097e4aa587f4fe4eb6915de1.Hook.g.cs' is denied.  [C:\git\TUnit\TUnit.TestProject\TUnit.TestProject.csproj::TargetFramework=net472]
C:\git\TUnit\TestProject.props(33,9): warning MSB3061: Unable to delete file "C:\git\TUnit\TUnit.Assertions.Tests\SourceGeneratedViewer\TUnit.Core.SourceGenerator\TUnit.Core.SourceGenerator.Generators.TestMetadataGenerator\Tests1860_GameInstancesShouldBeSame_9e971c8c03604fd6b5ad35a283bff786.g.cs". Access to the path 'C:\git\TUnit\TUnit.Assertions.Tests\SourceGeneratedViewer\TUnit.Core.SourceGenerator\TUnit.Core.SourceGenerator.Generators.TestMetadataGenerator\Tests1860_GameInstancesShouldBeSame_9e971c8c03604fd6b5ad35a283bff786.g.cs' is denied.  [C:\git\TUnit\TUnit.Assertions.Tests\TUnit.Assertions.Tests.csproj::TargetFramework=net472]
C:\git\TUnit\TestProject.props(33,9): warning MSB3061: Unable to delete file "C:\git\TUnit\TUnit.TestProject\SourceGeneratedViewer\TUnit.Core.SourceGenerator\TUnit.Core.SourceGenerator.Generators.HookMetadataGenerator\HookCleanupOnFailureTests_BeforeEveryClass_BeforeEvery_Class_83ac0eef8059405681022ddaa492df65.Hook.g.cs". Access to the path 'C:\git\TUnit\TUnit.TestProject\SourceGeneratedViewer\TUnit.Core.SourceGenerator\TUnit.Core.SourceGenerator.Generators.HookMetadataGenerator\HookCleanupOnFailureTests_BeforeEveryClass_BeforeEvery_Class_83ac0eef8059405681022ddaa492df65.Hook.g.cs' is denied.  [C:\git\TUnit\TUnit.TestProject\TUnit.TestProject.csproj::TargetFramework=net472]
C:\git\TUnit\TestProject.props(33,9): warning MSB3061: Unable to delete file "C:\git\TUnit\TUnit.TestProject\SourceGeneratedViewer\TUnit.Core.SourceGenerator\TUnit.Core.SourceGenerator.Generators.HookMetadataGenerator\Issue2804TestHooks_AfterAssembly_After_Assembly_d7be86c72d2c420d9755cac37fb45114.Hook.g.cs". Access to the path 'C:\git\TUnit\TUnit.TestProject\SourceGeneratedViewer\TUnit.Core.SourceGenerator\TUnit.Core.SourceGenerator.Generators.HookMetadataGenerator\Issue2804TestHooks_AfterAssembly_After_Assembly_d7be86c72d2c420d9755cac37fb45114.Hook.g.cs' is denied.  [C:\git\TUnit\TUnit.TestProject\TUnit.TestProject.csproj::TargetFramework=net9.0]
C:\git\TUnit\TestProject.props(33,9): warning MSB3061: Unable to delete file "C:\git\TUnit\TUnit.TestProject\SourceGeneratedViewer\TUnit.Core.SourceGenerator\TUnit.Core.SourceGenerator.Generators.HookMetadataGenerator\NestedBase1_Before1_Before_Test_0dd8e5d668f3417286197061087dd7b4.Hook.g.cs". Access to the path 'C:\git\TUnit\TUnit.TestProject\SourceGeneratedViewer\TUnit.Core.SourceGenerator\TUnit.Core.SourceGenerator.Generators.HookMetadataGenerator\NestedBase1_Before1_Before_Test_0dd8e5d668f3417286197061087dd7b4.Hook.g.cs' is denied.  [C:\git\TUnit\TUnit.TestProject\TUnit.TestProject.csproj::TargetFramework=net472]
C:\git\TUnit\TestProject.props(33,9): warning MSB3061: Unable to delete file "C:\git\TUnit\TUnit.TestProject\SourceGeneratedViewer\TUnit.Core.SourceGenerator\TUnit.Core.SourceGenerator.Generators.HookMetadataGenerator\PropertySetterTests_BeforeAssembly_Before_Assembly_38c451c981a140ffbd9350b1fc3328b6.Hook.g.cs". Access to the path 'C:\git\TUnit\TUnit.TestProject\SourceGeneratedViewer\TUnit.Core.SourceGenerator\TUnit.Core.SourceGenerator.Generators.HookMetadataGenerator\PropertySetterTests_BeforeAssembly_Before_Assembly_38c451c981a140ffbd9350b1fc3328b6.Hook.g.cs' is denied.  [C:\git\TUnit\TUnit.TestProject\TUnit.TestProject.csproj::TargetFramework=net9.0]
C:\git\TUnit\TestProject.props(33,9): warning MSB3061: Unable to delete file "C:\git\TUnit\TUnit.TestProject\SourceGeneratedViewer\TUnit.Core.SourceGenerator\TUnit.Core.SourceGenerator.Generators.HookMetadataGenerator\TestSpecificAfterHooksTests_AfterTest_Hook3_Success_After_Test_1e41cbe01e80474180bf06598832af4a.Hook.g.cs". Access to the path 'C:\git\TUnit\TUnit.TestProject\SourceGeneratedViewer\TUnit.Core.SourceGenerator\TUnit.Core.SourceGenerator.Generators.HookMetadataGenerator\TestSpecificAfterHooksTests_AfterTest_Hook3_Success_After_Test_1e41cbe01e80474180bf06598832af4a.Hook.g.cs' is denied.  [C:\git\TUnit\TUnit.TestProject\TUnit.TestProject.csproj::TargetFramework=net9.0]
C:\git\TUnit\TestProject.props(33,9): warning MSB3061: Unable to delete file "C:\git\TUnit\TUnit.PublicAPI\SourceGeneratedViewer\Sourcy.DotNet\Sourcy.DotNet.DotNetSourceGenerator\DotNetSolutionExtensions545ca920a95a495ba6dd51d628a1e7b7.g.cs". Access to the path 'C:\git\TUnit\TUnit.PublicAPI\SourceGeneratedViewer\Sourcy.DotNet\Sourcy.DotNet.DotNetSourceGenerator\DotNetSolutionExtensions545ca920a95a495ba6dd51d628a1e7b7.g.cs' is denied.  [C:\git\TUnit\TUnit.PublicAPI\TUnit.PublicAPI.csproj::TargetFramework=net9.0]
C:\git\TUnit\TestProject.props(33,9): warning MSB3061: Unable to delete file "C:\git\TUnit\TUnit.TestProject\SourceGeneratedViewer\TUnit.Core.SourceGenerator\TUnit.Core.SourceGenerator.Generators.TestMetadataGenerator\AfterTestExceptionTests_Test_Should_Fail_When_After_Hook_Throws_eb211d4205b74b92b72aec9bb0f58865.g.cs". Access to the path 'C:\git\TUnit\TUnit.TestProject\SourceGeneratedViewer\TUnit.Core.SourceGenerator\TUnit.Core.SourceGenerator.Generators.TestMetadataGenerator\AfterTestExceptionTests_Test_Should_Fail_When_After_Hook_Throws_eb211d4205b74b92b72aec9bb0f58865.g.cs' is denied.  [C:\git\TUnit\TUnit.TestProject\TUnit.TestProject.csproj::TargetFramework=net9.0]
C:\git\TUnit\TestProject.props(33,9): warning MSB3061: Unable to delete file "C:\git\TUnit\TUnit.UnitTests\SourceGeneratedViewer\TUnit.Core.SourceGenerator\TUnit.Core.SourceGenerator.Generators.DataSourceHelpersGenerator\TUnit_UnitTests_CustomService_DataSourceHelper.g.cs". Access to the path 'C:\git\TUnit\TUnit.UnitTests\SourceGeneratedViewer\TUnit.Core.SourceGenerator\TUnit.Core.SourceGenerator.Generators.DataSourceHelpersGenerator\TUnit_UnitTests_CustomService_DataSourceHelper.g.cs' is denied.  [C:\git\TUnit\TUnit.UnitTests\TUnit.UnitTests.csproj::TargetFramework=net8.0]
C:\git\TUnit\TestProject.props(33,9): warning MSB3061: Unable to delete file "C:\git\TUnit\TUnit.TestProject\SourceGeneratedViewer\TUnit.Core.SourceGenerator\TUnit.Core.SourceGenerator.Generators.TestMetadataGenerator\ConsoleConcurrentTests_Test9_ede293d4e1cc4bfa962101e97529b098.g.cs". Access to the path 'C:\git\TUnit\TUnit.TestProject\SourceGeneratedViewer\TUnit.Core.SourceGenerator\TUnit.Core.SourceGenerator.Generators.TestMetadataGenerator\ConsoleConcurrentTests_Test9_ede293d4e1cc4bfa962101e97529b098.g.cs' is denied.  [C:\git\TUnit\TUnit.TestProject\TUnit.TestProject.csproj::TargetFramework=net9.0]
C:\git\TUnit\TestProject.props(33,9): warning MSB3061: Unable to delete file "C:\git\TUnit\TUnit.TestProject\SourceGeneratedViewer\TUnit.Core.SourceGenerator\TUnit.Core.SourceGenerator.Generators.TestMetadataGenerator\CultureInfoAssertionTests_Test_CultureInfo_IsEnglish_f6131d961fc24c74a266b5f3f230d7b6.g.cs". Access to the path 'C:\git\TUnit\TUnit.TestProject\SourceGeneratedViewer\TUnit.Core.SourceGenerator\TUnit.Core.SourceGenerator.Generators.TestMetadataGenerator\CultureInfoAssertionTests_Test_CultureInfo_IsEnglish_f6131d961fc24c74a266b5f3f230d7b6.g.cs' is denied.  [C:\git\TUnit\TUnit.TestProject\TUnit.TestProject.csproj::TargetFramework=net8.0]
C:\git\TUnit\TestProject.props(33,9): warning MSB3061: Unable to delete file "C:\git\TUnit\TUnit.UnitTests\SourceGeneratedViewer\TUnit.Core.SourceGenerator\TUnit.Core.SourceGenerator.Generators.TestMetadataGenerator\ProductRepositoryTests_InitializeDatabase_0800283eeb7049abbef142c974715362.g.cs". Access to the path 'C:\git\TUnit\TUnit.UnitTests\SourceGeneratedViewer\TUnit.Core.SourceGenerator\TUnit.Core.SourceGenerator.Generators.TestMetadataGenerator\ProductRepositoryTests_InitializeDatabase_0800283eeb7049abbef142c974715362.g.cs' is denied.  [C:\git\TUnit\TUnit.UnitTests\TUnit.UnitTests.csproj::TargetFramework=net9.0]
C:\git\TUnit\TestProject.props(33,9): warning MSB3061: Unable to delete file "C:\git\TUnit\TUnit.TestProject\SourceGeneratedViewer\TUnit.Core.SourceGenerator\TUnit.Core.SourceGenerator.Generators.TestMetadataGenerator\DeepNestedDependencyConflict_Test8_0b4ebf8ba4f14662a47dcd98719cf05a.g.cs". Access to the path 'C:\git\TUnit\TUnit.TestProject\SourceGeneratedViewer\TUnit.Core.SourceGenerator\TUnit.Core.SourceGenerator.Generators.TestMetadataGenerator\DeepNestedDependencyConflict_Test8_0b4ebf8ba4f14662a47dcd98719cf05a.g.cs' is denied.  [C:\git\TUnit\TUnit.TestProject\TUnit.TestProject.csproj::TargetFramework=net8.0]
C:\git\TUnit\TestProject.props(33,9): warning MSB3061: Unable to delete file "C:\git\TUnit\TUnit.TestProject\SourceGeneratedViewer\TUnit.Core.SourceGenerator\TUnit.Core.SourceGenerator.Generators.TestMetadataGenerator\DependsOnAndNotInParallelTests_Test1_0b217e05bf8c48648dc96f5fbca29a04.g.cs". Access to the path 'C:\git\TUnit\TUnit.TestProject\SourceGeneratedViewer\TUnit.Core.SourceGenerator\TUnit.Core.SourceGenerator.Generators.TestMetadataGenerator\DependsOnAndNotInParallelTests_Test1_0b217e05bf8c48648dc96f5fbca29a04.g.cs' is denied.  [C:\git\TUnit\TUnit.TestProject\TUnit.TestProject.csproj::TargetFramework=net9.0]
C:\git\TUnit\TestProject.props(33,9): warning MSB3061: Unable to delete file "C:\git\TUnit\TUnit.TestProject\SourceGeneratedViewer\TUnit.Core.SourceGenerator\TUnit.Core.SourceGenerator.Generators.TestMetadataGenerator\ExampleTestFixture_PassTest_197676225cee41e69f67c3eda49f4c3c.g.cs". Access to the path 'C:\git\TUnit\TUnit.TestProject\SourceGeneratedViewer\TUnit.Core.SourceGenerator\TUnit.Core.SourceGenerator.Generators.TestMetadataGenerator\ExampleTestFixture_PassTest_197676225cee41e69f67c3eda49f4c3c.g.cs' is denied.  [C:\git\TUnit\TUnit.TestProject\TUnit.TestProject.csproj::TargetFramework=net472]
C:\git\TUnit\TestProject.props(33,9): warning MSB3061: Unable to delete file "C:\git\TUnit\TUnit.TestProject\SourceGeneratedViewer\TUnit.Core.SourceGenerator\TUnit.Core.SourceGenerator.Generators.TestMetadataGenerator\ExplicitTests_MyExplicitTest_aa34526c0877458289f05a07729725a5.g.cs". Access to the path 'C:\git\TUnit\TUnit.TestProject\SourceGeneratedViewer\TUnit.Core.SourceGenerator\TUnit.Core.SourceGenerator.Generators.TestMetadataGenerator\ExplicitTests_MyExplicitTest_aa34526c0877458289f05a07729725a5.g.cs' is denied.  [C:\git\TUnit\TUnit.TestProject\TUnit.TestProject.csproj::TargetFramework=net8.0]
C:\git\TUnit\TestProject.props(33,9): warning MSB3061: Unable to delete file "C:\git\TUnit\TUnit.TestProject\SourceGeneratedViewer\TUnit.Core.SourceGenerator\TUnit.Core.SourceGenerator.Generators.TestMetadataGenerator\FileSystemAssertionTests_Test_FileInfo_IsNotExecutable_8fe9961d0171447fb246ad1391ca8ce1.g.cs". Access to the path 'C:\git\TUnit\TUnit.TestProject\SourceGeneratedViewer\TUnit.Core.SourceGenerator\TUnit.Core.SourceGenerator.Generators.TestMetadataGenerator\FileSystemAssertionTests_Test_FileInfo_IsNotExecutable_8fe9961d0171447fb246ad1391ca8ce1.g.cs' is denied.  [C:\git\TUnit\TUnit.TestProject\TUnit.TestProject.csproj::TargetFramework=net8.0]
C:\git\TUnit\TestProject.props(33,9): warning MSB3061: Unable to delete file "C:\git\TUnit\TUnit.TestProject\SourceGeneratedViewer\TUnit.Core.SourceGenerator\TUnit.Core.SourceGenerator.Generators.TestMetadataGenerator\FloatingPointDebugTests_ParameterTest_201795f5377d46fe82f63c60851b2802.g.cs". Access to the path 'C:\git\TUnit\TUnit.TestProject\SourceGeneratedViewer\TUnit.Core.SourceGenerator\TUnit.Core.SourceGenerator.Generators.TestMetadataGenerator\FloatingPointDebugTests_ParameterTest_201795f5377d46fe82f63c60851b2802.g.cs' is denied.  [C:\git\TUnit\TUnit.TestProject\TUnit.TestProject.csproj::TargetFramework=net9.0]
C:\git\TUnit\TestProject.props(33,9): warning MSB3061: Unable to delete file "C:\git\TUnit\TUnit.TestProject\SourceGeneratedViewer\TUnit.Core.SourceGenerator\TUnit.Core.SourceGenerator.Generators.TestMetadataGenerator\GenericTests_MyTest_e1326750d7c64324867c519a5766d7f4.g.cs". Access to the path 'C:\git\TUnit\TUnit.TestProject\SourceGeneratedViewer\TUnit.Core.SourceGenerator\TUnit.Core.SourceGenerator.Generators.TestMetadataGenerator\GenericTests_MyTest_e1326750d7c64324867c519a5766d7f4.g.cs' is denied.  [C:\git\TUnit\TUnit.TestProject\TUnit.TestProject.csproj::TargetFramework=net472]
C:\git\TUnit\TestProject.props(33,9): warning MSB3061: Unable to delete file "C:\git\TUnit\TUnit.TestProject\SourceGeneratedViewer\TUnit.Core.SourceGenerator\TUnit.Core.SourceGenerator.Generators.TestMetadataGenerator\GenericTypedDataSourceTests_GenericMethodWithIntData_507ff877ac094c2fa82920fba5c6855d.g.cs". Access to the path 'C:\git\TUnit\TUnit.TestProject\SourceGeneratedViewer\TUnit.Core.SourceGenerator\TUnit.Core.SourceGenerator.Generators.TestMetadataGenerator\GenericTypedDataSourceTests_GenericMethodWithIntData_507ff877ac094c2fa82920fba5c6855d.g.cs' is denied.  [C:\git\TUnit\TUnit.TestProject\TUnit.TestProject.csproj::TargetFramework=net9.0]
C:\git\TUnit\TestProject.props(33,9): warning MSB3061: Unable to delete file "C:\git\TUnit\TUnit.TestProject\SourceGeneratedViewer\TUnit.Core.SourceGenerator\TUnit.Core.SourceGenerator.Generators.TestMetadataGenerator\HttpStatusCodeAssertionTests_Test_HttpStatusCode_IsSuccess_ad4ded18aa6945d7800efe0a571f7066.g.cs". Access to the path 'C:\git\TUnit\TUnit.TestProject\SourceGeneratedViewer\TUnit.Core.SourceGenerator\TUnit.Core.SourceGenerator.Generators.TestMetadataGenerator\HttpStatusCodeAssertionTests_Test_HttpStatusCode_IsSuccess_ad4ded18aa6945d7800efe0a571f7066.g.cs' is denied.  [C:\git\TUnit\TUnit.TestProject\TUnit.TestProject.csproj::TargetFramework=net472]
C:\git\TUnit\TestProject.props(33,9): warning MSB3061: Unable to delete file "C:\git\TUnit\TUnit.TestProject\SourceGeneratedViewer\TUnit.Core.SourceGenerator\TUnit.Core.SourceGenerator.Generators.TestMetadataGenerator\HttpStatusCodeAssertionTests_Test_HttpStatusCode_IsServerError_5f91e384c96c4d538ffcb506a374be59.g.cs". Access to the path 'C:\git\TUnit\TUnit.TestProject\SourceGeneratedViewer\TUnit.Core.SourceGenerator\TUnit.Core.SourceGenerator.Generators.TestMetadataGenerator\HttpStatusCodeAssertionTests_Test_HttpStatusCode_IsServerError_5f91e384c96c4d538ffcb506a374be59.g.cs' is denied.  [C:\git\TUnit\TUnit.TestProject\TUnit.TestProject.csproj::TargetFramework=net9.0]
C:\git\TUnit\TestProject.props(33,9): warning MSB3061: Unable to delete file "C:\git\TUnit\TUnit.TestProject\SourceGeneratedViewer\TUnit.Core.SourceGenerator\TUnit.Core.SourceGenerator.Generators.TestMetadataGenerator\InjectSharedGlobally1_Test2_1f493d314ac94d4d97701c26be215ffe.g.cs". Access to the path 'C:\git\TUnit\TUnit.TestProject\SourceGeneratedViewer\TUnit.Core.SourceGenerator\TUnit.Core.SourceGenerator.Generators.TestMetadataGenerator\InjectSharedGlobally1_Test2_1f493d314ac94d4d97701c26be215ffe.g.cs' is denied.  [C:\git\TUnit\TUnit.TestProject\TUnit.TestProject.csproj::TargetFramework=net472]
C:\git\TUnit\TestProject.props(33,9): warning MSB3061: Unable to delete file "C:\git\TUnit\TUnit.TestProject\SourceGeneratedViewer\TUnit.Core.SourceGenerator\TUnit.Core.SourceGenerator.Generators.TestMetadataGenerator\InjectSharedPerKey1_Test2_200415af9ead462ab9e8d5e0b89b7cb4.g.cs". Access to the path 'C:\git\TUnit\TUnit.TestProject\SourceGeneratedViewer\TUnit.Core.SourceGenerator\TUnit.Core.SourceGenerator.Generators.TestMetadataGenerator\InjectSharedPerKey1_Test2_200415af9ead462ab9e8d5e0b89b7cb4.g.cs' is denied.  [C:\git\TUnit\TUnit.TestProject\TUnit.TestProject.csproj::TargetFramework=net9.0]
C:\git\TUnit\TestProject.props(33,9): warning MSB3061: Unable to delete file "C:\git\TUnit\TUnit.TestProject\SourceGeneratedViewer\TUnit.Core.SourceGenerator\TUnit.Core.SourceGenerator.Generators.TestMetadataGenerator\InjectSharedPerType3_Test3_662e0fb81da64d39b403e530e7962c64.g.cs". Access to the path 'C:\git\TUnit\TUnit.TestProject\SourceGeneratedViewer\TUnit.Core.SourceGenerator\TUnit.Core.SourceGenerator.Generators.TestMetadataGenerator\InjectSharedPerType3_Test3_662e0fb81da64d39b403e530e7962c64.g.cs' is denied.  [C:\git\TUnit\TUnit.TestProject\TUnit.TestProject.csproj::TargetFramework=net8.0]
C:\git\TUnit\TestProject.props(33,9): warning MSB3061: Unable to delete file "C:\git\TUnit\TUnit.TestProject\SourceGeneratedViewer\TUnit.Core.SourceGenerator\TUnit.Core.SourceGenerator.Generators.TestMetadataGenerator\IntGenericVerification_BaseTest_c592beec754a4c6c9f5ae1880e02c2f1.g.cs". Access to the path 'C:\git\TUnit\TUnit.TestProject\SourceGeneratedViewer\TUnit.Core.SourceGenerator\TUnit.Core.SourceGenerator.Generators.TestMetadataGenerator\IntGenericVerification_BaseTest_c592beec754a4c6c9f5ae1880e02c2f1.g.cs' is denied.  [C:\git\TUnit\TUnit.TestProject\TUnit.TestProject.csproj::TargetFramework=net9.0]
C:\git\TUnit\TestProject.props(33,9): warning MSB3061: Unable to delete file "C:\git\TUnit\TUnit.TestProject\SourceGeneratedViewer\TUnit.Core.SourceGenerator\TUnit.Core.SourceGenerator.Generators.TestMetadataGenerator\KeyedSequentialDeadlockTests_Group1_KeyedTest_Group1_Test2_7fe145ee88f0428ea09a1b4f009e3b60.g.cs". Access to the path 'C:\git\TUnit\TUnit.TestProject\SourceGeneratedViewer\TUnit.Core.SourceGenerator\TUnit.Core.SourceGenerator.Generators.TestMetadataGenerator\KeyedSequentialDeadlockTests_Group1_KeyedTest_Group1_Test2_7fe145ee88f0428ea09a1b4f009e3b60.g.cs' is denied.  [C:\git\TUnit\TUnit.TestProject\TUnit.TestProject.csproj::TargetFramework=net472]
C:\git\TUnit\TestProject.props(33,9): warning MSB3061: Unable to delete file "C:\git\TUnit\TUnit.TestProject\SourceGeneratedViewer\TUnit.Core.SourceGenerator\TUnit.Core.SourceGenerator.Generators.TestMetadataGenerator\MatrixTests_Method3_a0208e977229481aabeccadd4f5ca79c.g.cs". Access to the path 'C:\git\TUnit\TUnit.TestProject\SourceGeneratedViewer\TUnit.Core.SourceGenerator\TUnit.Core.SourceGenerator.Generators.TestMetadataGenerator\MatrixTests_Method3_a0208e977229481aabeccadd4f5ca79c.g.cs' is denied.  [C:\git\TUnit\TUnit.TestProject\TUnit.TestProject.csproj::TargetFramework=net9.0]
C:\git\TUnit\TestProject.props(33,9): warning MSB3061: Unable to delete file "C:\git\TUnit\TUnit.TestProject\SourceGeneratedViewer\TUnit.Core.SourceGenerator\TUnit.Core.SourceGenerator.Generators.TestMetadataGenerator\MixedTests_ExplicitTestInNormalClass_61fb58875af14f92b5ccf6e0f5850298.g.cs". Access to the path 'C:\git\TUnit\TUnit.TestProject\SourceGeneratedViewer\TUnit.Core.SourceGenerator\TUnit.Core.SourceGenerator.Generators.TestMetadataGenerator\MixedTests_ExplicitTestInNormalClass_61fb58875af14f92b5ccf6e0f5850298.g.cs' is denied.  [C:\git\TUnit\TUnit.TestProject\TUnit.TestProject.csproj::TargetFramework=net472]
C:\git\TUnit\TestProject.props(33,9): warning MSB3061: Unable to delete file "C:\git\TUnit\TUnit.TestProject\SourceGeneratedViewer\TUnit.Core.SourceGenerator\TUnit.Core.SourceGenerator.Generators.TestMetadataGenerator\MultipleClassDataSourceDrivenTests_Test2_15f429c4f63d4147abae724600c5813e.g.cs". Access to the path 'C:\git\TUnit\TUnit.TestProject\SourceGeneratedViewer\TUnit.Core.SourceGenerator\TUnit.Core.SourceGenerator.Generators.TestMetadataGenerator\MultipleClassDataSourceDrivenTests_Test2_15f429c4f63d4147abae724600c5813e.g.cs' is denied.  [C:\git\TUnit\TUnit.TestProject\TUnit.TestProject.csproj::TargetFramework=net9.0]
C:\git\TUnit\TestProject.props(33,9): warning MSB3061: Unable to delete file "C:\git\TUnit\TUnit.TestProject\SourceGeneratedViewer\TUnit.Core.SourceGenerator\TUnit.Core.SourceGenerator.Generators.TestMetadataGenerator\NestedTupleTest_Test_NestedTuple_SeparateParams_75341a4b4b5f48698434911bac2f64cf.g.cs". Access to the path 'C:\git\TUnit\TUnit.TestProject\SourceGeneratedViewer\TUnit.Core.SourceGenerator\TUnit.Core.SourceGenerator.Generators.TestMetadataGenerator\NestedTupleTest_Test_NestedTuple_SeparateParams_75341a4b4b5f48698434911bac2f64cf.g.cs' is denied.  [C:\git\TUnit\TUnit.TestProject\TUnit.TestProject.csproj::TargetFramework=net8.0]
C:\git\TUnit\TestProject.props(33,9): warning MSB3061: Unable to delete file "C:\git\TUnit\TUnit.TestProject\SourceGeneratedViewer\TUnit.Core.SourceGenerator\TUnit.Core.SourceGenerator.Generators.TestMetadataGenerator\OtherAssertionTests_Test_DayOfWeek_IsFriday_3a485487f68b4788bd8ec9316c7e4ab4.g.cs". Access to the path 'C:\git\TUnit\TUnit.TestProject\SourceGeneratedViewer\TUnit.Core.SourceGenerator\TUnit.Core.SourceGenerator.Generators.TestMetadataGenerator\OtherAssertionTests_Test_DayOfWeek_IsFriday_3a485487f68b4788bd8ec9316c7e4ab4.g.cs' is denied.  [C:\git\TUnit\TUnit.TestProject\TUnit.TestProject.csproj::TargetFramework=net472]
C:\git\TUnit\TestProject.props(33,9): warning MSB3061: Unable to delete file "C:\git\TUnit\TUnit.TestProject\SourceGeneratedViewer\TUnit.Core.SourceGenerator\TUnit.Core.SourceGenerator.Generators.TestMetadataGenerator\OtherAssertionTests_Test_DayOfWeek_IsMonday_0094421acac14580a471504866c8d2c4.g.cs". Access to the path 'C:\git\TUnit\TUnit.TestProject\SourceGeneratedViewer\TUnit.Core.SourceGenerator\TUnit.Core.SourceGenerator.Generators.TestMetadataGenerator\OtherAssertionTests_Test_DayOfWeek_IsMonday_0094421acac14580a471504866c8d2c4.g.cs' is denied.  [C:\git\TUnit\TUnit.TestProject\TUnit.TestProject.csproj::TargetFramework=net9.0]
C:\git\TUnit\TestProject.props(33,9): warning MSB3061: Unable to delete file "C:\git\TUnit\TUnit.TestProject\SourceGeneratedViewer\TUnit.Core.SourceGenerator\TUnit.Core.SourceGenerator.Generators.TestMetadataGenerator\PassFailTests_Fail2_15222a490bde4531b6605e81bd63f38d.g.cs". Access to the path 'C:\git\TUnit\TUnit.TestProject\SourceGeneratedViewer\TUnit.Core.SourceGenerator\TUnit.Core.SourceGenerator.Generators.TestMetadataGenerator\PassFailTests_Fail2_15222a490bde4531b6605e81bd63f38d.g.cs' is denied.  [C:\git\TUnit\TUnit.TestProject\TUnit.TestProject.csproj::TargetFramework=net9.0]
C:\git\TUnit\TestProject.props(33,9): warning MSB3061: Unable to delete file "C:\git\TUnit\TUnit.TestProject\SourceGeneratedViewer\TUnit.Core.SourceGenerator\TUnit.Core.SourceGenerator.Generators.TestMetadataGenerator\PassFailTests_Fail2_ee9f8cf0c1ea4cbe8bfed297f6be6d65.g.cs". Access to the path 'C:\git\TUnit\TUnit.TestProject\SourceGeneratedViewer\TUnit.Core.SourceGenerator\TUnit.Core.SourceGenerator.Generators.TestMetadataGenerator\PassFailTests_Fail2_ee9f8cf0c1ea4cbe8bfed297f6be6d65.g.cs' is denied.  [C:\git\TUnit\TUnit.TestProject\TUnit.TestProject.csproj::TargetFramework=net8.0]
C:\git\TUnit\TestProject.props(33,9): warning MSB3061: Unable to delete file "C:\git\TUnit\TUnit.TestProject\SourceGeneratedViewer\TUnit.Core.SourceGenerator\TUnit.Core.SourceGenerator.Generators.TestMetadataGenerator\ReadTests2_Test5_fcfa6a107696458ea7ecda82058fe0a9.g.cs". Access to the path 'C:\git\TUnit\TUnit.TestProject\SourceGeneratedViewer\TUnit.Core.SourceGenerator\TUnit.Core.SourceGenerator.Generators.TestMetadataGenerator\ReadTests2_Test5_fcfa6a107696458ea7ecda82058fe0a9.g.cs' is denied.  [C:\git\TUnit\TUnit.TestProject\TUnit.TestProject.csproj::TargetFramework=net472]
C:\git\TUnit\TestProject.props(33,9): warning MSB3061: Unable to delete file "C:\git\TUnit\TUnit.TestProject\SourceGeneratedViewer\TUnit.Core.SourceGenerator\TUnit.Core.SourceGenerator.Generators.TestMetadataGenerator\ReadTests_Test2_e0a2c68e58ae4b3db4f10dcf5d19ff5d.g.cs". Access to the path 'C:\git\TUnit\TUnit.TestProject\SourceGeneratedViewer\TUnit.Core.SourceGenerator\TUnit.Core.SourceGenerator.Generators.TestMetadataGenerator\ReadTests_Test2_e0a2c68e58ae4b3db4f10dcf5d19ff5d.g.cs' is denied.  [C:\git\TUnit\TUnit.TestProject\TUnit.TestProject.csproj::TargetFramework=net9.0]
C:\git\TUnit\TestProject.props(33,9): warning MSB3061: Unable to delete file "C:\git\TUnit\TUnit.TestProject\SourceGeneratedViewer\TUnit.Core.SourceGenerator\TUnit.Core.SourceGenerator.Generators.TestMetadataGenerator\RunOnSkipTests_RunOnBrowserOnlyTest_4c4309dfb3d44d95952e4df0e95c732c.g.cs". Access to the path 'C:\git\TUnit\TUnit.TestProject\SourceGeneratedViewer\TUnit.Core.SourceGenerator\TUnit.Core.SourceGenerator.Generators.TestMetadataGenerator\RunOnSkipTests_RunOnBrowserOnlyTest_4c4309dfb3d44d95952e4df0e95c732c.g.cs' is denied.  [C:\git\TUnit\TUnit.TestProject\TUnit.TestProject.csproj::TargetFramework=net8.0]
C:\git\TUnit\TestProject.props(33,9): warning MSB3061: Unable to delete file "C:\git\TUnit\TUnit.TestProject\SourceGeneratedViewer\TUnit.Core.SourceGenerator\TUnit.Core.SourceGenerator.Generators.TestMetadataGenerator\SimpleGenericMethodTests_GenericMethod_SimpleCase_b7e284e65f094b3f8a9bc0a56322b4d1.g.cs". Access to the path 'C:\git\TUnit\TUnit.TestProject\SourceGeneratedViewer\TUnit.Core.SourceGenerator\TUnit.Core.SourceGenerator.Generators.TestMetadataGenerator\SimpleGenericMethodTests_GenericMethod_SimpleCase_b7e284e65f094b3f8a9bc0a56322b4d1.g.cs' is denied.  [C:\git\TUnit\TUnit.TestProject\TUnit.TestProject.csproj::TargetFramework=net472]
C:\git\TUnit\TestProject.props(33,9): warning MSB3061: Unable to delete file "C:\git\TUnit\TUnit.TestProject\SourceGeneratedViewer\TUnit.Core.SourceGenerator\TUnit.Core.SourceGenerator.Generators.TestMetadataGenerator\ScopedRetryAttributePriorityTests_VerifyRetryCounts_981163184dc04d7cb18d05cf7d3d88f2.g.cs". Access to the path 'C:\git\TUnit\TUnit.TestProject\SourceGeneratedViewer\TUnit.Core.SourceGenerator\TUnit.Core.SourceGenerator.Generators.TestMetadataGenerator\ScopedRetryAttributePriorityTests_VerifyRetryCounts_981163184dc04d7cb18d05cf7d3d88f2.g.cs' is denied.  [C:\git\TUnit\TUnit.TestProject\TUnit.TestProject.csproj::TargetFramework=net9.0]
C:\git\TUnit\TestProject.props(33,9): warning MSB3061: Unable to delete file "C:\git\TUnit\TUnit.TestProject\SourceGeneratedViewer\TUnit.Core.SourceGenerator\TUnit.Core.SourceGenerator.Generators.TestMetadataGenerator\TestContextIsolationTests_TestContext_Should_Be_Isolated_In_Parallel_Test1_19c2b9f2c6bb405faa39ba7dea9322ed.g.cs". Access to the path 'C:\git\TUnit\TUnit.TestProject\SourceGeneratedViewer\TUnit.Core.SourceGenerator\TUnit.Core.SourceGenerator.Generators.TestMetadataGenerator\TestContextIsolationTests_TestContext_Should_Be_Isolated_In_Parallel_Test1_19c2b9f2c6bb405faa39ba7dea9322ed.g.cs' is denied.  [C:\git\TUnit\TUnit.TestProject\TUnit.TestProject.csproj::TargetFramework=net9.0]
C:\git\TUnit\TestProject.props(33,9): warning MSB3061: Unable to delete file "C:\git\TUnit\TUnit.TestProject\SourceGeneratedViewer\TUnit.Core.SourceGenerator\TUnit.Core.SourceGenerator.Generators.TestMetadataGenerator\Tests2_Test_de9dfa1f01da4be59e084475505b8a6f.g.cs". Access to the path 'C:\git\TUnit\TUnit.TestProject\SourceGeneratedViewer\TUnit.Core.SourceGenerator\TUnit.Core.SourceGenerator.Generators.TestMetadataGenerator\Tests2_Test_de9dfa1f01da4be59e084475505b8a6f.g.cs' is denied.  [C:\git\TUnit\TUnit.TestProject\TUnit.TestProject.csproj::TargetFramework=net472]
C:\git\TUnit\TestProject.props(33,9): warning MSB3061: Unable to delete file "C:\git\TUnit\TUnit.TestProject\SourceGeneratedViewer\TUnit.Core.SourceGenerator\TUnit.Core.SourceGenerator.Generators.TestMetadataGenerator\Tests_DistinctItems_6c6c82a4e1054dbda5ce6724d87af09e.g.cs". Access to the path 'C:\git\TUnit\TUnit.TestProject\SourceGeneratedViewer\TUnit.Core.SourceGenerator\TUnit.Core.SourceGenerator.Generators.TestMetadataGenerator\Tests_DistinctItems_6c6c82a4e1054dbda5ce6724d87af09e.g.cs' is denied.  [C:\git\TUnit\TUnit.TestProject\TUnit.TestProject.csproj::TargetFramework=net9.0]
C:\git\TUnit\TestProject.props(33,9): warning MSB3061: Unable to delete file "C:\git\TUnit\TUnit.TestProject\SourceGeneratedViewer\TUnit.Core.SourceGenerator\TUnit.Core.SourceGenerator.Generators.TestMetadataGenerator\Tests_MatrixDataSource_7a1a870f02e14ce783630973a81a198c.g.cs". Access to the path 'C:\git\TUnit\TUnit.TestProject\SourceGeneratedViewer\TUnit.Core.SourceGenerator\TUnit.Core.SourceGenerator.Generators.TestMetadataGenerator\Tests_MatrixDataSource_7a1a870f02e14ce783630973a81a198c.g.cs' is denied.  [C:\git\TUnit\TUnit.TestProject\TUnit.TestProject.csproj::TargetFramework=net472]
C:\git\TUnit\TestProject.props(33,9): warning MSB3061: Unable to delete file "C:\git\TUnit\TUnit.TestProject\SourceGeneratedViewer\TUnit.Core.SourceGenerator\TUnit.Core.SourceGenerator.Generators.TestMetadataGenerator\Tests_Test2_ab62466f9ba3427ab2fb9ae5fa443f32.g.cs". Access to the path 'C:\git\TUnit\TUnit.TestProject\SourceGeneratedViewer\TUnit.Core.SourceGenerator\TUnit.Core.SourceGenerator.Generators.TestMetadataGenerator\Tests_Test2_ab62466f9ba3427ab2fb9ae5fa443f32.g.cs' is denied.  [C:\git\TUnit\TUnit.TestProject\TUnit.TestProject.csproj::TargetFramework=net472]
C:\git\TUnit\TestProject.props(33,9): warning MSB3061: Unable to delete file "C:\git\TUnit\TUnit.TestProject\SourceGeneratedViewer\TUnit.Core.SourceGenerator\TUnit.Core.SourceGenerator.Generators.TestMetadataGenerator\Tests_Test3_41c27be6109a475ea49bb0b8892c249f.g.cs". Access to the path 'C:\git\TUnit\TUnit.TestProject\SourceGeneratedViewer\TUnit.Core.SourceGenerator\TUnit.Core.SourceGenerator.Generators.TestMetadataGenerator\Tests_Test3_41c27be6109a475ea49bb0b8892c249f.g.cs' is denied.  [C:\git\TUnit\TUnit.TestProject\TUnit.TestProject.csproj::TargetFramework=net9.0]
C:\git\TUnit\TestProject.props(33,9): warning MSB3061: Unable to delete file "C:\git\TUnit\TUnit.TestProject\SourceGeneratedViewer\TUnit.Core.SourceGenerator\TUnit.Core.SourceGenerator.Generators.TestMetadataGenerator\Tests_Test_fa560cd83d934b818ea74268eb7dcaa0.g.cs". Access to the path 'C:\git\TUnit\TUnit.TestProject\SourceGeneratedViewer\TUnit.Core.SourceGenerator\TUnit.Core.SourceGenerator.Generators.TestMetadataGenerator\Tests_Test_fa560cd83d934b818ea74268eb7dcaa0.g.cs' is denied.  [C:\git\TUnit\TUnit.TestProject\TUnit.TestProject.csproj::TargetFramework=net472]
C:\git\TUnit\TestProject.props(33,9): warning MSB3061: Unable to delete file "C:\git\TUnit\TUnit.TestProject\SourceGeneratedViewer\TUnit.Core.SourceGenerator\TUnit.Core.SourceGenerator.Generators.TestMetadataGenerator\Tests_Throws2_cba2ec16b25141d4b4444a0d2433b834.g.cs". Access to the path 'C:\git\TUnit\TUnit.TestProject\SourceGeneratedViewer\TUnit.Core.SourceGenerator\TUnit.Core.SourceGenerator.Generators.TestMetadataGenerator\Tests_Throws2_cba2ec16b25141d4b4444a0d2433b834.g.cs' is denied.  [C:\git\TUnit\TUnit.TestProject\TUnit.TestProject.csproj::TargetFramework=net8.0]
C:\git\TUnit\TestProject.props(33,9): warning MSB3061: Unable to delete file "C:\git\TUnit\TUnit.TestProject\SourceGeneratedViewer\TUnit.Core.SourceGenerator\TUnit.Core.SourceGenerator.Generators.TestMetadataGenerator\UpdateTests2_Test4_5180cc7450d9487bafa5ae835f688eb5.g.cs". Access to the path 'C:\git\TUnit\TUnit.TestProject\SourceGeneratedViewer\TUnit.Core.SourceGenerator\TUnit.Core.SourceGenerator.Generators.TestMetadataGenerator\UpdateTests2_Test4_5180cc7450d9487bafa5ae835f688eb5.g.cs' is denied.  [C:\git\TUnit\TUnit.TestProject\TUnit.TestProject.csproj::TargetFramework=net472]
C:\git\TUnit\TestProject.props(33,9): warning MSB3061: Unable to delete file "C:\git\TUnit\TUnit.TestProject\SourceGeneratedViewer\TUnit.Core.SourceGenerator\TUnit.Core.SourceGenerator.Generators.TestMetadataGenerator\UpdateTests_Test1_ddf32c4474ec4d47878bfe609364537c.g.cs". Access to the path 'C:\git\TUnit\TUnit.TestProject\SourceGeneratedViewer\TUnit.Core.SourceGenerator\TUnit.Core.SourceGenerator.Generators.TestMetadataGenerator\UpdateTests_Test1_ddf32c4474ec4d47878bfe609364537c.g.cs' is denied.  [C:\git\TUnit\TUnit.TestProject\TUnit.TestProject.csproj::TargetFramework=net8.0]
C:\git\TUnit\TUnit.Core.SourceGenerator.Tests\TupleDataSourceDrivenTests.cs(10,30): warning CS1998: This async method lacks 'await' operators and will run synchronously. Consider using the 'await' operator to await non-blocking API calls, or 'await Task.Run(...)' to do CPU-bound work on a background thread. [C:\git\TUnit\TUnit.Core.SourceGenerator.Tests\TUnit.Core.SourceGenerator.Tests.csproj::TargetFramework=net472]
C:\git\TUnit\TUnit.Core.SourceGenerator.Tests\TimeoutCancellationTokenTests.cs(10,30): warning CS1998: This async method lacks 'await' operators and will run synchronously. Consider using the 'await' operator to await non-blocking API calls, or 'await Task.Run(...)' to do CPU-bound work on a background thread. [C:\git\TUnit\TUnit.Core.SourceGenerator.Tests\TUnit.Core.SourceGenerator.Tests.csproj::TargetFramework=net472]
C:\git\TUnit\TUnit.Core.SourceGenerator.Tests\TestDiscoveryHookTests.cs(10,30): warning CS1998: This async method lacks 'await' operators and will run synchronously. Consider using the 'await' operator to await non-blocking API calls, or 'await Task.Run(...)' to do CPU-bound work on a background thread. [C:\git\TUnit\TUnit.Core.SourceGenerator.Tests\TUnit.Core.SourceGenerator.Tests.csproj::TargetFramework=net472]
C:\git\TUnit\TUnit.Core.SourceGenerator.Tests\StringArgumentTests.cs(10,30): warning CS1998: This async method lacks 'await' operators and will run synchronously. Consider using the 'await' operator to await non-blocking API calls, or 'await Task.Run(...)' to do CPU-bound work on a background thread. [C:\git\TUnit\TUnit.Core.SourceGenerator.Tests\TUnit.Core.SourceGenerator.Tests.csproj::TargetFramework=net472]
C:\git\TUnit\TUnit.Core.SourceGenerator.Tests\STAThreadTests.cs(16,30): warning CS1998: This async method lacks 'await' operators and will run synchronously. Consider using the 'await' operator to await non-blocking API calls, or 'await Task.Run(...)' to do CPU-bound work on a background thread. [C:\git\TUnit\TUnit.Core.SourceGenerator.Tests\TUnit.Core.SourceGenerator.Tests.csproj::TargetFramework=net472]
C:\git\TUnit\TUnit.Core.SourceGenerator.Tests\RepeatTests.cs(10,30): warning CS1998: This async method lacks 'await' operators and will run synchronously. Consider using the 'await' operator to await non-blocking API calls, or 'await Task.Run(...)' to do CPU-bound work on a background thread. [C:\git\TUnit\TUnit.Core.SourceGenerator.Tests\TUnit.Core.SourceGenerator.Tests.csproj::TargetFramework=net472]
C:\git\TUnit\TUnit.Core.SourceGenerator.Tests\PropertySetterTests.cs(10,30): warning CS1998: This async method lacks 'await' operators and will run synchronously. Consider using the 'await' operator to await non-blocking API calls, or 'await Task.Run(...)' to do CPU-bound work on a background thread. [C:\git\TUnit\TUnit.Core.SourceGenerator.Tests\TUnit.Core.SourceGenerator.Tests.csproj::TargetFramework=net472]
C:\git\TUnit\TUnit.Core.SourceGenerator.Tests\PriorityFilteringTests.cs(21,30): warning CS1998: This async method lacks 'await' operators and will run synchronously. Consider using the 'await' operator to await non-blocking API calls, or 'await Task.Run(...)' to do CPU-bound work on a background thread. [C:\git\TUnit\TUnit.Core.SourceGenerator.Tests\TUnit.Core.SourceGenerator.Tests.csproj::TargetFramework=net472]
C:\git\TUnit\TUnit.Core.SourceGenerator.Tests\NumberArgumentTests.cs(11,30): warning CS1998: This async method lacks 'await' operators and will run synchronously. Consider using the 'await' operator to await non-blocking API calls, or 'await Task.Run(...)' to do CPU-bound work on a background thread. [C:\git\TUnit\TUnit.Core.SourceGenerator.Tests\TUnit.Core.SourceGenerator.Tests.csproj::TargetFramework=net472]
C:\git\TUnit\TUnit.Core.SourceGenerator.Tests\NullableByteArgumentTests.cs(10,30): warning CS1998: This async method lacks 'await' operators and will run synchronously. Consider using the 'await' operator to await non-blocking API calls, or 'await Task.Run(...)' to do CPU-bound work on a background thread. [C:\git\TUnit\TUnit.Core.SourceGenerator.Tests\TUnit.Core.SourceGenerator.Tests.csproj::TargetFramework=net472]
C:\git\TUnit\TUnit.Core.SourceGenerator.Tests\NameOfArgumentTests.cs(10,30): warning CS1998: This async method lacks 'await' operators and will run synchronously. Consider using the 'await' operator to await non-blocking API calls, or 'await Task.Run(...)' to do CPU-bound work on a background thread. [C:\git\TUnit\TUnit.Core.SourceGenerator.Tests\TUnit.Core.SourceGenerator.Tests.csproj::TargetFramework=net472]
C:\git\TUnit\TUnit.Core.SourceGenerator.Tests\MultipleClassDataSourceDrivenTests.cs(10,30): warning CS1998: This async method lacks 'await' operators and will run synchronously. Consider using the 'await' operator to await non-blocking API calls, or 'await Task.Run(...)' to do CPU-bound work on a background thread. [C:\git\TUnit\TUnit.Core.SourceGenerator.Tests\TUnit.Core.SourceGenerator.Tests.csproj::TargetFramework=net472]
C:\git\TUnit\TUnit.Core.SourceGenerator.Tests\MethodDataSourceDrivenWithCancellationTokenTests.cs(10,30): warning CS1998: This async method lacks 'await' operators and will run synchronously. Consider using the 'await' operator to await non-blocking API calls, or 'await Task.Run(...)' to do CPU-bound work on a background thread. [C:\git\TUnit\TUnit.Core.SourceGenerator.Tests\TUnit.Core.SourceGenerator.Tests.csproj::TargetFramework=net472]
C:\git\TUnit\TUnit.Core.SourceGenerator.Tests\MethodDataSourceDrivenTests.cs(10,30): warning CS1998: This async method lacks 'await' operators and will run synchronously. Consider using the 'await' operator to await non-blocking API calls, or 'await Task.Run(...)' to do CPU-bound work on a background thread. [C:\git\TUnit\TUnit.Core.SourceGenerator.Tests\TUnit.Core.SourceGenerator.Tests.csproj::TargetFramework=net472]
C:\git\TUnit\TUnit.Core.SourceGenerator.Tests\MatrixTests.cs(20,30): warning CS1998: This async method lacks 'await' operators and will run synchronously. Consider using the 'await' operator to await non-blocking API calls, or 'await Task.Run(...)' to do CPU-bound work on a background thread. [C:\git\TUnit\TUnit.Core.SourceGenerator.Tests\TUnit.Core.SourceGenerator.Tests.csproj::TargetFramework=net472]
C:\git\TUnit\TUnit.Core.SourceGenerator.Tests\InheritedPropertySetterTests.cs(20,30): warning CS1998: This async method lacks 'await' operators and will run synchronously. Consider using the 'await' operator to await non-blocking API calls, or 'await Task.Run(...)' to do CPU-bound work on a background thread. [C:\git\TUnit\TUnit.Core.SourceGenerator.Tests\TUnit.Core.SourceGenerator.Tests.csproj::TargetFramework=net472]
C:\git\TUnit\TUnit.Core.SourceGenerator.Tests\HooksTests.cs(10,30): warning CS1998: This async method lacks 'await' operators and will run synchronously. Consider using the 'await' operator to await non-blocking API calls, or 'await Task.Run(...)' to do CPU-bound work on a background thread. [C:\git\TUnit\TUnit.Core.SourceGenerator.Tests\TUnit.Core.SourceGenerator.Tests.csproj::TargetFramework=net472]
C:\git\TUnit\TUnit.Core.SourceGenerator.Tests\HooksTests.cs(18,30): warning CS1998: This async method lacks 'await' operators and will run synchronously. Consider using the 'await' operator to await non-blocking API calls, or 'await Task.Run(...)' to do CPU-bound work on a background thread. [C:\git\TUnit\TUnit.Core.SourceGenerator.Tests\TUnit.Core.SourceGenerator.Tests.csproj::TargetFramework=net472]
C:\git\TUnit\TUnit.Core.SourceGenerator.Tests\GlobalStaticBeforeEachTests.cs(11,30): warning CS1998: This async method lacks 'await' operators and will run synchronously. Consider using the 'await' operator to await non-blocking API calls, or 'await Task.Run(...)' to do CPU-bound work on a background thread. [C:\git\TUnit\TUnit.Core.SourceGenerator.Tests\TUnit.Core.SourceGenerator.Tests.csproj::TargetFramework=net472]
C:\git\TUnit\TUnit.Core.SourceGenerator.Tests\GlobalStaticAfterEachTests.cs(11,30): warning CS1998: This async method lacks 'await' operators and will run synchronously. Consider using the 'await' operator to await non-blocking API calls, or 'await Task.Run(...)' to do CPU-bound work on a background thread. [C:\git\TUnit\TUnit.Core.SourceGenerator.Tests\TUnit.Core.SourceGenerator.Tests.csproj::TargetFramework=net472]
C:\git\TUnit\TUnit.Core.SourceGenerator.Tests\GenericMethodTests.cs(10,30): warning CS1998: This async method lacks 'await' operators and will run synchronously. Consider using the 'await' operator to await non-blocking API calls, or 'await Task.Run(...)' to do CPU-bound work on a background thread. [C:\git\TUnit\TUnit.Core.SourceGenerator.Tests\TUnit.Core.SourceGenerator.Tests.csproj::TargetFramework=net472]
C:\git\TUnit\TUnit.Core.SourceGenerator.Tests\EnumerableTupleDataSourceDrivenTests.cs(10,30): warning CS1998: This async method lacks 'await' operators and will run synchronously. Consider using the 'await' operator to await non-blocking API calls, or 'await Task.Run(...)' to do CPU-bound work on a background thread. [C:\git\TUnit\TUnit.Core.SourceGenerator.Tests\TUnit.Core.SourceGenerator.Tests.csproj::TargetFramework=net472]
C:\git\TUnit\TUnit.Core.SourceGenerator.Tests\EnumerableDataSourceDrivenTests.cs(10,30): warning CS1998: This async method lacks 'await' operators and will run synchronously. Consider using the 'await' operator to await non-blocking API calls, or 'await Task.Run(...)' to do CPU-bound work on a background thread. [C:\git\TUnit\TUnit.Core.SourceGenerator.Tests\TUnit.Core.SourceGenerator.Tests.csproj::TargetFramework=net472]
C:\git\TUnit\TUnit.Core.SourceGenerator.Tests\Dynamic\Basic.cs(11,30): warning CS1998: This async method lacks 'await' operators and will run synchronously. Consider using the 'await' operator to await non-blocking API calls, or 'await Task.Run(...)' to do CPU-bound work on a background thread. [C:\git\TUnit\TUnit.Core.SourceGenerator.Tests\TUnit.Core.SourceGenerator.Tests.csproj::TargetFramework=net472]
C:\git\TUnit\TUnit.Core.SourceGenerator.Tests\DisableReflectionScannerTests.cs(27,30): warning CS1998: This async method lacks 'await' operators and will run synchronously. Consider using the 'await' operator to await non-blocking API calls, or 'await Task.Run(...)' to do CPU-bound work on a background thread. [C:\git\TUnit\TUnit.Core.SourceGenerator.Tests\TUnit.Core.SourceGenerator.Tests.csproj::TargetFramework=net472]
C:\git\TUnit\TUnit.Core.SourceGenerator.Tests\DataSourceGeneratorTests.cs(11,30): warning CS1998: This async method lacks 'await' operators and will run synchronously. Consider using the 'await' operator to await non-blocking API calls, or 'await Task.Run(...)' to do CPU-bound work on a background thread. [C:\git\TUnit\TUnit.Core.SourceGenerator.Tests\TUnit.Core.SourceGenerator.Tests.csproj::TargetFramework=net472]
C:\git\TUnit\TUnit.Core.SourceGenerator.Tests\DataSourceGeneratorTests.cs(28,30): warning CS1998: This async method lacks 'await' operators and will run synchronously. Consider using the 'await' operator to await non-blocking API calls, or 'await Task.Run(...)' to do CPU-bound work on a background thread. [C:\git\TUnit\TUnit.Core.SourceGenerator.Tests\TUnit.Core.SourceGenerator.Tests.csproj::TargetFramework=net472]
C:\git\TUnit\TUnit.Core.SourceGenerator.Tests\DataSourceClassCombinedWithDataSourceMethodTests.cs(20,30): warning CS1998: This async method lacks 'await' operators and will run synchronously. Consider using the 'await' operator to await non-blocking API calls, or 'await Task.Run(...)' to do CPU-bound work on a background thread. [C:\git\TUnit\TUnit.Core.SourceGenerator.Tests\TUnit.Core.SourceGenerator.Tests.csproj::TargetFramework=net472]
C:\git\TUnit\TUnit.Core.SourceGenerator.Tests\DataDrivenTests.cs(20,30): warning CS1998: This async method lacks 'await' operators and will run synchronously. Consider using the 'await' operator to await non-blocking API calls, or 'await Task.Run(...)' to do CPU-bound work on a background thread. [C:\git\TUnit\TUnit.Core.SourceGenerator.Tests\TUnit.Core.SourceGenerator.Tests.csproj::TargetFramework=net472]
C:\git\TUnit\TUnit.Core.SourceGenerator.Tests\CustomDisplayNameTests.cs(10,30): warning CS1998: This async method lacks 'await' operators and will run synchronously. Consider using the 'await' operator to await non-blocking API calls, or 'await Task.Run(...)' to do CPU-bound work on a background thread. [C:\git\TUnit\TUnit.Core.SourceGenerator.Tests\TUnit.Core.SourceGenerator.Tests.csproj::TargetFramework=net472]
C:\git\TUnit\TUnit.Core.SourceGenerator.Tests\ConstantArgumentsTests.cs(10,30): warning CS1998: This async method lacks 'await' operators and will run synchronously. Consider using the 'await' operator to await non-blocking API calls, or 'await Task.Run(...)' to do CPU-bound work on a background thread. [C:\git\TUnit\TUnit.Core.SourceGenerator.Tests\TUnit.Core.SourceGenerator.Tests.csproj::TargetFramework=net472]
C:\git\TUnit\TUnit.Core.SourceGenerator.Tests\ConcreteClassTests.cs(27,30): warning CS1998: This async method lacks 'await' operators and will run synchronously. Consider using the 'await' operator to await non-blocking API calls, or 'await Task.Run(...)' to do CPU-bound work on a background thread. [C:\git\TUnit\TUnit.Core.SourceGenerator.Tests\TUnit.Core.SourceGenerator.Tests.csproj::TargetFramework=net472]
C:\git\TUnit\TUnit.Core.SourceGenerator.Tests\ClassTupleDataSourceDrivenTests.cs(10,30): warning CS1998: This async method lacks 'await' operators and will run synchronously. Consider using the 'await' operator to await non-blocking API calls, or 'await Task.Run(...)' to do CPU-bound work on a background thread. [C:\git\TUnit\TUnit.Core.SourceGenerator.Tests\TUnit.Core.SourceGenerator.Tests.csproj::TargetFramework=net472]
C:\git\TUnit\TUnit.Core.SourceGenerator.Tests\ClassDataSourceDrivenTestsSharedKeyed.cs(10,30): warning CS1998: This async method lacks 'await' operators and will run synchronously. Consider using the 'await' operator to await non-blocking API calls, or 'await Task.Run(...)' to do CPU-bound work on a background thread. [C:\git\TUnit\TUnit.Core.SourceGenerator.Tests\TUnit.Core.SourceGenerator.Tests.csproj::TargetFramework=net472]
C:\git\TUnit\TUnit.Core.SourceGenerator.Tests\ClassDataSourceDrivenTests2.cs(10,30): warning CS1998: This async method lacks 'await' operators and will run synchronously. Consider using the 'await' operator to await non-blocking API calls, or 'await Task.Run(...)' to do CPU-bound work on a background thread. [C:\git\TUnit\TUnit.Core.SourceGenerator.Tests\TUnit.Core.SourceGenerator.Tests.csproj::TargetFramework=net472]
C:\git\TUnit\TUnit.Core.SourceGenerator.Tests\ClassDataSourceDrivenTests.cs(21,30): warning CS1998: This async method lacks 'await' operators and will run synchronously. Consider using the 'await' operator to await non-blocking API calls, or 'await Task.Run(...)' to do CPU-bound work on a background thread. [C:\git\TUnit\TUnit.Core.SourceGenerator.Tests\TUnit.Core.SourceGenerator.Tests.csproj::TargetFramework=net472]
C:\git\TUnit\TUnit.Core.SourceGenerator.Tests\ClassConstructorTest.cs(23,30): warning CS1998: This async method lacks 'await' operators and will run synchronously. Consider using the 'await' operator to await non-blocking API calls, or 'await Task.Run(...)' to do CPU-bound work on a background thread. [C:\git\TUnit\TUnit.Core.SourceGenerator.Tests\TUnit.Core.SourceGenerator.Tests.csproj::TargetFramework=net472]
C:\git\TUnit\TUnit.Core.SourceGenerator.Tests\ClassAndMethodArgumentsTests.cs(10,30): warning CS1998: This async method lacks 'await' operators and will run synchronously. Consider using the 'await' operator to await non-blocking API calls, or 'await Task.Run(...)' to do CPU-bound work on a background thread. [C:\git\TUnit\TUnit.Core.SourceGenerator.Tests\TUnit.Core.SourceGenerator.Tests.csproj::TargetFramework=net472]
C:\git\TUnit\TUnit.Core.SourceGenerator.Tests\Bugs\Issue2887\Issue2887Tests.cs(17,30): warning CS1998: This async method lacks 'await' operators and will run synchronously. Consider using the 'await' operator to await non-blocking API calls, or 'await Task.Run(...)' to do CPU-bound work on a background thread. [C:\git\TUnit\TUnit.Core.SourceGenerator.Tests\TUnit.Core.SourceGenerator.Tests.csproj::TargetFramework=net472]
C:\git\TUnit\TUnit.Core.SourceGenerator.Tests\Bugs\2136\Tests2136.cs(12,30): warning CS1998: This async method lacks 'await' operators and will run synchronously. Consider using the 'await' operator to await non-blocking API calls, or 'await Task.Run(...)' to do CPU-bound work on a background thread. [C:\git\TUnit\TUnit.Core.SourceGenerator.Tests\TUnit.Core.SourceGenerator.Tests.csproj::TargetFramework=net472]
C:\git\TUnit\TUnit.Core.SourceGenerator.Tests\Bugs\2112\Tests2112.cs(12,30): warning CS1998: This async method lacks 'await' operators and will run synchronously. Consider using the 'await' operator to await non-blocking API calls, or 'await Task.Run(...)' to do CPU-bound work on a background thread. [C:\git\TUnit\TUnit.Core.SourceGenerator.Tests\TUnit.Core.SourceGenerator.Tests.csproj::TargetFramework=net472]
C:\git\TUnit\TUnit.Core.SourceGenerator.Tests\Bugs\2085\Tests2085.cs(12,30): warning CS1998: This async method lacks 'await' operators and will run synchronously. Consider using the 'await' operator to await non-blocking API calls, or 'await Task.Run(...)' to do CPU-bound work on a background thread. [C:\git\TUnit\TUnit.Core.SourceGenerator.Tests\TUnit.Core.SourceGenerator.Tests.csproj::TargetFramework=net472]
C:\git\TUnit\TUnit.Core.SourceGenerator.Tests\Bugs\2083\Tests2083.cs(12,30): warning CS1998: This async method lacks 'await' operators and will run synchronously. Consider using the 'await' operator to await non-blocking API calls, or 'await Task.Run(...)' to do CPU-bound work on a background thread. [C:\git\TUnit\TUnit.Core.SourceGenerator.Tests\TUnit.Core.SourceGenerator.Tests.csproj::TargetFramework=net472]
C:\git\TUnit\TUnit.Core.SourceGenerator.Tests\Bugs\1899\Tests1899.cs(21,30): warning CS1998: This async method lacks 'await' operators and will run synchronously. Consider using the 'await' operator to await non-blocking API calls, or 'await Task.Run(...)' to do CPU-bound work on a background thread. [C:\git\TUnit\TUnit.Core.SourceGenerator.Tests\TUnit.Core.SourceGenerator.Tests.csproj::TargetFramework=net472]
C:\git\TUnit\TUnit.Core.SourceGenerator.Tests\Bugs\1899\Tests1899.cs(35,30): warning CS1998: This async method lacks 'await' operators and will run synchronously. Consider using the 'await' operator to await non-blocking API calls, or 'await Task.Run(...)' to do CPU-bound work on a background thread. [C:\git\TUnit\TUnit.Core.SourceGenerator.Tests\TUnit.Core.SourceGenerator.Tests.csproj::TargetFramework=net472]
C:\git\TUnit\TUnit.Core.SourceGenerator.Tests\Bugs\1889\Tests1889.cs(22,30): warning CS1998: This async method lacks 'await' operators and will run synchronously. Consider using the 'await' operator to await non-blocking API calls, or 'await Task.Run(...)' to do CPU-bound work on a background thread. [C:\git\TUnit\TUnit.Core.SourceGenerator.Tests\TUnit.Core.SourceGenerator.Tests.csproj::TargetFramework=net472]
C:\git\TUnit\TUnit.Core.SourceGenerator.Tests\Bugs\1821\Tests1821.cs(12,30): warning CS1998: This async method lacks 'await' operators and will run synchronously. Consider using the 'await' operator to await non-blocking API calls, or 'await Task.Run(...)' to do CPU-bound work on a background thread. [C:\git\TUnit\TUnit.Core.SourceGenerator.Tests\TUnit.Core.SourceGenerator.Tests.csproj::TargetFramework=net472]
C:\git\TUnit\TUnit.Core.SourceGenerator.Tests\Bugs\1692\Tests1692.cs(12,30): warning CS1998: This async method lacks 'await' operators and will run synchronously. Consider using the 'await' operator to await non-blocking API calls, or 'await Task.Run(...)' to do CPU-bound work on a background thread. [C:\git\TUnit\TUnit.Core.SourceGenerator.Tests\TUnit.Core.SourceGenerator.Tests.csproj::TargetFramework=net472]
C:\git\TUnit\TUnit.Core.SourceGenerator.Tests\Bugs\1603\Tests1603.cs(12,30): warning CS1998: This async method lacks 'await' operators and will run synchronously. Consider using the 'await' operator to await non-blocking API calls, or 'await Task.Run(...)' to do CPU-bound work on a background thread. [C:\git\TUnit\TUnit.Core.SourceGenerator.Tests\TUnit.Core.SourceGenerator.Tests.csproj::TargetFramework=net472]
C:\git\TUnit\TUnit.Core.SourceGenerator.Tests\Bugs\1594\Tests1594.cs(12,30): warning CS1998: This async method lacks 'await' operators and will run synchronously. Consider using the 'await' operator to await non-blocking API calls, or 'await Task.Run(...)' to do CPU-bound work on a background thread. [C:\git\TUnit\TUnit.Core.SourceGenerator.Tests\TUnit.Core.SourceGenerator.Tests.csproj::TargetFramework=net472]
C:\git\TUnit\TUnit.Core.SourceGenerator.Tests\Bugs\1594\Hooks1594.cs(12,30): warning CS1998: This async method lacks 'await' operators and will run synchronously. Consider using the 'await' operator to await non-blocking API calls, or 'await Task.Run(...)' to do CPU-bound work on a background thread. [C:\git\TUnit\TUnit.Core.SourceGenerator.Tests\TUnit.Core.SourceGenerator.Tests.csproj::TargetFramework=net472]
C:\git\TUnit\TUnit.Core.SourceGenerator.Tests\Bugs\1589\Tests1589.cs(12,30): warning CS1998: This async method lacks 'await' operators and will run synchronously. Consider using the 'await' operator to await non-blocking API calls, or 'await Task.Run(...)' to do CPU-bound work on a background thread. [C:\git\TUnit\TUnit.Core.SourceGenerator.Tests\TUnit.Core.SourceGenerator.Tests.csproj::TargetFramework=net472]
C:\git\TUnit\TUnit.Core.SourceGenerator.Tests\Bugs\1589\Hooks1589.cs(12,30): warning CS1998: This async method lacks 'await' operators and will run synchronously. Consider using the 'await' operator to await non-blocking API calls, or 'await Task.Run(...)' to do CPU-bound work on a background thread. [C:\git\TUnit\TUnit.Core.SourceGenerator.Tests\TUnit.Core.SourceGenerator.Tests.csproj::TargetFramework=net472]
C:\git\TUnit\TUnit.Core.SourceGenerator.Tests\Bugs\1539\Tests1539.cs(12,30): warning CS1998: This async method lacks 'await' operators and will run synchronously. Consider using the 'await' operator to await non-blocking API calls, or 'await Task.Run(...)' to do CPU-bound work on a background thread. [C:\git\TUnit\TUnit.Core.SourceGenerator.Tests\TUnit.Core.SourceGenerator.Tests.csproj::TargetFramework=net472]
C:\git\TUnit\TUnit.Core.SourceGenerator.Tests\Bugs\1538\Tests1538.cs(12,30): warning CS1998: This async method lacks 'await' operators and will run synchronously. Consider using the 'await' operator to await non-blocking API calls, or 'await Task.Run(...)' to do CPU-bound work on a background thread. [C:\git\TUnit\TUnit.Core.SourceGenerator.Tests\TUnit.Core.SourceGenerator.Tests.csproj::TargetFramework=net472]
C:\git\TUnit\TUnit.Core.SourceGenerator.Tests\Bugs\1432\EnumMemberNamesTests.cs(12,30): warning CS1998: This async method lacks 'await' operators and will run synchronously. Consider using the 'await' operator to await non-blocking API calls, or 'await Task.Run(...)' to do CPU-bound work on a background thread. [C:\git\TUnit\TUnit.Core.SourceGenerator.Tests\TUnit.Core.SourceGenerator.Tests.csproj::TargetFramework=net472]
C:\git\TUnit\TUnit.Core.SourceGenerator.Tests\Bugs\1432\ConstantsInInterpolatedStringsTests.cs(12,30): warning CS1998: This async method lacks 'await' operators and will run synchronously. Consider using the 'await' operator to await non-blocking API calls, or 'await Task.Run(...)' to do CPU-bound work on a background thread. [C:\git\TUnit\TUnit.Core.SourceGenerator.Tests\TUnit.Core.SourceGenerator.Tests.csproj::TargetFramework=net472]
C:\git\TUnit\TUnit.Core.SourceGenerator.Tests\Bugs\1432\ConstantInBaseClassTests.cs(12,30): warning CS1998: This async method lacks 'await' operators and will run synchronously. Consider using the 'await' operator to await non-blocking API calls, or 'await Task.Run(...)' to do CPU-bound work on a background thread. [C:\git\TUnit\TUnit.Core.SourceGenerator.Tests\TUnit.Core.SourceGenerator.Tests.csproj::TargetFramework=net472]
C:\git\TUnit\TUnit.Core.SourceGenerator.Tests\Bugs\1304\EnumMemberNamesTests.cs(12,30): warning CS1998: This async method lacks 'await' operators and will run synchronously. Consider using the 'await' operator to await non-blocking API calls, or 'await Task.Run(...)' to do CPU-bound work on a background thread. [C:\git\TUnit\TUnit.Core.SourceGenerator.Tests\TUnit.Core.SourceGenerator.Tests.csproj::TargetFramework=net472]
C:\git\TUnit\TUnit.Core.SourceGenerator.Tests\BeforeEachTests.cs(11,30): warning CS1998: This async method lacks 'await' operators and will run synchronously. Consider using the 'await' operator to await non-blocking API calls, or 'await Task.Run(...)' to do CPU-bound work on a background thread. [C:\git\TUnit\TUnit.Core.SourceGenerator.Tests\TUnit.Core.SourceGenerator.Tests.csproj::TargetFramework=net472]
C:\git\TUnit\TUnit.Core.SourceGenerator.Tests\BeforeAllTests.cs(11,30): warning CS1998: This async method lacks 'await' operators and will run synchronously. Consider using the 'await' operator to await non-blocking API calls, or 'await Task.Run(...)' to do CPU-bound work on a background thread. [C:\git\TUnit\TUnit.Core.SourceGenerator.Tests\TUnit.Core.SourceGenerator.Tests.csproj::TargetFramework=net472]
C:\git\TUnit\TUnit.Core.SourceGenerator.Tests\BasicTests.cs(15,30): warning CS1998: This async method lacks 'await' operators and will run synchronously. Consider using the 'await' operator to await non-blocking API calls, or 'await Task.Run(...)' to do CPU-bound work on a background thread. [C:\git\TUnit\TUnit.Core.SourceGenerator.Tests\TUnit.Core.SourceGenerator.Tests.csproj::TargetFramework=net472]
C:\git\TUnit\TUnit.Core.SourceGenerator.Tests\AttributeTests.cs(10,30): warning CS1998: This async method lacks 'await' operators and will run synchronously. Consider using the 'await' operator to await non-blocking API calls, or 'await Task.Run(...)' to do CPU-bound work on a background thread. [C:\git\TUnit\TUnit.Core.SourceGenerator.Tests\TUnit.Core.SourceGenerator.Tests.csproj::TargetFramework=net472]
C:\git\TUnit\TUnit.Core.SourceGenerator.Tests\AssemblyLoaderTests.cs(27,30): warning CS1998: This async method lacks 'await' operators and will run synchronously. Consider using the 'await' operator to await non-blocking API calls, or 'await Task.Run(...)' to do CPU-bound work on a background thread. [C:\git\TUnit\TUnit.Core.SourceGenerator.Tests\TUnit.Core.SourceGenerator.Tests.csproj::TargetFramework=net472]
C:\git\TUnit\TUnit.Core.SourceGenerator.Tests\AssemblyBeforeTests.cs(11,30): warning CS1998: This async method lacks 'await' operators and will run synchronously. Consider using the 'await' operator to await non-blocking API calls, or 'await Task.Run(...)' to do CPU-bound work on a background thread. [C:\git\TUnit\TUnit.Core.SourceGenerator.Tests\TUnit.Core.SourceGenerator.Tests.csproj::TargetFramework=net472]
C:\git\TUnit\TUnit.Core.SourceGenerator.Tests\AssemblyAfterTests.cs(11,30): warning CS1998: This async method lacks 'await' operators and will run synchronously. Consider using the 'await' operator to await non-blocking API calls, or 'await Task.Run(...)' to do CPU-bound work on a background thread. [C:\git\TUnit\TUnit.Core.SourceGenerator.Tests\TUnit.Core.SourceGenerator.Tests.csproj::TargetFramework=net472]
C:\git\TUnit\TUnit.Core.SourceGenerator.Tests\ArgumentWithImplicitConverterTests.cs(10,30): warning CS1998: This async method lacks 'await' operators and will run synchronously. Consider using the 'await' operator to await non-blocking API calls, or 'await Task.Run(...)' to do CPU-bound work on a background thread. [C:\git\TUnit\TUnit.Core.SourceGenerator.Tests\TUnit.Core.SourceGenerator.Tests.csproj::TargetFramework=net472]
C:\git\TUnit\TUnit.Core.SourceGenerator.Tests\ArgsAsArrayTests.cs(10,30): warning CS1998: This async method lacks 'await' operators and will run synchronously. Consider using the 'await' operator to await non-blocking API calls, or 'await Task.Run(...)' to do CPU-bound work on a background thread. [C:\git\TUnit\TUnit.Core.SourceGenerator.Tests\TUnit.Core.SourceGenerator.Tests.csproj::TargetFramework=net472]
C:\git\TUnit\TUnit.Core.SourceGenerator.Tests\AfterEachTests.cs(11,30): warning CS1998: This async method lacks 'await' operators and will run synchronously. Consider using the 'await' operator to await non-blocking API calls, or 'await Task.Run(...)' to do CPU-bound work on a background thread. [C:\git\TUnit\TUnit.Core.SourceGenerator.Tests\TUnit.Core.SourceGenerator.Tests.csproj::TargetFramework=net472]
C:\git\TUnit\TUnit.Core.SourceGenerator.Tests\AfterAllTests.cs(11,30): warning CS1998: This async method lacks 'await' operators and will run synchronously. Consider using the 'await' operator to await non-blocking API calls, or 'await Task.Run(...)' to do CPU-bound work on a background thread. [C:\git\TUnit\TUnit.Core.SourceGenerator.Tests\TUnit.Core.SourceGenerator.Tests.csproj::TargetFramework=net472]
C:\git\TUnit\TUnit.Core.SourceGenerator.Tests\AbstractTests.cs(29,30): warning CS1998: This async method lacks 'await' operators and will run synchronously. Consider using the 'await' operator to await non-blocking API calls, or 'await Task.Run(...)' to do CPU-bound work on a background thread. [C:\git\TUnit\TUnit.Core.SourceGenerator.Tests\TUnit.Core.SourceGenerator.Tests.csproj::TargetFramework=net472]
C:\git\TUnit\TUnit.Core.SourceGenerator.Tests\AbstractTests.cs(47,30): warning CS1998: This async method lacks 'await' operators and will run synchronously. Consider using the 'await' operator to await non-blocking API calls, or 'await Task.Run(...)' to do CPU-bound work on a background thread. [C:\git\TUnit\TUnit.Core.SourceGenerator.Tests\TUnit.Core.SourceGenerator.Tests.csproj::TargetFramework=net472]
C:\git\TUnit\TUnit.Core.SourceGenerator.Tests\AssemblyNamesWithDashesTests.cs(23,15): warning TUnitAssertions0005: Assert.That(...) should not be used with a constant value [C:\git\TUnit\TUnit.Core.SourceGenerator.Tests\TUnit.Core.SourceGenerator.Tests.csproj::TargetFramework=net472]
C:\git\TUnit\TUnit.Core.SourceGenerator.Tests\TupleDataSourceDrivenTests.cs(10,30): warning CS1998: This async method lacks 'await' operators and will run synchronously. Consider using the 'await' operator to await non-blocking API calls, or 'await Task.Run(...)' to do CPU-bound work on a background thread. [C:\git\TUnit\TUnit.Core.SourceGenerator.Tests\TUnit.Core.SourceGenerator.Tests.csproj::TargetFramework=net8.0]
C:\git\TUnit\TUnit.Core.SourceGenerator.Tests\TimeoutCancellationTokenTests.cs(10,30): warning CS1998: This async method lacks 'await' operators and will run synchronously. Consider using the 'await' operator to await non-blocking API calls, or 'await Task.Run(...)' to do CPU-bound work on a background thread. [C:\git\TUnit\TUnit.Core.SourceGenerator.Tests\TUnit.Core.SourceGenerator.Tests.csproj::TargetFramework=net8.0]
C:\git\TUnit\TUnit.Core.SourceGenerator.Tests\TestDiscoveryHookTests.cs(10,30): warning CS1998: This async method lacks 'await' operators and will run synchronously. Consider using the 'await' operator to await non-blocking API calls, or 'await Task.Run(...)' to do CPU-bound work on a background thread. [C:\git\TUnit\TUnit.Core.SourceGenerator.Tests\TUnit.Core.SourceGenerator.Tests.csproj::TargetFramework=net8.0]
C:\git\TUnit\TUnit.Core.SourceGenerator.Tests\StringArgumentTests.cs(10,30): warning CS1998: This async method lacks 'await' operators and will run synchronously. Consider using the 'await' operator to await non-blocking API calls, or 'await Task.Run(...)' to do CPU-bound work on a background thread. [C:\git\TUnit\TUnit.Core.SourceGenerator.Tests\TUnit.Core.SourceGenerator.Tests.csproj::TargetFramework=net8.0]
C:\git\TUnit\TUnit.Core.SourceGenerator.Tests\STAThreadTests.cs(16,30): warning CS1998: This async method lacks 'await' operators and will run synchronously. Consider using the 'await' operator to await non-blocking API calls, or 'await Task.Run(...)' to do CPU-bound work on a background thread. [C:\git\TUnit\TUnit.Core.SourceGenerator.Tests\TUnit.Core.SourceGenerator.Tests.csproj::TargetFramework=net8.0]
C:\git\TUnit\TUnit.Core.SourceGenerator.Tests\RepeatTests.cs(10,30): warning CS1998: This async method lacks 'await' operators and will run synchronously. Consider using the 'await' operator to await non-blocking API calls, or 'await Task.Run(...)' to do CPU-bound work on a background thread. [C:\git\TUnit\TUnit.Core.SourceGenerator.Tests\TUnit.Core.SourceGenerator.Tests.csproj::TargetFramework=net8.0]
C:\git\TUnit\TUnit.Core.SourceGenerator.Tests\PropertySetterTests.cs(10,30): warning CS1998: This async method lacks 'await' operators and will run synchronously. Consider using the 'await' operator to await non-blocking API calls, or 'await Task.Run(...)' to do CPU-bound work on a background thread. [C:\git\TUnit\TUnit.Core.SourceGenerator.Tests\TUnit.Core.SourceGenerator.Tests.csproj::TargetFramework=net8.0]
C:\git\TUnit\TUnit.Core.SourceGenerator.Tests\PriorityFilteringTests.cs(21,30): warning CS1998: This async method lacks 'await' operators and will run synchronously. Consider using the 'await' operator to await non-blocking API calls, or 'await Task.Run(...)' to do CPU-bound work on a background thread. [C:\git\TUnit\TUnit.Core.SourceGenerator.Tests\TUnit.Core.SourceGenerator.Tests.csproj::TargetFramework=net8.0]
C:\git\TUnit\TUnit.Core.SourceGenerator.Tests\NumberArgumentTests.cs(11,30): warning CS1998: This async method lacks 'await' operators and will run synchronously. Consider using the 'await' operator to await non-blocking API calls, or 'await Task.Run(...)' to do CPU-bound work on a background thread. [C:\git\TUnit\TUnit.Core.SourceGenerator.Tests\TUnit.Core.SourceGenerator.Tests.csproj::TargetFramework=net8.0]
C:\git\TUnit\TUnit.Core.SourceGenerator.Tests\NullableByteArgumentTests.cs(10,30): warning CS1998: This async method lacks 'await' operators and will run synchronously. Consider using the 'await' operator to await non-blocking API calls, or 'await Task.Run(...)' to do CPU-bound work on a background thread. [C:\git\TUnit\TUnit.Core.SourceGenerator.Tests\TUnit.Core.SourceGenerator.Tests.csproj::TargetFramework=net8.0]
C:\git\TUnit\TUnit.Core.SourceGenerator.Tests\NameOfArgumentTests.cs(10,30): warning CS1998: This async method lacks 'await' operators and will run synchronously. Consider using the 'await' operator to await non-blocking API calls, or 'await Task.Run(...)' to do CPU-bound work on a background thread. [C:\git\TUnit\TUnit.Core.SourceGenerator.Tests\TUnit.Core.SourceGenerator.Tests.csproj::TargetFramework=net8.0]
C:\git\TUnit\TUnit.Core.SourceGenerator.Tests\MultipleClassDataSourceDrivenTests.cs(10,30): warning CS1998: This async method lacks 'await' operators and will run synchronously. Consider using the 'await' operator to await non-blocking API calls, or 'await Task.Run(...)' to do CPU-bound work on a background thread. [C:\git\TUnit\TUnit.Core.SourceGenerator.Tests\TUnit.Core.SourceGenerator.Tests.csproj::TargetFramework=net8.0]
C:\git\TUnit\TUnit.Core.SourceGenerator.Tests\MethodDataSourceDrivenWithCancellationTokenTests.cs(10,30): warning CS1998: This async method lacks 'await' operators and will run synchronously. Consider using the 'await' operator to await non-blocking API calls, or 'await Task.Run(...)' to do CPU-bound work on a background thread. [C:\git\TUnit\TUnit.Core.SourceGenerator.Tests\TUnit.Core.SourceGenerator.Tests.csproj::TargetFramework=net8.0]
C:\git\TUnit\TUnit.Core.SourceGenerator.Tests\MethodDataSourceDrivenTests.cs(10,30): warning CS1998: This async method lacks 'await' operators and will run synchronously. Consider using the 'await' operator to await non-blocking API calls, or 'await Task.Run(...)' to do CPU-bound work on a background thread. [C:\git\TUnit\TUnit.Core.SourceGenerator.Tests\TUnit.Core.SourceGenerator.Tests.csproj::TargetFramework=net8.0]
C:\git\TUnit\TUnit.Core.SourceGenerator.Tests\MatrixTests.cs(20,30): warning CS1998: This async method lacks 'await' operators and will run synchronously. Consider using the 'await' operator to await non-blocking API calls, or 'await Task.Run(...)' to do CPU-bound work on a background thread. [C:\git\TUnit\TUnit.Core.SourceGenerator.Tests\TUnit.Core.SourceGenerator.Tests.csproj::TargetFramework=net8.0]
C:\git\TUnit\TUnit.Core.SourceGenerator.Tests\InheritedPropertySetterTests.cs(20,30): warning CS1998: This async method lacks 'await' operators and will run synchronously. Consider using the 'await' operator to await non-blocking API calls, or 'await Task.Run(...)' to do CPU-bound work on a background thread. [C:\git\TUnit\TUnit.Core.SourceGenerator.Tests\TUnit.Core.SourceGenerator.Tests.csproj::TargetFramework=net8.0]
C:\git\TUnit\TUnit.Core.SourceGenerator.Tests\HooksTests.cs(10,30): warning CS1998: This async method lacks 'await' operators and will run synchronously. Consider using the 'await' operator to await non-blocking API calls, or 'await Task.Run(...)' to do CPU-bound work on a background thread. [C:\git\TUnit\TUnit.Core.SourceGenerator.Tests\TUnit.Core.SourceGenerator.Tests.csproj::TargetFramework=net8.0]
C:\git\TUnit\TUnit.Core.SourceGenerator.Tests\HooksTests.cs(18,30): warning CS1998: This async method lacks 'await' operators and will run synchronously. Consider using the 'await' operator to await non-blocking API calls, or 'await Task.Run(...)' to do CPU-bound work on a background thread. [C:\git\TUnit\TUnit.Core.SourceGenerator.Tests\TUnit.Core.SourceGenerator.Tests.csproj::TargetFramework=net8.0]
C:\git\TUnit\TUnit.Core.SourceGenerator.Tests\GlobalStaticBeforeEachTests.cs(11,30): warning CS1998: This async method lacks 'await' operators and will run synchronously. Consider using the 'await' operator to await non-blocking API calls, or 'await Task.Run(...)' to do CPU-bound work on a background thread. [C:\git\TUnit\TUnit.Core.SourceGenerator.Tests\TUnit.Core.SourceGenerator.Tests.csproj::TargetFramework=net8.0]
C:\git\TUnit\TUnit.Core.SourceGenerator.Tests\GlobalStaticAfterEachTests.cs(11,30): warning CS1998: This async method lacks 'await' operators and will run synchronously. Consider using the 'await' operator to await non-blocking API calls, or 'await Task.Run(...)' to do CPU-bound work on a background thread. [C:\git\TUnit\TUnit.Core.SourceGenerator.Tests\TUnit.Core.SourceGenerator.Tests.csproj::TargetFramework=net8.0]
C:\git\TUnit\TUnit.Core.SourceGenerator.Tests\GenericMethodTests.cs(10,30): warning CS1998: This async method lacks 'await' operators and will run synchronously. Consider using the 'await' operator to await non-blocking API calls, or 'await Task.Run(...)' to do CPU-bound work on a background thread. [C:\git\TUnit\TUnit.Core.SourceGenerator.Tests\TUnit.Core.SourceGenerator.Tests.csproj::TargetFramework=net8.0]
C:\git\TUnit\TUnit.Core.SourceGenerator.Tests\EnumerableTupleDataSourceDrivenTests.cs(10,30): warning CS1998: This async method lacks 'await' operators and will run synchronously. Consider using the 'await' operator to await non-blocking API calls, or 'await Task.Run(...)' to do CPU-bound work on a background thread. [C:\git\TUnit\TUnit.Core.SourceGenerator.Tests\TUnit.Core.SourceGenerator.Tests.csproj::TargetFramework=net8.0]
C:\git\TUnit\TUnit.Core.SourceGenerator.Tests\EnumerableDataSourceDrivenTests.cs(10,30): warning CS1998: This async method lacks 'await' operators and will run synchronously. Consider using the 'await' operator to await non-blocking API calls, or 'await Task.Run(...)' to do CPU-bound work on a background thread. [C:\git\TUnit\TUnit.Core.SourceGenerator.Tests\TUnit.Core.SourceGenerator.Tests.csproj::TargetFramework=net8.0]
C:\git\TUnit\TUnit.Core.SourceGenerator.Tests\Dynamic\Basic.cs(11,30): warning CS1998: This async method lacks 'await' operators and will run synchronously. Consider using the 'await' operator to await non-blocking API calls, or 'await Task.Run(...)' to do CPU-bound work on a background thread. [C:\git\TUnit\TUnit.Core.SourceGenerator.Tests\TUnit.Core.SourceGenerator.Tests.csproj::TargetFramework=net8.0]
C:\git\TUnit\TUnit.Core.SourceGenerator.Tests\DisableReflectionScannerTests.cs(27,30): warning CS1998: This async method lacks 'await' operators and will run synchronously. Consider using the 'await' operator to await non-blocking API calls, or 'await Task.Run(...)' to do CPU-bound work on a background thread. [C:\git\TUnit\TUnit.Core.SourceGenerator.Tests\TUnit.Core.SourceGenerator.Tests.csproj::TargetFramework=net8.0]
C:\git\TUnit\TUnit.Core.SourceGenerator.Tests\DataSourceGeneratorTests.cs(11,30): warning CS1998: This async method lacks 'await' operators and will run synchronously. Consider using the 'await' operator to await non-blocking API calls, or 'await Task.Run(...)' to do CPU-bound work on a background thread. [C:\git\TUnit\TUnit.Core.SourceGenerator.Tests\TUnit.Core.SourceGenerator.Tests.csproj::TargetFramework=net8.0]
C:\git\TUnit\TUnit.Core.SourceGenerator.Tests\DataSourceGeneratorTests.cs(28,30): warning CS1998: This async method lacks 'await' operators and will run synchronously. Consider using the 'await' operator to await non-blocking API calls, or 'await Task.Run(...)' to do CPU-bound work on a background thread. [C:\git\TUnit\TUnit.Core.SourceGenerator.Tests\TUnit.Core.SourceGenerator.Tests.csproj::TargetFramework=net8.0]
C:\git\TUnit\TUnit.Core.SourceGenerator.Tests\DataSourceClassCombinedWithDataSourceMethodTests.cs(20,30): warning CS1998: This async method lacks 'await' operators and will run synchronously. Consider using the 'await' operator to await non-blocking API calls, or 'await Task.Run(...)' to do CPU-bound work on a background thread. [C:\git\TUnit\TUnit.Core.SourceGenerator.Tests\TUnit.Core.SourceGenerator.Tests.csproj::TargetFramework=net8.0]
C:\git\TUnit\TUnit.Core.SourceGenerator.Tests\DataDrivenTests.cs(20,30): warning CS1998: This async method lacks 'await' operators and will run synchronously. Consider using the 'await' operator to await non-blocking API calls, or 'await Task.Run(...)' to do CPU-bound work on a background thread. [C:\git\TUnit\TUnit.Core.SourceGenerator.Tests\TUnit.Core.SourceGenerator.Tests.csproj::TargetFramework=net8.0]
C:\git\TUnit\TUnit.Core.SourceGenerator.Tests\CustomDisplayNameTests.cs(10,30): warning CS1998: This async method lacks 'await' operators and will run synchronously. Consider using the 'await' operator to await non-blocking API calls, or 'await Task.Run(...)' to do CPU-bound work on a background thread. [C:\git\TUnit\TUnit.Core.SourceGenerator.Tests\TUnit.Core.SourceGenerator.Tests.csproj::TargetFramework=net8.0]
C:\git\TUnit\TUnit.Core.SourceGenerator.Tests\ConstantArgumentsTests.cs(10,30): warning CS1998: This async method lacks 'await' operators and will run synchronously. Consider using the 'await' operator to await non-blocking API calls, or 'await Task.Run(...)' to do CPU-bound work on a background thread. [C:\git\TUnit\TUnit.Core.SourceGenerator.Tests\TUnit.Core.SourceGenerator.Tests.csproj::TargetFramework=net8.0]
C:\git\TUnit\TUnit.Core.SourceGenerator.Tests\ConcreteClassTests.cs(27,30): warning CS1998: This async method lacks 'await' operators and will run synchronously. Consider using the 'await' operator to await non-blocking API calls, or 'await Task.Run(...)' to do CPU-bound work on a background thread. [C:\git\TUnit\TUnit.Core.SourceGenerator.Tests\TUnit.Core.SourceGenerator.Tests.csproj::TargetFramework=net8.0]
C:\git\TUnit\TUnit.Core.SourceGenerator.Tests\ClassTupleDataSourceDrivenTests.cs(10,30): warning CS1998: This async method lacks 'await' operators and will run synchronously. Consider using the 'await' operator to await non-blocking API calls, or 'await Task.Run(...)' to do CPU-bound work on a background thread. [C:\git\TUnit\TUnit.Core.SourceGenerator.Tests\TUnit.Core.SourceGenerator.Tests.csproj::TargetFramework=net8.0]
C:\git\TUnit\TUnit.Core.SourceGenerator.Tests\ClassDataSourceDrivenTestsSharedKeyed.cs(10,30): warning CS1998: This async method lacks 'await' operators and will run synchronously. Consider using the 'await' operator to await non-blocking API calls, or 'await Task.Run(...)' to do CPU-bound work on a background thread. [C:\git\TUnit\TUnit.Core.SourceGenerator.Tests\TUnit.Core.SourceGenerator.Tests.csproj::TargetFramework=net8.0]
C:\git\TUnit\TUnit.Core.SourceGenerator.Tests\ClassDataSourceDrivenTests2.cs(10,30): warning CS1998: This async method lacks 'await' operators and will run synchronously. Consider using the 'await' operator to await non-blocking API calls, or 'await Task.Run(...)' to do CPU-bound work on a background thread. [C:\git\TUnit\TUnit.Core.SourceGenerator.Tests\TUnit.Core.SourceGenerator.Tests.csproj::TargetFramework=net8.0]
C:\git\TUnit\TUnit.Core.SourceGenerator.Tests\ClassDataSourceDrivenTests.cs(21,30): warning CS1998: This async method lacks 'await' operators and will run synchronously. Consider using the 'await' operator to await non-blocking API calls, or 'await Task.Run(...)' to do CPU-bound work on a background thread. [C:\git\TUnit\TUnit.Core.SourceGenerator.Tests\TUnit.Core.SourceGenerator.Tests.csproj::TargetFramework=net8.0]
C:\git\TUnit\TUnit.Core.SourceGenerator.Tests\ClassConstructorTest.cs(23,30): warning CS1998: This async method lacks 'await' operators and will run synchronously. Consider using the 'await' operator to await non-blocking API calls, or 'await Task.Run(...)' to do CPU-bound work on a background thread. [C:\git\TUnit\TUnit.Core.SourceGenerator.Tests\TUnit.Core.SourceGenerator.Tests.csproj::TargetFramework=net8.0]
C:\git\TUnit\TUnit.Core.SourceGenerator.Tests\ClassAndMethodArgumentsTests.cs(10,30): warning CS1998: This async method lacks 'await' operators and will run synchronously. Consider using the 'await' operator to await non-blocking API calls, or 'await Task.Run(...)' to do CPU-bound work on a background thread. [C:\git\TUnit\TUnit.Core.SourceGenerator.Tests\TUnit.Core.SourceGenerator.Tests.csproj::TargetFramework=net8.0]
C:\git\TUnit\TUnit.Core.SourceGenerator.Tests\Bugs\Issue2887\Issue2887Tests.cs(17,30): warning CS1998: This async method lacks 'await' operators and will run synchronously. Consider using the 'await' operator to await non-blocking API calls, or 'await Task.Run(...)' to do CPU-bound work on a background thread. [C:\git\TUnit\TUnit.Core.SourceGenerator.Tests\TUnit.Core.SourceGenerator.Tests.csproj::TargetFramework=net8.0]
C:\git\TUnit\TUnit.Core.SourceGenerator.Tests\Bugs\2136\Tests2136.cs(12,30): warning CS1998: This async method lacks 'await' operators and will run synchronously. Consider using the 'await' operator to await non-blocking API calls, or 'await Task.Run(...)' to do CPU-bound work on a background thread. [C:\git\TUnit\TUnit.Core.SourceGenerator.Tests\TUnit.Core.SourceGenerator.Tests.csproj::TargetFramework=net8.0]
C:\git\TUnit\TUnit.Core.SourceGenerator.Tests\Bugs\2112\Tests2112.cs(12,30): warning CS1998: This async method lacks 'await' operators and will run synchronously. Consider using the 'await' operator to await non-blocking API calls, or 'await Task.Run(...)' to do CPU-bound work on a background thread. [C:\git\TUnit\TUnit.Core.SourceGenerator.Tests\TUnit.Core.SourceGenerator.Tests.csproj::TargetFramework=net8.0]
C:\git\TUnit\TUnit.Core.SourceGenerator.Tests\Bugs\2085\Tests2085.cs(12,30): warning CS1998: This async method lacks 'await' operators and will run synchronously. Consider using the 'await' operator to await non-blocking API calls, or 'await Task.Run(...)' to do CPU-bound work on a background thread. [C:\git\TUnit\TUnit.Core.SourceGenerator.Tests\TUnit.Core.SourceGenerator.Tests.csproj::TargetFramework=net8.0]
C:\git\TUnit\TUnit.Core.SourceGenerator.Tests\Bugs\2083\Tests2083.cs(12,30): warning CS1998: This async method lacks 'await' operators and will run synchronously. Consider using the 'await' operator to await non-blocking API calls, or 'await Task.Run(...)' to do CPU-bound work on a background thread. [C:\git\TUnit\TUnit.Core.SourceGenerator.Tests\TUnit.Core.SourceGenerator.Tests.csproj::TargetFramework=net8.0]
C:\git\TUnit\TUnit.Core.SourceGenerator.Tests\Bugs\1899\Tests1899.cs(21,30): warning CS1998: This async method lacks 'await' operators and will run synchronously. Consider using the 'await' operator to await non-blocking API calls, or 'await Task.Run(...)' to do CPU-bound work on a background thread. [C:\git\TUnit\TUnit.Core.SourceGenerator.Tests\TUnit.Core.SourceGenerator.Tests.csproj::TargetFramework=net8.0]
C:\git\TUnit\TUnit.Core.SourceGenerator.Tests\Bugs\1899\Tests1899.cs(35,30): warning CS1998: This async method lacks 'await' operators and will run synchronously. Consider using the 'await' operator to await non-blocking API calls, or 'await Task.Run(...)' to do CPU-bound work on a background thread. [C:\git\TUnit\TUnit.Core.SourceGenerator.Tests\TUnit.Core.SourceGenerator.Tests.csproj::TargetFramework=net8.0]
C:\git\TUnit\TUnit.Core.SourceGenerator.Tests\Bugs\1889\Tests1889.cs(22,30): warning CS1998: This async method lacks 'await' operators and will run synchronously. Consider using the 'await' operator to await non-blocking API calls, or 'await Task.Run(...)' to do CPU-bound work on a background thread. [C:\git\TUnit\TUnit.Core.SourceGenerator.Tests\TUnit.Core.SourceGenerator.Tests.csproj::TargetFramework=net8.0]
C:\git\TUnit\TUnit.Core.SourceGenerator.Tests\Bugs\1821\Tests1821.cs(12,30): warning CS1998: This async method lacks 'await' operators and will run synchronously. Consider using the 'await' operator to await non-blocking API calls, or 'await Task.Run(...)' to do CPU-bound work on a background thread. [C:\git\TUnit\TUnit.Core.SourceGenerator.Tests\TUnit.Core.SourceGenerator.Tests.csproj::TargetFramework=net8.0]
C:\git\TUnit\TUnit.Core.SourceGenerator.Tests\Bugs\1692\Tests1692.cs(12,30): warning CS1998: This async method lacks 'await' operators and will run synchronously. Consider using the 'await' operator to await non-blocking API calls, or 'await Task.Run(...)' to do CPU-bound work on a background thread. [C:\git\TUnit\TUnit.Core.SourceGenerator.Tests\TUnit.Core.SourceGenerator.Tests.csproj::TargetFramework=net8.0]
C:\git\TUnit\TUnit.Core.SourceGenerator.Tests\Bugs\1603\Tests1603.cs(12,30): warning CS1998: This async method lacks 'await' operators and will run synchronously. Consider using the 'await' operator to await non-blocking API calls, or 'await Task.Run(...)' to do CPU-bound work on a background thread. [C:\git\TUnit\TUnit.Core.SourceGenerator.Tests\TUnit.Core.SourceGenerator.Tests.csproj::TargetFramework=net8.0]
C:\git\TUnit\TUnit.Core.SourceGenerator.Tests\Bugs\1594\Tests1594.cs(12,30): warning CS1998: This async method lacks 'await' operators and will run synchronously. Consider using the 'await' operator to await non-blocking API calls, or 'await Task.Run(...)' to do CPU-bound work on a background thread. [C:\git\TUnit\TUnit.Core.SourceGenerator.Tests\TUnit.Core.SourceGenerator.Tests.csproj::TargetFramework=net8.0]
C:\git\TUnit\TUnit.Core.SourceGenerator.Tests\Bugs\1594\Hooks1594.cs(12,30): warning CS1998: This async method lacks 'await' operators and will run synchronously. Consider using the 'await' operator to await non-blocking API calls, or 'await Task.Run(...)' to do CPU-bound work on a background thread. [C:\git\TUnit\TUnit.Core.SourceGenerator.Tests\TUnit.Core.SourceGenerator.Tests.csproj::TargetFramework=net8.0]
C:\git\TUnit\TUnit.Core.SourceGenerator.Tests\Bugs\1589\Tests1589.cs(12,30): warning CS1998: This async method lacks 'await' operators and will run synchronously. Consider using the 'await' operator to await non-blocking API calls, or 'await Task.Run(...)' to do CPU-bound work on a background thread. [C:\git\TUnit\TUnit.Core.SourceGenerator.Tests\TUnit.Core.SourceGenerator.Tests.csproj::TargetFramework=net8.0]
C:\git\TUnit\TUnit.Core.SourceGenerator.Tests\Bugs\1589\Hooks1589.cs(12,30): warning CS1998: This async method lacks 'await' operators and will run synchronously. Consider using the 'await' operator to await non-blocking API calls, or 'await Task.Run(...)' to do CPU-bound work on a background thread. [C:\git\TUnit\TUnit.Core.SourceGenerator.Tests\TUnit.Core.SourceGenerator.Tests.csproj::TargetFramework=net8.0]
C:\git\TUnit\TUnit.Core.SourceGenerator.Tests\Bugs\1539\Tests1539.cs(12,30): warning CS1998: This async method lacks 'await' operators and will run synchronously. Consider using the 'await' operator to await non-blocking API calls, or 'await Task.Run(...)' to do CPU-bound work on a background thread. [C:\git\TUnit\TUnit.Core.SourceGenerator.Tests\TUnit.Core.SourceGenerator.Tests.csproj::TargetFramework=net8.0]
C:\git\TUnit\TUnit.Core.SourceGenerator.Tests\Bugs\1538\Tests1538.cs(12,30): warning CS1998: This async method lacks 'await' operators and will run synchronously. Consider using the 'await' operator to await non-blocking API calls, or 'await Task.Run(...)' to do CPU-bound work on a background thread. [C:\git\TUnit\TUnit.Core.SourceGenerator.Tests\TUnit.Core.SourceGenerator.Tests.csproj::TargetFramework=net8.0]
C:\git\TUnit\TUnit.Core.SourceGenerator.Tests\Bugs\1432\EnumMemberNamesTests.cs(12,30): warning CS1998: This async method lacks 'await' operators and will run synchronously. Consider using the 'await' operator to await non-blocking API calls, or 'await Task.Run(...)' to do CPU-bound work on a background thread. [C:\git\TUnit\TUnit.Core.SourceGenerator.Tests\TUnit.Core.SourceGenerator.Tests.csproj::TargetFramework=net8.0]
C:\git\TUnit\TUnit.Core.SourceGenerator.Tests\Bugs\1432\ConstantsInInterpolatedStringsTests.cs(12,30): warning CS1998: This async method lacks 'await' operators and will run synchronously. Consider using the 'await' operator to await non-blocking API calls, or 'await Task.Run(...)' to do CPU-bound work on a background thread. [C:\git\TUnit\TUnit.Core.SourceGenerator.Tests\TUnit.Core.SourceGenerator.Tests.csproj::TargetFramework=net8.0]
C:\git\TUnit\TUnit.Core.SourceGenerator.Tests\Bugs\1432\ConstantInBaseClassTests.cs(12,30): warning CS1998: This async method lacks 'await' operators and will run synchronously. Consider using the 'await' operator to await non-blocking API calls, or 'await Task.Run(...)' to do CPU-bound work on a background thread. [C:\git\TUnit\TUnit.Core.SourceGenerator.Tests\TUnit.Core.SourceGenerator.Tests.csproj::TargetFramework=net8.0]
C:\git\TUnit\TUnit.Core.SourceGenerator.Tests\Bugs\1304\EnumMemberNamesTests.cs(12,30): warning CS1998: This async method lacks 'await' operators and will run synchronously. Consider using the 'await' operator to await non-blocking API calls, or 'await Task.Run(...)' to do CPU-bound work on a background thread. [C:\git\TUnit\TUnit.Core.SourceGenerator.Tests\TUnit.Core.SourceGenerator.Tests.csproj::TargetFramework=net8.0]
C:\git\TUnit\TUnit.Core.SourceGenerator.Tests\BeforeEachTests.cs(11,30): warning CS1998: This async method lacks 'await' operators and will run synchronously. Consider using the 'await' operator to await non-blocking API calls, or 'await Task.Run(...)' to do CPU-bound work on a background thread. [C:\git\TUnit\TUnit.Core.SourceGenerator.Tests\TUnit.Core.SourceGenerator.Tests.csproj::TargetFramework=net8.0]
C:\git\TUnit\TUnit.Core.SourceGenerator.Tests\BeforeAllTests.cs(11,30): warning CS1998: This async method lacks 'await' operators and will run synchronously. Consider using the 'await' operator to await non-blocking API calls, or 'await Task.Run(...)' to do CPU-bound work on a background thread. [C:\git\TUnit\TUnit.Core.SourceGenerator.Tests\TUnit.Core.SourceGenerator.Tests.csproj::TargetFramework=net8.0]
C:\git\TUnit\TUnit.Core.SourceGenerator.Tests\BasicTests.cs(15,30): warning CS1998: This async method lacks 'await' operators and will run synchronously. Consider using the 'await' operator to await non-blocking API calls, or 'await Task.Run(...)' to do CPU-bound work on a background thread. [C:\git\TUnit\TUnit.Core.SourceGenerator.Tests\TUnit.Core.SourceGenerator.Tests.csproj::TargetFramework=net8.0]
C:\git\TUnit\TUnit.Core.SourceGenerator.Tests\AttributeTests.cs(10,30): warning CS1998: This async method lacks 'await' operators and will run synchronously. Consider using the 'await' operator to await non-blocking API calls, or 'await Task.Run(...)' to do CPU-bound work on a background thread. [C:\git\TUnit\TUnit.Core.SourceGenerator.Tests\TUnit.Core.SourceGenerator.Tests.csproj::TargetFramework=net8.0]
C:\git\TUnit\TUnit.Core.SourceGenerator.Tests\AssemblyLoaderTests.cs(27,30): warning CS1998: This async method lacks 'await' operators and will run synchronously. Consider using the 'await' operator to await non-blocking API calls, or 'await Task.Run(...)' to do CPU-bound work on a background thread. [C:\git\TUnit\TUnit.Core.SourceGenerator.Tests\TUnit.Core.SourceGenerator.Tests.csproj::TargetFramework=net8.0]
C:\git\TUnit\TUnit.Core.SourceGenerator.Tests\AssemblyBeforeTests.cs(11,30): warning CS1998: This async method lacks 'await' operators and will run synchronously. Consider using the 'await' operator to await non-blocking API calls, or 'await Task.Run(...)' to do CPU-bound work on a background thread. [C:\git\TUnit\TUnit.Core.SourceGenerator.Tests\TUnit.Core.SourceGenerator.Tests.csproj::TargetFramework=net8.0]
C:\git\TUnit\TUnit.Core.SourceGenerator.Tests\AssemblyAfterTests.cs(11,30): warning CS1998: This async method lacks 'await' operators and will run synchronously. Consider using the 'await' operator to await non-blocking API calls, or 'await Task.Run(...)' to do CPU-bound work on a background thread. [C:\git\TUnit\TUnit.Core.SourceGenerator.Tests\TUnit.Core.SourceGenerator.Tests.csproj::TargetFramework=net8.0]
C:\git\TUnit\TUnit.Core.SourceGenerator.Tests\ArgumentWithImplicitConverterTests.cs(10,30): warning CS1998: This async method lacks 'await' operators and will run synchronously. Consider using the 'await' operator to await non-blocking API calls, or 'await Task.Run(...)' to do CPU-bound work on a background thread. [C:\git\TUnit\TUnit.Core.SourceGenerator.Tests\TUnit.Core.SourceGenerator.Tests.csproj::TargetFramework=net8.0]
C:\git\TUnit\TUnit.Core.SourceGenerator.Tests\ArgsAsArrayTests.cs(10,30): warning CS1998: This async method lacks 'await' operators and will run synchronously. Consider using the 'await' operator to await non-blocking API calls, or 'await Task.Run(...)' to do CPU-bound work on a background thread. [C:\git\TUnit\TUnit.Core.SourceGenerator.Tests\TUnit.Core.SourceGenerator.Tests.csproj::TargetFramework=net8.0]
C:\git\TUnit\TUnit.Core.SourceGenerator.Tests\AfterEachTests.cs(11,30): warning CS1998: This async method lacks 'await' operators and will run synchronously. Consider using the 'await' operator to await non-blocking API calls, or 'await Task.Run(...)' to do CPU-bound work on a background thread. [C:\git\TUnit\TUnit.Core.SourceGenerator.Tests\TUnit.Core.SourceGenerator.Tests.csproj::TargetFramework=net8.0]
C:\git\TUnit\TUnit.Core.SourceGenerator.Tests\AfterAllTests.cs(11,30): warning CS1998: This async method lacks 'await' operators and will run synchronously. Consider using the 'await' operator to await non-blocking API calls, or 'await Task.Run(...)' to do CPU-bound work on a background thread. [C:\git\TUnit\TUnit.Core.SourceGenerator.Tests\TUnit.Core.SourceGenerator.Tests.csproj::TargetFramework=net8.0]
C:\git\TUnit\TUnit.Core.SourceGenerator.Tests\AbstractTests.cs(29,30): warning CS1998: This async method lacks 'await' operators and will run synchronously. Consider using the 'await' operator to await non-blocking API calls, or 'await Task.Run(...)' to do CPU-bound work on a background thread. [C:\git\TUnit\TUnit.Core.SourceGenerator.Tests\TUnit.Core.SourceGenerator.Tests.csproj::TargetFramework=net8.0]
C:\git\TUnit\TUnit.Core.SourceGenerator.Tests\AbstractTests.cs(47,30): warning CS1998: This async method lacks 'await' operators and will run synchronously. Consider using the 'await' operator to await non-blocking API calls, or 'await Task.Run(...)' to do CPU-bound work on a background thread. [C:\git\TUnit\TUnit.Core.SourceGenerator.Tests\TUnit.Core.SourceGenerator.Tests.csproj::TargetFramework=net8.0]
C:\git\TUnit\TUnit.Core.SourceGenerator.Tests\AssemblyNamesWithDashesTests.cs(23,15): warning TUnitAssertions0005: Assert.That(...) should not be used with a constant value [C:\git\TUnit\TUnit.Core.SourceGenerator.Tests\TUnit.Core.SourceGenerator.Tests.csproj::TargetFramework=net8.0]
C:\git\TUnit\TUnit.Core.SourceGenerator.Tests\TupleDataSourceDrivenTests.cs(10,30): warning CS1998: This async method lacks 'await' operators and will run synchronously. Consider using the 'await' operator to await non-blocking API calls, or 'await Task.Run(...)' to do CPU-bound work on a background thread. [C:\git\TUnit\TUnit.Core.SourceGenerator.Tests\TUnit.Core.SourceGenerator.Tests.csproj::TargetFramework=net9.0]
C:\git\TUnit\TUnit.Core.SourceGenerator.Tests\TimeoutCancellationTokenTests.cs(10,30): warning CS1998: This async method lacks 'await' operators and will run synchronously. Consider using the 'await' operator to await non-blocking API calls, or 'await Task.Run(...)' to do CPU-bound work on a background thread. [C:\git\TUnit\TUnit.Core.SourceGenerator.Tests\TUnit.Core.SourceGenerator.Tests.csproj::TargetFramework=net9.0]
C:\git\TUnit\TUnit.Core.SourceGenerator.Tests\AbstractTests.cs(29,30): warning CS1998: This async method lacks 'await' operators and will run synchronously. Consider using the 'await' operator to await non-blocking API calls, or 'await Task.Run(...)' to do CPU-bound work on a background thread. [C:\git\TUnit\TUnit.Core.SourceGenerator.Tests\TUnit.Core.SourceGenerator.Tests.csproj::TargetFramework=net9.0]
C:\git\TUnit\TUnit.Core.SourceGenerator.Tests\AbstractTests.cs(47,30): warning CS1998: This async method lacks 'await' operators and will run synchronously. Consider using the 'await' operator to await non-blocking API calls, or 'await Task.Run(...)' to do CPU-bound work on a background thread. [C:\git\TUnit\TUnit.Core.SourceGenerator.Tests\TUnit.Core.SourceGenerator.Tests.csproj::TargetFramework=net9.0]
C:\git\TUnit\TUnit.Core.SourceGenerator.Tests\AfterAllTests.cs(11,30): warning CS1998: This async method lacks 'await' operators and will run synchronously. Consider using the 'await' operator to await non-blocking API calls, or 'await Task.Run(...)' to do CPU-bound work on a background thread. [C:\git\TUnit\TUnit.Core.SourceGenerator.Tests\TUnit.Core.SourceGenerator.Tests.csproj::TargetFramework=net9.0]
C:\git\TUnit\TUnit.Core.SourceGenerator.Tests\TestDiscoveryHookTests.cs(10,30): warning CS1998: This async method lacks 'await' operators and will run synchronously. Consider using the 'await' operator to await non-blocking API calls, or 'await Task.Run(...)' to do CPU-bound work on a background thread. [C:\git\TUnit\TUnit.Core.SourceGenerator.Tests\TUnit.Core.SourceGenerator.Tests.csproj::TargetFramework=net9.0]
C:\git\TUnit\TUnit.Core.SourceGenerator.Tests\StringArgumentTests.cs(10,30): warning CS1998: This async method lacks 'await' operators and will run synchronously. Consider using the 'await' operator to await non-blocking API calls, or 'await Task.Run(...)' to do CPU-bound work on a background thread. [C:\git\TUnit\TUnit.Core.SourceGenerator.Tests\TUnit.Core.SourceGenerator.Tests.csproj::TargetFramework=net9.0]
C:\git\TUnit\TUnit.Core.SourceGenerator.Tests\STAThreadTests.cs(16,30): warning CS1998: This async method lacks 'await' operators and will run synchronously. Consider using the 'await' operator to await non-blocking API calls, or 'await Task.Run(...)' to do CPU-bound work on a background thread. [C:\git\TUnit\TUnit.Core.SourceGenerator.Tests\TUnit.Core.SourceGenerator.Tests.csproj::TargetFramework=net9.0]
C:\git\TUnit\TUnit.Core.SourceGenerator.Tests\RepeatTests.cs(10,30): warning CS1998: This async method lacks 'await' operators and will run synchronously. Consider using the 'await' operator to await non-blocking API calls, or 'await Task.Run(...)' to do CPU-bound work on a background thread. [C:\git\TUnit\TUnit.Core.SourceGenerator.Tests\TUnit.Core.SourceGenerator.Tests.csproj::TargetFramework=net9.0]
C:\git\TUnit\TUnit.Core.SourceGenerator.Tests\PropertySetterTests.cs(10,30): warning CS1998: This async method lacks 'await' operators and will run synchronously. Consider using the 'await' operator to await non-blocking API calls, or 'await Task.Run(...)' to do CPU-bound work on a background thread. [C:\git\TUnit\TUnit.Core.SourceGenerator.Tests\TUnit.Core.SourceGenerator.Tests.csproj::TargetFramework=net9.0]
C:\git\TUnit\TUnit.Core.SourceGenerator.Tests\PriorityFilteringTests.cs(21,30): warning CS1998: This async method lacks 'await' operators and will run synchronously. Consider using the 'await' operator to await non-blocking API calls, or 'await Task.Run(...)' to do CPU-bound work on a background thread. [C:\git\TUnit\TUnit.Core.SourceGenerator.Tests\TUnit.Core.SourceGenerator.Tests.csproj::TargetFramework=net9.0]
C:\git\TUnit\TUnit.Core.SourceGenerator.Tests\NumberArgumentTests.cs(11,30): warning CS1998: This async method lacks 'await' operators and will run synchronously. Consider using the 'await' operator to await non-blocking API calls, or 'await Task.Run(...)' to do CPU-bound work on a background thread. [C:\git\TUnit\TUnit.Core.SourceGenerator.Tests\TUnit.Core.SourceGenerator.Tests.csproj::TargetFramework=net9.0]
C:\git\TUnit\TUnit.Core.SourceGenerator.Tests\NullableByteArgumentTests.cs(10,30): warning CS1998: This async method lacks 'await' operators and will run synchronously. Consider using the 'await' operator to await non-blocking API calls, or 'await Task.Run(...)' to do CPU-bound work on a background thread. [C:\git\TUnit\TUnit.Core.SourceGenerator.Tests\TUnit.Core.SourceGenerator.Tests.csproj::TargetFramework=net9.0]
C:\git\TUnit\TUnit.Core.SourceGenerator.Tests\NameOfArgumentTests.cs(10,30): warning CS1998: This async method lacks 'await' operators and will run synchronously. Consider using the 'await' operator to await non-blocking API calls, or 'await Task.Run(...)' to do CPU-bound work on a background thread. [C:\git\TUnit\TUnit.Core.SourceGenerator.Tests\TUnit.Core.SourceGenerator.Tests.csproj::TargetFramework=net9.0]
C:\git\TUnit\TUnit.Core.SourceGenerator.Tests\MultipleClassDataSourceDrivenTests.cs(10,30): warning CS1998: This async method lacks 'await' operators and will run synchronously. Consider using the 'await' operator to await non-blocking API calls, or 'await Task.Run(...)' to do CPU-bound work on a background thread. [C:\git\TUnit\TUnit.Core.SourceGenerator.Tests\TUnit.Core.SourceGenerator.Tests.csproj::TargetFramework=net9.0]
C:\git\TUnit\TUnit.Core.SourceGenerator.Tests\MethodDataSourceDrivenWithCancellationTokenTests.cs(10,30): warning CS1998: This async method lacks 'await' operators and will run synchronously. Consider using the 'await' operator to await non-blocking API calls, or 'await Task.Run(...)' to do CPU-bound work on a background thread. [C:\git\TUnit\TUnit.Core.SourceGenerator.Tests\TUnit.Core.SourceGenerator.Tests.csproj::TargetFramework=net9.0]
C:\git\TUnit\TUnit.Core.SourceGenerator.Tests\MethodDataSourceDrivenTests.cs(10,30): warning CS1998: This async method lacks 'await' operators and will run synchronously. Consider using the 'await' operator to await non-blocking API calls, or 'await Task.Run(...)' to do CPU-bound work on a background thread. [C:\git\TUnit\TUnit.Core.SourceGenerator.Tests\TUnit.Core.SourceGenerator.Tests.csproj::TargetFramework=net9.0]
C:\git\TUnit\TUnit.Core.SourceGenerator.Tests\MatrixTests.cs(20,30): warning CS1998: This async method lacks 'await' operators and will run synchronously. Consider using the 'await' operator to await non-blocking API calls, or 'await Task.Run(...)' to do CPU-bound work on a background thread. [C:\git\TUnit\TUnit.Core.SourceGenerator.Tests\TUnit.Core.SourceGenerator.Tests.csproj::TargetFramework=net9.0]
C:\git\TUnit\TUnit.Core.SourceGenerator.Tests\AfterEachTests.cs(11,30): warning CS1998: This async method lacks 'await' operators and will run synchronously. Consider using the 'await' operator to await non-blocking API calls, or 'await Task.Run(...)' to do CPU-bound work on a background thread. [C:\git\TUnit\TUnit.Core.SourceGenerator.Tests\TUnit.Core.SourceGenerator.Tests.csproj::TargetFramework=net9.0]
C:\git\TUnit\TUnit.Core.SourceGenerator.Tests\InheritedPropertySetterTests.cs(20,30): warning CS1998: This async method lacks 'await' operators and will run synchronously. Consider using the 'await' operator to await non-blocking API calls, or 'await Task.Run(...)' to do CPU-bound work on a background thread. [C:\git\TUnit\TUnit.Core.SourceGenerator.Tests\TUnit.Core.SourceGenerator.Tests.csproj::TargetFramework=net9.0]
C:\git\TUnit\TUnit.Core.SourceGenerator.Tests\HooksTests.cs(10,30): warning CS1998: This async method lacks 'await' operators and will run synchronously. Consider using the 'await' operator to await non-blocking API calls, or 'await Task.Run(...)' to do CPU-bound work on a background thread. [C:\git\TUnit\TUnit.Core.SourceGenerator.Tests\TUnit.Core.SourceGenerator.Tests.csproj::TargetFramework=net9.0]
C:\git\TUnit\TUnit.Core.SourceGenerator.Tests\HooksTests.cs(18,30): warning CS1998: This async method lacks 'await' operators and will run synchronously. Consider using the 'await' operator to await non-blocking API calls, or 'await Task.Run(...)' to do CPU-bound work on a background thread. [C:\git\TUnit\TUnit.Core.SourceGenerator.Tests\TUnit.Core.SourceGenerator.Tests.csproj::TargetFramework=net9.0]
C:\git\TUnit\TUnit.Core.SourceGenerator.Tests\GlobalStaticBeforeEachTests.cs(11,30): warning CS1998: This async method lacks 'await' operators and will run synchronously. Consider using the 'await' operator to await non-blocking API calls, or 'await Task.Run(...)' to do CPU-bound work on a background thread. [C:\git\TUnit\TUnit.Core.SourceGenerator.Tests\TUnit.Core.SourceGenerator.Tests.csproj::TargetFramework=net9.0]
C:\git\TUnit\TUnit.Core.SourceGenerator.Tests\GlobalStaticAfterEachTests.cs(11,30): warning CS1998: This async method lacks 'await' operators and will run synchronously. Consider using the 'await' operator to await non-blocking API calls, or 'await Task.Run(...)' to do CPU-bound work on a background thread. [C:\git\TUnit\TUnit.Core.SourceGenerator.Tests\TUnit.Core.SourceGenerator.Tests.csproj::TargetFramework=net9.0]
C:\git\TUnit\TUnit.Core.SourceGenerator.Tests\GenericMethodTests.cs(10,30): warning CS1998: This async method lacks 'await' operators and will run synchronously. Consider using the 'await' operator to await non-blocking API calls, or 'await Task.Run(...)' to do CPU-bound work on a background thread. [C:\git\TUnit\TUnit.Core.SourceGenerator.Tests\TUnit.Core.SourceGenerator.Tests.csproj::TargetFramework=net9.0]
C:\git\TUnit\TUnit.Core.SourceGenerator.Tests\EnumerableTupleDataSourceDrivenTests.cs(10,30): warning CS1998: This async method lacks 'await' operators and will run synchronously. Consider using the 'await' operator to await non-blocking API calls, or 'await Task.Run(...)' to do CPU-bound work on a background thread. [C:\git\TUnit\TUnit.Core.SourceGenerator.Tests\TUnit.Core.SourceGenerator.Tests.csproj::TargetFramework=net9.0]
C:\git\TUnit\TUnit.Core.SourceGenerator.Tests\EnumerableDataSourceDrivenTests.cs(10,30): warning CS1998: This async method lacks 'await' operators and will run synchronously. Consider using the 'await' operator to await non-blocking API calls, or 'await Task.Run(...)' to do CPU-bound work on a background thread. [C:\git\TUnit\TUnit.Core.SourceGenerator.Tests\TUnit.Core.SourceGenerator.Tests.csproj::TargetFramework=net9.0]
C:\git\TUnit\TUnit.Core.SourceGenerator.Tests\Dynamic\Basic.cs(11,30): warning CS1998: This async method lacks 'await' operators and will run synchronously. Consider using the 'await' operator to await non-blocking API calls, or 'await Task.Run(...)' to do CPU-bound work on a background thread. [C:\git\TUnit\TUnit.Core.SourceGenerator.Tests\TUnit.Core.SourceGenerator.Tests.csproj::TargetFramework=net9.0]
C:\git\TUnit\TUnit.Core.SourceGenerator.Tests\DisableReflectionScannerTests.cs(27,30): warning CS1998: This async method lacks 'await' operators and will run synchronously. Consider using the 'await' operator to await non-blocking API calls, or 'await Task.Run(...)' to do CPU-bound work on a background thread. [C:\git\TUnit\TUnit.Core.SourceGenerator.Tests\TUnit.Core.SourceGenerator.Tests.csproj::TargetFramework=net9.0]
C:\git\TUnit\TUnit.Core.SourceGenerator.Tests\DataSourceGeneratorTests.cs(11,30): warning CS1998: This async method lacks 'await' operators and will run synchronously. Consider using the 'await' operator to await non-blocking API calls, or 'await Task.Run(...)' to do CPU-bound work on a background thread. [C:\git\TUnit\TUnit.Core.SourceGenerator.Tests\TUnit.Core.SourceGenerator.Tests.csproj::TargetFramework=net9.0]
C:\git\TUnit\TUnit.Core.SourceGenerator.Tests\DataSourceClassCombinedWithDataSourceMethodTests.cs(20,30): warning CS1998: This async method lacks 'await' operators and will run synchronously. Consider using the 'await' operator to await non-blocking API calls, or 'await Task.Run(...)' to do CPU-bound work on a background thread. [C:\git\TUnit\TUnit.Core.SourceGenerator.Tests\TUnit.Core.SourceGenerator.Tests.csproj::TargetFramework=net9.0]
C:\git\TUnit\TUnit.Core.SourceGenerator.Tests\DataDrivenTests.cs(20,30): warning CS1998: This async method lacks 'await' operators and will run synchronously. Consider using the 'await' operator to await non-blocking API calls, or 'await Task.Run(...)' to do CPU-bound work on a background thread. [C:\git\TUnit\TUnit.Core.SourceGenerator.Tests\TUnit.Core.SourceGenerator.Tests.csproj::TargetFramework=net9.0]
C:\git\TUnit\TUnit.Core.SourceGenerator.Tests\DataSourceGeneratorTests.cs(28,30): warning CS1998: This async method lacks 'await' operators and will run synchronously. Consider using the 'await' operator to await non-blocking API calls, or 'await Task.Run(...)' to do CPU-bound work on a background thread. [C:\git\TUnit\TUnit.Core.SourceGenerator.Tests\TUnit.Core.SourceGenerator.Tests.csproj::TargetFramework=net9.0]
C:\git\TUnit\TUnit.Core.SourceGenerator.Tests\CustomDisplayNameTests.cs(10,30): warning CS1998: This async method lacks 'await' operators and will run synchronously. Consider using the 'await' operator to await non-blocking API calls, or 'await Task.Run(...)' to do CPU-bound work on a background thread. [C:\git\TUnit\TUnit.Core.SourceGenerator.Tests\TUnit.Core.SourceGenerator.Tests.csproj::TargetFramework=net9.0]
C:\git\TUnit\TUnit.Core.SourceGenerator.Tests\ConstantArgumentsTests.cs(10,30): warning CS1998: This async method lacks 'await' operators and will run synchronously. Consider using the 'await' operator to await non-blocking API calls, or 'await Task.Run(...)' to do CPU-bound work on a background thread. [C:\git\TUnit\TUnit.Core.SourceGenerator.Tests\TUnit.Core.SourceGenerator.Tests.csproj::TargetFramework=net9.0]
C:\git\TUnit\TUnit.Core.SourceGenerator.Tests\ConcreteClassTests.cs(27,30): warning CS1998: This async method lacks 'await' operators and will run synchronously. Consider using the 'await' operator to await non-blocking API calls, or 'await Task.Run(...)' to do CPU-bound work on a background thread. [C:\git\TUnit\TUnit.Core.SourceGenerator.Tests\TUnit.Core.SourceGenerator.Tests.csproj::TargetFramework=net9.0]
C:\git\TUnit\TUnit.Core.SourceGenerator.Tests\ClassDataSourceDrivenTests2.cs(10,30): warning CS1998: This async method lacks 'await' operators and will run synchronously. Consider using the 'await' operator to await non-blocking API calls, or 'await Task.Run(...)' to do CPU-bound work on a background thread. [C:\git\TUnit\TUnit.Core.SourceGenerator.Tests\TUnit.Core.SourceGenerator.Tests.csproj::TargetFramework=net9.0]
C:\git\TUnit\TUnit.Core.SourceGenerator.Tests\ClassTupleDataSourceDrivenTests.cs(10,30): warning CS1998: This async method lacks 'await' operators and will run synchronously. Consider using the 'await' operator to await non-blocking API calls, or 'await Task.Run(...)' to do CPU-bound work on a background thread. [C:\git\TUnit\TUnit.Core.SourceGenerator.Tests\TUnit.Core.SourceGenerator.Tests.csproj::TargetFramework=net9.0]
C:\git\TUnit\TUnit.Core.SourceGenerator.Tests\ClassDataSourceDrivenTestsSharedKeyed.cs(10,30): warning CS1998: This async method lacks 'await' operators and will run synchronously. Consider using the 'await' operator to await non-blocking API calls, or 'await Task.Run(...)' to do CPU-bound work on a background thread. [C:\git\TUnit\TUnit.Core.SourceGenerator.Tests\TUnit.Core.SourceGenerator.Tests.csproj::TargetFramework=net9.0]
C:\git\TUnit\TUnit.Core.SourceGenerator.Tests\ClassDataSourceDrivenTests.cs(21,30): warning CS1998: This async method lacks 'await' operators and will run synchronously. Consider using the 'await' operator to await non-blocking API calls, or 'await Task.Run(...)' to do CPU-bound work on a background thread. [C:\git\TUnit\TUnit.Core.SourceGenerator.Tests\TUnit.Core.SourceGenerator.Tests.csproj::TargetFramework=net9.0]
C:\git\TUnit\TUnit.Core.SourceGenerator.Tests\ClassConstructorTest.cs(23,30): warning CS1998: This async method lacks 'await' operators and will run synchronously. Consider using the 'await' operator to await non-blocking API calls, or 'await Task.Run(...)' to do CPU-bound work on a background thread. [C:\git\TUnit\TUnit.Core.SourceGenerator.Tests\TUnit.Core.SourceGenerator.Tests.csproj::TargetFramework=net9.0]
C:\git\TUnit\TUnit.Core.SourceGenerator.Tests\ClassAndMethodArgumentsTests.cs(10,30): warning CS1998: This async method lacks 'await' operators and will run synchronously. Consider using the 'await' operator to await non-blocking API calls, or 'await Task.Run(...)' to do CPU-bound work on a background thread. [C:\git\TUnit\TUnit.Core.SourceGenerator.Tests\TUnit.Core.SourceGenerator.Tests.csproj::TargetFramework=net9.0]
C:\git\TUnit\TUnit.Core.SourceGenerator.Tests\BeforeEachTests.cs(11,30): warning CS1998: This async method lacks 'await' operators and will run synchronously. Consider using the 'await' operator to await non-blocking API calls, or 'await Task.Run(...)' to do CPU-bound work on a background thread. [C:\git\TUnit\TUnit.Core.SourceGenerator.Tests\TUnit.Core.SourceGenerator.Tests.csproj::TargetFramework=net9.0]
C:\git\TUnit\TUnit.Core.SourceGenerator.Tests\BeforeAllTests.cs(11,30): warning CS1998: This async method lacks 'await' operators and will run synchronously. Consider using the 'await' operator to await non-blocking API calls, or 'await Task.Run(...)' to do CPU-bound work on a background thread. [C:\git\TUnit\TUnit.Core.SourceGenerator.Tests\TUnit.Core.SourceGenerator.Tests.csproj::TargetFramework=net9.0]
C:\git\TUnit\TUnit.Core.SourceGenerator.Tests\Bugs\Issue2887\Issue2887Tests.cs(17,30): warning CS1998: This async method lacks 'await' operators and will run synchronously. Consider using the 'await' operator to await non-blocking API calls, or 'await Task.Run(...)' to do CPU-bound work on a background thread. [C:\git\TUnit\TUnit.Core.SourceGenerator.Tests\TUnit.Core.SourceGenerator.Tests.csproj::TargetFramework=net9.0]
C:\git\TUnit\TUnit.Core.SourceGenerator.Tests\AttributeTests.cs(10,30): warning CS1998: This async method lacks 'await' operators and will run synchronously. Consider using the 'await' operator to await non-blocking API calls, or 'await Task.Run(...)' to do CPU-bound work on a background thread. [C:\git\TUnit\TUnit.Core.SourceGenerator.Tests\TUnit.Core.SourceGenerator.Tests.csproj::TargetFramework=net9.0]
C:\git\TUnit\TUnit.Core.SourceGenerator.Tests\BasicTests.cs(15,30): warning CS1998: This async method lacks 'await' operators and will run synchronously. Consider using the 'await' operator to await non-blocking API calls, or 'await Task.Run(...)' to do CPU-bound work on a background thread. [C:\git\TUnit\TUnit.Core.SourceGenerator.Tests\TUnit.Core.SourceGenerator.Tests.csproj::TargetFramework=net9.0]
C:\git\TUnit\TUnit.Core.SourceGenerator.Tests\Bugs\2136\Tests2136.cs(12,30): warning CS1998: This async method lacks 'await' operators and will run synchronously. Consider using the 'await' operator to await non-blocking API calls, or 'await Task.Run(...)' to do CPU-bound work on a background thread. [C:\git\TUnit\TUnit.Core.SourceGenerator.Tests\TUnit.Core.SourceGenerator.Tests.csproj::TargetFramework=net9.0]
C:\git\TUnit\TUnit.Core.SourceGenerator.Tests\AssemblyBeforeTests.cs(11,30): warning CS1998: This async method lacks 'await' operators and will run synchronously. Consider using the 'await' operator to await non-blocking API calls, or 'await Task.Run(...)' to do CPU-bound work on a background thread. [C:\git\TUnit\TUnit.Core.SourceGenerator.Tests\TUnit.Core.SourceGenerator.Tests.csproj::TargetFramework=net9.0]
C:\git\TUnit\TUnit.Core.SourceGenerator.Tests\AssemblyLoaderTests.cs(27,30): warning CS1998: This async method lacks 'await' operators and will run synchronously. Consider using the 'await' operator to await non-blocking API calls, or 'await Task.Run(...)' to do CPU-bound work on a background thread. [C:\git\TUnit\TUnit.Core.SourceGenerator.Tests\TUnit.Core.SourceGenerator.Tests.csproj::TargetFramework=net9.0]
C:\git\TUnit\TUnit.Core.SourceGenerator.Tests\ArgumentWithImplicitConverterTests.cs(10,30): warning CS1998: This async method lacks 'await' operators and will run synchronously. Consider using the 'await' operator to await non-blocking API calls, or 'await Task.Run(...)' to do CPU-bound work on a background thread. [C:\git\TUnit\TUnit.Core.SourceGenerator.Tests\TUnit.Core.SourceGenerator.Tests.csproj::TargetFramework=net9.0]
C:\git\TUnit\TUnit.Core.SourceGenerator.Tests\AssemblyAfterTests.cs(11,30): warning CS1998: This async method lacks 'await' operators and will run synchronously. Consider using the 'await' operator to await non-blocking API calls, or 'await Task.Run(...)' to do CPU-bound work on a background thread. [C:\git\TUnit\TUnit.Core.SourceGenerator.Tests\TUnit.Core.SourceGenerator.Tests.csproj::TargetFramework=net9.0]
C:\git\TUnit\TUnit.Core.SourceGenerator.Tests\ArgsAsArrayTests.cs(10,30): warning CS1998: This async method lacks 'await' operators and will run synchronously. Consider using the 'await' operator to await non-blocking API calls, or 'await Task.Run(...)' to do CPU-bound work on a background thread. [C:\git\TUnit\TUnit.Core.SourceGenerator.Tests\TUnit.Core.SourceGenerator.Tests.csproj::TargetFramework=net9.0]
C:\git\TUnit\TUnit.Core.SourceGenerator.Tests\Bugs\2112\Tests2112.cs(12,30): warning CS1998: This async method lacks 'await' operators and will run synchronously. Consider using the 'await' operator to await non-blocking API calls, or 'await Task.Run(...)' to do CPU-bound work on a background thread. [C:\git\TUnit\TUnit.Core.SourceGenerator.Tests\TUnit.Core.SourceGenerator.Tests.csproj::TargetFramework=net9.0]
C:\git\TUnit\TUnit.Core.SourceGenerator.Tests\Bugs\2085\Tests2085.cs(12,30): warning CS1998: This async method lacks 'await' operators and will run synchronously. Consider using the 'await' operator to await non-blocking API calls, or 'await Task.Run(...)' to do CPU-bound work on a background thread. [C:\git\TUnit\TUnit.Core.SourceGenerator.Tests\TUnit.Core.SourceGenerator.Tests.csproj::TargetFramework=net9.0]
C:\git\TUnit\TUnit.Core.SourceGenerator.Tests\Bugs\2083\Tests2083.cs(12,30): warning CS1998: This async method lacks 'await' operators and will run synchronously. Consider using the 'await' operator to await non-blocking API calls, or 'await Task.Run(...)' to do CPU-bound work on a background thread. [C:\git\TUnit\TUnit.Core.SourceGenerator.Tests\TUnit.Core.SourceGenerator.Tests.csproj::TargetFramework=net9.0]
C:\git\TUnit\TUnit.Core.SourceGenerator.Tests\Bugs\1899\Tests1899.cs(21,30): warning CS1998: This async method lacks 'await' operators and will run synchronously. Consider using the 'await' operator to await non-blocking API calls, or 'await Task.Run(...)' to do CPU-bound work on a background thread. [C:\git\TUnit\TUnit.Core.SourceGenerator.Tests\TUnit.Core.SourceGenerator.Tests.csproj::TargetFramework=net9.0]
C:\git\TUnit\TUnit.Core.SourceGenerator.Tests\Bugs\1899\Tests1899.cs(35,30): warning CS1998: This async method lacks 'await' operators and will run synchronously. Consider using the 'await' operator to await non-blocking API calls, or 'await Task.Run(...)' to do CPU-bound work on a background thread. [C:\git\TUnit\TUnit.Core.SourceGenerator.Tests\TUnit.Core.SourceGenerator.Tests.csproj::TargetFramework=net9.0]
C:\git\TUnit\TUnit.Core.SourceGenerator.Tests\Bugs\1889\Tests1889.cs(22,30): warning CS1998: This async method lacks 'await' operators and will run synchronously. Consider using the 'await' operator to await non-blocking API calls, or 'await Task.Run(...)' to do CPU-bound work on a background thread. [C:\git\TUnit\TUnit.Core.SourceGenerator.Tests\TUnit.Core.SourceGenerator.Tests.csproj::TargetFramework=net9.0]
C:\git\TUnit\TUnit.Core.SourceGenerator.Tests\Bugs\1821\Tests1821.cs(12,30): warning CS1998: This async method lacks 'await' operators and will run synchronously. Consider using the 'await' operator to await non-blocking API calls, or 'await Task.Run(...)' to do CPU-bound work on a background thread. [C:\git\TUnit\TUnit.Core.SourceGenerator.Tests\TUnit.Core.SourceGenerator.Tests.csproj::TargetFramework=net9.0]
C:\git\TUnit\TUnit.Core.SourceGenerator.Tests\Bugs\1692\Tests1692.cs(12,30): warning CS1998: This async method lacks 'await' operators and will run synchronously. Consider using the 'await' operator to await non-blocking API calls, or 'await Task.Run(...)' to do CPU-bound work on a background thread. [C:\git\TUnit\TUnit.Core.SourceGenerator.Tests\TUnit.Core.SourceGenerator.Tests.csproj::TargetFramework=net9.0]
C:\git\TUnit\TUnit.Core.SourceGenerator.Tests\Bugs\1603\Tests1603.cs(12,30): warning CS1998: This async method lacks 'await' operators and will run synchronously. Consider using the 'await' operator to await non-blocking API calls, or 'await Task.Run(...)' to do CPU-bound work on a background thread. [C:\git\TUnit\TUnit.Core.SourceGenerator.Tests\TUnit.Core.SourceGenerator.Tests.csproj::TargetFramework=net9.0]
C:\git\TUnit\TUnit.Core.SourceGenerator.Tests\Bugs\1594\Tests1594.cs(12,30): warning CS1998: This async method lacks 'await' operators and will run synchronously. Consider using the 'await' operator to await non-blocking API calls, or 'await Task.Run(...)' to do CPU-bound work on a background thread. [C:\git\TUnit\TUnit.Core.SourceGenerator.Tests\TUnit.Core.SourceGenerator.Tests.csproj::TargetFramework=net9.0]
C:\git\TUnit\TUnit.Core.SourceGenerator.Tests\Bugs\1594\Hooks1594.cs(12,30): warning CS1998: This async method lacks 'await' operators and will run synchronously. Consider using the 'await' operator to await non-blocking API calls, or 'await Task.Run(...)' to do CPU-bound work on a background thread. [C:\git\TUnit\TUnit.Core.SourceGenerator.Tests\TUnit.Core.SourceGenerator.Tests.csproj::TargetFramework=net9.0]
C:\git\TUnit\TUnit.Core.SourceGenerator.Tests\Bugs\1589\Tests1589.cs(12,30): warning CS1998: This async method lacks 'await' operators and will run synchronously. Consider using the 'await' operator to await non-blocking API calls, or 'await Task.Run(...)' to do CPU-bound work on a background thread. [C:\git\TUnit\TUnit.Core.SourceGenerator.Tests\TUnit.Core.SourceGenerator.Tests.csproj::TargetFramework=net9.0]
C:\git\TUnit\TUnit.Core.SourceGenerator.Tests\Bugs\1589\Hooks1589.cs(12,30): warning CS1998: This async method lacks 'await' operators and will run synchronously. Consider using the 'await' operator to await non-blocking API calls, or 'await Task.Run(...)' to do CPU-bound work on a background thread. [C:\git\TUnit\TUnit.Core.SourceGenerator.Tests\TUnit.Core.SourceGenerator.Tests.csproj::TargetFramework=net9.0]
C:\git\TUnit\TUnit.Core.SourceGenerator.Tests\Bugs\1539\Tests1539.cs(12,30): warning CS1998: This async method lacks 'await' operators and will run synchronously. Consider using the 'await' operator to await non-blocking API calls, or 'await Task.Run(...)' to do CPU-bound work on a background thread. [C:\git\TUnit\TUnit.Core.SourceGenerator.Tests\TUnit.Core.SourceGenerator.Tests.csproj::TargetFramework=net9.0]
C:\git\TUnit\TUnit.Core.SourceGenerator.Tests\Bugs\1538\Tests1538.cs(12,30): warning CS1998: This async method lacks 'await' operators and will run synchronously. Consider using the 'await' operator to await non-blocking API calls, or 'await Task.Run(...)' to do CPU-bound work on a background thread. [C:\git\TUnit\TUnit.Core.SourceGenerator.Tests\TUnit.Core.SourceGenerator.Tests.csproj::TargetFramework=net9.0]
C:\git\TUnit\TUnit.Core.SourceGenerator.Tests\Bugs\1432\EnumMemberNamesTests.cs(12,30): warning CS1998: This async method lacks 'await' operators and will run synchronously. Consider using the 'await' operator to await non-blocking API calls, or 'await Task.Run(...)' to do CPU-bound work on a background thread. [C:\git\TUnit\TUnit.Core.SourceGenerator.Tests\TUnit.Core.SourceGenerator.Tests.csproj::TargetFramework=net9.0]
C:\git\TUnit\TUnit.Core.SourceGenerator.Tests\Bugs\1432\ConstantsInInterpolatedStringsTests.cs(12,30): warning CS1998: This async method lacks 'await' operators and will run synchronously. Consider using the 'await' operator to await non-blocking API calls, or 'await Task.Run(...)' to do CPU-bound work on a background thread. [C:\git\TUnit\TUnit.Core.SourceGenerator.Tests\TUnit.Core.SourceGenerator.Tests.csproj::TargetFramework=net9.0]
C:\git\TUnit\TUnit.Core.SourceGenerator.Tests\Bugs\1432\ConstantInBaseClassTests.cs(12,30): warning CS1998: This async method lacks 'await' operators and will run synchronously. Consider using the 'await' operator to await non-blocking API calls, or 'await Task.Run(...)' to do CPU-bound work on a background thread. [C:\git\TUnit\TUnit.Core.SourceGenerator.Tests\TUnit.Core.SourceGenerator.Tests.csproj::TargetFramework=net9.0]
C:\git\TUnit\TUnit.Core.SourceGenerator.Tests\Bugs\1304\EnumMemberNamesTests.cs(12,30): warning CS1998: This async method lacks 'await' operators and will run synchronously. Consider using the 'await' operator to await non-blocking API calls, or 'await Task.Run(...)' to do CPU-bound work on a background thread. [C:\git\TUnit\TUnit.Core.SourceGenerator.Tests\TUnit.Core.SourceGenerator.Tests.csproj::TargetFramework=net9.0]
C:\git\TUnit\TUnit.Core.SourceGenerator.Tests\AssemblyNamesWithDashesTests.cs(23,15): warning TUnitAssertions0005: Assert.That(...) should not be used with a constant value [C:\git\TUnit\TUnit.Core.SourceGenerator.Tests\TUnit.Core.SourceGenerator.Tests.csproj::TargetFramework=net9.0]
C:\git\TUnit\TUnit.Templates.Tests\AspNetTemplateTests.cs(16,9): warning TUnit0018: Test methods should not assign instance data [C:\git\TUnit\TUnit.Templates.Tests\TUnit.Templates.Tests.csproj::TargetFramework=net9.0]
C:\git\TUnit\TUnit.Templates.Tests\BasicTemplateTests.cs(16,9): warning TUnit0018: Test methods should not assign instance data [C:\git\TUnit\TUnit.Templates.Tests\TUnit.Templates.Tests.csproj::TargetFramework=net9.0]
C:\git\TUnit\TUnit.Templates.Tests\BasicTemplateTests.cs(23,9): warning TUnit0018: Test methods should not assign instance data [C:\git\TUnit\TUnit.Templates.Tests\TUnit.Templates.Tests.csproj::TargetFramework=net9.0]
C:\git\TUnit\TUnit.UnitTests\SourceGeneratedViewer\TUnit.Core.SourceGenerator\TUnit.Core.SourceGenerator.Generators.PropertyInjectionSourceGenerator\TUnit_UnitTests_DerivedStaticPropertyTests_PropertyInjection.g.cs(39,77): warning CS8669: The annotation for nullable reference types should only be used in code within a '#nullable' annotations context. Auto-generated code requires an explicit '#nullable' directive in source. [C:\git\TUnit\TUnit.UnitTests\TUnit.UnitTests.csproj::TargetFramework=net8.0]
C:\git\TUnit\TUnit.UnitTests\SourceGeneratedViewer\TUnit.Core.SourceGenerator\TUnit.Core.SourceGenerator.Generators.PropertyInjectionSourceGenerator\TUnit_UnitTests_DerivedStaticPropertyTests_PropertyInjection.g.cs(56,91): warning CS8669: The annotation for nullable reference types should only be used in code within a '#nullable' annotations context. Auto-generated code requires an explicit '#nullable' directive in source. [C:\git\TUnit\TUnit.UnitTests\TUnit.UnitTests.csproj::TargetFramework=net8.0]
C:\git\TUnit\TUnit.UnitTests\SourceGeneratedViewer\TUnit.Core.SourceGenerator\TUnit.Core.SourceGenerator.Generators.PropertyInjectionSourceGenerator\TUnit_UnitTests_BaseStaticClass_PropertyInjection.g.cs(39,77): warning CS8669: The annotation for nullable reference types should only be used in code within a '#nullable' annotations context. Auto-generated code requires an explicit '#nullable' directive in source. [C:\git\TUnit\TUnit.UnitTests\TUnit.UnitTests.csproj::TargetFramework=net8.0]
C:\git\TUnit\TUnit.UnitTests\SourceGeneratedViewer\TUnit.Core.SourceGenerator\TUnit.Core.SourceGenerator.Generators.PropertyInjectionSourceGenerator\TUnit_UnitTests_StaticPropertyDataSourceTests_PropertyInjection.g.cs(39,93): warning CS8669: The annotation for nullable reference types should only be used in code within a '#nullable' annotations context. Auto-generated code requires an explicit '#nullable' directive in source. [C:\git\TUnit\TUnit.UnitTests\TUnit.UnitTests.csproj::TargetFramework=net8.0]
C:\git\TUnit\TUnit.UnitTests\SourceGeneratedViewer\TUnit.Core.SourceGenerator\TUnit.Core.SourceGenerator.Generators.PropertyInjectionSourceGenerator\TUnit_UnitTests_StaticPropertyDataSourceTests_PropertyInjection.g.cs(56,139): warning CS8669: The annotation for nullable reference types should only be used in code within a '#nullable' annotations context. Auto-generated code requires an explicit '#nullable' directive in source. [C:\git\TUnit\TUnit.UnitTests\TUnit.UnitTests.csproj::TargetFramework=net8.0]
C:\git\TUnit\TUnit.UnitTests\SourceGeneratedViewer\TUnit.Core.SourceGenerator\TUnit.Core.SourceGenerator.Generators.PropertyInjectionSourceGenerator\TUnit_UnitTests_StaticPropertyDataSourceTests_PropertyInjection.g.cs(73,162): warning CS8669: The annotation for nullable reference types should only be used in code within a '#nullable' annotations context. Auto-generated code requires an explicit '#nullable' directive in source. [C:\git\TUnit\TUnit.UnitTests\TUnit.UnitTests.csproj::TargetFramework=net8.0]
C:\git\TUnit\TUnit.UnitTests\SourceGeneratedViewer\TUnit.Core.SourceGenerator\TUnit.Core.SourceGenerator.Generators.PropertyInjectionSourceGenerator\TUnit_UnitTests_NestedService_PropertyInjection.g.cs(39,89): warning CS8669: The annotation for nullable reference types should only be used in code within a '#nullable' annotations context. Auto-generated code requires an explicit '#nullable' directive in source. [C:\git\TUnit\TUnit.UnitTests\TUnit.UnitTests.csproj::TargetFramework=net8.0]
C:\git\TUnit\TUnit.UnitTests\SourceGeneratedViewer\TUnit.Core.SourceGenerator\TUnit.Core.SourceGenerator.Generators.PropertyInjectionSourceGenerator\TUnit_UnitTests_CustomService_PropertyInjection.g.cs(39,77): warning CS8669: The annotation for nullable reference types should only be used in code within a '#nullable' annotations context. Auto-generated code requires an explicit '#nullable' directive in source. [C:\git\TUnit\TUnit.UnitTests\TUnit.UnitTests.csproj::TargetFramework=net8.0]
C:\git\TUnit\TUnit.UnitTests\SourceGeneratedViewer\TUnit.Core.SourceGenerator\TUnit.Core.SourceGenerator.Generators.PropertyInjectionSourceGenerator\TUnit_UnitTests_CustomPropertyDataSourceTests_PropertyInjection.g.cs(39,71): warning CS8669: The annotation for nullable reference types should only be used in code within a '#nullable' annotations context. Auto-generated code requires an explicit '#nullable' directive in source. [C:\git\TUnit\TUnit.UnitTests\TUnit.UnitTests.csproj::TargetFramework=net8.0]
C:\git\TUnit\TUnit.UnitTests\SourceGeneratedViewer\TUnit.Core.SourceGenerator\TUnit.Core.SourceGenerator.Generators.PropertyInjectionSourceGenerator\TUnit_UnitTests_DerivedPropertyInjectionTests_PropertyInjection.g.cs(39,53): warning CS8669: The annotation for nullable reference types should only be used in code within a '#nullable' annotations context. Auto-generated code requires an explicit '#nullable' directive in source. [C:\git\TUnit\TUnit.UnitTests\TUnit.UnitTests.csproj::TargetFramework=net8.0]
C:\git\TUnit\TUnit.UnitTests\SourceGeneratedViewer\TUnit.Core.SourceGenerator\TUnit.Core.SourceGenerator.Generators.PropertyInjectionSourceGenerator\TUnit_UnitTests_DerivedPropertyInjectionTests_PropertyInjection.g.cs(56,56): warning CS8669: The annotation for nullable reference types should only be used in code within a '#nullable' annotations context. Auto-generated code requires an explicit '#nullable' directive in source. [C:\git\TUnit\TUnit.UnitTests\TUnit.UnitTests.csproj::TargetFramework=net8.0]
C:\git\TUnit\TUnit.UnitTests\SourceGeneratedViewer\TUnit.Core.SourceGenerator\TUnit.Core.SourceGenerator.Generators.PropertyInjectionSourceGenerator\TUnit_UnitTests_BaseTestClass_PropertyInjection.g.cs(39,53): warning CS8669: The annotation for nullable reference types should only be used in code within a '#nullable' annotations context. Auto-generated code requires an explicit '#nullable' directive in source. [C:\git\TUnit\TUnit.UnitTests\TUnit.UnitTests.csproj::TargetFramework=net8.0]
C:\git\TUnit\TUnit.UnitTests\SourceGeneratedViewer\TUnit.Core.SourceGenerator\TUnit.Core.SourceGenerator.Generators.PropertyInjectionSourceGenerator\TUnit_UnitTests_PropertyDataSourceInjectionTests_ComplexData_PropertyInjection.g.cs(39,55): warning CS8669: The annotation for nullable reference types should only be used in code within a '#nullable' annotations context. Auto-generated code requires an explicit '#nullable' directive in source. [C:\git\TUnit\TUnit.UnitTests\TUnit.UnitTests.csproj::TargetFramework=net8.0]
C:\git\TUnit\TUnit.UnitTests\SourceGeneratedViewer\TUnit.Core.SourceGenerator\TUnit.Core.SourceGenerator.Generators.PropertyInjectionSourceGenerator\TUnit_UnitTests_PropertyDataSourceInjectionTests_PropertyInjection.g.cs(39,55): warning CS8669: The annotation for nullable reference types should only be used in code within a '#nullable' annotations context. Auto-generated code requires an explicit '#nullable' directive in source. [C:\git\TUnit\TUnit.UnitTests\TUnit.UnitTests.csproj::TargetFramework=net8.0]
C:\git\TUnit\TUnit.UnitTests\SourceGeneratedViewer\TUnit.Core.SourceGenerator\TUnit.Core.SourceGenerator.Generators.PropertyInjectionSourceGenerator\TUnit_UnitTests_PropertyDataSourceInjectionTests_PropertyInjection.g.cs(56,104): warning CS8669: The annotation for nullable reference types should only be used in code within a '#nullable' annotations context. Auto-generated code requires an explicit '#nullable' directive in source. [C:\git\TUnit\TUnit.UnitTests\TUnit.UnitTests.csproj::TargetFramework=net8.0]
C:\git\TUnit\TUnit.UnitTests\SourceGeneratedViewer\TUnit.Core.SourceGenerator\TUnit.Core.SourceGenerator.Generators.PropertyInjectionSourceGenerator\TUnit_UnitTests_PropertyDataSourceInjectionTests_PropertyInjection.g.cs(73,121): warning CS8669: The annotation for nullable reference types should only be used in code within a '#nullable' annotations context. Auto-generated code requires an explicit '#nullable' directive in source. [C:\git\TUnit\TUnit.UnitTests\TUnit.UnitTests.csproj::TargetFramework=net8.0]
C:\git\TUnit\TUnit.UnitTests\SourceGeneratedViewer\TUnit.Core.SourceGenerator\TUnit.Core.SourceGenerator.Generators.PropertyInjectionSourceGenerator\TUnit_UnitTests_PropertyDataSourceInjectionTests_PropertyInjection.g.cs(90,56): warning CS8669: The annotation for nullable reference types should only be used in code within a '#nullable' annotations context. Auto-generated code requires an explicit '#nullable' directive in source. [C:\git\TUnit\TUnit.UnitTests\TUnit.UnitTests.csproj::TargetFramework=net8.0]
C:\git\TUnit\TUnit.UnitTests\PropertyDataSourceInjectionTests.cs(161,111): warning CS8604: Possible null reference argument for parameter 'testInformation' in 'Task<(bool success, object? createdInstance)> DataSourceHelpers.TryCreateWithInitializerAsync(Type type, MethodMetadata testInformation, string testSessionId)'. [C:\git\TUnit\TUnit.UnitTests\TUnit.UnitTests.csproj::TargetFramework=net8.0]
C:\git\TUnit\TUnit.UnitTests\DependencyResolutionFailureTests.cs(14,15): warning TUnitAssertions0005: Assert.That(...) should not be used with a constant value [C:\git\TUnit\TUnit.UnitTests\TUnit.UnitTests.csproj::TargetFramework=net8.0]
C:\git\TUnit\TUnit.UnitTests\DependencyResolutionFailureTests.cs(23,15): warning TUnitAssertions0005: Assert.That(...) should not be used with a constant value [C:\git\TUnit\TUnit.UnitTests\TUnit.UnitTests.csproj::TargetFramework=net8.0]
C:\git\TUnit\TUnit.UnitTests\DependencyResolutionFailureTests.cs(32,15): warning TUnitAssertions0005: Assert.That(...) should not be used with a constant value [C:\git\TUnit\TUnit.UnitTests\TUnit.UnitTests.csproj::TargetFramework=net8.0]
C:\git\TUnit\TUnit.UnitTests\DependencyResolutionFailureTests.cs(39,15): warning TUnitAssertions0005: Assert.That(...) should not be used with a constant value [C:\git\TUnit\TUnit.UnitTests\TUnit.UnitTests.csproj::TargetFramework=net8.0]
C:\git\TUnit\TUnit.UnitTests\DependencyResolutionFailureTests.cs(47,15): warning TUnitAssertions0005: Assert.That(...) should not be used with a constant value [C:\git\TUnit\TUnit.UnitTests\TUnit.UnitTests.csproj::TargetFramework=net8.0]
C:\git\TUnit\TUnit.UnitTests\EmptyDataSourceTests.cs(39,15): warning TUnitAssertions0005: Assert.That(...) should not be used with a constant value [C:\git\TUnit\TUnit.UnitTests\TUnit.UnitTests.csproj::TargetFramework=net8.0]
C:\git\TUnit\TUnit.UnitTests\GenericTestGenerationTests.cs(11,23): warning TUnit0300: Generic test method with data source may not be AOT-compatible. All generic type combinations must be known at compile time. [C:\git\TUnit\TUnit.UnitTests\TUnit.UnitTests.csproj::TargetFramework=net8.0]
C:\git\TUnit\TUnit.UnitTests\SourceGeneratedViewer\TUnit.Core.SourceGenerator\TUnit.Core.SourceGenerator.Generators.PropertyInjectionSourceGenerator\TUnit_UnitTests_PropertyDataSourceInjectionTests_ComplexData_PropertyInjection.g.cs(39,55): warning CS8669: The annotation for nullable reference types should only be used in code within a '#nullable' annotations context. Auto-generated code requires an explicit '#nullable' directive in source. [C:\git\TUnit\TUnit.UnitTests\TUnit.UnitTests.csproj::TargetFramework=net472]
C:\git\TUnit\TUnit.UnitTests\SourceGeneratedViewer\TUnit.Core.SourceGenerator\TUnit.Core.SourceGenerator.Generators.PropertyInjectionSourceGenerator\TUnit_UnitTests_PropertyDataSourceInjectionTests_PropertyInjection.g.cs(39,55): warning CS8669: The annotation for nullable reference types should only be used in code within a '#nullable' annotations context. Auto-generated code requires an explicit '#nullable' directive in source. [C:\git\TUnit\TUnit.UnitTests\TUnit.UnitTests.csproj::TargetFramework=net472]
C:\git\TUnit\TUnit.UnitTests\SourceGeneratedViewer\TUnit.Core.SourceGenerator\TUnit.Core.SourceGenerator.Generators.PropertyInjectionSourceGenerator\TUnit_UnitTests_PropertyDataSourceInjectionTests_PropertyInjection.g.cs(56,104): warning CS8669: The annotation for nullable reference types should only be used in code within a '#nullable' annotations context. Auto-generated code requires an explicit '#nullable' directive in source. [C:\git\TUnit\TUnit.UnitTests\TUnit.UnitTests.csproj::TargetFramework=net472]
C:\git\TUnit\TUnit.UnitTests\SourceGeneratedViewer\TUnit.Core.SourceGenerator\TUnit.Core.SourceGenerator.Generators.PropertyInjectionSourceGenerator\TUnit_UnitTests_PropertyDataSourceInjectionTests_PropertyInjection.g.cs(73,121): warning CS8669: The annotation for nullable reference types should only be used in code within a '#nullable' annotations context. Auto-generated code requires an explicit '#nullable' directive in source. [C:\git\TUnit\TUnit.UnitTests\TUnit.UnitTests.csproj::TargetFramework=net472]
C:\git\TUnit\TUnit.UnitTests\SourceGeneratedViewer\TUnit.Core.SourceGenerator\TUnit.Core.SourceGenerator.Generators.PropertyInjectionSourceGenerator\TUnit_UnitTests_PropertyDataSourceInjectionTests_PropertyInjection.g.cs(90,56): warning CS8669: The annotation for nullable reference types should only be used in code within a '#nullable' annotations context. Auto-generated code requires an explicit '#nullable' directive in source. [C:\git\TUnit\TUnit.UnitTests\TUnit.UnitTests.csproj::TargetFramework=net472]
C:\git\TUnit\TUnit.UnitTests\SourceGeneratedViewer\TUnit.Core.SourceGenerator\TUnit.Core.SourceGenerator.Generators.PropertyInjectionSourceGenerator\TUnit_UnitTests_BaseTestClass_PropertyInjection.g.cs(39,53): warning CS8669: The annotation for nullable reference types should only be used in code within a '#nullable' annotations context. Auto-generated code requires an explicit '#nullable' directive in source. [C:\git\TUnit\TUnit.UnitTests\TUnit.UnitTests.csproj::TargetFramework=net472]
C:\git\TUnit\TUnit.UnitTests\SourceGeneratedViewer\TUnit.Core.SourceGenerator\TUnit.Core.SourceGenerator.Generators.PropertyInjectionSourceGenerator\TUnit_UnitTests_DerivedPropertyInjectionTests_PropertyInjection.g.cs(39,53): warning CS8669: The annotation for nullable reference types should only be used in code within a '#nullable' annotations context. Auto-generated code requires an explicit '#nullable' directive in source. [C:\git\TUnit\TUnit.UnitTests\TUnit.UnitTests.csproj::TargetFramework=net472]
C:\git\TUnit\TUnit.UnitTests\SourceGeneratedViewer\TUnit.Core.SourceGenerator\TUnit.Core.SourceGenerator.Generators.PropertyInjectionSourceGenerator\TUnit_UnitTests_DerivedPropertyInjectionTests_PropertyInjection.g.cs(56,56): warning CS8669: The annotation for nullable reference types should only be used in code within a '#nullable' annotations context. Auto-generated code requires an explicit '#nullable' directive in source. [C:\git\TUnit\TUnit.UnitTests\TUnit.UnitTests.csproj::TargetFramework=net472]
C:\git\TUnit\TUnit.UnitTests\SourceGeneratedViewer\TUnit.Core.SourceGenerator\TUnit.Core.SourceGenerator.Generators.PropertyInjectionSourceGenerator\TUnit_UnitTests_CustomPropertyDataSourceTests_PropertyInjection.g.cs(39,71): warning CS8669: The annotation for nullable reference types should only be used in code within a '#nullable' annotations context. Auto-generated code requires an explicit '#nullable' directive in source. [C:\git\TUnit\TUnit.UnitTests\TUnit.UnitTests.csproj::TargetFramework=net472]
C:\git\TUnit\TUnit.UnitTests\SourceGeneratedViewer\TUnit.Core.SourceGenerator\TUnit.Core.SourceGenerator.Generators.PropertyInjectionSourceGenerator\TUnit_UnitTests_DerivedStaticPropertyTests_PropertyInjection.g.cs(39,77): warning CS8669: The annotation for nullable reference types should only be used in code within a '#nullable' annotations context. Auto-generated code requires an explicit '#nullable' directive in source. [C:\git\TUnit\TUnit.UnitTests\TUnit.UnitTests.csproj::TargetFramework=net472]
C:\git\TUnit\TUnit.UnitTests\SourceGeneratedViewer\TUnit.Core.SourceGenerator\TUnit.Core.SourceGenerator.Generators.PropertyInjectionSourceGenerator\TUnit_UnitTests_DerivedStaticPropertyTests_PropertyInjection.g.cs(56,91): warning CS8669: The annotation for nullable reference types should only be used in code within a '#nullable' annotations context. Auto-generated code requires an explicit '#nullable' directive in source. [C:\git\TUnit\TUnit.UnitTests\TUnit.UnitTests.csproj::TargetFramework=net472]
C:\git\TUnit\TUnit.UnitTests\SourceGeneratedViewer\TUnit.Core.SourceGenerator\TUnit.Core.SourceGenerator.Generators.PropertyInjectionSourceGenerator\TUnit_UnitTests_CustomService_PropertyInjection.g.cs(39,77): warning CS8669: The annotation for nullable reference types should only be used in code within a '#nullable' annotations context. Auto-generated code requires an explicit '#nullable' directive in source. [C:\git\TUnit\TUnit.UnitTests\TUnit.UnitTests.csproj::TargetFramework=net472]
C:\git\TUnit\TUnit.UnitTests\SourceGeneratedViewer\TUnit.Core.SourceGenerator\TUnit.Core.SourceGenerator.Generators.PropertyInjectionSourceGenerator\TUnit_UnitTests_BaseStaticClass_PropertyInjection.g.cs(39,77): warning CS8669: The annotation for nullable reference types should only be used in code within a '#nullable' annotations context. Auto-generated code requires an explicit '#nullable' directive in source. [C:\git\TUnit\TUnit.UnitTests\TUnit.UnitTests.csproj::TargetFramework=net472]
C:\git\TUnit\TUnit.UnitTests\SourceGeneratedViewer\TUnit.Core.SourceGenerator\TUnit.Core.SourceGenerator.Generators.PropertyInjectionSourceGenerator\TUnit_UnitTests_NestedService_PropertyInjection.g.cs(39,89): warning CS8669: The annotation for nullable reference types should only be used in code within a '#nullable' annotations context. Auto-generated code requires an explicit '#nullable' directive in source. [C:\git\TUnit\TUnit.UnitTests\TUnit.UnitTests.csproj::TargetFramework=net472]
C:\git\TUnit\TUnit.UnitTests\SourceGeneratedViewer\TUnit.Core.SourceGenerator\TUnit.Core.SourceGenerator.Generators.PropertyInjectionSourceGenerator\TUnit_UnitTests_StaticPropertyDataSourceTests_PropertyInjection.g.cs(39,93): warning CS8669: The annotation for nullable reference types should only be used in code within a '#nullable' annotations context. Auto-generated code requires an explicit '#nullable' directive in source. [C:\git\TUnit\TUnit.UnitTests\TUnit.UnitTests.csproj::TargetFramework=net472]
C:\git\TUnit\TUnit.UnitTests\SourceGeneratedViewer\TUnit.Core.SourceGenerator\TUnit.Core.SourceGenerator.Generators.PropertyInjectionSourceGenerator\TUnit_UnitTests_StaticPropertyDataSourceTests_PropertyInjection.g.cs(56,139): warning CS8669: The annotation for nullable reference types should only be used in code within a '#nullable' annotations context. Auto-generated code requires an explicit '#nullable' directive in source. [C:\git\TUnit\TUnit.UnitTests\TUnit.UnitTests.csproj::TargetFramework=net472]
C:\git\TUnit\TUnit.UnitTests\SourceGeneratedViewer\TUnit.Core.SourceGenerator\TUnit.Core.SourceGenerator.Generators.PropertyInjectionSourceGenerator\TUnit_UnitTests_StaticPropertyDataSourceTests_PropertyInjection.g.cs(73,162): warning CS8669: The annotation for nullable reference types should only be used in code within a '#nullable' annotations context. Auto-generated code requires an explicit '#nullable' directive in source. [C:\git\TUnit\TUnit.UnitTests\TUnit.UnitTests.csproj::TargetFramework=net472]
C:\git\TUnit\TUnit.UnitTests\PropertyDataSourceInjectionTests.cs(161,111): warning CS8604: Possible null reference argument for parameter 'testInformation' in 'Task<(bool success, object? createdInstance)> DataSourceHelpers.TryCreateWithInitializerAsync(Type type, MethodMetadata testInformation, string testSessionId)'. [C:\git\TUnit\TUnit.UnitTests\TUnit.UnitTests.csproj::TargetFramework=net472]
C:\git\TUnit\TUnit.UnitTests\DependencyResolutionFailureTests.cs(47,15): warning TUnitAssertions0005: Assert.That(...) should not be used with a constant value [C:\git\TUnit\TUnit.UnitTests\TUnit.UnitTests.csproj::TargetFramework=net472]
C:\git\TUnit\TUnit.UnitTests\DependencyResolutionFailureTests.cs(39,15): warning TUnitAssertions0005: Assert.That(...) should not be used with a constant value [C:\git\TUnit\TUnit.UnitTests\TUnit.UnitTests.csproj::TargetFramework=net472]
C:\git\TUnit\TUnit.UnitTests\DependencyResolutionFailureTests.cs(32,15): warning TUnitAssertions0005: Assert.That(...) should not be used with a constant value [C:\git\TUnit\TUnit.UnitTests\TUnit.UnitTests.csproj::TargetFramework=net472]
C:\git\TUnit\TUnit.UnitTests\DependencyResolutionFailureTests.cs(23,15): warning TUnitAssertions0005: Assert.That(...) should not be used with a constant value [C:\git\TUnit\TUnit.UnitTests\TUnit.UnitTests.csproj::TargetFramework=net472]
C:\git\TUnit\TUnit.UnitTests\DependencyResolutionFailureTests.cs(14,15): warning TUnitAssertions0005: Assert.That(...) should not be used with a constant value [C:\git\TUnit\TUnit.UnitTests\TUnit.UnitTests.csproj::TargetFramework=net472]
C:\git\TUnit\TUnit.UnitTests\GenericTestGenerationTests.cs(11,23): warning TUnit0300: Generic test method with data source may not be AOT-compatible. All generic type combinations must be known at compile time. [C:\git\TUnit\TUnit.UnitTests\TUnit.UnitTests.csproj::TargetFramework=net472]
C:\git\TUnit\TUnit.UnitTests\EmptyDataSourceTests.cs(39,15): warning TUnitAssertions0005: Assert.That(...) should not be used with a constant value [C:\git\TUnit\TUnit.UnitTests\TUnit.UnitTests.csproj::TargetFramework=net472]
C:\git\TUnit\TUnit.Assertions.Tests\ThrowInDelegateValueAssertionTests.cs(11,13): warning CS0162: Unreachable code detected [C:\git\TUnit\TUnit.Assertions.Tests\TUnit.Assertions.Tests.csproj::TargetFramework=net472]
C:\git\TUnit\TUnit.Assertions.Tests\ThrowInDelegateValueAssertionTests.cs(33,13): warning CS0162: Unreachable code detected [C:\git\TUnit\TUnit.Assertions.Tests\TUnit.Assertions.Tests.csproj::TargetFramework=net472]
C:\git\TUnit\TUnit.Assertions.Tests\ThrowInDelegateValueAssertionTests.cs(47,13): warning CS0162: Unreachable code detected [C:\git\TUnit\TUnit.Assertions.Tests\TUnit.Assertions.Tests.csproj::TargetFramework=net472]
C:\git\TUnit\TUnit.Assertions.Tests\ThrowInDelegateValueAssertionTests.cs(61,13): warning CS0162: Unreachable code detected [C:\git\TUnit\TUnit.Assertions.Tests\TUnit.Assertions.Tests.csproj::TargetFramework=net472]
C:\git\TUnit\TUnit.Assertions.Tests\ThrowInDelegateValueAssertionTests.cs(79,13): warning CS0162: Unreachable code detected [C:\git\TUnit\TUnit.Assertions.Tests\TUnit.Assertions.Tests.csproj::TargetFramework=net472]
C:\git\TUnit\TUnit.Assertions.Tests\ThrowInDelegateValueAssertionTests.cs(97,13): warning CS0162: Unreachable code detected [C:\git\TUnit\TUnit.Assertions.Tests\TUnit.Assertions.Tests.csproj::TargetFramework=net472]
C:\git\TUnit\TUnit.Assertions.Tests\Old\DefaultAssertionTests.cs(9,15): warning CS8620: Argument of type 'AssertionBuilder<string?>' cannot be used for parameter 'builder' of type 'AssertionBuilder<string>' in 'CustomAssertion<string> StringAssertionBuilderExtensions.IsDefault(AssertionBuilder<string> builder)' due to differences in the nullability of reference types. [C:\git\TUnit\TUnit.Assertions.Tests\TUnit.Assertions.Tests.csproj::TargetFramework=net472]
C:\git\TUnit\TUnit.UnitTests\SourceGeneratedViewer\TUnit.Core.SourceGenerator\TUnit.Core.SourceGenerator.Generators.PropertyInjectionSourceGenerator\TUnit_UnitTests_PropertyDataSourceInjectionTests_ComplexData_PropertyInjection.g.cs(39,55): warning CS8669: The annotation for nullable reference types should only be used in code within a '#nullable' annotations context. Auto-generated code requires an explicit '#nullable' directive in source. [C:\git\TUnit\TUnit.UnitTests\TUnit.UnitTests.csproj::TargetFramework=net9.0]
C:\git\TUnit\TUnit.UnitTests\SourceGeneratedViewer\TUnit.Core.SourceGenerator\TUnit.Core.SourceGenerator.Generators.PropertyInjectionSourceGenerator\TUnit_UnitTests_PropertyDataSourceInjectionTests_PropertyInjection.g.cs(39,55): warning CS8669: The annotation for nullable reference types should only be used in code within a '#nullable' annotations context. Auto-generated code requires an explicit '#nullable' directive in source. [C:\git\TUnit\TUnit.UnitTests\TUnit.UnitTests.csproj::TargetFramework=net9.0]
C:\git\TUnit\TUnit.UnitTests\SourceGeneratedViewer\TUnit.Core.SourceGenerator\TUnit.Core.SourceGenerator.Generators.PropertyInjectionSourceGenerator\TUnit_UnitTests_PropertyDataSourceInjectionTests_PropertyInjection.g.cs(56,104): warning CS8669: The annotation for nullable reference types should only be used in code within a '#nullable' annotations context. Auto-generated code requires an explicit '#nullable' directive in source. [C:\git\TUnit\TUnit.UnitTests\TUnit.UnitTests.csproj::TargetFramework=net9.0]
C:\git\TUnit\TUnit.UnitTests\SourceGeneratedViewer\TUnit.Core.SourceGenerator\TUnit.Core.SourceGenerator.Generators.PropertyInjectionSourceGenerator\TUnit_UnitTests_PropertyDataSourceInjectionTests_PropertyInjection.g.cs(73,121): warning CS8669: The annotation for nullable reference types should only be used in code within a '#nullable' annotations context. Auto-generated code requires an explicit '#nullable' directive in source. [C:\git\TUnit\TUnit.UnitTests\TUnit.UnitTests.csproj::TargetFramework=net9.0]
C:\git\TUnit\TUnit.UnitTests\SourceGeneratedViewer\TUnit.Core.SourceGenerator\TUnit.Core.SourceGenerator.Generators.PropertyInjectionSourceGenerator\TUnit_UnitTests_PropertyDataSourceInjectionTests_PropertyInjection.g.cs(90,56): warning CS8669: The annotation for nullable reference types should only be used in code within a '#nullable' annotations context. Auto-generated code requires an explicit '#nullable' directive in source. [C:\git\TUnit\TUnit.UnitTests\TUnit.UnitTests.csproj::TargetFramework=net9.0]
C:\git\TUnit\TUnit.UnitTests\SourceGeneratedViewer\TUnit.Core.SourceGenerator\TUnit.Core.SourceGenerator.Generators.PropertyInjectionSourceGenerator\TUnit_UnitTests_BaseTestClass_PropertyInjection.g.cs(39,53): warning CS8669: The annotation for nullable reference types should only be used in code within a '#nullable' annotations context. Auto-generated code requires an explicit '#nullable' directive in source. [C:\git\TUnit\TUnit.UnitTests\TUnit.UnitTests.csproj::TargetFramework=net9.0]
C:\git\TUnit\TUnit.UnitTests\SourceGeneratedViewer\TUnit.Core.SourceGenerator\TUnit.Core.SourceGenerator.Generators.PropertyInjectionSourceGenerator\TUnit_UnitTests_CustomPropertyDataSourceTests_PropertyInjection.g.cs(39,71): warning CS8669: The annotation for nullable reference types should only be used in code within a '#nullable' annotations context. Auto-generated code requires an explicit '#nullable' directive in source. [C:\git\TUnit\TUnit.UnitTests\TUnit.UnitTests.csproj::TargetFramework=net9.0]
C:\git\TUnit\TUnit.Assertions.Tests\LazyEvaluationTests.cs(110,52): warning CS8620: Argument of type 'Func<Task<string>>' cannot be used for parameter 'actualValueProvider' of type 'Func<Task<string?>>' in 'StringEqualToAssertion.StringEqualToAssertion(Func<Task<string?>> actualValueProvider, string? expected)' due to differences in the nullability of reference types. [C:\git\TUnit\TUnit.Assertions.Tests\TUnit.Assertions.Tests.csproj::TargetFramework=net472]
C:\git\TUnit\TUnit.Assertions.Tests\Old\StringAssertionTests.cs(24,15): warning CS8620: Argument of type 'AssertionBuilder<string?>' cannot be used for parameter 'builder' of type 'AssertionBuilder<string>' in 'CustomAssertion<string> StringAssertionBuilderExtensions.IsNullOrEmpty(AssertionBuilder<string> builder)' due to differences in the nullability of reference types. [C:\git\TUnit\TUnit.Assertions.Tests\TUnit.Assertions.Tests.csproj::TargetFramework=net472]
C:\git\TUnit\TUnit.Assertions.Tests\Old\DefaultAssertionTests.cs(62,19): warning CS8620: Argument of type 'AssertionBuilder<string?>' cannot be used for parameter 'builder' of type 'AssertionBuilder<string>' in 'CustomAssertion<string> StringAssertionBuilderExtensions.IsNotDefault(AssertionBuilder<string> builder)' due to differences in the nullability of reference types. [C:\git\TUnit\TUnit.Assertions.Tests\TUnit.Assertions.Tests.csproj::TargetFramework=net472]
C:\git\TUnit\TUnit.Assertions.Tests\Old\StringRegexAssertionTests.cs(51,47): warning CS8620: Argument of type 'AssertionBuilder<string?>' cannot be used for parameter 'builder' of type 'AssertionBuilder<string>' in 'CustomAssertion<string> StringAssertionBuilderExtensions.Matches(AssertionBuilder<string> builder, string pattern)' due to differences in the nullability of reference types. [C:\git\TUnit\TUnit.Assertions.Tests\TUnit.Assertions.Tests.csproj::TargetFramework=net472]
C:\git\TUnit\TUnit.Assertions.Tests\Old\StringAssertionTests.cs(52,15): warning CS8620: Argument of type 'AssertionBuilder<string?>' cannot be used for parameter 'builder' of type 'AssertionBuilder<string>' in 'CustomAssertion<string> StringAssertionBuilderExtensions.IsNullOrWhitespace(AssertionBuilder<string> builder)' due to differences in the nullability of reference types. [C:\git\TUnit\TUnit.Assertions.Tests\TUnit.Assertions.Tests.csproj::TargetFramework=net472]
C:\git\TUnit\TUnit.Assertions.Tests\Old\StringEqualsAssertionTests.cs(42,50): warning CS8604: Possible null reference argument for parameter 'expected' in 'GenericEqualToAssertion<string> AssertionBuilder<string>.IsEqualTo(string expected)'. [C:\git\TUnit\TUnit.Assertions.Tests\TUnit.Assertions.Tests.csproj::TargetFramework=net472]
C:\git\TUnit\TUnit.Assertions.Tests\Old\StringEqualsAssertionTests.cs(51,15): warning CS8620: Argument of type 'GenericEqualToAssertion<string?>' cannot be used for parameter 'assertion' of type 'GenericEqualToAssertion<string>' in 'StringEqualToAssertion ChainingExtensions.WithNullAndEmptyEquality(GenericEqualToAssertion<string> assertion)' due to differences in the nullability of reference types. [C:\git\TUnit\TUnit.Assertions.Tests\TUnit.Assertions.Tests.csproj::TargetFramework=net472]
C:\git\TUnit\TUnit.Assertions.Tests\Old\StringRegexAssertionTests.cs(190,47): warning CS8620: Argument of type 'AssertionBuilder<string?>' cannot be used for parameter 'builder' of type 'AssertionBuilder<string>' in 'CustomAssertion<string> StringAssertionBuilderExtensions.DoesNotMatch(AssertionBuilder<string> builder, string pattern)' due to differences in the nullability of reference types. [C:\git\TUnit\TUnit.Assertions.Tests\TUnit.Assertions.Tests.csproj::TargetFramework=net472]
C:\git\TUnit\TUnit.Assertions.Tests\Old\StringEqualsAssertionTests.cs(96,117): warning CS8604: Possible null reference argument for parameter 'expected' in 'GenericEqualToAssertion<string> AssertionBuilder<string>.IsEqualTo(string expected)'. [C:\git\TUnit\TUnit.Assertions.Tests\TUnit.Assertions.Tests.csproj::TargetFramework=net472]
C:\git\TUnit\TUnit.Assertions.Tests\Old\StringEqualsAssertionTests.cs(105,82): warning CS8620: Argument of type 'GenericEqualToAssertion<string?>' cannot be used for parameter 'assertion' of type 'GenericEqualToAssertion<string>' in 'StringEqualToAssertion ChainingExtensions.WithNullAndEmptyEquality(GenericEqualToAssertion<string> assertion)' due to differences in the nullability of reference types. [C:\git\TUnit\TUnit.Assertions.Tests\TUnit.Assertions.Tests.csproj::TargetFramework=net472]
C:\git\TUnit\TUnit.Assertions.Tests\ParseAssertionTests.cs(23,15): warning TUnitAssertions0005: Assert.That(...) should not be used with a constant value [C:\git\TUnit\TUnit.Assertions.Tests\TUnit.Assertions.Tests.csproj::TargetFramework=net472]
C:\git\TUnit\TUnit.Assertions.Tests\ParseAssertionTests.cs(32,15): warning TUnitAssertions0005: Assert.That(...) should not be used with a constant value [C:\git\TUnit\TUnit.Assertions.Tests\TUnit.Assertions.Tests.csproj::TargetFramework=net472]
C:\git\TUnit\TUnit.Assertions.Tests\ParseAssertionTests.cs(40,15): warning TUnitAssertions0005: Assert.That(...) should not be used with a constant value [C:\git\TUnit\TUnit.Assertions.Tests\TUnit.Assertions.Tests.csproj::TargetFramework=net472]
C:\git\TUnit\TUnit.Assertions.Tests\ParseAssertionTests.cs(47,15): warning TUnitAssertions0005: Assert.That(...) should not be used with a constant value [C:\git\TUnit\TUnit.Assertions.Tests\TUnit.Assertions.Tests.csproj::TargetFramework=net472]
C:\git\TUnit\TUnit.Assertions.Tests\ParseAssertionTests.cs(17,15): warning TUnitAssertions0005: Assert.That(...) should not be used with a constant value [C:\git\TUnit\TUnit.Assertions.Tests\TUnit.Assertions.Tests.csproj::TargetFramework=net472]
C:\git\TUnit\TUnit.Assertions.Tests\ParseAssertionTests.cs(53,15): warning TUnitAssertions0005: Assert.That(...) should not be used with a constant value [C:\git\TUnit\TUnit.Assertions.Tests\TUnit.Assertions.Tests.csproj::TargetFramework=net472]
C:\git\TUnit\TUnit.Assertions.Tests\ParseAssertionTests.cs(11,15): warning TUnitAssertions0005: Assert.That(...) should not be used with a constant value [C:\git\TUnit\TUnit.Assertions.Tests\TUnit.Assertions.Tests.csproj::TargetFramework=net472]
C:\git\TUnit\TUnit.UnitTests\SourceGeneratedViewer\TUnit.Core.SourceGenerator\TUnit.Core.SourceGenerator.Generators.PropertyInjectionSourceGenerator\TUnit_UnitTests_DerivedPropertyInjectionTests_PropertyInjection.g.cs(39,53): warning CS8669: The annotation for nullable reference types should only be used in code within a '#nullable' annotations context. Auto-generated code requires an explicit '#nullable' directive in source. [C:\git\TUnit\TUnit.UnitTests\TUnit.UnitTests.csproj::TargetFramework=net9.0]
C:\git\TUnit\TUnit.UnitTests\SourceGeneratedViewer\TUnit.Core.SourceGenerator\TUnit.Core.SourceGenerator.Generators.PropertyInjectionSourceGenerator\TUnit_UnitTests_DerivedPropertyInjectionTests_PropertyInjection.g.cs(56,56): warning CS8669: The annotation for nullable reference types should only be used in code within a '#nullable' annotations context. Auto-generated code requires an explicit '#nullable' directive in source. [C:\git\TUnit\TUnit.UnitTests\TUnit.UnitTests.csproj::TargetFramework=net9.0]
C:\git\TUnit\TUnit.UnitTests\SourceGeneratedViewer\TUnit.Core.SourceGenerator\TUnit.Core.SourceGenerator.Generators.PropertyInjectionSourceGenerator\TUnit_UnitTests_CustomService_PropertyInjection.g.cs(39,77): warning CS8669: The annotation for nullable reference types should only be used in code within a '#nullable' annotations context. Auto-generated code requires an explicit '#nullable' directive in source. [C:\git\TUnit\TUnit.UnitTests\TUnit.UnitTests.csproj::TargetFramework=net9.0]
C:\git\TUnit\TUnit.UnitTests\SourceGeneratedViewer\TUnit.Core.SourceGenerator\TUnit.Core.SourceGenerator.Generators.PropertyInjectionSourceGenerator\TUnit_UnitTests_NestedService_PropertyInjection.g.cs(39,89): warning CS8669: The annotation for nullable reference types should only be used in code within a '#nullable' annotations context. Auto-generated code requires an explicit '#nullable' directive in source. [C:\git\TUnit\TUnit.UnitTests\TUnit.UnitTests.csproj::TargetFramework=net9.0]
C:\git\TUnit\TUnit.UnitTests\SourceGeneratedViewer\TUnit.Core.SourceGenerator\TUnit.Core.SourceGenerator.Generators.PropertyInjectionSourceGenerator\TUnit_UnitTests_DerivedStaticPropertyTests_PropertyInjection.g.cs(39,77): warning CS8669: The annotation for nullable reference types should only be used in code within a '#nullable' annotations context. Auto-generated code requires an explicit '#nullable' directive in source. [C:\git\TUnit\TUnit.UnitTests\TUnit.UnitTests.csproj::TargetFramework=net9.0]
C:\git\TUnit\TUnit.UnitTests\SourceGeneratedViewer\TUnit.Core.SourceGenerator\TUnit.Core.SourceGenerator.Generators.PropertyInjectionSourceGenerator\TUnit_UnitTests_DerivedStaticPropertyTests_PropertyInjection.g.cs(56,91): warning CS8669: The annotation for nullable reference types should only be used in code within a '#nullable' annotations context. Auto-generated code requires an explicit '#nullable' directive in source. [C:\git\TUnit\TUnit.UnitTests\TUnit.UnitTests.csproj::TargetFramework=net9.0]
C:\git\TUnit\TUnit.UnitTests\SourceGeneratedViewer\TUnit.Core.SourceGenerator\TUnit.Core.SourceGenerator.Generators.PropertyInjectionSourceGenerator\TUnit_UnitTests_StaticPropertyDataSourceTests_PropertyInjection.g.cs(39,93): warning CS8669: The annotation for nullable reference types should only be used in code within a '#nullable' annotations context. Auto-generated code requires an explicit '#nullable' directive in source. [C:\git\TUnit\TUnit.UnitTests\TUnit.UnitTests.csproj::TargetFramework=net9.0]
C:\git\TUnit\TUnit.UnitTests\SourceGeneratedViewer\TUnit.Core.SourceGenerator\TUnit.Core.SourceGenerator.Generators.PropertyInjectionSourceGenerator\TUnit_UnitTests_StaticPropertyDataSourceTests_PropertyInjection.g.cs(56,139): warning CS8669: The annotation for nullable reference types should only be used in code within a '#nullable' annotations context. Auto-generated code requires an explicit '#nullable' directive in source. [C:\git\TUnit\TUnit.UnitTests\TUnit.UnitTests.csproj::TargetFramework=net9.0]
C:\git\TUnit\TUnit.UnitTests\SourceGeneratedViewer\TUnit.Core.SourceGenerator\TUnit.Core.SourceGenerator.Generators.PropertyInjectionSourceGenerator\TUnit_UnitTests_StaticPropertyDataSourceTests_PropertyInjection.g.cs(73,162): warning CS8669: The annotation for nullable reference types should only be used in code within a '#nullable' annotations context. Auto-generated code requires an explicit '#nullable' directive in source. [C:\git\TUnit\TUnit.UnitTests\TUnit.UnitTests.csproj::TargetFramework=net9.0]
C:\git\TUnit\TUnit.UnitTests\SourceGeneratedViewer\TUnit.Core.SourceGenerator\TUnit.Core.SourceGenerator.Generators.PropertyInjectionSourceGenerator\TUnit_UnitTests_BaseStaticClass_PropertyInjection.g.cs(39,77): warning CS8669: The annotation for nullable reference types should only be used in code within a '#nullable' annotations context. Auto-generated code requires an explicit '#nullable' directive in source. [C:\git\TUnit\TUnit.UnitTests\TUnit.UnitTests.csproj::TargetFramework=net9.0]
C:\git\TUnit\TUnit.UnitTests\PropertyDataSourceInjectionTests.cs(161,111): warning CS8604: Possible null reference argument for parameter 'testInformation' in 'Task<(bool success, object? createdInstance)> DataSourceHelpers.TryCreateWithInitializerAsync(Type type, MethodMetadata testInformation, string testSessionId)'. [C:\git\TUnit\TUnit.UnitTests\TUnit.UnitTests.csproj::TargetFramework=net9.0]
C:\git\TUnit\TUnit.UnitTests\GenericTestGenerationTests.cs(11,23): warning TUnit0300: Generic test method with data source may not be AOT-compatible. All generic type combinations must be known at compile time. [C:\git\TUnit\TUnit.UnitTests\TUnit.UnitTests.csproj::TargetFramework=net9.0]
C:\git\TUnit\TUnit.UnitTests\DependencyResolutionFailureTests.cs(47,15): warning TUnitAssertions0005: Assert.That(...) should not be used with a constant value [C:\git\TUnit\TUnit.UnitTests\TUnit.UnitTests.csproj::TargetFramework=net9.0]
C:\git\TUnit\TUnit.UnitTests\EmptyDataSourceTests.cs(39,15): warning TUnitAssertions0005: Assert.That(...) should not be used with a constant value [C:\git\TUnit\TUnit.UnitTests\TUnit.UnitTests.csproj::TargetFramework=net9.0]
C:\git\TUnit\TUnit.UnitTests\DependencyResolutionFailureTests.cs(39,15): warning TUnitAssertions0005: Assert.That(...) should not be used with a constant value [C:\git\TUnit\TUnit.UnitTests\TUnit.UnitTests.csproj::TargetFramework=net9.0]
C:\git\TUnit\TUnit.UnitTests\DependencyResolutionFailureTests.cs(32,15): warning TUnitAssertions0005: Assert.That(...) should not be used with a constant value [C:\git\TUnit\TUnit.UnitTests\TUnit.UnitTests.csproj::TargetFramework=net9.0]
C:\git\TUnit\TUnit.UnitTests\DependencyResolutionFailureTests.cs(23,15): warning TUnitAssertions0005: Assert.That(...) should not be used with a constant value [C:\git\TUnit\TUnit.UnitTests\TUnit.UnitTests.csproj::TargetFramework=net9.0]
C:\git\TUnit\TUnit.UnitTests\DependencyResolutionFailureTests.cs(14,15): warning TUnitAssertions0005: Assert.That(...) should not be used with a constant value [C:\git\TUnit\TUnit.UnitTests\TUnit.UnitTests.csproj::TargetFramework=net9.0]
C:\git\TUnit\TUnit.Assertions.Tests\ThrowInDelegateValueAssertionTests.cs(11,13): warning CS0162: Unreachable code detected [C:\git\TUnit\TUnit.Assertions.Tests\TUnit.Assertions.Tests.csproj::TargetFramework=net8.0]
C:\git\TUnit\TUnit.Assertions.Tests\ThrowInDelegateValueAssertionTests.cs(33,13): warning CS0162: Unreachable code detected [C:\git\TUnit\TUnit.Assertions.Tests\TUnit.Assertions.Tests.csproj::TargetFramework=net8.0]
C:\git\TUnit\TUnit.Assertions.Tests\ThrowInDelegateValueAssertionTests.cs(47,13): warning CS0162: Unreachable code detected [C:\git\TUnit\TUnit.Assertions.Tests\TUnit.Assertions.Tests.csproj::TargetFramework=net8.0]
C:\git\TUnit\TUnit.Assertions.Tests\ThrowInDelegateValueAssertionTests.cs(61,13): warning CS0162: Unreachable code detected [C:\git\TUnit\TUnit.Assertions.Tests\TUnit.Assertions.Tests.csproj::TargetFramework=net8.0]
C:\git\TUnit\TUnit.Assertions.Tests\ThrowInDelegateValueAssertionTests.cs(79,13): warning CS0162: Unreachable code detected [C:\git\TUnit\TUnit.Assertions.Tests\TUnit.Assertions.Tests.csproj::TargetFramework=net8.0]
C:\git\TUnit\TUnit.Assertions.Tests\ThrowInDelegateValueAssertionTests.cs(97,13): warning CS0162: Unreachable code detected [C:\git\TUnit\TUnit.Assertions.Tests\TUnit.Assertions.Tests.csproj::TargetFramework=net8.0]
C:\git\TUnit\TUnit.Assertions.Tests\LazyEvaluationTests.cs(110,52): warning CS8620: Argument of type 'Func<Task<string>>' cannot be used for parameter 'actualValueProvider' of type 'Func<Task<string?>>' in 'StringEqualToAssertion.StringEqualToAssertion(Func<Task<string?>> actualValueProvider, string? expected)' due to differences in the nullability of reference types. [C:\git\TUnit\TUnit.Assertions.Tests\TUnit.Assertions.Tests.csproj::TargetFramework=net8.0]
C:\git\TUnit\TUnit.Assertions.Tests\Old\DefaultAssertionTests.cs(9,15): warning CS8620: Argument of type 'AssertionBuilder<string?>' cannot be used for parameter 'builder' of type 'AssertionBuilder<string>' in 'CustomAssertion<string> StringAssertionBuilderExtensions.IsDefault(AssertionBuilder<string> builder)' due to differences in the nullability of reference types. [C:\git\TUnit\TUnit.Assertions.Tests\TUnit.Assertions.Tests.csproj::TargetFramework=net8.0]
C:\git\TUnit\TUnit.Assertions.Tests\Old\StringRegexAssertionTests.cs(51,47): warning CS8620: Argument of type 'AssertionBuilder<string?>' cannot be used for parameter 'builder' of type 'AssertionBuilder<string>' in 'CustomAssertion<string> StringAssertionBuilderExtensions.Matches(AssertionBuilder<string> builder, string pattern)' due to differences in the nullability of reference types. [C:\git\TUnit\TUnit.Assertions.Tests\TUnit.Assertions.Tests.csproj::TargetFramework=net8.0]
C:\git\TUnit\TUnit.Assertions.Tests\Old\StringAssertionTests.cs(24,15): warning CS8620: Argument of type 'AssertionBuilder<string?>' cannot be used for parameter 'builder' of type 'AssertionBuilder<string>' in 'CustomAssertion<string> StringAssertionBuilderExtensions.IsNullOrEmpty(AssertionBuilder<string> builder)' due to differences in the nullability of reference types. [C:\git\TUnit\TUnit.Assertions.Tests\TUnit.Assertions.Tests.csproj::TargetFramework=net8.0]
C:\git\TUnit\TUnit.Assertions.Tests\Old\DefaultAssertionTests.cs(62,19): warning CS8620: Argument of type 'AssertionBuilder<string?>' cannot be used for parameter 'builder' of type 'AssertionBuilder<string>' in 'CustomAssertion<string> StringAssertionBuilderExtensions.IsNotDefault(AssertionBuilder<string> builder)' due to differences in the nullability of reference types. [C:\git\TUnit\TUnit.Assertions.Tests\TUnit.Assertions.Tests.csproj::TargetFramework=net8.0]
C:\git\TUnit\TUnit.Assertions.Tests\Old\StringAssertionTests.cs(52,15): warning CS8620: Argument of type 'AssertionBuilder<string?>' cannot be used for parameter 'builder' of type 'AssertionBuilder<string>' in 'CustomAssertion<string> StringAssertionBuilderExtensions.IsNullOrWhitespace(AssertionBuilder<string> builder)' due to differences in the nullability of reference types. [C:\git\TUnit\TUnit.Assertions.Tests\TUnit.Assertions.Tests.csproj::TargetFramework=net8.0]
C:\git\TUnit\TUnit.Assertions.Tests\Old\StringEqualsAssertionTests.cs(42,50): warning CS8604: Possible null reference argument for parameter 'expected' in 'GenericEqualToAssertion<string> AssertionBuilder<string>.IsEqualTo(string expected)'. [C:\git\TUnit\TUnit.Assertions.Tests\TUnit.Assertions.Tests.csproj::TargetFramework=net8.0]
C:\git\TUnit\TUnit.Assertions.Tests\Old\StringEqualsAssertionTests.cs(51,15): warning CS8620: Argument of type 'GenericEqualToAssertion<string?>' cannot be used for parameter 'assertion' of type 'GenericEqualToAssertion<string>' in 'StringEqualToAssertion ChainingExtensions.WithNullAndEmptyEquality(GenericEqualToAssertion<string> assertion)' due to differences in the nullability of reference types. [C:\git\TUnit\TUnit.Assertions.Tests\TUnit.Assertions.Tests.csproj::TargetFramework=net8.0]
C:\git\TUnit\TUnit.Assertions.Tests\Old\StringEqualsAssertionTests.cs(96,117): warning CS8604: Possible null reference argument for parameter 'expected' in 'GenericEqualToAssertion<string> AssertionBuilder<string>.IsEqualTo(string expected)'. [C:\git\TUnit\TUnit.Assertions.Tests\TUnit.Assertions.Tests.csproj::TargetFramework=net8.0]
C:\git\TUnit\TUnit.Assertions.Tests\Old\StringEqualsAssertionTests.cs(105,82): warning CS8620: Argument of type 'GenericEqualToAssertion<string?>' cannot be used for parameter 'assertion' of type 'GenericEqualToAssertion<string>' in 'StringEqualToAssertion ChainingExtensions.WithNullAndEmptyEquality(GenericEqualToAssertion<string> assertion)' due to differences in the nullability of reference types. [C:\git\TUnit\TUnit.Assertions.Tests\TUnit.Assertions.Tests.csproj::TargetFramework=net8.0]
C:\git\TUnit\TUnit.Assertions.Tests\Old\StringRegexAssertionTests.cs(190,47): warning CS8620: Argument of type 'AssertionBuilder<string?>' cannot be used for parameter 'builder' of type 'AssertionBuilder<string>' in 'CustomAssertion<string> StringAssertionBuilderExtensions.DoesNotMatch(AssertionBuilder<string> builder, string pattern)' due to differences in the nullability of reference types. [C:\git\TUnit\TUnit.Assertions.Tests\TUnit.Assertions.Tests.csproj::TargetFramework=net8.0]
C:\git\TUnit\TUnit.Assertions.Tests\ParseAssertionTests.cs(11,15): warning TUnitAssertions0005: Assert.That(...) should not be used with a constant value [C:\git\TUnit\TUnit.Assertions.Tests\TUnit.Assertions.Tests.csproj::TargetFramework=net8.0]
C:\git\TUnit\TUnit.Assertions.Tests\ParseAssertionTests.cs(17,15): warning TUnitAssertions0005: Assert.That(...) should not be used with a constant value [C:\git\TUnit\TUnit.Assertions.Tests\TUnit.Assertions.Tests.csproj::TargetFramework=net8.0]
C:\git\TUnit\TUnit.Assertions.Tests\ParseAssertionTests.cs(23,15): warning TUnitAssertions0005: Assert.That(...) should not be used with a constant value [C:\git\TUnit\TUnit.Assertions.Tests\TUnit.Assertions.Tests.csproj::TargetFramework=net8.0]
C:\git\TUnit\TUnit.Assertions.Tests\ParseAssertionTests.cs(32,15): warning TUnitAssertions0005: Assert.That(...) should not be used with a constant value [C:\git\TUnit\TUnit.Assertions.Tests\TUnit.Assertions.Tests.csproj::TargetFramework=net8.0]
C:\git\TUnit\TUnit.Assertions.Tests\ParseAssertionTests.cs(47,15): warning TUnitAssertions0005: Assert.That(...) should not be used with a constant value [C:\git\TUnit\TUnit.Assertions.Tests\TUnit.Assertions.Tests.csproj::TargetFramework=net8.0]
C:\git\TUnit\TUnit.Assertions.Tests\ParseAssertionTests.cs(40,15): warning TUnitAssertions0005: Assert.That(...) should not be used with a constant value [C:\git\TUnit\TUnit.Assertions.Tests\TUnit.Assertions.Tests.csproj::TargetFramework=net8.0]
C:\git\TUnit\TUnit.Assertions.Tests\ParseAssertionTests.cs(53,15): warning TUnitAssertions0005: Assert.That(...) should not be used with a constant value [C:\git\TUnit\TUnit.Assertions.Tests\TUnit.Assertions.Tests.csproj::TargetFramework=net8.0]
C:\git\TUnit\TUnit.Assertions.Tests\ThrowInDelegateValueAssertionTests.cs(11,13): warning CS0162: Unreachable code detected [C:\git\TUnit\TUnit.Assertions.Tests\TUnit.Assertions.Tests.csproj::TargetFramework=net9.0]
C:\git\TUnit\TUnit.Assertions.Tests\ThrowInDelegateValueAssertionTests.cs(33,13): warning CS0162: Unreachable code detected [C:\git\TUnit\TUnit.Assertions.Tests\TUnit.Assertions.Tests.csproj::TargetFramework=net9.0]
C:\git\TUnit\TUnit.Assertions.Tests\ThrowInDelegateValueAssertionTests.cs(47,13): warning CS0162: Unreachable code detected [C:\git\TUnit\TUnit.Assertions.Tests\TUnit.Assertions.Tests.csproj::TargetFramework=net9.0]
C:\git\TUnit\TUnit.Assertions.Tests\ThrowInDelegateValueAssertionTests.cs(61,13): warning CS0162: Unreachable code detected [C:\git\TUnit\TUnit.Assertions.Tests\TUnit.Assertions.Tests.csproj::TargetFramework=net9.0]
C:\git\TUnit\TUnit.Assertions.Tests\ThrowInDelegateValueAssertionTests.cs(79,13): warning CS0162: Unreachable code detected [C:\git\TUnit\TUnit.Assertions.Tests\TUnit.Assertions.Tests.csproj::TargetFramework=net9.0]
C:\git\TUnit\TUnit.Assertions.Tests\ThrowInDelegateValueAssertionTests.cs(97,13): warning CS0162: Unreachable code detected [C:\git\TUnit\TUnit.Assertions.Tests\TUnit.Assertions.Tests.csproj::TargetFramework=net9.0]
C:\git\TUnit\TUnit.Assertions.Tests\LazyEvaluationTests.cs(110,52): warning CS8620: Argument of type 'Func<Task<string>>' cannot be used for parameter 'actualValueProvider' of type 'Func<Task<string?>>' in 'StringEqualToAssertion.StringEqualToAssertion(Func<Task<string?>> actualValueProvider, string? expected)' due to differences in the nullability of reference types. [C:\git\TUnit\TUnit.Assertions.Tests\TUnit.Assertions.Tests.csproj::TargetFramework=net9.0]
C:\git\TUnit\TUnit.Assertions.Tests\Old\DefaultAssertionTests.cs(9,15): warning CS8620: Argument of type 'AssertionBuilder<string?>' cannot be used for parameter 'builder' of type 'AssertionBuilder<string>' in 'CustomAssertion<string> StringAssertionBuilderExtensions.IsDefault(AssertionBuilder<string> builder)' due to differences in the nullability of reference types. [C:\git\TUnit\TUnit.Assertions.Tests\TUnit.Assertions.Tests.csproj::TargetFramework=net9.0]
C:\git\TUnit\TUnit.Assertions.Tests\Old\StringRegexAssertionTests.cs(51,47): warning CS8620: Argument of type 'AssertionBuilder<string?>' cannot be used for parameter 'builder' of type 'AssertionBuilder<string>' in 'CustomAssertion<string> StringAssertionBuilderExtensions.Matches(AssertionBuilder<string> builder, string pattern)' due to differences in the nullability of reference types. [C:\git\TUnit\TUnit.Assertions.Tests\TUnit.Assertions.Tests.csproj::TargetFramework=net9.0]
C:\git\TUnit\TUnit.Assertions.Tests\Old\StringAssertionTests.cs(24,15): warning CS8620: Argument of type 'AssertionBuilder<string?>' cannot be used for parameter 'builder' of type 'AssertionBuilder<string>' in 'CustomAssertion<string> StringAssertionBuilderExtensions.IsNullOrEmpty(AssertionBuilder<string> builder)' due to differences in the nullability of reference types. [C:\git\TUnit\TUnit.Assertions.Tests\TUnit.Assertions.Tests.csproj::TargetFramework=net9.0]
C:\git\TUnit\TUnit.Assertions.Tests\Old\DefaultAssertionTests.cs(62,19): warning CS8620: Argument of type 'AssertionBuilder<string?>' cannot be used for parameter 'builder' of type 'AssertionBuilder<string>' in 'CustomAssertion<string> StringAssertionBuilderExtensions.IsNotDefault(AssertionBuilder<string> builder)' due to differences in the nullability of reference types. [C:\git\TUnit\TUnit.Assertions.Tests\TUnit.Assertions.Tests.csproj::TargetFramework=net9.0]
C:\git\TUnit\TUnit.Assertions.Tests\Old\StringEqualsAssertionTests.cs(42,50): warning CS8604: Possible null reference argument for parameter 'expected' in 'GenericEqualToAssertion<string> AssertionBuilder<string>.IsEqualTo(string expected)'. [C:\git\TUnit\TUnit.Assertions.Tests\TUnit.Assertions.Tests.csproj::TargetFramework=net9.0]
C:\git\TUnit\TUnit.Assertions.Tests\Old\StringEqualsAssertionTests.cs(51,15): warning CS8620: Argument of type 'GenericEqualToAssertion<string?>' cannot be used for parameter 'assertion' of type 'GenericEqualToAssertion<string>' in 'StringEqualToAssertion ChainingExtensions.WithNullAndEmptyEquality(GenericEqualToAssertion<string> assertion)' due to differences in the nullability of reference types. [C:\git\TUnit\TUnit.Assertions.Tests\TUnit.Assertions.Tests.csproj::TargetFramework=net9.0]
C:\git\TUnit\TUnit.Assertions.Tests\Old\StringAssertionTests.cs(52,15): warning CS8620: Argument of type 'AssertionBuilder<string?>' cannot be used for parameter 'builder' of type 'AssertionBuilder<string>' in 'CustomAssertion<string> StringAssertionBuilderExtensions.IsNullOrWhitespace(AssertionBuilder<string> builder)' due to differences in the nullability of reference types. [C:\git\TUnit\TUnit.Assertions.Tests\TUnit.Assertions.Tests.csproj::TargetFramework=net9.0]
C:\git\TUnit\TUnit.Assertions.Tests\Old\StringRegexAssertionTests.cs(190,47): warning CS8620: Argument of type 'AssertionBuilder<string?>' cannot be used for parameter 'builder' of type 'AssertionBuilder<string>' in 'CustomAssertion<string> StringAssertionBuilderExtensions.DoesNotMatch(AssertionBuilder<string> builder, string pattern)' due to differences in the nullability of reference types. [C:\git\TUnit\TUnit.Assertions.Tests\TUnit.Assertions.Tests.csproj::TargetFramework=net9.0]
C:\git\TUnit\TUnit.Assertions.Tests\Old\StringEqualsAssertionTests.cs(96,117): warning CS8604: Possible null reference argument for parameter 'expected' in 'GenericEqualToAssertion<string> AssertionBuilder<string>.IsEqualTo(string expected)'. [C:\git\TUnit\TUnit.Assertions.Tests\TUnit.Assertions.Tests.csproj::TargetFramework=net9.0]
C:\git\TUnit\TUnit.Assertions.Tests\Old\StringEqualsAssertionTests.cs(105,82): warning CS8620: Argument of type 'GenericEqualToAssertion<string?>' cannot be used for parameter 'assertion' of type 'GenericEqualToAssertion<string>' in 'StringEqualToAssertion ChainingExtensions.WithNullAndEmptyEquality(GenericEqualToAssertion<string> assertion)' due to differences in the nullability of reference types. [C:\git\TUnit\TUnit.Assertions.Tests\TUnit.Assertions.Tests.csproj::TargetFramework=net9.0]
C:\git\TUnit\TUnit.Assertions.Tests\ParseAssertionTests.cs(11,15): warning TUnitAssertions0005: Assert.That(...) should not be used with a constant value [C:\git\TUnit\TUnit.Assertions.Tests\TUnit.Assertions.Tests.csproj::TargetFramework=net9.0]
C:\git\TUnit\TUnit.Assertions.Tests\ParseAssertionTests.cs(17,15): warning TUnitAssertions0005: Assert.That(...) should not be used with a constant value [C:\git\TUnit\TUnit.Assertions.Tests\TUnit.Assertions.Tests.csproj::TargetFramework=net9.0]
C:\git\TUnit\TUnit.Assertions.Tests\ParseAssertionTests.cs(23,15): warning TUnitAssertions0005: Assert.That(...) should not be used with a constant value [C:\git\TUnit\TUnit.Assertions.Tests\TUnit.Assertions.Tests.csproj::TargetFramework=net9.0]
C:\git\TUnit\TUnit.Assertions.Tests\ParseAssertionTests.cs(32,15): warning TUnitAssertions0005: Assert.That(...) should not be used with a constant value [C:\git\TUnit\TUnit.Assertions.Tests\TUnit.Assertions.Tests.csproj::TargetFramework=net9.0]
C:\git\TUnit\TUnit.Assertions.Tests\ParseAssertionTests.cs(53,15): warning TUnitAssertions0005: Assert.That(...) should not be used with a constant value [C:\git\TUnit\TUnit.Assertions.Tests\TUnit.Assertions.Tests.csproj::TargetFramework=net9.0]
C:\git\TUnit\TUnit.Assertions.Tests\ParseAssertionTests.cs(40,15): warning TUnitAssertions0005: Assert.That(...) should not be used with a constant value [C:\git\TUnit\TUnit.Assertions.Tests\TUnit.Assertions.Tests.csproj::TargetFramework=net9.0]
C:\git\TUnit\TUnit.Assertions.Tests\ParseAssertionTests.cs(47,15): warning TUnitAssertions0005: Assert.That(...) should not be used with a constant value [C:\git\TUnit\TUnit.Assertions.Tests\TUnit.Assertions.Tests.csproj::TargetFramework=net9.0]
C:\git\TUnit\TUnit.TestProject\AbstractBaseClassPropertyInjectionTests.cs(20,27): warning CS8602: Dereference of a possibly null reference. [C:\git\TUnit\TUnit.TestProject\TUnit.TestProject.csproj::TargetFramework=net472]
C:\git\TUnit\TUnit.TestProject\Tests.cs(13,15): warning CS8620: Argument of type 'AssertionBuilder<string?>' cannot be used for parameter 'builder' of type 'AssertionBuilder<string>' in 'StringEqualToAssertion StringAssertionBuilderExtensions.IsEqualTo(AssertionBuilder<string> builder, string? expected, StringComparison comparison)' due to differences in the nullability of reference types. [C:\git\TUnit\TUnit.TestProject\TUnit.TestProject.csproj::TargetFramework=net472]
C:\git\TUnit\TUnit.TestProject\SourceGeneratedViewer\TUnit.Core.SourceGenerator\TUnit.Core.SourceGenerator.Generators.PropertyInjectionSourceGenerator\TUnit_TestProject_PropertyInitializationTests_PropertyInjection.g.cs(39,86): warning CS8669: The annotation for nullable reference types should only be used in code within a '#nullable' annotations context. Auto-generated code requires an explicit '#nullable' directive in source. [C:\git\TUnit\TUnit.TestProject\TUnit.TestProject.csproj::TargetFramework=net472]
C:\git\TUnit\TUnit.TestProject\SourceGeneratedViewer\TUnit.Core.SourceGenerator\TUnit.Core.SourceGenerator.Generators.PropertyInjectionSourceGenerator\TUnit_TestProject_PropertyInitializationTests_PropertyInjection.g.cs(56,97): warning CS8669: The annotation for nullable reference types should only be used in code within a '#nullable' annotations context. Auto-generated code requires an explicit '#nullable' directive in source. [C:\git\TUnit\TUnit.TestProject\TUnit.TestProject.csproj::TargetFramework=net472]
C:\git\TUnit\TUnit.TestProject\AsyncDataSourceExampleTests.cs(7,67): warning CS1998: This async method lacks 'await' operators and will run synchronously. Consider using the 'await' operator to await non-blocking API calls, or 'await Task.Run(...)' to do CPU-bound work on a background thread. [C:\git\TUnit\TUnit.TestProject\TUnit.TestProject.csproj::TargetFramework=net472]
C:\git\TUnit\TUnit.TestProject\AsyncDataSourceExampleTests.cs(59,71): warning CS1998: This async method lacks 'await' operators and will run synchronously. Consider using the 'await' operator to await non-blocking API calls, or 'await Task.Run(...)' to do CPU-bound work on a background thread. [C:\git\TUnit\TUnit.TestProject\TUnit.TestProject.csproj::TargetFramework=net472]
C:\git\TUnit\TUnit.TestProject\TestCountVerificationTests.cs(6,45): warning CS9113: Parameter 'value' is unread. [C:\git\TUnit\TUnit.TestProject\TUnit.TestProject.csproj::TargetFramework=net472]
C:\git\TUnit\TUnit.TestProject\TestContextIsolationTests.cs(307,15): warning CS8634: The type 'TUnit.Core.TestContext?' cannot be used as type parameter 'TActual' in the generic type or method 'ReferenceAssertionBuilderExtensions.IsSameReferenceAs<TActual>(AssertionBuilder<TActual>, TActual?)'. Nullability of type argument 'TUnit.Core.TestContext?' doesn't match 'class' constraint. [C:\git\TUnit\TUnit.TestProject\TUnit.TestProject.csproj::TargetFramework=net472]
C:\git\TUnit\TUnit.TestProject\TestContextIsolationTests.cs(317,15): warning CS8634: The type 'TUnit.Core.TestContext?' cannot be used as type parameter 'TActual' in the generic type or method 'ReferenceAssertionBuilderExtensions.IsSameReferenceAs<TActual>(AssertionBuilder<TActual>, TActual?)'. Nullability of type argument 'TUnit.Core.TestContext?' doesn't match 'class' constraint. [C:\git\TUnit\TUnit.TestProject\TUnit.TestProject.csproj::TargetFramework=net472]
C:\git\TUnit\TUnit.TestProject\TestContextIsolationTests.cs(318,15): warning CS8634: The type 'TUnit.Core.TestContext?' cannot be used as type parameter 'TActual' in the generic type or method 'ReferenceAssertionBuilderExtensions.IsSameReferenceAs<TActual>(AssertionBuilder<TActual>, TActual?)'. Nullability of type argument 'TUnit.Core.TestContext?' doesn't match 'class' constraint. [C:\git\TUnit\TUnit.TestProject\TUnit.TestProject.csproj::TargetFramework=net472]
C:\git\TUnit\TUnit.TestProject\TestContextIsolationTests.cs(263,15): warning CS8634: The type 'TUnit.Core.TestContext?' cannot be used as type parameter 'TActual' in the generic type or method 'ReferenceAssertionBuilderExtensions.IsSameReferenceAs<TActual>(AssertionBuilder<TActual>, TActual?)'. Nullability of type argument 'TUnit.Core.TestContext?' doesn't match 'class' constraint. [C:\git\TUnit\TUnit.TestProject\TUnit.TestProject.csproj::TargetFramework=net472]
C:\git\TUnit\TUnit.TestProject\TestContextIsolationTests.cs(159,15): warning CS8634: The type 'TUnit.Core.TestContext?' cannot be used as type parameter 'TActual' in the generic type or method 'ReferenceAssertionBuilderExtensions.IsSameReferenceAs<TActual>(AssertionBuilder<TActual>, TActual?)'. Nullability of type argument 'TUnit.Core.TestContext?' doesn't match 'class' constraint. [C:\git\TUnit\TUnit.TestProject\TUnit.TestProject.csproj::TargetFramework=net472]
C:\git\TUnit\TUnit.TestProject\TestContextIsolationTests.cs(174,15): warning CS8634: The type 'TUnit.Core.TestContext?' cannot be used as type parameter 'TActual' in the generic type or method 'ReferenceAssertionBuilderExtensions.IsSameReferenceAs<TActual>(AssertionBuilder<TActual>, TActual?)'. Nullability of type argument 'TUnit.Core.TestContext?' doesn't match 'class' constraint. [C:\git\TUnit\TUnit.TestProject\TUnit.TestProject.csproj::TargetFramework=net472]
C:\git\TUnit\TUnit.TestProject\TestContextIsolationTests.cs(180,15): warning CS8634: The type 'TUnit.Core.TestContext?' cannot be used as type parameter 'TActual' in the generic type or method 'ReferenceAssertionBuilderExtensions.IsSameReferenceAs<TActual>(AssertionBuilder<TActual>, TActual?)'. Nullability of type argument 'TUnit.Core.TestContext?' doesn't match 'class' constraint. [C:\git\TUnit\TUnit.TestProject\TUnit.TestProject.csproj::TargetFramework=net472]
C:\git\TUnit\TUnit.TestProject\TestContextIsolationTests.cs(185,19): warning CS8634: The type 'TUnit.Core.TestContext?' cannot be used as type parameter 'TActual' in the generic type or method 'ReferenceAssertionBuilderExtensions.IsSameReferenceAs<TActual>(AssertionBuilder<TActual>, TActual?)'. Nullability of type argument 'TUnit.Core.TestContext?' doesn't match 'class' constraint. [C:\git\TUnit\TUnit.TestProject\TUnit.TestProject.csproj::TargetFramework=net472]
C:\git\TUnit\TUnit.TestProject\TestContextIsolationTests.cs(187,19): warning CS8634: The type 'TUnit.Core.TestContext?' cannot be used as type parameter 'TActual' in the generic type or method 'ReferenceAssertionBuilderExtensions.IsSameReferenceAs<TActual>(AssertionBuilder<TActual>, TActual?)'. Nullability of type argument 'TUnit.Core.TestContext?' doesn't match 'class' constraint. [C:\git\TUnit\TUnit.TestProject\TUnit.TestProject.csproj::TargetFramework=net472]
C:\git\TUnit\TUnit.TestProject\TestContextIsolationTests.cs(190,15): warning CS8634: The type 'TUnit.Core.TestContext?' cannot be used as type parameter 'TActual' in the generic type or method 'ReferenceAssertionBuilderExtensions.IsSameReferenceAs<TActual>(AssertionBuilder<TActual>, TActual?)'. Nullability of type argument 'TUnit.Core.TestContext?' doesn't match 'class' constraint. [C:\git\TUnit\TUnit.TestProject\TUnit.TestProject.csproj::TargetFramework=net472]
C:\git\TUnit\TUnit.TestProject\Bugs\1570\Tests.cs(21,23): warning CS1998: This async method lacks 'await' operators and will run synchronously. Consider using the 'await' operator to await non-blocking API calls, or 'await Task.Run(...)' to do CPU-bound work on a background thread. [C:\git\TUnit\TUnit.TestProject\TUnit.TestProject.csproj::TargetFramework=net472]
C:\git\TUnit\TUnit.TestProject\Bugs\_2804\MultipleAfterHooksFailureTests.cs(254,9): warning CS0162: Unreachable code detected [C:\git\TUnit\TUnit.TestProject\TUnit.TestProject.csproj::TargetFramework=net472]
C:\git\TUnit\TUnit.TestProject\Bugs\_2804\MultipleAfterHooksFailureTests.cs(269,9): warning CS0162: Unreachable code detected [C:\git\TUnit\TUnit.TestProject\TUnit.TestProject.csproj::TargetFramework=net472]
C:\git\TUnit\TUnit.TestProject\Bugs\_2804\MultipleAfterHooksFailureTests.cs(285,9): warning CS0162: Unreachable code detected [C:\git\TUnit\TUnit.TestProject\TUnit.TestProject.csproj::TargetFramework=net472]
C:\git\TUnit\TUnit.TestProject\Bugs\1914\SyncHookTests.cs(52,9): warning CS0162: Unreachable code detected [C:\git\TUnit\TUnit.TestProject\TUnit.TestProject.csproj::TargetFramework=net472]
C:\git\TUnit\TUnit.TestProject\Bugs\1914\SyncHookTests.cs(69,9): warning CS0162: Unreachable code detected [C:\git\TUnit\TUnit.TestProject\TUnit.TestProject.csproj::TargetFramework=net472]
C:\git\TUnit\TUnit.TestProject\Bugs\1914\AsyncHookTests.cs(53,9): warning CS0162: Unreachable code detected [C:\git\TUnit\TUnit.TestProject\TUnit.TestProject.csproj::TargetFramework=net472]
C:\git\TUnit\TUnit.TestProject\Bugs\1914\SyncHookTests.cs(86,9): warning CS0162: Unreachable code detected [C:\git\TUnit\TUnit.TestProject\TUnit.TestProject.csproj::TargetFramework=net472]
C:\git\TUnit\TUnit.TestProject\Bugs\1914\AsyncHookTests.cs(71,9): warning CS0162: Unreachable code detected [C:\git\TUnit\TUnit.TestProject\TUnit.TestProject.csproj::TargetFramework=net472]
C:\git\TUnit\TUnit.TestProject\TestContextIsolationTests.cs(197,15): warning CS8634: The type 'TUnit.Core.TestContext?' cannot be used as type parameter 'TActual' in the generic type or method 'ReferenceAssertionBuilderExtensions.IsSameReferenceAs<TActual>(AssertionBuilder<TActual>, TActual?)'. Nullability of type argument 'TUnit.Core.TestContext?' doesn't match 'class' constraint. [C:\git\TUnit\TUnit.TestProject\TUnit.TestProject.csproj::TargetFramework=net472]
C:\git\TUnit\TUnit.TestProject\TestContextIsolationTests.cs(202,19): warning CS8634: The type 'TUnit.Core.TestContext?' cannot be used as type parameter 'TActual' in the generic type or method 'ReferenceAssertionBuilderExtensions.IsSameReferenceAs<TActual>(AssertionBuilder<TActual>, TActual?)'. Nullability of type argument 'TUnit.Core.TestContext?' doesn't match 'class' constraint. [C:\git\TUnit\TUnit.TestProject\TUnit.TestProject.csproj::TargetFramework=net472]
C:\git\TUnit\TUnit.TestProject\TestContextIsolationTests.cs(206,15): warning CS8634: The type 'TUnit.Core.TestContext?' cannot be used as type parameter 'TActual' in the generic type or method 'ReferenceAssertionBuilderExtensions.IsSameReferenceAs<TActual>(AssertionBuilder<TActual>, TActual?)'. Nullability of type argument 'TUnit.Core.TestContext?' doesn't match 'class' constraint. [C:\git\TUnit\TUnit.TestProject\TUnit.TestProject.csproj::TargetFramework=net472]
C:\git\TUnit\TUnit.TestProject\Bugs\1914\SyncHookTests.cs(112,9): warning CS0162: Unreachable code detected [C:\git\TUnit\TUnit.TestProject\TUnit.TestProject.csproj::TargetFramework=net472]
C:\git\TUnit\TUnit.TestProject\Bugs\1914\AsyncHookTests.cs(89,9): warning CS0162: Unreachable code detected [C:\git\TUnit\TUnit.TestProject\TUnit.TestProject.csproj::TargetFramework=net472]
C:\git\TUnit\TUnit.TestProject\Bugs\1914\SyncHookTests.cs(138,9): warning CS0162: Unreachable code detected [C:\git\TUnit\TUnit.TestProject\TUnit.TestProject.csproj::TargetFramework=net472]
C:\git\TUnit\TUnit.TestProject\Bugs\1914\AsyncHookTests.cs(112,9): warning CS0162: Unreachable code detected [C:\git\TUnit\TUnit.TestProject\TUnit.TestProject.csproj::TargetFramework=net472]
C:\git\TUnit\TUnit.TestProject\Bugs\1914\SyncHookTests.cs(171,9): warning CS0162: Unreachable code detected [C:\git\TUnit\TUnit.TestProject\TUnit.TestProject.csproj::TargetFramework=net472]
C:\git\TUnit\TUnit.TestProject\TestContextIsolationTests.cs(51,15): warning CS8634: The type 'TUnit.Core.TestContext?' cannot be used as type parameter 'TActual' in the generic type or method 'ReferenceAssertionBuilderExtensions.IsSameReferenceAs<TActual>(AssertionBuilder<TActual>, TActual?)'. Nullability of type argument 'TUnit.Core.TestContext?' doesn't match 'class' constraint. [C:\git\TUnit\TUnit.TestProject\TUnit.TestProject.csproj::TargetFramework=net472]
C:\git\TUnit\TUnit.TestProject\TestContextIsolationTests.cs(55,59): warning CS8604: Possible null reference argument for parameter 'expected' in 'GenericEqualToAssertion<string> AssertionBuilder<string>.IsEqualTo(string expected)'. [C:\git\TUnit\TUnit.TestProject\TUnit.TestProject.csproj::TargetFramework=net472]
C:\git\TUnit\TUnit.TestProject\Bugs\1914\AsyncHookTests.cs(135,9): warning CS0162: Unreachable code detected [C:\git\TUnit\TUnit.TestProject\TUnit.TestProject.csproj::TargetFramework=net472]
C:\git\TUnit\TUnit.TestProject\Bugs\1914\SyncHookTests.cs(204,9): warning CS0162: Unreachable code detected [C:\git\TUnit\TUnit.TestProject\TUnit.TestProject.csproj::TargetFramework=net472]
C:\git\TUnit\TUnit.TestProject\Bugs\1914\AsyncHookTests.cs(163,9): warning CS0162: Unreachable code detected [C:\git\TUnit\TUnit.TestProject\TUnit.TestProject.csproj::TargetFramework=net472]
C:\git\TUnit\TUnit.TestProject\TestContextIsolationTests.cs(81,15): warning CS8634: The type 'TUnit.Core.TestContext?' cannot be used as type parameter 'TActual' in the generic type or method 'ReferenceAssertionBuilderExtensions.IsSameReferenceAs<TActual>(AssertionBuilder<TActual>, TActual?)'. Nullability of type argument 'TUnit.Core.TestContext?' doesn't match 'class' constraint. [C:\git\TUnit\TUnit.TestProject\TUnit.TestProject.csproj::TargetFramework=net472]
C:\git\TUnit\TUnit.TestProject\TestContextIsolationTests.cs(83,59): warning CS8604: Possible null reference argument for parameter 'expected' in 'GenericEqualToAssertion<string> AssertionBuilder<string>.IsEqualTo(string expected)'. [C:\git\TUnit\TUnit.TestProject\TUnit.TestProject.csproj::TargetFramework=net472]
C:\git\TUnit\TUnit.TestProject\Bugs\1914\SyncHookTests.cs(244,9): warning CS0162: Unreachable code detected [C:\git\TUnit\TUnit.TestProject\TUnit.TestProject.csproj::TargetFramework=net472]
C:\git\TUnit\TUnit.TestProject\Bugs\1914\AsyncHookTests.cs(191,9): warning CS0162: Unreachable code detected [C:\git\TUnit\TUnit.TestProject\TUnit.TestProject.csproj::TargetFramework=net472]
C:\git\TUnit\TUnit.TestProject\TestContextIsolationTests.cs(105,15): warning CS8634: The type 'TUnit.Core.TestContext?' cannot be used as type parameter 'TActual' in the generic type or method 'ReferenceAssertionBuilderExtensions.IsSameReferenceAs<TActual>(AssertionBuilder<TActual>, TActual?)'. Nullability of type argument 'TUnit.Core.TestContext?' doesn't match 'class' constraint. [C:\git\TUnit\TUnit.TestProject\TUnit.TestProject.csproj::TargetFramework=net472]
C:\git\TUnit\TUnit.TestProject\TestContextIsolationTests.cs(107,59): warning CS8604: Possible null reference argument for parameter 'expected' in 'GenericEqualToAssertion<string> AssertionBuilder<string>.IsEqualTo(string expected)'. [C:\git\TUnit\TUnit.TestProject\TUnit.TestProject.csproj::TargetFramework=net472]
C:\git\TUnit\TUnit.TestProject\Bugs\1914\SyncHookTests.cs(293,9): warning CS0162: Unreachable code detected [C:\git\TUnit\TUnit.TestProject\TUnit.TestProject.csproj::TargetFramework=net472]
C:\git\TUnit\TUnit.TestProject\Bugs\1914\AsyncHookTests.cs(224,9): warning CS0162: Unreachable code detected [C:\git\TUnit\TUnit.TestProject\TUnit.TestProject.csproj::TargetFramework=net472]
C:\git\TUnit\TUnit.TestProject\Bugs\1914\AsyncHookTests.cs(266,9): warning CS0162: Unreachable code detected [C:\git\TUnit\TUnit.TestProject\TUnit.TestProject.csproj::TargetFramework=net472]
C:\git\TUnit\TUnit.TestProject\ClassDataSourceEnumerableTest.cs(6,51): warning CS9113: Parameter 'value' is unread. [C:\git\TUnit\TUnit.TestProject\TUnit.TestProject.csproj::TargetFramework=net472]
C:\git\TUnit\TUnit.TestProject\Bugs\2955\InheritedDataSourceTests.cs(68,27): warning CS8602: Dereference of a possibly null reference. [C:\git\TUnit\TUnit.TestProject\TUnit.TestProject.csproj::TargetFramework=net472]
C:\git\TUnit\TUnit.TestProject\Bugs\Issue2993\ImplicitConversionTests.cs(27,35): warning CS8600: Converting null literal or possible null value to non-nullable type. [C:\git\TUnit\TUnit.TestProject\TUnit.TestProject.csproj::TargetFramework=net472]
C:\git\TUnit\TUnit.TestProject\Bugs\Issue2887\ReproTest.cs(16,54): warning CS9113: Parameter 'serviceProvider' is unread. [C:\git\TUnit\TUnit.TestProject\TUnit.TestProject.csproj::TargetFramework=net472]
C:\git\TUnit\TUnit.TestProject\ClassDisplayNameAttributeTests.cs(23,57): warning CS9113: Parameter 'value' is unread. [C:\git\TUnit\TUnit.TestProject\TUnit.TestProject.csproj::TargetFramework=net472]
C:\git\TUnit\TUnit.TestProject\SimpleGenericTests.cs(58,47): warning CS8604: Possible null reference argument for parameter 'expected' in 'GenericNotEqualToAssertion<T> AssertionBuilder<T>.IsNotEqualTo(T expected)'. [C:\git\TUnit\TUnit.TestProject\TUnit.TestProject.csproj::TargetFramework=net472]
C:\git\TUnit\TUnit.TestProject\SimpleGenericTests.cs(59,53): warning CS8604: Possible null reference argument for parameter 'expected' in 'GenericNotEqualToAssertion<T2> AssertionBuilder<T2>.IsNotEqualTo(T2 expected)'. [C:\git\TUnit\TUnit.TestProject\TUnit.TestProject.csproj::TargetFramework=net472]
C:\git\TUnit\TUnit.TestProject\SimpleGenericTests.cs(42,47): warning CS8604: Possible null reference argument for parameter 'expected' in 'GenericNotEqualToAssertion<T> AssertionBuilder<T>.IsNotEqualTo(T expected)'. [C:\git\TUnit\TUnit.TestProject\TUnit.TestProject.csproj::TargetFramework=net472]
C:\git\TUnit\TUnit.TestProject\SimpleGenericTests.cs(26,47): warning CS8604: Possible null reference argument for parameter 'expected' in 'GenericNotEqualToAssertion<T> AssertionBuilder<T>.IsNotEqualTo(T expected)'. [C:\git\TUnit\TUnit.TestProject\TUnit.TestProject.csproj::TargetFramework=net472]
C:\git\TUnit\TUnit.TestProject\SimpleGenericTests.cs(13,47): warning CS8604: Possible null reference argument for parameter 'expected' in 'GenericNotEqualToAssertion<T> AssertionBuilder<T>.IsNotEqualTo(T expected)'. [C:\git\TUnit\TUnit.TestProject\TUnit.TestProject.csproj::TargetFramework=net472]
C:\git\TUnit\TUnit.TestProject\ComprehensiveCountTest.cs(8,44): warning CS9113: Parameter 'classValue' is unread. [C:\git\TUnit\TUnit.TestProject\TUnit.TestProject.csproj::TargetFramework=net472]
C:\git\TUnit\TUnit.TestProject\PropertyInitializationTests.cs(108,91): warning CS1998: This async method lacks 'await' operators and will run synchronously. Consider using the 'await' operator to await non-blocking API calls, or 'await Task.Run(...)' to do CPU-bound work on a background thread. [C:\git\TUnit\TUnit.TestProject\TUnit.TestProject.csproj::TargetFramework=net472]
C:\git\TUnit\TUnit.TestProject\PropertyInitializationTests.cs(98,82): warning CS1998: This async method lacks 'await' operators and will run synchronously. Consider using the 'await' operator to await non-blocking API calls, or 'await Task.Run(...)' to do CPU-bound work on a background thread. [C:\git\TUnit\TUnit.TestProject\TUnit.TestProject.csproj::TargetFramework=net472]
C:\git\TUnit\TUnit.TestProject\CombinedParallelConstraintsTests.cs(253,17): warning CS0219: The variable 'hasOverlap' is assigned but its value is never used [C:\git\TUnit\TUnit.TestProject\TUnit.TestProject.csproj::TargetFramework=net472]
C:\git\TUnit\TUnit.TestProject\DynamicallyRegisteredTests.cs(58,19): warning CS0618: 'TestContext.ReregisterTestWithArguments(object?[]?, Dictionary<string, object?>?)' is obsolete: 'This method is non-functional after the removal of ITestFinder. It will be removed in a future version.' [C:\git\TUnit\TUnit.TestProject\TUnit.TestProject.csproj::TargetFramework=net472]
C:\git\TUnit\TUnit.TestProject\NotInParallelExecutionTests.cs(28,25): warning CS8602: Dereference of a possibly null reference. [C:\git\TUnit\TUnit.TestProject\TUnit.TestProject.csproj::TargetFramework=net472]
C:\git\TUnit\TUnit.TestProject\NotInParallelExecutionTests.cs(53,30): warning CS8602: Dereference of a possibly null reference. [C:\git\TUnit\TUnit.TestProject\TUnit.TestProject.csproj::TargetFramework=net472]
C:\git\TUnit\TUnit.TestProject\NestedClassDataSourceDrivenTests2.cs(33,36): warning CS8618: Non-nullable property 'InnerClass' must contain a non-null value when exiting constructor. Consider adding the 'required' modifier or declaring the property as nullable. [C:\git\TUnit\TUnit.TestProject\TUnit.TestProject.csproj::TargetFramework=net472]
C:\git\TUnit\TUnit.TestProject\MixedDataSourceBugTest.cs(5,41): warning CS9113: Parameter 'classValue' is unread. [C:\git\TUnit\TUnit.TestProject\TUnit.TestProject.csproj::TargetFramework=net472]
C:\git\TUnit\TUnit.TestProject\NestedClassDataSourceDrivenTests3.cs(130,36): warning CS8618: Non-nullable property 'InnerClass' must contain a non-null value when exiting constructor. Consider adding the 'required' modifier or declaring the property as nullable. [C:\git\TUnit\TUnit.TestProject\TUnit.TestProject.csproj::TargetFramework=net472]
C:\git\TUnit\TUnit.TestProject\NestedClassDataSourceDrivenTests3.cs(100,36): warning CS8618: Non-nullable property 'InnerClass' must contain a non-null value when exiting constructor. Consider adding the 'required' modifier or declaring the property as nullable. [C:\git\TUnit\TUnit.TestProject\TUnit.TestProject.csproj::TargetFramework=net472]
C:\git\TUnit\TUnit.TestProject\NestedClassDataSourceDrivenTests3.cs(61,36): warning CS8618: Non-nullable property 'InnerClass' must contain a non-null value when exiting constructor. Consider adding the 'required' modifier or declaring the property as nullable. [C:\git\TUnit\TUnit.TestProject\TUnit.TestProject.csproj::TargetFramework=net472]
C:\git\TUnit\TUnit.TestProject\NestedClassDataSourceDrivenTests3.cs(34,36): warning CS8618: Non-nullable property 'InnerClass' must contain a non-null value when exiting constructor. Consider adding the 'required' modifier or declaring the property as nullable. [C:\git\TUnit\TUnit.TestProject\TUnit.TestProject.csproj::TargetFramework=net472]
C:\git\TUnit\TUnit.TestProject\GenericConstraintValidationTests.cs(173,47): warning CS8604: Possible null reference argument for parameter 'expected' in 'GenericNotEqualToAssertion<T> AssertionBuilder<T>.IsNotEqualTo(T expected)'. [C:\git\TUnit\TUnit.TestProject\TUnit.TestProject.csproj::TargetFramework=net472]
C:\git\TUnit\TUnit.TestProject\GenericConstraintValidationTests.cs(160,51): warning CS8625: Cannot convert null literal to non-nullable reference type. [C:\git\TUnit\TUnit.TestProject\TUnit.TestProject.csproj::TargetFramework=net472]
C:\git\TUnit\TUnit.TestProject\GenericConstraintValidationTests.cs(66,47): warning CS8625: Cannot convert null literal to non-nullable reference type. [C:\git\TUnit\TUnit.TestProject\TUnit.TestProject.csproj::TargetFramework=net472]
C:\git\TUnit\TUnit.TestProject\GenericConstraintValidationTests.cs(126,47): warning CS8604: Possible null reference argument for parameter 'expected' in 'GenericNotEqualToAssertion<T> AssertionBuilder<T>.IsNotEqualTo(T expected)'. [C:\git\TUnit\TUnit.TestProject\TUnit.TestProject.csproj::TargetFramework=net472]
C:\git\TUnit\TUnit.TestProject\Bugs\_2804\HookCleanupOnFailureTests.cs(16,24): warning CS0414: The field 'HookCleanupOnFailureTests._beforeAssemblyCount' is assigned but its value is never used [C:\git\TUnit\TUnit.TestProject\TUnit.TestProject.csproj::TargetFramework=net472]
C:\git\TUnit\TUnit.TestProject\Bugs\_2804\MultipleAfterHooksFailureTests.cs(124,25): warning CS0414: The field 'MultipleAfterClassHooksTests._testsExecuted' is assigned but its value is never used [C:\git\TUnit\TUnit.TestProject\TUnit.TestProject.csproj::TargetFramework=net472]
C:\git\TUnit\TUnit.TestProject\Bugs\_2804\HookExceptionHandlingTests.cs(14,25): warning CS0414: The field 'HookExceptionHandlingTests._afterAssemblyExecuted' is assigned but its value is never used [C:\git\TUnit\TUnit.TestProject\TUnit.TestProject.csproj::TargetFramework=net472]
C:\git\TUnit\TUnit.TestProject\Bugs\_2804\HookCleanupOnFailureTests.cs(17,24): warning CS0414: The field 'HookCleanupOnFailureTests._afterAssemblyCount' is assigned but its value is never used [C:\git\TUnit\TUnit.TestProject\TUnit.TestProject.csproj::TargetFramework=net472]
C:\git\TUnit\TUnit.TestProject\DynamicTests\Runtime.cs(13,17): warning TUnit0014: Public method missing [Test] attribute - add attribute or make method private/protected [C:\git\TUnit\TUnit.TestProject\TUnit.TestProject.csproj::TargetFramework=net472]
C:\git\TUnit\TUnit.TestProject\CallEventReceiverTests.cs(34,28): warning TUnit0014: Public method missing [Test] attribute - add attribute or make method private/protected [C:\git\TUnit\TUnit.TestProject\TUnit.TestProject.csproj::TargetFramework=net472]
C:\git\TUnit\TUnit.TestProject\VerifyFixTest.cs(11,27): warning TUnit0300: Generic test method with data source may not be AOT-compatible. All generic type combinations must be known at compile time. [C:\git\TUnit\TUnit.TestProject\TUnit.TestProject.csproj::TargetFramework=net472]
C:\git\TUnit\TUnit.TestProject\AllDataSourcesCombinedTestsVerification.cs(40,30): warning TUnit0042: Global hooks should not be mixed with test classes to avoid confusion. Place them in their own class. [C:\git\TUnit\TUnit.TestProject\TUnit.TestProject.csproj::TargetFramework=net472]
C:\git\TUnit\TUnit.TestProject\AllDataSourcesCombinedTests.cs(40,30): warning TUnit0042: Global hooks should not be mixed with test classes to avoid confusion. Place them in their own class. [C:\git\TUnit\TUnit.TestProject\TUnit.TestProject.csproj::TargetFramework=net472]
C:\git\TUnit\TUnit.TestProject\ArgumentsWithClassDataSourceTests.cs(29,30): warning TUnit0042: Global hooks should not be mixed with test classes to avoid confusion. Place them in their own class. [C:\git\TUnit\TUnit.TestProject\TUnit.TestProject.csproj::TargetFramework=net472]
C:\git\TUnit\TUnit.TestProject\TestMixedGenericParameters.cs(8,23): warning TUnit0300: Generic test method with data source may not be AOT-compatible. All generic type combinations must be known at compile time. [C:\git\TUnit\TUnit.TestProject\TUnit.TestProject.csproj::TargetFramework=net472]
C:\git\TUnit\TUnit.TestProject\Bugs\_2804\TestSpecificAfterHooksTests.cs(234,30): warning TUnit0042: Global hooks should not be mixed with test classes to avoid confusion. Place them in their own class. [C:\git\TUnit\TUnit.TestProject\TUnit.TestProject.csproj::TargetFramework=net472]
C:\git\TUnit\TUnit.TestProject\Bugs\_2804\TestSpecificAfterHooksTests.cs(249,30): warning TUnit0042: Global hooks should not be mixed with test classes to avoid confusion. Place them in their own class. [C:\git\TUnit\TUnit.TestProject\TUnit.TestProject.csproj::TargetFramework=net472]
C:\git\TUnit\TUnit.TestProject\Bugs\_2804\TestSpecificAfterHooksTests.cs(264,30): warning TUnit0042: Global hooks should not be mixed with test classes to avoid confusion. Place them in their own class. [C:\git\TUnit\TUnit.TestProject\TUnit.TestProject.csproj::TargetFramework=net472]
C:\git\TUnit\TUnit.TestProject\Bugs\_2804\TestSpecificAfterHooksTests.cs(219,30): warning TUnit0042: Global hooks should not be mixed with test classes to avoid confusion. Place them in their own class. [C:\git\TUnit\TUnit.TestProject\TUnit.TestProject.csproj::TargetFramework=net472]
C:\git\TUnit\TUnit.TestProject\Bugs\_2804\TestSpecificAfterHooksTests.cs(279,30): warning TUnit0042: Global hooks should not be mixed with test classes to avoid confusion. Place them in their own class. [C:\git\TUnit\TUnit.TestProject\TUnit.TestProject.csproj::TargetFramework=net472]
C:\git\TUnit\TUnit.TestProject\Bugs\_2804\MultipleAfterHooksFailureTests.cs(377,30): warning TUnit0042: Global hooks should not be mixed with test classes to avoid confusion. Place them in their own class. [C:\git\TUnit\TUnit.TestProject\TUnit.TestProject.csproj::TargetFramework=net472]
C:\git\TUnit\TUnit.TestProject\Bugs\_2804\MultipleAfterHooksFailureTests.cs(388,30): warning TUnit0042: Global hooks should not be mixed with test classes to avoid confusion. Place them in their own class. [C:\git\TUnit\TUnit.TestProject\TUnit.TestProject.csproj::TargetFramework=net472]
C:\git\TUnit\TUnit.TestProject\Bugs\_2804\MultipleAfterHooksFailureTests.cs(400,30): warning TUnit0042: Global hooks should not be mixed with test classes to avoid confusion. Place them in their own class. [C:\git\TUnit\TUnit.TestProject\TUnit.TestProject.csproj::TargetFramework=net472]
C:\git\TUnit\TUnit.TestProject\Bugs\_2804\MultipleAfterHooksFailureTests.cs(435,30): warning TUnit0042: Global hooks should not be mixed with test classes to avoid confusion. Place them in their own class. [C:\git\TUnit\TUnit.TestProject\TUnit.TestProject.csproj::TargetFramework=net472]
C:\git\TUnit\TUnit.TestProject\CallEventReceiverTests.cs(25,30): warning TUnit0042: Global hooks should not be mixed with test classes to avoid confusion. Place them in their own class. [C:\git\TUnit\TUnit.TestProject\TUnit.TestProject.csproj::TargetFramework=net472]
C:\git\TUnit\TUnit.TestProject\Bugs\_2804\MultipleAfterHooksFailureTests.cs(423,30): warning TUnit0042: Global hooks should not be mixed with test classes to avoid confusion. Place them in their own class. [C:\git\TUnit\TUnit.TestProject\TUnit.TestProject.csproj::TargetFramework=net472]
C:\git\TUnit\TUnit.TestProject\Bugs\_2804\MultipleAfterHooksFailureTests.cs(446,24): warning TUnit0042: Global hooks should not be mixed with test classes to avoid confusion. Place them in their own class. [C:\git\TUnit\TUnit.TestProject\TUnit.TestProject.csproj::TargetFramework=net472]
C:\git\TUnit\TUnit.TestProject\Bugs\_2804\MultipleAfterHooksFailureTests.cs(412,30): warning TUnit0042: Global hooks should not be mixed with test classes to avoid confusion. Place them in their own class. [C:\git\TUnit\TUnit.TestProject\TUnit.TestProject.csproj::TargetFramework=net472]
C:\git\TUnit\TUnit.TestProject\Bugs\_2804\MultipleAfterHooksFailureTests.cs(316,30): warning TUnit0042: Global hooks should not be mixed with test classes to avoid confusion. Place them in their own class. [C:\git\TUnit\TUnit.TestProject\TUnit.TestProject.csproj::TargetFramework=net472]
C:\git\TUnit\TUnit.TestProject\Bugs\_2804\MultipleAfterHooksFailureTests.cs(327,30): warning TUnit0042: Global hooks should not be mixed with test classes to avoid confusion. Place them in their own class. [C:\git\TUnit\TUnit.TestProject\TUnit.TestProject.csproj::TargetFramework=net472]
C:\git\TUnit\TUnit.TestProject\Bugs\_2804\MultipleAfterHooksFailureTests.cs(338,30): warning TUnit0042: Global hooks should not be mixed with test classes to avoid confusion. Place them in their own class. [C:\git\TUnit\TUnit.TestProject\TUnit.TestProject.csproj::TargetFramework=net472]
C:\git\TUnit\TUnit.TestProject\Bugs\_2804\MultipleAfterHooksFailureTests.cs(349,24): warning TUnit0042: Global hooks should not be mixed with test classes to avoid confusion. Place them in their own class. [C:\git\TUnit\TUnit.TestProject\TUnit.TestProject.csproj::TargetFramework=net472]
C:\git\TUnit\TUnit.TestProject\Bugs\_2804\HookExceptionHandlingTests.cs(197,24): warning TUnit0042: Global hooks should not be mixed with test classes to avoid confusion. Place them in their own class. [C:\git\TUnit\TUnit.TestProject\TUnit.TestProject.csproj::TargetFramework=net472]
C:\git\TUnit\TUnit.TestProject\Bugs\_2804\HookExceptionHandlingTests.cs(52,24): warning TUnit0042: Global hooks should not be mixed with test classes to avoid confusion. Place them in their own class. [C:\git\TUnit\TUnit.TestProject\TUnit.TestProject.csproj::TargetFramework=net472]
C:\git\TUnit\TUnit.TestProject\Bugs\_2804\HookExceptionHandlingTests.cs(69,24): warning TUnit0042: Global hooks should not be mixed with test classes to avoid confusion. Place them in their own class. [C:\git\TUnit\TUnit.TestProject\TUnit.TestProject.csproj::TargetFramework=net472]
C:\git\TUnit\TUnit.TestProject\Bugs\_2804\HookExceptionHandlingTests.cs(106,24): warning TUnit0042: Global hooks should not be mixed with test classes to avoid confusion. Place them in their own class. [C:\git\TUnit\TUnit.TestProject\TUnit.TestProject.csproj::TargetFramework=net472]
C:\git\TUnit\TUnit.TestProject\Bugs\_2804\HookCleanupOnFailureTests.cs(200,24): warning TUnit0042: Global hooks should not be mixed with test classes to avoid confusion. Place them in their own class. [C:\git\TUnit\TUnit.TestProject\TUnit.TestProject.csproj::TargetFramework=net472]
C:\git\TUnit\TUnit.TestProject\Bugs\_2804\HookCleanupOnFailureTests.cs(178,24): warning TUnit0042: Global hooks should not be mixed with test classes to avoid confusion. Place them in their own class. [C:\git\TUnit\TUnit.TestProject\TUnit.TestProject.csproj::TargetFramework=net472]
C:\git\TUnit\TUnit.TestProject\Bugs\_2804\HookCleanupOnFailureTests.cs(171,24): warning TUnit0042: Global hooks should not be mixed with test classes to avoid confusion. Place them in their own class. [C:\git\TUnit\TUnit.TestProject\TUnit.TestProject.csproj::TargetFramework=net472]
C:\git\TUnit\TUnit.TestProject\Bugs\_2804\HookCleanupOnFailureTests.cs(113,24): warning TUnit0042: Global hooks should not be mixed with test classes to avoid confusion. Place them in their own class. [C:\git\TUnit\TUnit.TestProject\TUnit.TestProject.csproj::TargetFramework=net472]
C:\git\TUnit\TUnit.TestProject\Bugs\_2804\HookCleanupOnFailureTests.cs(102,24): warning TUnit0042: Global hooks should not be mixed with test classes to avoid confusion. Place them in their own class. [C:\git\TUnit\TUnit.TestProject\TUnit.TestProject.csproj::TargetFramework=net472]
C:\git\TUnit\TUnit.TestProject\ClassDataSourceDrivenTestsSharedKeyed2.cs(41,30): warning TUnit0042: Global hooks should not be mixed with test classes to avoid confusion. Place them in their own class. [C:\git\TUnit\TUnit.TestProject\TUnit.TestProject.csproj::TargetFramework=net472]
C:\git\TUnit\TUnit.TestProject\Bugs\_2804\HookCleanupOnFailureTests.cs(31,24): warning TUnit0042: Global hooks should not be mixed with test classes to avoid confusion. Place them in their own class. [C:\git\TUnit\TUnit.TestProject\TUnit.TestProject.csproj::TargetFramework=net472]
C:\git\TUnit\TUnit.TestProject\Bugs\_2804\HookCleanupOnFailureTests.cs(20,24): warning TUnit0042: Global hooks should not be mixed with test classes to avoid confusion. Place them in their own class. [C:\git\TUnit\TUnit.TestProject\TUnit.TestProject.csproj::TargetFramework=net472]
C:\git\TUnit\TUnit.TestProject\ClassDataSourceDrivenTestsSharedKeyed3.cs(41,30): warning TUnit0042: Global hooks should not be mixed with test classes to avoid confusion. Place them in their own class. [C:\git\TUnit\TUnit.TestProject\TUnit.TestProject.csproj::TargetFramework=net472]
C:\git\TUnit\TUnit.TestProject\Bugs\_2804\CriticalHookChainExecutionTests.cs(322,30): warning TUnit0042: Global hooks should not be mixed with test classes to avoid confusion. Place them in their own class. [C:\git\TUnit\TUnit.TestProject\TUnit.TestProject.csproj::TargetFramework=net472]
C:\git\TUnit\TUnit.TestProject\Bugs\_2804\CriticalHookChainExecutionTests.cs(346,30): warning TUnit0042: Global hooks should not be mixed with test classes to avoid confusion. Place them in their own class. [C:\git\TUnit\TUnit.TestProject\TUnit.TestProject.csproj::TargetFramework=net472]
C:\git\TUnit\TUnit.TestProject\Bugs\2136\Tests.cs(14,23): warning TUnit0300: Generic test method with data source may not be AOT-compatible. All generic type combinations must be known at compile time. [C:\git\TUnit\TUnit.TestProject\TUnit.TestProject.csproj::TargetFramework=net472]
C:\git\TUnit\TUnit.TestProject\Bugs\_2804\CriticalHookChainExecutionTests.cs(358,24): warning TUnit0042: Global hooks should not be mixed with test classes to avoid confusion. Place them in their own class. [C:\git\TUnit\TUnit.TestProject\TUnit.TestProject.csproj::TargetFramework=net472]
C:\git\TUnit\TUnit.TestProject\Bugs\2798\Tests.cs(16,36): warning TUnit0046: Return a `Func<T>` rather than a `<T>`. [C:\git\TUnit\TUnit.TestProject\TUnit.TestProject.csproj::TargetFramework=net472]
C:\git\TUnit\TUnit.TestProject\Bugs\2757\Tests.cs(20,41): warning TUnit0046: Return a `Func<T>` rather than a `<T>`. [C:\git\TUnit\TUnit.TestProject\TUnit.TestProject.csproj::TargetFramework=net472]
C:\git\TUnit\TUnit.TestProject\Bugs\_2804\CriticalHookChainExecutionTests.cs(256,30): warning TUnit0042: Global hooks should not be mixed with test classes to avoid confusion. Place them in their own class. [C:\git\TUnit\TUnit.TestProject\TUnit.TestProject.csproj::TargetFramework=net472]
C:\git\TUnit\TUnit.TestProject\Bugs\_2804\CriticalHookChainExecutionTests.cs(223,30): warning TUnit0042: Global hooks should not be mixed with test classes to avoid confusion. Place them in their own class. [C:\git\TUnit\TUnit.TestProject\TUnit.TestProject.csproj::TargetFramework=net472]
C:\git\TUnit\TUnit.TestProject\Bugs\2867\DisposalNotCalledTests.cs(267,30): warning TUnit0042: Global hooks should not be mixed with test classes to avoid confusion. Place them in their own class. [C:\git\TUnit\TUnit.TestProject\TUnit.TestProject.csproj::TargetFramework=net472]
C:\git\TUnit\TUnit.TestProject\Bugs\_2804\CriticalHookChainExecutionTests.cs(127,30): warning TUnit0042: Global hooks should not be mixed with test classes to avoid confusion. Place them in their own class. [C:\git\TUnit\TUnit.TestProject\TUnit.TestProject.csproj::TargetFramework=net472]
C:\git\TUnit\TUnit.TestProject\Bugs\_2804\CriticalHookChainExecutionTests.cs(59,30): warning TUnit0042: Global hooks should not be mixed with test classes to avoid confusion. Place them in their own class. [C:\git\TUnit\TUnit.TestProject\TUnit.TestProject.csproj::TargetFramework=net472]
C:\git\TUnit\TUnit.TestProject\Bugs\_2804\CriticalHookChainExecutionTests.cs(101,30): warning TUnit0042: Global hooks should not be mixed with test classes to avoid confusion. Place them in their own class. [C:\git\TUnit\TUnit.TestProject\TUnit.TestProject.csproj::TargetFramework=net472]
C:\git\TUnit\TUnit.TestProject\Bugs\HookOrchestratorDeadlockTests.cs(153,30): warning TUnit0042: Global hooks should not be mixed with test classes to avoid confusion. Place them in their own class. [C:\git\TUnit\TUnit.TestProject\TUnit.TestProject.csproj::TargetFramework=net472]
C:\git\TUnit\TUnit.TestProject\Bugs\HookOrchestratorDeadlockTests.cs(163,30): warning TUnit0042: Global hooks should not be mixed with test classes to avoid confusion. Place them in their own class. [C:\git\TUnit\TUnit.TestProject\TUnit.TestProject.csproj::TargetFramework=net472]
C:\git\TUnit\TUnit.TestProject\Bugs\3185\BugRepro3185.cs(88,19): warning TUnitAssertions0005: Assert.That(...) should not be used with a constant value [C:\git\TUnit\TUnit.TestProject\TUnit.TestProject.csproj::TargetFramework=net472]
C:\git\TUnit\TUnit.TestProject\Bugs\HookOrchestratorDeadlockTests.cs(90,30): warning TUnit0042: Global hooks should not be mixed with test classes to avoid confusion. Place them in their own class. [C:\git\TUnit\TUnit.TestProject\TUnit.TestProject.csproj::TargetFramework=net472]
C:\git\TUnit\TUnit.TestProject\Bugs\HookOrchestratorDeadlockTests.cs(80,30): warning TUnit0042: Global hooks should not be mixed with test classes to avoid confusion. Place them in their own class. [C:\git\TUnit\TUnit.TestProject\TUnit.TestProject.csproj::TargetFramework=net472]
C:\git\TUnit\TUnit.TestProject\SmartInferenceTests.cs(27,23): warning TUnit0300: Generic test method with data source may not be AOT-compatible. All generic type combinations must be known at compile time. [C:\git\TUnit\TUnit.TestProject\TUnit.TestProject.csproj::TargetFramework=net472]
C:\git\TUnit\TUnit.TestProject\ClassDataSourceWithMethodDataSourceTests.cs(35,30): warning TUnit0042: Global hooks should not be mixed with test classes to avoid confusion. Place them in their own class. [C:\git\TUnit\TUnit.TestProject\TUnit.TestProject.csproj::TargetFramework=net472]
C:\git\TUnit\TUnit.TestProject\SmartInferenceTests.cs(11,23): warning TUnit0300: Generic test method with data source may not be AOT-compatible. All generic type combinations must be known at compile time. [C:\git\TUnit\TUnit.TestProject\TUnit.TestProject.csproj::TargetFramework=net472]
C:\git\TUnit\TUnit.TestProject\Bugs\Issue2504CollectionExpressionTest.cs(62,30): warning TUnit0042: Global hooks should not be mixed with test classes to avoid confusion. Place them in their own class. [C:\git\TUnit\TUnit.TestProject\TUnit.TestProject.csproj::TargetFramework=net472]
C:\git\TUnit\TUnit.TestProject\SimpleTupleTest.cs(11,56): warning TUnit0301: Tuple parameter 'value' uses reflection which is not AOT-compatible. Consider using concrete types instead of tuples. [C:\git\TUnit\TUnit.TestProject\TUnit.TestProject.csproj::TargetFramework=net472]
C:\git\TUnit\TUnit.TestProject\SimpleStaticTest.cs(9,15): warning TUnitAssertions0005: Assert.That(...) should not be used with a constant value [C:\git\TUnit\TUnit.TestProject\TUnit.TestProject.csproj::TargetFramework=net472]
C:\git\TUnit\TUnit.TestProject\SimpleHookTest.cs(28,24): warning TUnit0042: Global hooks should not be mixed with test classes to avoid confusion. Place them in their own class. [C:\git\TUnit\TUnit.TestProject\TUnit.TestProject.csproj::TargetFramework=net472]
C:\git\TUnit\TUnit.TestProject\SimpleHookTest.cs(23,24): warning TUnit0042: Global hooks should not be mixed with test classes to avoid confusion. Place them in their own class. [C:\git\TUnit\TUnit.TestProject\TUnit.TestProject.csproj::TargetFramework=net472]
C:\git\TUnit\TUnit.TestProject\SimpleGenericTests.cs(56,23): warning TUnit0300: Generic test method with data source may not be AOT-compatible. All generic type combinations must be known at compile time. [C:\git\TUnit\TUnit.TestProject\TUnit.TestProject.csproj::TargetFramework=net472]
C:\git\TUnit\TUnit.TestProject\SimpleGenericTests.cs(23,23): warning TUnit0300: Generic test method with data source may not be AOT-compatible. All generic type combinations must be known at compile time. [C:\git\TUnit\TUnit.TestProject\TUnit.TestProject.csproj::TargetFramework=net472]
C:\git\TUnit\TUnit.TestProject\SimpleGenericTests.cs(11,23): warning TUnit0300: Generic test method with data source may not be AOT-compatible. All generic type combinations must be known at compile time. [C:\git\TUnit\TUnit.TestProject\TUnit.TestProject.csproj::TargetFramework=net472]
C:\git\TUnit\TUnit.TestProject\RunOnSkipTests.cs(52,15): warning TUnitAssertions0005: Assert.That(...) should not be used with a constant value [C:\git\TUnit\TUnit.TestProject\TUnit.TestProject.csproj::TargetFramework=net472]
C:\git\TUnit\TUnit.TestProject\RunOnSkipTests.cs(38,15): warning TUnitAssertions0005: Assert.That(...) should not be used with a constant value [C:\git\TUnit\TUnit.TestProject\TUnit.TestProject.csproj::TargetFramework=net472]
C:\git\TUnit\TUnit.TestProject\FailFastTest.cs(10,15): warning TUnitAssertions0005: Assert.That(...) should not be used with a constant value [C:\git\TUnit\TUnit.TestProject\TUnit.TestProject.csproj::TargetFramework=net472]
C:\git\TUnit\TUnit.TestProject\NestedTupleTest.cs(16,64): warning TUnit0301: Tuple parameter 'data' uses reflection which is not AOT-compatible. Consider using concrete types instead of tuples. [C:\git\TUnit\TUnit.TestProject\TUnit.TestProject.csproj::TargetFramework=net472]
C:\git\TUnit\TUnit.TestProject\NestedTupleTest.cs(8,71): warning TUnit0301: Tuple parameter 'data2' uses reflection which is not AOT-compatible. Consider using concrete types instead of tuples. [C:\git\TUnit\TUnit.TestProject\TUnit.TestProject.csproj::TargetFramework=net472]
C:\git\TUnit\TUnit.TestProject\NestedTupleDataSourceTests.cs(12,73): warning TUnit0301: Tuple parameter 'value2' uses reflection which is not AOT-compatible. Consider using concrete types instead of tuples. [C:\git\TUnit\TUnit.TestProject\TUnit.TestProject.csproj::TargetFramework=net472]
C:\git\TUnit\TUnit.TestProject\NestedTupleDataSourceTests.cs(32,67): warning TUnit0301: Tuple parameter 'value1' uses reflection which is not AOT-compatible. Consider using concrete types instead of tuples. [C:\git\TUnit\TUnit.TestProject\TUnit.TestProject.csproj::TargetFramework=net472]
C:\git\TUnit\TUnit.TestProject\NestedTupleDataSourceTests.cs(32,86): warning TUnit0301: Tuple parameter 'value2' uses reflection which is not AOT-compatible. Consider using concrete types instead of tuples. [C:\git\TUnit\TUnit.TestProject\TUnit.TestProject.csproj::TargetFramework=net472]
C:\git\TUnit\TUnit.TestProject\NestedTupleDataSourceTests.cs(43,86): warning TUnit0301: Tuple parameter 'value2' uses reflection which is not AOT-compatible. Consider using concrete types instead of tuples. [C:\git\TUnit\TUnit.TestProject\TUnit.TestProject.csproj::TargetFramework=net472]
C:\git\TUnit\TUnit.TestProject\NestedTupleDataSourceTests.cs(54,82): warning TUnit0301: Tuple parameter 'value2' uses reflection which is not AOT-compatible. Consider using concrete types instead of tuples. [C:\git\TUnit\TUnit.TestProject\TUnit.TestProject.csproj::TargetFramework=net472]
C:\git\TUnit\TUnit.TestProject\NestedTupleDataSourceTests.cs(64,86): warning TUnit0301: Tuple parameter 'value2' uses reflection which is not AOT-compatible. Consider using concrete types instead of tuples. [C:\git\TUnit\TUnit.TestProject\TUnit.TestProject.csproj::TargetFramework=net472]
C:\git\TUnit\TUnit.TestProject\NestedTupleDataSourceTests.cs(121,45): warning TUnit0046: Return a `Func<T>` rather than a `<T>`. [C:\git\TUnit\TUnit.TestProject\TUnit.TestProject.csproj::TargetFramework=net472]
C:\git\TUnit\TUnit.TestProject\NestedTupleDataSourceTests.cs(74,83): warning TUnit0301: Tuple parameter 'value2' uses reflection which is not AOT-compatible. Consider using concrete types instead of tuples. [C:\git\TUnit\TUnit.TestProject\TUnit.TestProject.csproj::TargetFramework=net472]
C:\git\TUnit\TUnit.TestProject\NestedTupleDataSourceTests.cs(84,88): warning TUnit0301: Tuple parameter 'value2' uses reflection which is not AOT-compatible. Consider using concrete types instead of tuples. [C:\git\TUnit\TUnit.TestProject\TUnit.TestProject.csproj::TargetFramework=net472]
C:\git\TUnit\TUnit.TestProject\MinimalDiscoveryTest.cs(8,15): warning TUnitAssertions0005: Assert.That(...) should not be used with a constant value [C:\git\TUnit\TUnit.TestProject\TUnit.TestProject.csproj::TargetFramework=net472]
C:\git\TUnit\TUnit.TestProject\MultipleClassDataGeneratorsTests.cs(26,30): warning TUnit0042: Global hooks should not be mixed with test classes to avoid confusion. Place them in their own class. [C:\git\TUnit\TUnit.TestProject\TUnit.TestProject.csproj::TargetFramework=net472]
C:\git\TUnit\TUnit.TestProject\MultipleDataSourcesTests.cs(29,30): warning TUnit0042: Global hooks should not be mixed with test classes to avoid confusion. Place them in their own class. [C:\git\TUnit\TUnit.TestProject\TUnit.TestProject.csproj::TargetFramework=net472]
C:\git\TUnit\TUnit.TestProject\MethodDataSourceWithArgumentsTests.cs(35,30): warning TUnit0042: Global hooks should not be mixed with test classes to avoid confusion. Place them in their own class. [C:\git\TUnit\TUnit.TestProject\TUnit.TestProject.csproj::TargetFramework=net472]
C:\git\TUnit\TUnit.TestProject\NestedTupleDataSourceTests.cs(22,65): warning TUnit0301: Tuple parameter 'value' uses reflection which is not AOT-compatible. Consider using concrete types instead of tuples. [C:\git\TUnit\TUnit.TestProject\TUnit.TestProject.csproj::TargetFramework=net472]
C:\git\TUnit\TUnit.TestProject\HookGeneratorTest.cs(9,24): warning TUnit0042: Global hooks should not be mixed with test classes to avoid confusion. Place them in their own class. [C:\git\TUnit\TUnit.TestProject\TUnit.TestProject.csproj::TargetFramework=net472]
C:\git\TUnit\TUnit.TestProject\HookGeneratorTest.cs(15,30): warning TUnit0042: Global hooks should not be mixed with test classes to avoid confusion. Place them in their own class. [C:\git\TUnit\TUnit.TestProject\TUnit.TestProject.csproj::TargetFramework=net472]
C:\git\TUnit\TUnit.TestProject\HookExecutorTests.cs(13,30): warning TUnit0042: Global hooks should not be mixed with test classes to avoid confusion. Place them in their own class. [C:\git\TUnit\TUnit.TestProject\TUnit.TestProject.csproj::TargetFramework=net472]
C:\git\TUnit\TUnit.TestProject\HookExecutorTests.cs(26,30): warning TUnit0042: Global hooks should not be mixed with test classes to avoid confusion. Place them in their own class. [C:\git\TUnit\TUnit.TestProject\TUnit.TestProject.csproj::TargetFramework=net472]
C:\git\TUnit\TUnit.TestProject\HookExecutorTests.cs(35,30): warning TUnit0042: Global hooks should not be mixed with test classes to avoid confusion. Place them in their own class. [C:\git\TUnit\TUnit.TestProject\TUnit.TestProject.csproj::TargetFramework=net472]
C:\git\TUnit\TUnit.TestProject\GenericTypedDataSourceTests.cs(70,23): warning TUnit0300: Generic test method with data source may not be AOT-compatible. All generic type combinations must be known at compile time. [C:\git\TUnit\TUnit.TestProject\TUnit.TestProject.csproj::TargetFramework=net472]
C:\git\TUnit\TUnit.TestProject\GenericTypedDataSourceTests.cs(41,23): warning TUnit0300: Generic test method with data source may not be AOT-compatible. All generic type combinations must be known at compile time. [C:\git\TUnit\TUnit.TestProject\TUnit.TestProject.csproj::TargetFramework=net472]
C:\git\TUnit\TUnit.TestProject\GenericTypeTests.cs(79,23): warning TUnit0300: Generic test method with data source may not be AOT-compatible. All generic type combinations must be known at compile time. [C:\git\TUnit\TUnit.TestProject\TUnit.TestProject.csproj::TargetFramework=net472]
C:\git\TUnit\TUnit.TestProject\GenericTypeTests.cs(20,23): warning TUnit0300: Generic test method with data source may not be AOT-compatible. All generic type combinations must be known at compile time. [C:\git\TUnit\TUnit.TestProject\TUnit.TestProject.csproj::TargetFramework=net472]
C:\git\TUnit\TUnit.TestProject\HookExecutorTests.cs(54,30): warning TUnit0042: Global hooks should not be mixed with test classes to avoid confusion. Place them in their own class. [C:\git\TUnit\TUnit.TestProject\TUnit.TestProject.csproj::TargetFramework=net472]
C:\git\TUnit\TUnit.TestProject\HookExecutorTests.cs(63,30): warning TUnit0042: Global hooks should not be mixed with test classes to avoid confusion. Place them in their own class. [C:\git\TUnit\TUnit.TestProject\TUnit.TestProject.csproj::TargetFramework=net472]
C:\git\TUnit\TUnit.TestProject\GenericMatrixTests.cs(63,23): warning TUnit0300: Generic test method with data source may not be AOT-compatible. All generic type combinations must be known at compile time. [C:\git\TUnit\TUnit.TestProject\TUnit.TestProject.csproj::TargetFramework=net472]
C:\git\TUnit\TUnit.TestProject\GenericTypeTests.cs(52,23): warning TUnit0300: Generic test method with data source may not be AOT-compatible. All generic type combinations must be known at compile time. [C:\git\TUnit\TUnit.TestProject\TUnit.TestProject.csproj::TargetFramework=net472]
C:\git\TUnit\TUnit.TestProject\GenericTestExample.cs(15,17): warning TUnit0300: Generic test method with data source may not be AOT-compatible. All generic type combinations must be known at compile time. [C:\git\TUnit\TUnit.TestProject\TUnit.TestProject.csproj::TargetFramework=net472]
C:\git\TUnit\TUnit.TestProject\GenericTypeTests.cs(61,23): warning TUnit0300: Generic test method with data source may not be AOT-compatible. All generic type combinations must be known at compile time. [C:\git\TUnit\TUnit.TestProject\TUnit.TestProject.csproj::TargetFramework=net472]
C:\git\TUnit\TUnit.TestProject\GenericTypedDataSourceTests.cs(57,23): warning TUnit0300: Generic test method with data source may not be AOT-compatible. All generic type combinations must be known at compile time. [C:\git\TUnit\TUnit.TestProject\TUnit.TestProject.csproj::TargetFramework=net472]
C:\git\TUnit\TUnit.TestProject\GenericTypeTests.cs(9,23): warning TUnit0300: Generic test method with data source may not be AOT-compatible. All generic type combinations must be known at compile time. [C:\git\TUnit\TUnit.TestProject\TUnit.TestProject.csproj::TargetFramework=net472]
C:\git\TUnit\TUnit.TestProject\GenericMatrixTests.cs(73,23): warning TUnit0300: Generic test method with data source may not be AOT-compatible. All generic type combinations must be known at compile time. [C:\git\TUnit\TUnit.TestProject\TUnit.TestProject.csproj::TargetFramework=net472]
C:\git\TUnit\TUnit.TestProject\GenericTypedDataSourceTests.cs(49,23): warning TUnit0300: Generic test method with data source may not be AOT-compatible. All generic type combinations must be known at compile time. [C:\git\TUnit\TUnit.TestProject\TUnit.TestProject.csproj::TargetFramework=net472]
C:\git\TUnit\TUnit.TestProject\GenericInstanceMethodDataSourceTests.cs(59,23): warning TUnit0300: Generic test method with data source may not be AOT-compatible. All generic type combinations must be known at compile time. [C:\git\TUnit\TUnit.TestProject\TUnit.TestProject.csproj::TargetFramework=net472]
C:\git\TUnit\TUnit.TestProject\GenericInheritsTestVerification.cs(15,17): warning TUnit0300: Generic test method with data source may not be AOT-compatible. All generic type combinations must be known at compile time. [C:\git\TUnit\TUnit.TestProject\TUnit.TestProject.csproj::TargetFramework=net472]
C:\git\TUnit\TUnit.TestProject\GenericConstraintValidationTests.cs(171,23): warning TUnit0300: Generic test method with data source may not be AOT-compatible. All generic type combinations must be known at compile time. [C:\git\TUnit\TUnit.TestProject\TUnit.TestProject.csproj::TargetFramework=net472]
C:\git\TUnit\TUnit.TestProject\GenericConstraintValidationTests.cs(155,23): warning TUnit0300: Generic test method with data source may not be AOT-compatible. All generic type combinations must be known at compile time. [C:\git\TUnit\TUnit.TestProject\TUnit.TestProject.csproj::TargetFramework=net472]
C:\git\TUnit\TUnit.TestProject\GenericMatrixTests.cs(22,23): warning TUnit0300: Generic test method with data source may not be AOT-compatible. All generic type combinations must be known at compile time. [C:\git\TUnit\TUnit.TestProject\TUnit.TestProject.csproj::TargetFramework=net472]
C:\git\TUnit\TUnit.TestProject\GenericInstanceMethodDataSourceTests.cs(26,23): warning TUnit0300: Generic test method with data source may not be AOT-compatible. All generic type combinations must be known at compile time. [C:\git\TUnit\TUnit.TestProject\TUnit.TestProject.csproj::TargetFramework=net472]
C:\git\TUnit\TUnit.TestProject\GenericConstraintValidationTests.cs(140,23): warning TUnit0300: Generic test method with data source may not be AOT-compatible. All generic type combinations must be known at compile time. [C:\git\TUnit\TUnit.TestProject\TUnit.TestProject.csproj::TargetFramework=net472]
C:\git\TUnit\TUnit.TestProject\GenericConstraintValidationTests.cs(63,23): warning TUnit0300: Generic test method with data source may not be AOT-compatible. All generic type combinations must be known at compile time. [C:\git\TUnit\TUnit.TestProject\TUnit.TestProject.csproj::TargetFramework=net472]
C:\git\TUnit\TUnit.TestProject\GenericInstanceMethodDataSourceTests.cs(15,23): warning TUnit0300: Generic test method with data source may not be AOT-compatible. All generic type combinations must be known at compile time. [C:\git\TUnit\TUnit.TestProject\TUnit.TestProject.csproj::TargetFramework=net472]
C:\git\TUnit\TUnit.TestProject\GenericConstraintValidationTests.cs(124,23): warning TUnit0300: Generic test method with data source may not be AOT-compatible. All generic type combinations must be known at compile time. [C:\git\TUnit\TUnit.TestProject\TUnit.TestProject.csproj::TargetFramework=net472]
C:\git\TUnit\TUnit.TestProject\GenericConstraintValidationTests.cs(73,23): warning TUnit0300: Generic test method with data source may not be AOT-compatible. All generic type combinations must be known at compile time. [C:\git\TUnit\TUnit.TestProject\TUnit.TestProject.csproj::TargetFramework=net472]
C:\git\TUnit\TUnit.TestProject\GenericMatrixTests.cs(36,23): warning TUnit0300: Generic test method with data source may not be AOT-compatible. All generic type combinations must be known at compile time. [C:\git\TUnit\TUnit.TestProject\TUnit.TestProject.csproj::TargetFramework=net472]
C:\git\TUnit\TUnit.TestProject\HookExecutorTests.cs(43,30): warning TUnit0042: Global hooks should not be mixed with test classes to avoid confusion. Place them in their own class. [C:\git\TUnit\TUnit.TestProject\TUnit.TestProject.csproj::TargetFramework=net472]
C:\git\TUnit\TUnit.TestProject\GenericConstraintValidationTests.cs(82,23): warning TUnit0300: Generic test method with data source may not be AOT-compatible. All generic type combinations must be known at compile time. [C:\git\TUnit\TUnit.TestProject\TUnit.TestProject.csproj::TargetFramework=net472]
C:\git\TUnit\TUnit.TestProject\GenericMatrixTests.cs(47,23): warning TUnit0300: Generic test method with data source may not be AOT-compatible. All generic type combinations must be known at compile time. [C:\git\TUnit\TUnit.TestProject\TUnit.TestProject.csproj::TargetFramework=net472]
C:\git\TUnit\TUnit.TestProject\GenericMatrixTests.cs(11,23): warning TUnit0300: Generic test method with data source may not be AOT-compatible. All generic type combinations must be known at compile time. [C:\git\TUnit\TUnit.TestProject\TUnit.TestProject.csproj::TargetFramework=net472]
C:\git\TUnit\TUnit.TestProject\GenericMethodTests.cs(11,17): warning TUnit0300: Generic test method with data source may not be AOT-compatible. All generic type combinations must be known at compile time. [C:\git\TUnit\TUnit.TestProject\TUnit.TestProject.csproj::TargetFramework=net472]
C:\git\TUnit\TUnit.TestProject\GenericConstraintValidationTests.cs(92,23): warning TUnit0300: Generic test method with data source may not be AOT-compatible. All generic type combinations must be known at compile time. [C:\git\TUnit\TUnit.TestProject\TUnit.TestProject.csproj::TargetFramework=net472]
C:\git\TUnit\TUnit.TestProject\HookExecutorTests.cs(110,30): warning TUnit0042: Global hooks should not be mixed with test classes to avoid confusion. Place them in their own class. [C:\git\TUnit\TUnit.TestProject\TUnit.TestProject.csproj::TargetFramework=net472]
C:\git\TUnit\TUnit.TestProject\GenericConstraintValidationTests.cs(101,23): warning TUnit0300: Generic test method with data source may not be AOT-compatible. All generic type combinations must be known at compile time. [C:\git\TUnit\TUnit.TestProject\TUnit.TestProject.csproj::TargetFramework=net472]
C:\git\TUnit\TUnit.TestProject\GenericConstraintValidationTests.cs(110,23): warning TUnit0300: Generic test method with data source may not be AOT-compatible. All generic type combinations must be known at compile time. [C:\git\TUnit\TUnit.TestProject\TUnit.TestProject.csproj::TargetFramework=net472]
C:\git\TUnit\TUnit.TestProject\HookExecutorTests.cs(123,30): warning TUnit0042: Global hooks should not be mixed with test classes to avoid confusion. Place them in their own class. [C:\git\TUnit\TUnit.TestProject\TUnit.TestProject.csproj::TargetFramework=net472]
C:\git\TUnit\TUnit.TestProject\AbstractBaseClassPropertyInjectionTests.cs(20,27): warning CS8602: Dereference of a possibly null reference. [C:\git\TUnit\TUnit.TestProject\TUnit.TestProject.csproj::TargetFramework=net9.0]
C:\git\TUnit\TUnit.TestProject\Tests.cs(13,15): warning CS8620: Argument of type 'AssertionBuilder<string?>' cannot be used for parameter 'builder' of type 'AssertionBuilder<string>' in 'StringEqualToAssertion StringAssertionBuilderExtensions.IsEqualTo(AssertionBuilder<string> builder, string? expected, StringComparison comparison)' due to differences in the nullability of reference types. [C:\git\TUnit\TUnit.TestProject\TUnit.TestProject.csproj::TargetFramework=net9.0]
C:\git\TUnit\TUnit.TestProject\SourceGeneratedViewer\TUnit.Core.SourceGenerator\TUnit.Core.SourceGenerator.Generators.PropertyInjectionSourceGenerator\TUnit_TestProject_PropertyInitializationTests_PropertyInjection.g.cs(39,86): warning CS8669: The annotation for nullable reference types should only be used in code within a '#nullable' annotations context. Auto-generated code requires an explicit '#nullable' directive in source. [C:\git\TUnit\TUnit.TestProject\TUnit.TestProject.csproj::TargetFramework=net9.0]
C:\git\TUnit\TUnit.TestProject\SourceGeneratedViewer\TUnit.Core.SourceGenerator\TUnit.Core.SourceGenerator.Generators.PropertyInjectionSourceGenerator\TUnit_TestProject_PropertyInitializationTests_PropertyInjection.g.cs(56,97): warning CS8669: The annotation for nullable reference types should only be used in code within a '#nullable' annotations context. Auto-generated code requires an explicit '#nullable' directive in source. [C:\git\TUnit\TUnit.TestProject\TUnit.TestProject.csproj::TargetFramework=net9.0]
C:\git\TUnit\TUnit.TestProject\TestCountVerificationTests.cs(6,45): warning CS9113: Parameter 'value' is unread. [C:\git\TUnit\TUnit.TestProject\TUnit.TestProject.csproj::TargetFramework=net9.0]
C:\git\TUnit\TUnit.TestProject\TestContextIsolationTests.cs(307,15): warning CS8634: The type 'TUnit.Core.TestContext?' cannot be used as type parameter 'TActual' in the generic type or method 'ReferenceAssertionBuilderExtensions.IsSameReferenceAs<TActual>(AssertionBuilder<TActual>, TActual?)'. Nullability of type argument 'TUnit.Core.TestContext?' doesn't match 'class' constraint. [C:\git\TUnit\TUnit.TestProject\TUnit.TestProject.csproj::TargetFramework=net9.0]
C:\git\TUnit\TUnit.TestProject\TestContextIsolationTests.cs(317,15): warning CS8634: The type 'TUnit.Core.TestContext?' cannot be used as type parameter 'TActual' in the generic type or method 'ReferenceAssertionBuilderExtensions.IsSameReferenceAs<TActual>(AssertionBuilder<TActual>, TActual?)'. Nullability of type argument 'TUnit.Core.TestContext?' doesn't match 'class' constraint. [C:\git\TUnit\TUnit.TestProject\TUnit.TestProject.csproj::TargetFramework=net9.0]
C:\git\TUnit\TUnit.TestProject\TestContextIsolationTests.cs(318,15): warning CS8634: The type 'TUnit.Core.TestContext?' cannot be used as type parameter 'TActual' in the generic type or method 'ReferenceAssertionBuilderExtensions.IsSameReferenceAs<TActual>(AssertionBuilder<TActual>, TActual?)'. Nullability of type argument 'TUnit.Core.TestContext?' doesn't match 'class' constraint. [C:\git\TUnit\TUnit.TestProject\TUnit.TestProject.csproj::TargetFramework=net9.0]
C:\git\TUnit\TUnit.TestProject\AsyncDataSourceExampleTests.cs(7,67): warning CS1998: This async method lacks 'await' operators and will run synchronously. Consider using the 'await' operator to await non-blocking API calls, or 'await Task.Run(...)' to do CPU-bound work on a background thread. [C:\git\TUnit\TUnit.TestProject\TUnit.TestProject.csproj::TargetFramework=net9.0]
C:\git\TUnit\TUnit.TestProject\TestContextIsolationTests.cs(263,15): warning CS8634: The type 'TUnit.Core.TestContext?' cannot be used as type parameter 'TActual' in the generic type or method 'ReferenceAssertionBuilderExtensions.IsSameReferenceAs<TActual>(AssertionBuilder<TActual>, TActual?)'. Nullability of type argument 'TUnit.Core.TestContext?' doesn't match 'class' constraint. [C:\git\TUnit\TUnit.TestProject\TUnit.TestProject.csproj::TargetFramework=net9.0]
C:\git\TUnit\TUnit.TestProject\TestContextIsolationTests.cs(159,15): warning CS8634: The type 'TUnit.Core.TestContext?' cannot be used as type parameter 'TActual' in the generic type or method 'ReferenceAssertionBuilderExtensions.IsSameReferenceAs<TActual>(AssertionBuilder<TActual>, TActual?)'. Nullability of type argument 'TUnit.Core.TestContext?' doesn't match 'class' constraint. [C:\git\TUnit\TUnit.TestProject\TUnit.TestProject.csproj::TargetFramework=net9.0]
C:\git\TUnit\TUnit.TestProject\AsyncDataSourceExampleTests.cs(59,71): warning CS1998: This async method lacks 'await' operators and will run synchronously. Consider using the 'await' operator to await non-blocking API calls, or 'await Task.Run(...)' to do CPU-bound work on a background thread. [C:\git\TUnit\TUnit.TestProject\TUnit.TestProject.csproj::TargetFramework=net9.0]
C:\git\TUnit\TUnit.TestProject\TestContextIsolationTests.cs(174,15): warning CS8634: The type 'TUnit.Core.TestContext?' cannot be used as type parameter 'TActual' in the generic type or method 'ReferenceAssertionBuilderExtensions.IsSameReferenceAs<TActual>(AssertionBuilder<TActual>, TActual?)'. Nullability of type argument 'TUnit.Core.TestContext?' doesn't match 'class' constraint. [C:\git\TUnit\TUnit.TestProject\TUnit.TestProject.csproj::TargetFramework=net9.0]
C:\git\TUnit\TUnit.TestProject\TestContextIsolationTests.cs(180,15): warning CS8634: The type 'TUnit.Core.TestContext?' cannot be used as type parameter 'TActual' in the generic type or method 'ReferenceAssertionBuilderExtensions.IsSameReferenceAs<TActual>(AssertionBuilder<TActual>, TActual?)'. Nullability of type argument 'TUnit.Core.TestContext?' doesn't match 'class' constraint. [C:\git\TUnit\TUnit.TestProject\TUnit.TestProject.csproj::TargetFramework=net9.0]
C:\git\TUnit\TUnit.TestProject\TestContextIsolationTests.cs(185,19): warning CS8634: The type 'TUnit.Core.TestContext?' cannot be used as type parameter 'TActual' in the generic type or method 'ReferenceAssertionBuilderExtensions.IsSameReferenceAs<TActual>(AssertionBuilder<TActual>, TActual?)'. Nullability of type argument 'TUnit.Core.TestContext?' doesn't match 'class' constraint. [C:\git\TUnit\TUnit.TestProject\TUnit.TestProject.csproj::TargetFramework=net9.0]
C:\git\TUnit\TUnit.TestProject\TestContextIsolationTests.cs(187,19): warning CS8634: The type 'TUnit.Core.TestContext?' cannot be used as type parameter 'TActual' in the generic type or method 'ReferenceAssertionBuilderExtensions.IsSameReferenceAs<TActual>(AssertionBuilder<TActual>, TActual?)'. Nullability of type argument 'TUnit.Core.TestContext?' doesn't match 'class' constraint. [C:\git\TUnit\TUnit.TestProject\TUnit.TestProject.csproj::TargetFramework=net9.0]
C:\git\TUnit\TUnit.TestProject\TestContextIsolationTests.cs(190,15): warning CS8634: The type 'TUnit.Core.TestContext?' cannot be used as type parameter 'TActual' in the generic type or method 'ReferenceAssertionBuilderExtensions.IsSameReferenceAs<TActual>(AssertionBuilder<TActual>, TActual?)'. Nullability of type argument 'TUnit.Core.TestContext?' doesn't match 'class' constraint. [C:\git\TUnit\TUnit.TestProject\TUnit.TestProject.csproj::TargetFramework=net9.0]
C:\git\TUnit\TUnit.TestProject\TestContextIsolationTests.cs(197,15): warning CS8634: The type 'TUnit.Core.TestContext?' cannot be used as type parameter 'TActual' in the generic type or method 'ReferenceAssertionBuilderExtensions.IsSameReferenceAs<TActual>(AssertionBuilder<TActual>, TActual?)'. Nullability of type argument 'TUnit.Core.TestContext?' doesn't match 'class' constraint. [C:\git\TUnit\TUnit.TestProject\TUnit.TestProject.csproj::TargetFramework=net9.0]
C:\git\TUnit\TUnit.TestProject\TestContextIsolationTests.cs(202,19): warning CS8634: The type 'TUnit.Core.TestContext?' cannot be used as type parameter 'TActual' in the generic type or method 'ReferenceAssertionBuilderExtensions.IsSameReferenceAs<TActual>(AssertionBuilder<TActual>, TActual?)'. Nullability of type argument 'TUnit.Core.TestContext?' doesn't match 'class' constraint. [C:\git\TUnit\TUnit.TestProject\TUnit.TestProject.csproj::TargetFramework=net9.0]
C:\git\TUnit\TUnit.TestProject\TestContextIsolationTests.cs(206,15): warning CS8634: The type 'TUnit.Core.TestContext?' cannot be used as type parameter 'TActual' in the generic type or method 'ReferenceAssertionBuilderExtensions.IsSameReferenceAs<TActual>(AssertionBuilder<TActual>, TActual?)'. Nullability of type argument 'TUnit.Core.TestContext?' doesn't match 'class' constraint. [C:\git\TUnit\TUnit.TestProject\TUnit.TestProject.csproj::TargetFramework=net9.0]
C:\git\TUnit\TUnit.TestProject\TestContextIsolationTests.cs(51,15): warning CS8634: The type 'TUnit.Core.TestContext?' cannot be used as type parameter 'TActual' in the generic type or method 'ReferenceAssertionBuilderExtensions.IsSameReferenceAs<TActual>(AssertionBuilder<TActual>, TActual?)'. Nullability of type argument 'TUnit.Core.TestContext?' doesn't match 'class' constraint. [C:\git\TUnit\TUnit.TestProject\TUnit.TestProject.csproj::TargetFramework=net9.0]
C:\git\TUnit\TUnit.TestProject\TestContextIsolationTests.cs(81,15): warning CS8634: The type 'TUnit.Core.TestContext?' cannot be used as type parameter 'TActual' in the generic type or method 'ReferenceAssertionBuilderExtensions.IsSameReferenceAs<TActual>(AssertionBuilder<TActual>, TActual?)'. Nullability of type argument 'TUnit.Core.TestContext?' doesn't match 'class' constraint. [C:\git\TUnit\TUnit.TestProject\TUnit.TestProject.csproj::TargetFramework=net9.0]
C:\git\TUnit\TUnit.TestProject\TestContextIsolationTests.cs(105,15): warning CS8634: The type 'TUnit.Core.TestContext?' cannot be used as type parameter 'TActual' in the generic type or method 'ReferenceAssertionBuilderExtensions.IsSameReferenceAs<TActual>(AssertionBuilder<TActual>, TActual?)'. Nullability of type argument 'TUnit.Core.TestContext?' doesn't match 'class' constraint. [C:\git\TUnit\TUnit.TestProject\TUnit.TestProject.csproj::TargetFramework=net9.0]
C:\git\TUnit\TUnit.TestProject\SimpleGenericTests.cs(58,47): warning CS8604: Possible null reference argument for parameter 'expected' in 'GenericNotEqualToAssertion<T> AssertionBuilder<T>.IsNotEqualTo(T expected)'. [C:\git\TUnit\TUnit.TestProject\TUnit.TestProject.csproj::TargetFramework=net9.0]
C:\git\TUnit\TUnit.TestProject\SimpleGenericTests.cs(59,53): warning CS8604: Possible null reference argument for parameter 'expected' in 'GenericNotEqualToAssertion<T2> AssertionBuilder<T2>.IsNotEqualTo(T2 expected)'. [C:\git\TUnit\TUnit.TestProject\TUnit.TestProject.csproj::TargetFramework=net9.0]
C:\git\TUnit\TUnit.TestProject\SimpleGenericTests.cs(42,47): warning CS8604: Possible null reference argument for parameter 'expected' in 'GenericNotEqualToAssertion<T> AssertionBuilder<T>.IsNotEqualTo(T expected)'. [C:\git\TUnit\TUnit.TestProject\TUnit.TestProject.csproj::TargetFramework=net9.0]
C:\git\TUnit\TUnit.TestProject\SimpleGenericTests.cs(26,47): warning CS8604: Possible null reference argument for parameter 'expected' in 'GenericNotEqualToAssertion<T> AssertionBuilder<T>.IsNotEqualTo(T expected)'. [C:\git\TUnit\TUnit.TestProject\TUnit.TestProject.csproj::TargetFramework=net9.0]
C:\git\TUnit\TUnit.TestProject\SimpleGenericTests.cs(13,47): warning CS8604: Possible null reference argument for parameter 'expected' in 'GenericNotEqualToAssertion<T> AssertionBuilder<T>.IsNotEqualTo(T expected)'. [C:\git\TUnit\TUnit.TestProject\TUnit.TestProject.csproj::TargetFramework=net9.0]
C:\git\TUnit\TUnit.TestProject\PropertyInitializationTests.cs(108,91): warning CS1998: This async method lacks 'await' operators and will run synchronously. Consider using the 'await' operator to await non-blocking API calls, or 'await Task.Run(...)' to do CPU-bound work on a background thread. [C:\git\TUnit\TUnit.TestProject\TUnit.TestProject.csproj::TargetFramework=net9.0]
C:\git\TUnit\TUnit.TestProject\PropertyInitializationTests.cs(98,82): warning CS1998: This async method lacks 'await' operators and will run synchronously. Consider using the 'await' operator to await non-blocking API calls, or 'await Task.Run(...)' to do CPU-bound work on a background thread. [C:\git\TUnit\TUnit.TestProject\TUnit.TestProject.csproj::TargetFramework=net9.0]
C:\git\TUnit\TUnit.TestProject\Bugs\1570\Tests.cs(21,23): warning CS1998: This async method lacks 'await' operators and will run synchronously. Consider using the 'await' operator to await non-blocking API calls, or 'await Task.Run(...)' to do CPU-bound work on a background thread. [C:\git\TUnit\TUnit.TestProject\TUnit.TestProject.csproj::TargetFramework=net9.0]
C:\git\TUnit\TUnit.TestProject\Bugs\2075\Tests.cs(53,45): warning CS9113: Parameter 'factory' is unread. [C:\git\TUnit\TUnit.TestProject\TUnit.TestProject.csproj::TargetFramework=net9.0]
C:\git\TUnit\TUnit.TestProject\ClassDataSourceEnumerableTest.cs(6,51): warning CS9113: Parameter 'value' is unread. [C:\git\TUnit\TUnit.TestProject\TUnit.TestProject.csproj::TargetFramework=net9.0]
C:\git\TUnit\TUnit.TestProject\ClassDisplayNameAttributeTests.cs(23,57): warning CS9113: Parameter 'value' is unread. [C:\git\TUnit\TUnit.TestProject\TUnit.TestProject.csproj::TargetFramework=net9.0]
C:\git\TUnit\TUnit.TestProject\Bugs\_2804\MultipleAfterHooksFailureTests.cs(254,9): warning CS0162: Unreachable code detected [C:\git\TUnit\TUnit.TestProject\TUnit.TestProject.csproj::TargetFramework=net9.0]
C:\git\TUnit\TUnit.TestProject\Bugs\_2804\MultipleAfterHooksFailureTests.cs(269,9): warning CS0162: Unreachable code detected [C:\git\TUnit\TUnit.TestProject\TUnit.TestProject.csproj::TargetFramework=net9.0]
C:\git\TUnit\TUnit.TestProject\Bugs\2955\InheritedDataSourceTests.cs(68,27): warning CS8602: Dereference of a possibly null reference. [C:\git\TUnit\TUnit.TestProject\TUnit.TestProject.csproj::TargetFramework=net9.0]
C:\git\TUnit\TUnit.TestProject\Bugs\_2804\MultipleAfterHooksFailureTests.cs(285,9): warning CS0162: Unreachable code detected [C:\git\TUnit\TUnit.TestProject\TUnit.TestProject.csproj::TargetFramework=net9.0]
C:\git\TUnit\TUnit.TestProject\Bugs\Issue2887\ReproTest.cs(16,54): warning CS9113: Parameter 'serviceProvider' is unread. [C:\git\TUnit\TUnit.TestProject\TUnit.TestProject.csproj::TargetFramework=net9.0]
C:\git\TUnit\TUnit.TestProject\Bugs\Issue2993\ImplicitConversionTests.cs(27,35): warning CS8600: Converting null literal or possible null value to non-nullable type. [C:\git\TUnit\TUnit.TestProject\TUnit.TestProject.csproj::TargetFramework=net9.0]
C:\git\TUnit\TUnit.TestProject\ComprehensiveCountTest.cs(8,44): warning CS9113: Parameter 'classValue' is unread. [C:\git\TUnit\TUnit.TestProject\TUnit.TestProject.csproj::TargetFramework=net9.0]
C:\git\TUnit\TUnit.TestProject\CombinedParallelConstraintsTests.cs(253,17): warning CS0219: The variable 'hasOverlap' is assigned but its value is never used [C:\git\TUnit\TUnit.TestProject\TUnit.TestProject.csproj::TargetFramework=net9.0]
C:\git\TUnit\TUnit.TestProject\NotInParallelExecutionTests.cs(28,25): warning CS8602: Dereference of a possibly null reference. [C:\git\TUnit\TUnit.TestProject\TUnit.TestProject.csproj::TargetFramework=net9.0]
C:\git\TUnit\TUnit.TestProject\NotInParallelExecutionTests.cs(53,30): warning CS8602: Dereference of a possibly null reference. [C:\git\TUnit\TUnit.TestProject\TUnit.TestProject.csproj::TargetFramework=net9.0]
C:\git\TUnit\TUnit.TestProject\DynamicallyRegisteredTests.cs(58,19): warning CS0618: 'TestContext.ReregisterTestWithArguments(object?[]?, Dictionary<string, object?>?)' is obsolete: 'This method is non-functional after the removal of ITestFinder. It will be removed in a future version.' [C:\git\TUnit\TUnit.TestProject\TUnit.TestProject.csproj::TargetFramework=net9.0]
C:\git\TUnit\TUnit.TestProject\NestedClassDataSourceDrivenTests3.cs(130,36): warning CS8618: Non-nullable property 'InnerClass' must contain a non-null value when exiting constructor. Consider adding the 'required' modifier or declaring the property as nullable. [C:\git\TUnit\TUnit.TestProject\TUnit.TestProject.csproj::TargetFramework=net9.0]
C:\git\TUnit\TUnit.TestProject\NestedClassDataSourceDrivenTests3.cs(100,36): warning CS8618: Non-nullable property 'InnerClass' must contain a non-null value when exiting constructor. Consider adding the 'required' modifier or declaring the property as nullable. [C:\git\TUnit\TUnit.TestProject\TUnit.TestProject.csproj::TargetFramework=net9.0]
C:\git\TUnit\TUnit.TestProject\NestedClassDataSourceDrivenTests3.cs(61,36): warning CS8618: Non-nullable property 'InnerClass' must contain a non-null value when exiting constructor. Consider adding the 'required' modifier or declaring the property as nullable. [C:\git\TUnit\TUnit.TestProject\TUnit.TestProject.csproj::TargetFramework=net9.0]
C:\git\TUnit\TUnit.TestProject\NestedClassDataSourceDrivenTests3.cs(34,36): warning CS8618: Non-nullable property 'InnerClass' must contain a non-null value when exiting constructor. Consider adding the 'required' modifier or declaring the property as nullable. [C:\git\TUnit\TUnit.TestProject\TUnit.TestProject.csproj::TargetFramework=net9.0]
C:\git\TUnit\TUnit.TestProject\NestedClassDataSourceDrivenTests2.cs(33,36): warning CS8618: Non-nullable property 'InnerClass' must contain a non-null value when exiting constructor. Consider adding the 'required' modifier or declaring the property as nullable. [C:\git\TUnit\TUnit.TestProject\TUnit.TestProject.csproj::TargetFramework=net9.0]
C:\git\TUnit\TUnit.TestProject\MixedDataSourceBugTest.cs(5,41): warning CS9113: Parameter 'classValue' is unread. [C:\git\TUnit\TUnit.TestProject\TUnit.TestProject.csproj::TargetFramework=net9.0]
C:\git\TUnit\TUnit.TestProject\GenericConstraintValidationTests.cs(66,47): warning CS8625: Cannot convert null literal to non-nullable reference type. [C:\git\TUnit\TUnit.TestProject\TUnit.TestProject.csproj::TargetFramework=net9.0]
C:\git\TUnit\TUnit.TestProject\GenericConstraintValidationTests.cs(126,47): warning CS8604: Possible null reference argument for parameter 'expected' in 'GenericNotEqualToAssertion<T> AssertionBuilder<T>.IsNotEqualTo(T expected)'. [C:\git\TUnit\TUnit.TestProject\TUnit.TestProject.csproj::TargetFramework=net9.0]
C:\git\TUnit\TUnit.TestProject\GenericConstraintValidationTests.cs(160,51): warning CS8625: Cannot convert null literal to non-nullable reference type. [C:\git\TUnit\TUnit.TestProject\TUnit.TestProject.csproj::TargetFramework=net9.0]
C:\git\TUnit\TUnit.TestProject\GenericConstraintValidationTests.cs(173,47): warning CS8604: Possible null reference argument for parameter 'expected' in 'GenericNotEqualToAssertion<T> AssertionBuilder<T>.IsNotEqualTo(T expected)'. [C:\git\TUnit\TUnit.TestProject\TUnit.TestProject.csproj::TargetFramework=net9.0]
C:\git\TUnit\TUnit.TestProject\Bugs\_2804\MultipleAfterHooksFailureTests.cs(124,25): warning CS0414: The field 'MultipleAfterClassHooksTests._testsExecuted' is assigned but its value is never used [C:\git\TUnit\TUnit.TestProject\TUnit.TestProject.csproj::TargetFramework=net9.0]
C:\git\TUnit\TUnit.TestProject\Bugs\_2804\HookCleanupOnFailureTests.cs(17,24): warning CS0414: The field 'HookCleanupOnFailureTests._afterAssemblyCount' is assigned but its value is never used [C:\git\TUnit\TUnit.TestProject\TUnit.TestProject.csproj::TargetFramework=net9.0]
C:\git\TUnit\TUnit.TestProject\Bugs\_2804\HookExceptionHandlingTests.cs(14,25): warning CS0414: The field 'HookExceptionHandlingTests._afterAssemblyExecuted' is assigned but its value is never used [C:\git\TUnit\TUnit.TestProject\TUnit.TestProject.csproj::TargetFramework=net9.0]
C:\git\TUnit\TUnit.TestProject\Bugs\_2804\HookCleanupOnFailureTests.cs(16,24): warning CS0414: The field 'HookCleanupOnFailureTests._beforeAssemblyCount' is assigned but its value is never used [C:\git\TUnit\TUnit.TestProject\TUnit.TestProject.csproj::TargetFramework=net9.0]
C:\git\TUnit\TUnit.TestProject\CallEventReceiverTests.cs(34,28): warning TUnit0014: Public method missing [Test] attribute - add attribute or make method private/protected [C:\git\TUnit\TUnit.TestProject\TUnit.TestProject.csproj::TargetFramework=net9.0]
C:\git\TUnit\TUnit.TestProject\DynamicTests\Runtime.cs(13,17): warning TUnit0014: Public method missing [Test] attribute - add attribute or make method private/protected [C:\git\TUnit\TUnit.TestProject\TUnit.TestProject.csproj::TargetFramework=net9.0]
C:\git\TUnit\TUnit.TestProject\VerifyFixTest.cs(11,27): warning TUnit0300: Generic test method with data source may not be AOT-compatible. All generic type combinations must be known at compile time. [C:\git\TUnit\TUnit.TestProject\TUnit.TestProject.csproj::TargetFramework=net9.0]
C:\git\TUnit\TUnit.TestProject\AllDataSourcesCombinedTests.cs(40,30): warning TUnit0042: Global hooks should not be mixed with test classes to avoid confusion. Place them in their own class. [C:\git\TUnit\TUnit.TestProject\TUnit.TestProject.csproj::TargetFramework=net9.0]
C:\git\TUnit\TUnit.TestProject\AllDataSourcesCombinedTestsVerification.cs(40,30): warning TUnit0042: Global hooks should not be mixed with test classes to avoid confusion. Place them in their own class. [C:\git\TUnit\TUnit.TestProject\TUnit.TestProject.csproj::TargetFramework=net9.0]
C:\git\TUnit\TUnit.TestProject\TestMixedGenericParameters.cs(8,23): warning TUnit0300: Generic test method with data source may not be AOT-compatible. All generic type combinations must be known at compile time. [C:\git\TUnit\TUnit.TestProject\TUnit.TestProject.csproj::TargetFramework=net9.0]
C:\git\TUnit\TUnit.TestProject\ArgumentsWithClassDataSourceTests.cs(29,30): warning TUnit0042: Global hooks should not be mixed with test classes to avoid confusion. Place them in their own class. [C:\git\TUnit\TUnit.TestProject\TUnit.TestProject.csproj::TargetFramework=net9.0]
C:\git\TUnit\TUnit.TestProject\SmartInferenceTests.cs(11,23): warning TUnit0300: Generic test method with data source may not be AOT-compatible. All generic type combinations must be known at compile time. [C:\git\TUnit\TUnit.TestProject\TUnit.TestProject.csproj::TargetFramework=net9.0]
C:\git\TUnit\TUnit.TestProject\SmartInferenceTests.cs(27,23): warning TUnit0300: Generic test method with data source may not be AOT-compatible. All generic type combinations must be known at compile time. [C:\git\TUnit\TUnit.TestProject\TUnit.TestProject.csproj::TargetFramework=net9.0]
C:\git\TUnit\TUnit.TestProject\SimpleTupleTest.cs(11,56): warning TUnit0301: Tuple parameter 'value' uses reflection which is not AOT-compatible. Consider using concrete types instead of tuples. [C:\git\TUnit\TUnit.TestProject\TUnit.TestProject.csproj::TargetFramework=net9.0]
C:\git\TUnit\TUnit.TestProject\SimpleStaticTest.cs(9,15): warning TUnitAssertions0005: Assert.That(...) should not be used with a constant value [C:\git\TUnit\TUnit.TestProject\TUnit.TestProject.csproj::TargetFramework=net9.0]
C:\git\TUnit\TUnit.TestProject\SimpleHookTest.cs(28,24): warning TUnit0042: Global hooks should not be mixed with test classes to avoid confusion. Place them in their own class. [C:\git\TUnit\TUnit.TestProject\TUnit.TestProject.csproj::TargetFramework=net9.0]
C:\git\TUnit\TUnit.TestProject\SimpleHookTest.cs(23,24): warning TUnit0042: Global hooks should not be mixed with test classes to avoid confusion. Place them in their own class. [C:\git\TUnit\TUnit.TestProject\TUnit.TestProject.csproj::TargetFramework=net9.0]
C:\git\TUnit\TUnit.TestProject\SimpleGenericTests.cs(56,23): warning TUnit0300: Generic test method with data source may not be AOT-compatible. All generic type combinations must be known at compile time. [C:\git\TUnit\TUnit.TestProject\TUnit.TestProject.csproj::TargetFramework=net9.0]
C:\git\TUnit\TUnit.TestProject\SimpleGenericTests.cs(11,23): warning TUnit0300: Generic test method with data source may not be AOT-compatible. All generic type combinations must be known at compile time. [C:\git\TUnit\TUnit.TestProject\TUnit.TestProject.csproj::TargetFramework=net9.0]
C:\git\TUnit\TUnit.TestProject\SimpleGenericTests.cs(23,23): warning TUnit0300: Generic test method with data source may not be AOT-compatible. All generic type combinations must be known at compile time. [C:\git\TUnit\TUnit.TestProject\TUnit.TestProject.csproj::TargetFramework=net9.0]
C:\git\TUnit\TUnit.TestProject\CallEventReceiverTests.cs(25,30): warning TUnit0042: Global hooks should not be mixed with test classes to avoid confusion. Place them in their own class. [C:\git\TUnit\TUnit.TestProject\TUnit.TestProject.csproj::TargetFramework=net9.0]
C:\git\TUnit\TUnit.TestProject\Bugs\_2804\TestSpecificAfterHooksTests.cs(234,30): warning TUnit0042: Global hooks should not be mixed with test classes to avoid confusion. Place them in their own class. [C:\git\TUnit\TUnit.TestProject\TUnit.TestProject.csproj::TargetFramework=net9.0]
C:\git\TUnit\TUnit.TestProject\Bugs\_2804\TestSpecificAfterHooksTests.cs(249,30): warning TUnit0042: Global hooks should not be mixed with test classes to avoid confusion. Place them in their own class. [C:\git\TUnit\TUnit.TestProject\TUnit.TestProject.csproj::TargetFramework=net9.0]
C:\git\TUnit\TUnit.TestProject\Bugs\_2804\TestSpecificAfterHooksTests.cs(279,30): warning TUnit0042: Global hooks should not be mixed with test classes to avoid confusion. Place them in their own class. [C:\git\TUnit\TUnit.TestProject\TUnit.TestProject.csproj::TargetFramework=net9.0]
C:\git\TUnit\TUnit.TestProject\Bugs\_2804\TestSpecificAfterHooksTests.cs(264,30): warning TUnit0042: Global hooks should not be mixed with test classes to avoid confusion. Place them in their own class. [C:\git\TUnit\TUnit.TestProject\TUnit.TestProject.csproj::TargetFramework=net9.0]
C:\git\TUnit\TUnit.TestProject\Bugs\_2804\TestSpecificAfterHooksTests.cs(219,30): warning TUnit0042: Global hooks should not be mixed with test classes to avoid confusion. Place them in their own class. [C:\git\TUnit\TUnit.TestProject\TUnit.TestProject.csproj::TargetFramework=net9.0]
C:\git\TUnit\TUnit.TestProject\ClassDataSourceDrivenTestsSharedKeyed2.cs(41,30): warning TUnit0042: Global hooks should not be mixed with test classes to avoid confusion. Place them in their own class. [C:\git\TUnit\TUnit.TestProject\TUnit.TestProject.csproj::TargetFramework=net9.0]
C:\git\TUnit\TUnit.TestProject\ClassDataSourceDrivenTestsSharedKeyed3.cs(41,30): warning TUnit0042: Global hooks should not be mixed with test classes to avoid confusion. Place them in their own class. [C:\git\TUnit\TUnit.TestProject\TUnit.TestProject.csproj::TargetFramework=net9.0]
C:\git\TUnit\TUnit.TestProject\Bugs\2136\Tests.cs(14,23): warning TUnit0300: Generic test method with data source may not be AOT-compatible. All generic type combinations must be known at compile time. [C:\git\TUnit\TUnit.TestProject\TUnit.TestProject.csproj::TargetFramework=net9.0]
C:\git\TUnit\TUnit.TestProject\Bugs\_2804\MultipleAfterHooksFailureTests.cs(435,30): warning TUnit0042: Global hooks should not be mixed with test classes to avoid confusion. Place them in their own class. [C:\git\TUnit\TUnit.TestProject\TUnit.TestProject.csproj::TargetFramework=net9.0]
C:\git\TUnit\TUnit.TestProject\Bugs\_2804\MultipleAfterHooksFailureTests.cs(423,30): warning TUnit0042: Global hooks should not be mixed with test classes to avoid confusion. Place them in their own class. [C:\git\TUnit\TUnit.TestProject\TUnit.TestProject.csproj::TargetFramework=net9.0]
C:\git\TUnit\TUnit.TestProject\Bugs\_2804\MultipleAfterHooksFailureTests.cs(446,24): warning TUnit0042: Global hooks should not be mixed with test classes to avoid confusion. Place them in their own class. [C:\git\TUnit\TUnit.TestProject\TUnit.TestProject.csproj::TargetFramework=net9.0]
C:\git\TUnit\TUnit.TestProject\Bugs\_2804\MultipleAfterHooksFailureTests.cs(412,30): warning TUnit0042: Global hooks should not be mixed with test classes to avoid confusion. Place them in their own class. [C:\git\TUnit\TUnit.TestProject\TUnit.TestProject.csproj::TargetFramework=net9.0]
C:\git\TUnit\TUnit.TestProject\Bugs\_2804\MultipleAfterHooksFailureTests.cs(400,30): warning TUnit0042: Global hooks should not be mixed with test classes to avoid confusion. Place them in their own class. [C:\git\TUnit\TUnit.TestProject\TUnit.TestProject.csproj::TargetFramework=net9.0]
C:\git\TUnit\TUnit.TestProject\Bugs\_2804\MultipleAfterHooksFailureTests.cs(388,30): warning TUnit0042: Global hooks should not be mixed with test classes to avoid confusion. Place them in their own class. [C:\git\TUnit\TUnit.TestProject\TUnit.TestProject.csproj::TargetFramework=net9.0]
C:\git\TUnit\TUnit.TestProject\Bugs\2798\Tests.cs(16,36): warning TUnit0046: Return a `Func<T>` rather than a `<T>`. [C:\git\TUnit\TUnit.TestProject\TUnit.TestProject.csproj::TargetFramework=net9.0]
C:\git\TUnit\TUnit.TestProject\Bugs\2757\Tests.cs(20,41): warning TUnit0046: Return a `Func<T>` rather than a `<T>`. [C:\git\TUnit\TUnit.TestProject\TUnit.TestProject.csproj::TargetFramework=net9.0]
C:\git\TUnit\TUnit.TestProject\Bugs\_2804\MultipleAfterHooksFailureTests.cs(377,30): warning TUnit0042: Global hooks should not be mixed with test classes to avoid confusion. Place them in their own class. [C:\git\TUnit\TUnit.TestProject\TUnit.TestProject.csproj::TargetFramework=net9.0]
C:\git\TUnit\TUnit.TestProject\Bugs\_2804\MultipleAfterHooksFailureTests.cs(327,30): warning TUnit0042: Global hooks should not be mixed with test classes to avoid confusion. Place them in their own class. [C:\git\TUnit\TUnit.TestProject\TUnit.TestProject.csproj::TargetFramework=net9.0]
C:\git\TUnit\TUnit.TestProject\Bugs\_2804\MultipleAfterHooksFailureTests.cs(349,24): warning TUnit0042: Global hooks should not be mixed with test classes to avoid confusion. Place them in their own class. [C:\git\TUnit\TUnit.TestProject\TUnit.TestProject.csproj::TargetFramework=net9.0]
C:\git\TUnit\TUnit.TestProject\Bugs\_2804\MultipleAfterHooksFailureTests.cs(338,30): warning TUnit0042: Global hooks should not be mixed with test classes to avoid confusion. Place them in their own class. [C:\git\TUnit\TUnit.TestProject\TUnit.TestProject.csproj::TargetFramework=net9.0]
C:\git\TUnit\TUnit.TestProject\ClassDataSourceWithMethodDataSourceTests.cs(35,30): warning TUnit0042: Global hooks should not be mixed with test classes to avoid confusion. Place them in their own class. [C:\git\TUnit\TUnit.TestProject\TUnit.TestProject.csproj::TargetFramework=net9.0]
C:\git\TUnit\TUnit.TestProject\Bugs\_2804\MultipleAfterHooksFailureTests.cs(316,30): warning TUnit0042: Global hooks should not be mixed with test classes to avoid confusion. Place them in their own class. [C:\git\TUnit\TUnit.TestProject\TUnit.TestProject.csproj::TargetFramework=net9.0]
C:\git\TUnit\TUnit.TestProject\Bugs\2867\DisposalNotCalledTests.cs(267,30): warning TUnit0042: Global hooks should not be mixed with test classes to avoid confusion. Place them in their own class. [C:\git\TUnit\TUnit.TestProject\TUnit.TestProject.csproj::TargetFramework=net9.0]
C:\git\TUnit\TUnit.TestProject\Bugs\3185\BugRepro3185.cs(88,19): warning TUnitAssertions0005: Assert.That(...) should not be used with a constant value [C:\git\TUnit\TUnit.TestProject\TUnit.TestProject.csproj::TargetFramework=net9.0]
C:\git\TUnit\TUnit.TestProject\Bugs\HookOrchestratorDeadlockTests.cs(163,30): warning TUnit0042: Global hooks should not be mixed with test classes to avoid confusion. Place them in their own class. [C:\git\TUnit\TUnit.TestProject\TUnit.TestProject.csproj::TargetFramework=net9.0]
C:\git\TUnit\TUnit.TestProject\Bugs\HookOrchestratorDeadlockTests.cs(153,30): warning TUnit0042: Global hooks should not be mixed with test classes to avoid confusion. Place them in their own class. [C:\git\TUnit\TUnit.TestProject\TUnit.TestProject.csproj::TargetFramework=net9.0]
C:\git\TUnit\TUnit.TestProject\Bugs\HookOrchestratorDeadlockTests.cs(90,30): warning TUnit0042: Global hooks should not be mixed with test classes to avoid confusion. Place them in their own class. [C:\git\TUnit\TUnit.TestProject\TUnit.TestProject.csproj::TargetFramework=net9.0]
C:\git\TUnit\TUnit.TestProject\Bugs\HookOrchestratorDeadlockTests.cs(80,30): warning TUnit0042: Global hooks should not be mixed with test classes to avoid confusion. Place them in their own class. [C:\git\TUnit\TUnit.TestProject\TUnit.TestProject.csproj::TargetFramework=net9.0]
C:\git\TUnit\TUnit.TestProject\Bugs\_2804\HookExceptionHandlingTests.cs(197,24): warning TUnit0042: Global hooks should not be mixed with test classes to avoid confusion. Place them in their own class. [C:\git\TUnit\TUnit.TestProject\TUnit.TestProject.csproj::TargetFramework=net9.0]
C:\git\TUnit\TUnit.TestProject\Bugs\Issue2504CollectionExpressionTest.cs(62,30): warning TUnit0042: Global hooks should not be mixed with test classes to avoid confusion. Place them in their own class. [C:\git\TUnit\TUnit.TestProject\TUnit.TestProject.csproj::TargetFramework=net9.0]
C:\git\TUnit\TUnit.TestProject\Bugs\_2804\HookExceptionHandlingTests.cs(106,24): warning TUnit0042: Global hooks should not be mixed with test classes to avoid confusion. Place them in their own class. [C:\git\TUnit\TUnit.TestProject\TUnit.TestProject.csproj::TargetFramework=net9.0]
C:\git\TUnit\TUnit.TestProject\Bugs\_2804\HookExceptionHandlingTests.cs(69,24): warning TUnit0042: Global hooks should not be mixed with test classes to avoid confusion. Place them in their own class. [C:\git\TUnit\TUnit.TestProject\TUnit.TestProject.csproj::TargetFramework=net9.0]
C:\git\TUnit\TUnit.TestProject\Bugs\_2804\HookExceptionHandlingTests.cs(52,24): warning TUnit0042: Global hooks should not be mixed with test classes to avoid confusion. Place them in their own class. [C:\git\TUnit\TUnit.TestProject\TUnit.TestProject.csproj::TargetFramework=net9.0]
C:\git\TUnit\TUnit.TestProject\Bugs\_2804\HookCleanupOnFailureTests.cs(200,24): warning TUnit0042: Global hooks should not be mixed with test classes to avoid confusion. Place them in their own class. [C:\git\TUnit\TUnit.TestProject\TUnit.TestProject.csproj::TargetFramework=net9.0]
C:\git\TUnit\TUnit.TestProject\Bugs\_2804\HookCleanupOnFailureTests.cs(178,24): warning TUnit0042: Global hooks should not be mixed with test classes to avoid confusion. Place them in their own class. [C:\git\TUnit\TUnit.TestProject\TUnit.TestProject.csproj::TargetFramework=net9.0]
C:\git\TUnit\TUnit.TestProject\Bugs\_2804\HookCleanupOnFailureTests.cs(171,24): warning TUnit0042: Global hooks should not be mixed with test classes to avoid confusion. Place them in their own class. [C:\git\TUnit\TUnit.TestProject\TUnit.TestProject.csproj::TargetFramework=net9.0]
C:\git\TUnit\TUnit.TestProject\Bugs\_2804\HookCleanupOnFailureTests.cs(113,24): warning TUnit0042: Global hooks should not be mixed with test classes to avoid confusion. Place them in their own class. [C:\git\TUnit\TUnit.TestProject\TUnit.TestProject.csproj::TargetFramework=net9.0]
C:\git\TUnit\TUnit.TestProject\Bugs\_2804\HookCleanupOnFailureTests.cs(102,24): warning TUnit0042: Global hooks should not be mixed with test classes to avoid confusion. Place them in their own class. [C:\git\TUnit\TUnit.TestProject\TUnit.TestProject.csproj::TargetFramework=net9.0]
C:\git\TUnit\TUnit.TestProject\Bugs\_2804\HookCleanupOnFailureTests.cs(31,24): warning TUnit0042: Global hooks should not be mixed with test classes to avoid confusion. Place them in their own class. [C:\git\TUnit\TUnit.TestProject\TUnit.TestProject.csproj::TargetFramework=net9.0]
C:\git\TUnit\TUnit.TestProject\Bugs\_2804\HookCleanupOnFailureTests.cs(20,24): warning TUnit0042: Global hooks should not be mixed with test classes to avoid confusion. Place them in their own class. [C:\git\TUnit\TUnit.TestProject\TUnit.TestProject.csproj::TargetFramework=net9.0]
C:\git\TUnit\TUnit.TestProject\Bugs\_2804\CriticalHookChainExecutionTests.cs(59,30): warning TUnit0042: Global hooks should not be mixed with test classes to avoid confusion. Place them in their own class. [C:\git\TUnit\TUnit.TestProject\TUnit.TestProject.csproj::TargetFramework=net9.0]
C:\git\TUnit\TUnit.TestProject\Bugs\_2804\CriticalHookChainExecutionTests.cs(101,30): warning TUnit0042: Global hooks should not be mixed with test classes to avoid confusion. Place them in their own class. [C:\git\TUnit\TUnit.TestProject\TUnit.TestProject.csproj::TargetFramework=net9.0]
C:\git\TUnit\TUnit.TestProject\Bugs\_2804\CriticalHookChainExecutionTests.cs(127,30): warning TUnit0042: Global hooks should not be mixed with test classes to avoid confusion. Place them in their own class. [C:\git\TUnit\TUnit.TestProject\TUnit.TestProject.csproj::TargetFramework=net9.0]
C:\git\TUnit\TUnit.TestProject\Bugs\_2804\CriticalHookChainExecutionTests.cs(358,24): warning TUnit0042: Global hooks should not be mixed with test classes to avoid confusion. Place them in their own class. [C:\git\TUnit\TUnit.TestProject\TUnit.TestProject.csproj::TargetFramework=net9.0]
C:\git\TUnit\TUnit.TestProject\Bugs\_2804\CriticalHookChainExecutionTests.cs(256,30): warning TUnit0042: Global hooks should not be mixed with test classes to avoid confusion. Place them in their own class. [C:\git\TUnit\TUnit.TestProject\TUnit.TestProject.csproj::TargetFramework=net9.0]
C:\git\TUnit\TUnit.TestProject\Bugs\_2804\CriticalHookChainExecutionTests.cs(346,30): warning TUnit0042: Global hooks should not be mixed with test classes to avoid confusion. Place them in their own class. [C:\git\TUnit\TUnit.TestProject\TUnit.TestProject.csproj::TargetFramework=net9.0]
C:\git\TUnit\TUnit.TestProject\Bugs\_2804\CriticalHookChainExecutionTests.cs(223,30): warning TUnit0042: Global hooks should not be mixed with test classes to avoid confusion. Place them in their own class. [C:\git\TUnit\TUnit.TestProject\TUnit.TestProject.csproj::TargetFramework=net9.0]
C:\git\TUnit\TUnit.TestProject\Bugs\_2804\CriticalHookChainExecutionTests.cs(322,30): warning TUnit0042: Global hooks should not be mixed with test classes to avoid confusion. Place them in their own class. [C:\git\TUnit\TUnit.TestProject\TUnit.TestProject.csproj::TargetFramework=net9.0]
C:\git\TUnit\TUnit.TestProject\NestedTupleTest.cs(16,64): warning TUnit0301: Tuple parameter 'data' uses reflection which is not AOT-compatible. Consider using concrete types instead of tuples. [C:\git\TUnit\TUnit.TestProject\TUnit.TestProject.csproj::TargetFramework=net9.0]
C:\git\TUnit\TUnit.TestProject\NestedTupleTest.cs(8,71): warning TUnit0301: Tuple parameter 'data2' uses reflection which is not AOT-compatible. Consider using concrete types instead of tuples. [C:\git\TUnit\TUnit.TestProject\TUnit.TestProject.csproj::TargetFramework=net9.0]
C:\git\TUnit\TUnit.TestProject\NestedTupleDataSourceTests.cs(84,88): warning TUnit0301: Tuple parameter 'value2' uses reflection which is not AOT-compatible. Consider using concrete types instead of tuples. [C:\git\TUnit\TUnit.TestProject\TUnit.TestProject.csproj::TargetFramework=net9.0]
C:\git\TUnit\TUnit.TestProject\NestedTupleDataSourceTests.cs(74,83): warning TUnit0301: Tuple parameter 'value2' uses reflection which is not AOT-compatible. Consider using concrete types instead of tuples. [C:\git\TUnit\TUnit.TestProject\TUnit.TestProject.csproj::TargetFramework=net9.0]
C:\git\TUnit\TUnit.TestProject\NestedTupleDataSourceTests.cs(64,86): warning TUnit0301: Tuple parameter 'value2' uses reflection which is not AOT-compatible. Consider using concrete types instead of tuples. [C:\git\TUnit\TUnit.TestProject\TUnit.TestProject.csproj::TargetFramework=net9.0]
C:\git\TUnit\TUnit.TestProject\NestedTupleDataSourceTests.cs(121,45): warning TUnit0046: Return a `Func<T>` rather than a `<T>`. [C:\git\TUnit\TUnit.TestProject\TUnit.TestProject.csproj::TargetFramework=net9.0]
C:\git\TUnit\TUnit.TestProject\NestedTupleDataSourceTests.cs(54,82): warning TUnit0301: Tuple parameter 'value2' uses reflection which is not AOT-compatible. Consider using concrete types instead of tuples. [C:\git\TUnit\TUnit.TestProject\TUnit.TestProject.csproj::TargetFramework=net9.0]
C:\git\TUnit\TUnit.TestProject\NestedTupleDataSourceTests.cs(43,86): warning TUnit0301: Tuple parameter 'value2' uses reflection which is not AOT-compatible. Consider using concrete types instead of tuples. [C:\git\TUnit\TUnit.TestProject\TUnit.TestProject.csproj::TargetFramework=net9.0]
C:\git\TUnit\TUnit.TestProject\NestedTupleDataSourceTests.cs(32,67): warning TUnit0301: Tuple parameter 'value1' uses reflection which is not AOT-compatible. Consider using concrete types instead of tuples. [C:\git\TUnit\TUnit.TestProject\TUnit.TestProject.csproj::TargetFramework=net9.0]
C:\git\TUnit\TUnit.TestProject\NestedTupleDataSourceTests.cs(32,86): warning TUnit0301: Tuple parameter 'value2' uses reflection which is not AOT-compatible. Consider using concrete types instead of tuples. [C:\git\TUnit\TUnit.TestProject\TUnit.TestProject.csproj::TargetFramework=net9.0]
C:\git\TUnit\TUnit.TestProject\NestedTupleDataSourceTests.cs(22,65): warning TUnit0301: Tuple parameter 'value' uses reflection which is not AOT-compatible. Consider using concrete types instead of tuples. [C:\git\TUnit\TUnit.TestProject\TUnit.TestProject.csproj::TargetFramework=net9.0]
C:\git\TUnit\TUnit.TestProject\NestedTupleDataSourceTests.cs(12,73): warning TUnit0301: Tuple parameter 'value2' uses reflection which is not AOT-compatible. Consider using concrete types instead of tuples. [C:\git\TUnit\TUnit.TestProject\TUnit.TestProject.csproj::TargetFramework=net9.0]
C:\git\TUnit\TUnit.TestProject\FailFastTest.cs(10,15): warning TUnitAssertions0005: Assert.That(...) should not be used with a constant value [C:\git\TUnit\TUnit.TestProject\TUnit.TestProject.csproj::TargetFramework=net9.0]
C:\git\TUnit\TUnit.TestProject\MultipleDataSourcesTests.cs(29,30): warning TUnit0042: Global hooks should not be mixed with test classes to avoid confusion. Place them in their own class. [C:\git\TUnit\TUnit.TestProject\TUnit.TestProject.csproj::TargetFramework=net9.0]
C:\git\TUnit\TUnit.TestProject\MultipleClassDataGeneratorsTests.cs(26,30): warning TUnit0042: Global hooks should not be mixed with test classes to avoid confusion. Place them in their own class. [C:\git\TUnit\TUnit.TestProject\TUnit.TestProject.csproj::TargetFramework=net9.0]
C:\git\TUnit\TUnit.TestProject\MinimalDiscoveryTest.cs(8,15): warning TUnitAssertions0005: Assert.That(...) should not be used with a constant value [C:\git\TUnit\TUnit.TestProject\TUnit.TestProject.csproj::TargetFramework=net9.0]
C:\git\TUnit\TUnit.TestProject\MethodDataSourceWithArgumentsTests.cs(35,30): warning TUnit0042: Global hooks should not be mixed with test classes to avoid confusion. Place them in their own class. [C:\git\TUnit\TUnit.TestProject\TUnit.TestProject.csproj::TargetFramework=net9.0]
C:\git\TUnit\TUnit.TestProject\GenericConstraintValidationTests.cs(63,23): warning TUnit0300: Generic test method with data source may not be AOT-compatible. All generic type combinations must be known at compile time. [C:\git\TUnit\TUnit.TestProject\TUnit.TestProject.csproj::TargetFramework=net9.0]
C:\git\TUnit\TUnit.TestProject\GenericConstraintValidationTests.cs(124,23): warning TUnit0300: Generic test method with data source may not be AOT-compatible. All generic type combinations must be known at compile time. [C:\git\TUnit\TUnit.TestProject\TUnit.TestProject.csproj::TargetFramework=net9.0]
C:\git\TUnit\TUnit.TestProject\GenericConstraintValidationTests.cs(140,23): warning TUnit0300: Generic test method with data source may not be AOT-compatible. All generic type combinations must be known at compile time. [C:\git\TUnit\TUnit.TestProject\TUnit.TestProject.csproj::TargetFramework=net9.0]
C:\git\TUnit\TUnit.TestProject\GenericConstraintValidationTests.cs(110,23): warning TUnit0300: Generic test method with data source may not be AOT-compatible. All generic type combinations must be known at compile time. [C:\git\TUnit\TUnit.TestProject\TUnit.TestProject.csproj::TargetFramework=net9.0]
C:\git\TUnit\TUnit.TestProject\GenericConstraintValidationTests.cs(101,23): warning TUnit0300: Generic test method with data source may not be AOT-compatible. All generic type combinations must be known at compile time. [C:\git\TUnit\TUnit.TestProject\TUnit.TestProject.csproj::TargetFramework=net9.0]
C:\git\TUnit\TUnit.TestProject\GenericConstraintValidationTests.cs(92,23): warning TUnit0300: Generic test method with data source may not be AOT-compatible. All generic type combinations must be known at compile time. [C:\git\TUnit\TUnit.TestProject\TUnit.TestProject.csproj::TargetFramework=net9.0]
C:\git\TUnit\TUnit.TestProject\GenericConstraintValidationTests.cs(155,23): warning TUnit0300: Generic test method with data source may not be AOT-compatible. All generic type combinations must be known at compile time. [C:\git\TUnit\TUnit.TestProject\TUnit.TestProject.csproj::TargetFramework=net9.0]
C:\git\TUnit\TUnit.TestProject\GenericConstraintValidationTests.cs(82,23): warning TUnit0300: Generic test method with data source may not be AOT-compatible. All generic type combinations must be known at compile time. [C:\git\TUnit\TUnit.TestProject\TUnit.TestProject.csproj::TargetFramework=net9.0]
C:\git\TUnit\TUnit.TestProject\GenericConstraintValidationTests.cs(73,23): warning TUnit0300: Generic test method with data source may not be AOT-compatible. All generic type combinations must be known at compile time. [C:\git\TUnit\TUnit.TestProject\TUnit.TestProject.csproj::TargetFramework=net9.0]
C:\git\TUnit\TUnit.TestProject\GenericConstraintValidationTests.cs(171,23): warning TUnit0300: Generic test method with data source may not be AOT-compatible. All generic type combinations must be known at compile time. [C:\git\TUnit\TUnit.TestProject\TUnit.TestProject.csproj::TargetFramework=net9.0]
C:\git\TUnit\TUnit.TestProject\GenericInheritsTestVerification.cs(15,17): warning TUnit0300: Generic test method with data source may not be AOT-compatible. All generic type combinations must be known at compile time. [C:\git\TUnit\TUnit.TestProject\TUnit.TestProject.csproj::TargetFramework=net9.0]
C:\git\TUnit\TUnit.TestProject\GenericInstanceMethodDataSourceTests.cs(26,23): warning TUnit0300: Generic test method with data source may not be AOT-compatible. All generic type combinations must be known at compile time. [C:\git\TUnit\TUnit.TestProject\TUnit.TestProject.csproj::TargetFramework=net9.0]
C:\git\TUnit\TUnit.TestProject\GenericInstanceMethodDataSourceTests.cs(59,23): warning TUnit0300: Generic test method with data source may not be AOT-compatible. All generic type combinations must be known at compile time. [C:\git\TUnit\TUnit.TestProject\TUnit.TestProject.csproj::TargetFramework=net9.0]
C:\git\TUnit\TUnit.TestProject\GenericInstanceMethodDataSourceTests.cs(15,23): warning TUnit0300: Generic test method with data source may not be AOT-compatible. All generic type combinations must be known at compile time. [C:\git\TUnit\TUnit.TestProject\TUnit.TestProject.csproj::TargetFramework=net9.0]
C:\git\TUnit\TUnit.TestProject\GenericMatrixTests.cs(11,23): warning TUnit0300: Generic test method with data source may not be AOT-compatible. All generic type combinations must be known at compile time. [C:\git\TUnit\TUnit.TestProject\TUnit.TestProject.csproj::TargetFramework=net9.0]
C:\git\TUnit\TUnit.TestProject\GenericMatrixTests.cs(63,23): warning TUnit0300: Generic test method with data source may not be AOT-compatible. All generic type combinations must be known at compile time. [C:\git\TUnit\TUnit.TestProject\TUnit.TestProject.csproj::TargetFramework=net9.0]
C:\git\TUnit\TUnit.TestProject\GenericMatrixTests.cs(73,23): warning TUnit0300: Generic test method with data source may not be AOT-compatible. All generic type combinations must be known at compile time. [C:\git\TUnit\TUnit.TestProject\TUnit.TestProject.csproj::TargetFramework=net9.0]
C:\git\TUnit\TUnit.TestProject\GenericMatrixTests.cs(36,23): warning TUnit0300: Generic test method with data source may not be AOT-compatible. All generic type combinations must be known at compile time. [C:\git\TUnit\TUnit.TestProject\TUnit.TestProject.csproj::TargetFramework=net9.0]
C:\git\TUnit\TUnit.TestProject\GenericMatrixTests.cs(47,23): warning TUnit0300: Generic test method with data source may not be AOT-compatible. All generic type combinations must be known at compile time. [C:\git\TUnit\TUnit.TestProject\TUnit.TestProject.csproj::TargetFramework=net9.0]
C:\git\TUnit\TUnit.TestProject\GenericMatrixTests.cs(22,23): warning TUnit0300: Generic test method with data source may not be AOT-compatible. All generic type combinations must be known at compile time. [C:\git\TUnit\TUnit.TestProject\TUnit.TestProject.csproj::TargetFramework=net9.0]
C:\git\TUnit\TUnit.TestProject\GenericTestExample.cs(15,17): warning TUnit0300: Generic test method with data source may not be AOT-compatible. All generic type combinations must be known at compile time. [C:\git\TUnit\TUnit.TestProject\TUnit.TestProject.csproj::TargetFramework=net9.0]
C:\git\TUnit\TUnit.TestProject\GenericMethodTests.cs(11,17): warning TUnit0300: Generic test method with data source may not be AOT-compatible. All generic type combinations must be known at compile time. [C:\git\TUnit\TUnit.TestProject\TUnit.TestProject.csproj::TargetFramework=net9.0]
C:\git\TUnit\TUnit.TestProject\GenericTests.cs(26,23): warning TUnit0300: Generic test method with data source may not be AOT-compatible. All generic type combinations must be known at compile time. [C:\git\TUnit\TUnit.TestProject\TUnit.TestProject.csproj::TargetFramework=net9.0]
C:\git\TUnit\TUnit.TestProject\GenericTypedDataSourceTests.cs(57,23): warning TUnit0300: Generic test method with data source may not be AOT-compatible. All generic type combinations must be known at compile time. [C:\git\TUnit\TUnit.TestProject\TUnit.TestProject.csproj::TargetFramework=net9.0]
C:\git\TUnit\TUnit.TestProject\GenericTypedDataSourceTests.cs(41,23): warning TUnit0300: Generic test method with data source may not be AOT-compatible. All generic type combinations must be known at compile time. [C:\git\TUnit\TUnit.TestProject\TUnit.TestProject.csproj::TargetFramework=net9.0]
C:\git\TUnit\TUnit.TestProject\GenericTypedDataSourceTests.cs(49,23): warning TUnit0300: Generic test method with data source may not be AOT-compatible. All generic type combinations must be known at compile time. [C:\git\TUnit\TUnit.TestProject\TUnit.TestProject.csproj::TargetFramework=net9.0]
C:\git\TUnit\TUnit.TestProject\GenericTypedDataSourceTests.cs(70,23): warning TUnit0300: Generic test method with data source may not be AOT-compatible. All generic type combinations must be known at compile time. [C:\git\TUnit\TUnit.TestProject\TUnit.TestProject.csproj::TargetFramework=net9.0]
C:\git\TUnit\TUnit.TestProject\GenericTypeTests.cs(61,23): warning TUnit0300: Generic test method with data source may not be AOT-compatible. All generic type combinations must be known at compile time. [C:\git\TUnit\TUnit.TestProject\TUnit.TestProject.csproj::TargetFramework=net9.0]
C:\git\TUnit\TUnit.TestProject\GenericTypeTests.cs(52,23): warning TUnit0300: Generic test method with data source may not be AOT-compatible. All generic type combinations must be known at compile time. [C:\git\TUnit\TUnit.TestProject\TUnit.TestProject.csproj::TargetFramework=net9.0]
C:\git\TUnit\TUnit.TestProject\GenericTypeTests.cs(20,23): warning TUnit0300: Generic test method with data source may not be AOT-compatible. All generic type combinations must be known at compile time. [C:\git\TUnit\TUnit.TestProject\TUnit.TestProject.csproj::TargetFramework=net9.0]
C:\git\TUnit\TUnit.TestProject\GenericTypeTests.cs(79,23): warning TUnit0300: Generic test method with data source may not be AOT-compatible. All generic type combinations must be known at compile time. [C:\git\TUnit\TUnit.TestProject\TUnit.TestProject.csproj::TargetFramework=net9.0]
C:\git\TUnit\TUnit.TestProject\GenericTypeTests.cs(9,23): warning TUnit0300: Generic test method with data source may not be AOT-compatible. All generic type combinations must be known at compile time. [C:\git\TUnit\TUnit.TestProject\TUnit.TestProject.csproj::TargetFramework=net9.0]
C:\git\TUnit\TUnit.TestProject\HookExecutorTests.cs(54,30): warning TUnit0042: Global hooks should not be mixed with test classes to avoid confusion. Place them in their own class. [C:\git\TUnit\TUnit.TestProject\TUnit.TestProject.csproj::TargetFramework=net9.0]
C:\git\TUnit\TUnit.TestProject\HookGeneratorTest.cs(9,24): warning TUnit0042: Global hooks should not be mixed with test classes to avoid confusion. Place them in their own class. [C:\git\TUnit\TUnit.TestProject\TUnit.TestProject.csproj::TargetFramework=net9.0]
C:\git\TUnit\TUnit.TestProject\HookExecutorTests.cs(13,30): warning TUnit0042: Global hooks should not be mixed with test classes to avoid confusion. Place them in their own class. [C:\git\TUnit\TUnit.TestProject\TUnit.TestProject.csproj::TargetFramework=net9.0]
C:\git\TUnit\TUnit.TestProject\HookGeneratorTest.cs(15,30): warning TUnit0042: Global hooks should not be mixed with test classes to avoid confusion. Place them in their own class. [C:\git\TUnit\TUnit.TestProject\TUnit.TestProject.csproj::TargetFramework=net9.0]
C:\git\TUnit\TUnit.TestProject\HookExecutorTests.cs(26,30): warning TUnit0042: Global hooks should not be mixed with test classes to avoid confusion. Place them in their own class. [C:\git\TUnit\TUnit.TestProject\TUnit.TestProject.csproj::TargetFramework=net9.0]
C:\git\TUnit\TUnit.TestProject\HookExecutorTests.cs(123,30): warning TUnit0042: Global hooks should not be mixed with test classes to avoid confusion. Place them in their own class. [C:\git\TUnit\TUnit.TestProject\TUnit.TestProject.csproj::TargetFramework=net9.0]
C:\git\TUnit\TUnit.TestProject\HookExecutorTests.cs(110,30): warning TUnit0042: Global hooks should not be mixed with test classes to avoid confusion. Place them in their own class. [C:\git\TUnit\TUnit.TestProject\TUnit.TestProject.csproj::TargetFramework=net9.0]
C:\git\TUnit\TUnit.TestProject\HookExecutorTests.cs(35,30): warning TUnit0042: Global hooks should not be mixed with test classes to avoid confusion. Place them in their own class. [C:\git\TUnit\TUnit.TestProject\TUnit.TestProject.csproj::TargetFramework=net9.0]
C:\git\TUnit\TUnit.TestProject\HookExecutorTests.cs(63,30): warning TUnit0042: Global hooks should not be mixed with test classes to avoid confusion. Place them in their own class. [C:\git\TUnit\TUnit.TestProject\TUnit.TestProject.csproj::TargetFramework=net9.0]
C:\git\TUnit\TUnit.TestProject\HookExecutorTests.cs(43,30): warning TUnit0042: Global hooks should not be mixed with test classes to avoid confusion. Place them in their own class. [C:\git\TUnit\TUnit.TestProject\TUnit.TestProject.csproj::TargetFramework=net9.0]
C:\git\TUnit\TUnit.TestProject\AbstractBaseClassPropertyInjectionTests.cs(20,27): warning CS8602: Dereference of a possibly null reference. [C:\git\TUnit\TUnit.TestProject\TUnit.TestProject.csproj::TargetFramework=net8.0]
C:\git\TUnit\TUnit.TestProject\Tests.cs(13,15): warning CS8620: Argument of type 'AssertionBuilder<string?>' cannot be used for parameter 'builder' of type 'AssertionBuilder<string>' in 'StringEqualToAssertion StringAssertionBuilderExtensions.IsEqualTo(AssertionBuilder<string> builder, string? expected, StringComparison comparison)' due to differences in the nullability of reference types. [C:\git\TUnit\TUnit.TestProject\TUnit.TestProject.csproj::TargetFramework=net8.0]
C:\git\TUnit\TUnit.TestProject\SourceGeneratedViewer\TUnit.Core.SourceGenerator\TUnit.Core.SourceGenerator.Generators.PropertyInjectionSourceGenerator\TUnit_TestProject_PropertyInitializationTests_PropertyInjection.g.cs(39,86): warning CS8669: The annotation for nullable reference types should only be used in code within a '#nullable' annotations context. Auto-generated code requires an explicit '#nullable' directive in source. [C:\git\TUnit\TUnit.TestProject\TUnit.TestProject.csproj::TargetFramework=net8.0]
C:\git\TUnit\TUnit.TestProject\SourceGeneratedViewer\TUnit.Core.SourceGenerator\TUnit.Core.SourceGenerator.Generators.PropertyInjectionSourceGenerator\TUnit_TestProject_PropertyInitializationTests_PropertyInjection.g.cs(56,97): warning CS8669: The annotation for nullable reference types should only be used in code within a '#nullable' annotations context. Auto-generated code requires an explicit '#nullable' directive in source. [C:\git\TUnit\TUnit.TestProject\TUnit.TestProject.csproj::TargetFramework=net8.0]
C:\git\TUnit\TUnit.TestProject\TestCountVerificationTests.cs(6,45): warning CS9113: Parameter 'value' is unread. [C:\git\TUnit\TUnit.TestProject\TUnit.TestProject.csproj::TargetFramework=net8.0]
C:\git\TUnit\TUnit.TestProject\TestContextIsolationTests.cs(307,15): warning CS8634: The type 'TUnit.Core.TestContext?' cannot be used as type parameter 'TActual' in the generic type or method 'ReferenceAssertionBuilderExtensions.IsSameReferenceAs<TActual>(AssertionBuilder<TActual>, TActual?)'. Nullability of type argument 'TUnit.Core.TestContext?' doesn't match 'class' constraint. [C:\git\TUnit\TUnit.TestProject\TUnit.TestProject.csproj::TargetFramework=net8.0]
C:\git\TUnit\TUnit.TestProject\TestContextIsolationTests.cs(317,15): warning CS8634: The type 'TUnit.Core.TestContext?' cannot be used as type parameter 'TActual' in the generic type or method 'ReferenceAssertionBuilderExtensions.IsSameReferenceAs<TActual>(AssertionBuilder<TActual>, TActual?)'. Nullability of type argument 'TUnit.Core.TestContext?' doesn't match 'class' constraint. [C:\git\TUnit\TUnit.TestProject\TUnit.TestProject.csproj::TargetFramework=net8.0]
C:\git\TUnit\TUnit.TestProject\TestContextIsolationTests.cs(318,15): warning CS8634: The type 'TUnit.Core.TestContext?' cannot be used as type parameter 'TActual' in the generic type or method 'ReferenceAssertionBuilderExtensions.IsSameReferenceAs<TActual>(AssertionBuilder<TActual>, TActual?)'. Nullability of type argument 'TUnit.Core.TestContext?' doesn't match 'class' constraint. [C:\git\TUnit\TUnit.TestProject\TUnit.TestProject.csproj::TargetFramework=net8.0]
C:\git\TUnit\TUnit.TestProject\AsyncDataSourceExampleTests.cs(7,67): warning CS1998: This async method lacks 'await' operators and will run synchronously. Consider using the 'await' operator to await non-blocking API calls, or 'await Task.Run(...)' to do CPU-bound work on a background thread. [C:\git\TUnit\TUnit.TestProject\TUnit.TestProject.csproj::TargetFramework=net8.0]
C:\git\TUnit\TUnit.TestProject\AsyncDataSourceExampleTests.cs(59,71): warning CS1998: This async method lacks 'await' operators and will run synchronously. Consider using the 'await' operator to await non-blocking API calls, or 'await Task.Run(...)' to do CPU-bound work on a background thread. [C:\git\TUnit\TUnit.TestProject\TUnit.TestProject.csproj::TargetFramework=net8.0]
C:\git\TUnit\TUnit.TestProject\TestContextIsolationTests.cs(263,15): warning CS8634: The type 'TUnit.Core.TestContext?' cannot be used as type parameter 'TActual' in the generic type or method 'ReferenceAssertionBuilderExtensions.IsSameReferenceAs<TActual>(AssertionBuilder<TActual>, TActual?)'. Nullability of type argument 'TUnit.Core.TestContext?' doesn't match 'class' constraint. [C:\git\TUnit\TUnit.TestProject\TUnit.TestProject.csproj::TargetFramework=net8.0]
C:\git\TUnit\TUnit.TestProject\TestContextIsolationTests.cs(159,15): warning CS8634: The type 'TUnit.Core.TestContext?' cannot be used as type parameter 'TActual' in the generic type or method 'ReferenceAssertionBuilderExtensions.IsSameReferenceAs<TActual>(AssertionBuilder<TActual>, TActual?)'. Nullability of type argument 'TUnit.Core.TestContext?' doesn't match 'class' constraint. [C:\git\TUnit\TUnit.TestProject\TUnit.TestProject.csproj::TargetFramework=net8.0]
C:\git\TUnit\TUnit.TestProject\TestContextIsolationTests.cs(174,15): warning CS8634: The type 'TUnit.Core.TestContext?' cannot be used as type parameter 'TActual' in the generic type or method 'ReferenceAssertionBuilderExtensions.IsSameReferenceAs<TActual>(AssertionBuilder<TActual>, TActual?)'. Nullability of type argument 'TUnit.Core.TestContext?' doesn't match 'class' constraint. [C:\git\TUnit\TUnit.TestProject\TUnit.TestProject.csproj::TargetFramework=net8.0]
C:\git\TUnit\TUnit.TestProject\TestContextIsolationTests.cs(180,15): warning CS8634: The type 'TUnit.Core.TestContext?' cannot be used as type parameter 'TActual' in the generic type or method 'ReferenceAssertionBuilderExtensions.IsSameReferenceAs<TActual>(AssertionBuilder<TActual>, TActual?)'. Nullability of type argument 'TUnit.Core.TestContext?' doesn't match 'class' constraint. [C:\git\TUnit\TUnit.TestProject\TUnit.TestProject.csproj::TargetFramework=net8.0]
C:\git\TUnit\TUnit.TestProject\TestContextIsolationTests.cs(185,19): warning CS8634: The type 'TUnit.Core.TestContext?' cannot be used as type parameter 'TActual' in the generic type or method 'ReferenceAssertionBuilderExtensions.IsSameReferenceAs<TActual>(AssertionBuilder<TActual>, TActual?)'. Nullability of type argument 'TUnit.Core.TestContext?' doesn't match 'class' constraint. [C:\git\TUnit\TUnit.TestProject\TUnit.TestProject.csproj::TargetFramework=net8.0]
C:\git\TUnit\TUnit.TestProject\TestContextIsolationTests.cs(187,19): warning CS8634: The type 'TUnit.Core.TestContext?' cannot be used as type parameter 'TActual' in the generic type or method 'ReferenceAssertionBuilderExtensions.IsSameReferenceAs<TActual>(AssertionBuilder<TActual>, TActual?)'. Nullability of type argument 'TUnit.Core.TestContext?' doesn't match 'class' constraint. [C:\git\TUnit\TUnit.TestProject\TUnit.TestProject.csproj::TargetFramework=net8.0]
C:\git\TUnit\TUnit.TestProject\TestContextIsolationTests.cs(190,15): warning CS8634: The type 'TUnit.Core.TestContext?' cannot be used as type parameter 'TActual' in the generic type or method 'ReferenceAssertionBuilderExtensions.IsSameReferenceAs<TActual>(AssertionBuilder<TActual>, TActual?)'. Nullability of type argument 'TUnit.Core.TestContext?' doesn't match 'class' constraint. [C:\git\TUnit\TUnit.TestProject\TUnit.TestProject.csproj::TargetFramework=net8.0]
C:\git\TUnit\TUnit.TestProject\TestContextIsolationTests.cs(197,15): warning CS8634: The type 'TUnit.Core.TestContext?' cannot be used as type parameter 'TActual' in the generic type or method 'ReferenceAssertionBuilderExtensions.IsSameReferenceAs<TActual>(AssertionBuilder<TActual>, TActual?)'. Nullability of type argument 'TUnit.Core.TestContext?' doesn't match 'class' constraint. [C:\git\TUnit\TUnit.TestProject\TUnit.TestProject.csproj::TargetFramework=net8.0]
C:\git\TUnit\TUnit.TestProject\TestContextIsolationTests.cs(202,19): warning CS8634: The type 'TUnit.Core.TestContext?' cannot be used as type parameter 'TActual' in the generic type or method 'ReferenceAssertionBuilderExtensions.IsSameReferenceAs<TActual>(AssertionBuilder<TActual>, TActual?)'. Nullability of type argument 'TUnit.Core.TestContext?' doesn't match 'class' constraint. [C:\git\TUnit\TUnit.TestProject\TUnit.TestProject.csproj::TargetFramework=net8.0]
C:\git\TUnit\TUnit.TestProject\TestContextIsolationTests.cs(206,15): warning CS8634: The type 'TUnit.Core.TestContext?' cannot be used as type parameter 'TActual' in the generic type or method 'ReferenceAssertionBuilderExtensions.IsSameReferenceAs<TActual>(AssertionBuilder<TActual>, TActual?)'. Nullability of type argument 'TUnit.Core.TestContext?' doesn't match 'class' constraint. [C:\git\TUnit\TUnit.TestProject\TUnit.TestProject.csproj::TargetFramework=net8.0]
C:\git\TUnit\TUnit.TestProject\TestContextIsolationTests.cs(51,15): warning CS8634: The type 'TUnit.Core.TestContext?' cannot be used as type parameter 'TActual' in the generic type or method 'ReferenceAssertionBuilderExtensions.IsSameReferenceAs<TActual>(AssertionBuilder<TActual>, TActual?)'. Nullability of type argument 'TUnit.Core.TestContext?' doesn't match 'class' constraint. [C:\git\TUnit\TUnit.TestProject\TUnit.TestProject.csproj::TargetFramework=net8.0]
C:\git\TUnit\TUnit.TestProject\Bugs\1570\Tests.cs(21,23): warning CS1998: This async method lacks 'await' operators and will run synchronously. Consider using the 'await' operator to await non-blocking API calls, or 'await Task.Run(...)' to do CPU-bound work on a background thread. [C:\git\TUnit\TUnit.TestProject\TUnit.TestProject.csproj::TargetFramework=net8.0]
C:\git\TUnit\TUnit.TestProject\TestContextIsolationTests.cs(81,15): warning CS8634: The type 'TUnit.Core.TestContext?' cannot be used as type parameter 'TActual' in the generic type or method 'ReferenceAssertionBuilderExtensions.IsSameReferenceAs<TActual>(AssertionBuilder<TActual>, TActual?)'. Nullability of type argument 'TUnit.Core.TestContext?' doesn't match 'class' constraint. [C:\git\TUnit\TUnit.TestProject\TUnit.TestProject.csproj::TargetFramework=net8.0]
C:\git\TUnit\TUnit.TestProject\TestContextIsolationTests.cs(105,15): warning CS8634: The type 'TUnit.Core.TestContext?' cannot be used as type parameter 'TActual' in the generic type or method 'ReferenceAssertionBuilderExtensions.IsSameReferenceAs<TActual>(AssertionBuilder<TActual>, TActual?)'. Nullability of type argument 'TUnit.Core.TestContext?' doesn't match 'class' constraint. [C:\git\TUnit\TUnit.TestProject\TUnit.TestProject.csproj::TargetFramework=net8.0]
C:\git\TUnit\TUnit.TestProject\Bugs\_2804\MultipleAfterHooksFailureTests.cs(254,9): warning CS0162: Unreachable code detected [C:\git\TUnit\TUnit.TestProject\TUnit.TestProject.csproj::TargetFramework=net8.0]
C:\git\TUnit\TUnit.TestProject\Bugs\_2804\MultipleAfterHooksFailureTests.cs(269,9): warning CS0162: Unreachable code detected [C:\git\TUnit\TUnit.TestProject\TUnit.TestProject.csproj::TargetFramework=net8.0]
C:\git\TUnit\TUnit.TestProject\Bugs\_2804\MultipleAfterHooksFailureTests.cs(285,9): warning CS0162: Unreachable code detected [C:\git\TUnit\TUnit.TestProject\TUnit.TestProject.csproj::TargetFramework=net8.0]
C:\git\TUnit\TUnit.TestProject\Bugs\2955\InheritedDataSourceTests.cs(68,27): warning CS8602: Dereference of a possibly null reference. [C:\git\TUnit\TUnit.TestProject\TUnit.TestProject.csproj::TargetFramework=net8.0]
C:\git\TUnit\TUnit.TestProject\ClassDataSourceEnumerableTest.cs(6,51): warning CS9113: Parameter 'value' is unread. [C:\git\TUnit\TUnit.TestProject\TUnit.TestProject.csproj::TargetFramework=net8.0]
C:\git\TUnit\TUnit.TestProject\ClassDisplayNameAttributeTests.cs(23,57): warning CS9113: Parameter 'value' is unread. [C:\git\TUnit\TUnit.TestProject\TUnit.TestProject.csproj::TargetFramework=net8.0]
C:\git\TUnit\TUnit.TestProject\SimpleGenericTests.cs(58,47): warning CS8604: Possible null reference argument for parameter 'expected' in 'GenericNotEqualToAssertion<T> AssertionBuilder<T>.IsNotEqualTo(T expected)'. [C:\git\TUnit\TUnit.TestProject\TUnit.TestProject.csproj::TargetFramework=net8.0]
C:\git\TUnit\TUnit.TestProject\SimpleGenericTests.cs(59,53): warning CS8604: Possible null reference argument for parameter 'expected' in 'GenericNotEqualToAssertion<T2> AssertionBuilder<T2>.IsNotEqualTo(T2 expected)'. [C:\git\TUnit\TUnit.TestProject\TUnit.TestProject.csproj::TargetFramework=net8.0]
C:\git\TUnit\TUnit.TestProject\SimpleGenericTests.cs(42,47): warning CS8604: Possible null reference argument for parameter 'expected' in 'GenericNotEqualToAssertion<T> AssertionBuilder<T>.IsNotEqualTo(T expected)'. [C:\git\TUnit\TUnit.TestProject\TUnit.TestProject.csproj::TargetFramework=net8.0]
C:\git\TUnit\TUnit.TestProject\SimpleGenericTests.cs(26,47): warning CS8604: Possible null reference argument for parameter 'expected' in 'GenericNotEqualToAssertion<T> AssertionBuilder<T>.IsNotEqualTo(T expected)'. [C:\git\TUnit\TUnit.TestProject\TUnit.TestProject.csproj::TargetFramework=net8.0]
C:\git\TUnit\TUnit.TestProject\Bugs\Issue2887\ReproTest.cs(16,54): warning CS9113: Parameter 'serviceProvider' is unread. [C:\git\TUnit\TUnit.TestProject\TUnit.TestProject.csproj::TargetFramework=net8.0]
C:\git\TUnit\TUnit.TestProject\SimpleGenericTests.cs(13,47): warning CS8604: Possible null reference argument for parameter 'expected' in 'GenericNotEqualToAssertion<T> AssertionBuilder<T>.IsNotEqualTo(T expected)'. [C:\git\TUnit\TUnit.TestProject\TUnit.TestProject.csproj::TargetFramework=net8.0]
C:\git\TUnit\TUnit.TestProject\Bugs\Issue2993\ImplicitConversionTests.cs(27,35): warning CS8600: Converting null literal or possible null value to non-nullable type. [C:\git\TUnit\TUnit.TestProject\TUnit.TestProject.csproj::TargetFramework=net8.0]
C:\git\TUnit\TUnit.TestProject\ComprehensiveCountTest.cs(8,44): warning CS9113: Parameter 'classValue' is unread. [C:\git\TUnit\TUnit.TestProject\TUnit.TestProject.csproj::TargetFramework=net8.0]
C:\git\TUnit\TUnit.TestProject\CombinedParallelConstraintsTests.cs(253,17): warning CS0219: The variable 'hasOverlap' is assigned but its value is never used [C:\git\TUnit\TUnit.TestProject\TUnit.TestProject.csproj::TargetFramework=net8.0]
C:\git\TUnit\TUnit.TestProject\PropertyInitializationTests.cs(108,91): warning CS1998: This async method lacks 'await' operators and will run synchronously. Consider using the 'await' operator to await non-blocking API calls, or 'await Task.Run(...)' to do CPU-bound work on a background thread. [C:\git\TUnit\TUnit.TestProject\TUnit.TestProject.csproj::TargetFramework=net8.0]
C:\git\TUnit\TUnit.TestProject\PropertyInitializationTests.cs(98,82): warning CS1998: This async method lacks 'await' operators and will run synchronously. Consider using the 'await' operator to await non-blocking API calls, or 'await Task.Run(...)' to do CPU-bound work on a background thread. [C:\git\TUnit\TUnit.TestProject\TUnit.TestProject.csproj::TargetFramework=net8.0]
C:\git\TUnit\TUnit.TestProject\NotInParallelExecutionTests.cs(28,25): warning CS8602: Dereference of a possibly null reference. [C:\git\TUnit\TUnit.TestProject\TUnit.TestProject.csproj::TargetFramework=net8.0]
C:\git\TUnit\TUnit.TestProject\NotInParallelExecutionTests.cs(53,30): warning CS8602: Dereference of a possibly null reference. [C:\git\TUnit\TUnit.TestProject\TUnit.TestProject.csproj::TargetFramework=net8.0]
C:\git\TUnit\TUnit.TestProject\DynamicallyRegisteredTests.cs(58,19): warning CS0618: 'TestContext.ReregisterTestWithArguments(object?[]?, Dictionary<string, object?>?)' is obsolete: 'This method is non-functional after the removal of ITestFinder. It will be removed in a future version.' [C:\git\TUnit\TUnit.TestProject\TUnit.TestProject.csproj::TargetFramework=net8.0]
C:\git\TUnit\TUnit.TestProject\NestedClassDataSourceDrivenTests3.cs(130,36): warning CS8618: Non-nullable property 'InnerClass' must contain a non-null value when exiting constructor. Consider adding the 'required' modifier or declaring the property as nullable. [C:\git\TUnit\TUnit.TestProject\TUnit.TestProject.csproj::TargetFramework=net8.0]
C:\git\TUnit\TUnit.TestProject\NestedClassDataSourceDrivenTests3.cs(100,36): warning CS8618: Non-nullable property 'InnerClass' must contain a non-null value when exiting constructor. Consider adding the 'required' modifier or declaring the property as nullable. [C:\git\TUnit\TUnit.TestProject\TUnit.TestProject.csproj::TargetFramework=net8.0]
C:\git\TUnit\TUnit.TestProject\NestedClassDataSourceDrivenTests3.cs(61,36): warning CS8618: Non-nullable property 'InnerClass' must contain a non-null value when exiting constructor. Consider adding the 'required' modifier or declaring the property as nullable. [C:\git\TUnit\TUnit.TestProject\TUnit.TestProject.csproj::TargetFramework=net8.0]
C:\git\TUnit\TUnit.TestProject\NestedClassDataSourceDrivenTests3.cs(34,36): warning CS8618: Non-nullable property 'InnerClass' must contain a non-null value when exiting constructor. Consider adding the 'required' modifier or declaring the property as nullable. [C:\git\TUnit\TUnit.TestProject\TUnit.TestProject.csproj::TargetFramework=net8.0]
C:\git\TUnit\TUnit.TestProject\NestedClassDataSourceDrivenTests2.cs(33,36): warning CS8618: Non-nullable property 'InnerClass' must contain a non-null value when exiting constructor. Consider adding the 'required' modifier or declaring the property as nullable. [C:\git\TUnit\TUnit.TestProject\TUnit.TestProject.csproj::TargetFramework=net8.0]
C:\git\TUnit\TUnit.TestProject\MixedDataSourceBugTest.cs(5,41): warning CS9113: Parameter 'classValue' is unread. [C:\git\TUnit\TUnit.TestProject\TUnit.TestProject.csproj::TargetFramework=net8.0]
C:\git\TUnit\TUnit.TestProject\GenericConstraintValidationTests.cs(66,47): warning CS8625: Cannot convert null literal to non-nullable reference type. [C:\git\TUnit\TUnit.TestProject\TUnit.TestProject.csproj::TargetFramework=net8.0]
C:\git\TUnit\TUnit.TestProject\GenericConstraintValidationTests.cs(126,47): warning CS8604: Possible null reference argument for parameter 'expected' in 'GenericNotEqualToAssertion<T> AssertionBuilder<T>.IsNotEqualTo(T expected)'. [C:\git\TUnit\TUnit.TestProject\TUnit.TestProject.csproj::TargetFramework=net8.0]
C:\git\TUnit\TUnit.TestProject\GenericConstraintValidationTests.cs(160,51): warning CS8625: Cannot convert null literal to non-nullable reference type. [C:\git\TUnit\TUnit.TestProject\TUnit.TestProject.csproj::TargetFramework=net8.0]
C:\git\TUnit\TUnit.TestProject\GenericConstraintValidationTests.cs(173,47): warning CS8604: Possible null reference argument for parameter 'expected' in 'GenericNotEqualToAssertion<T> AssertionBuilder<T>.IsNotEqualTo(T expected)'. [C:\git\TUnit\TUnit.TestProject\TUnit.TestProject.csproj::TargetFramework=net8.0]
C:\git\TUnit\TUnit.TestProject\Bugs\_2804\HookExceptionHandlingTests.cs(14,25): warning CS0414: The field 'HookExceptionHandlingTests._afterAssemblyExecuted' is assigned but its value is never used [C:\git\TUnit\TUnit.TestProject\TUnit.TestProject.csproj::TargetFramework=net8.0]
C:\git\TUnit\TUnit.TestProject\Bugs\_2804\HookCleanupOnFailureTests.cs(16,24): warning CS0414: The field 'HookCleanupOnFailureTests._beforeAssemblyCount' is assigned but its value is never used [C:\git\TUnit\TUnit.TestProject\TUnit.TestProject.csproj::TargetFramework=net8.0]
C:\git\TUnit\TUnit.TestProject\Bugs\_2804\HookCleanupOnFailureTests.cs(17,24): warning CS0414: The field 'HookCleanupOnFailureTests._afterAssemblyCount' is assigned but its value is never used [C:\git\TUnit\TUnit.TestProject\TUnit.TestProject.csproj::TargetFramework=net8.0]
C:\git\TUnit\TUnit.TestProject\Bugs\_2804\MultipleAfterHooksFailureTests.cs(124,25): warning CS0414: The field 'MultipleAfterClassHooksTests._testsExecuted' is assigned but its value is never used [C:\git\TUnit\TUnit.TestProject\TUnit.TestProject.csproj::TargetFramework=net8.0]
C:\git\TUnit\TUnit.TestProject\CallEventReceiverTests.cs(34,28): warning TUnit0014: Public method missing [Test] attribute - add attribute or make method private/protected [C:\git\TUnit\TUnit.TestProject\TUnit.TestProject.csproj::TargetFramework=net8.0]
C:\git\TUnit\TUnit.TestProject\DynamicTests\Runtime.cs(13,17): warning TUnit0014: Public method missing [Test] attribute - add attribute or make method private/protected [C:\git\TUnit\TUnit.TestProject\TUnit.TestProject.csproj::TargetFramework=net8.0]
C:\git\TUnit\TUnit.TestProject\VerifyFixTest.cs(11,27): warning TUnit0300: Generic test method with data source may not be AOT-compatible. All generic type combinations must be known at compile time. [C:\git\TUnit\TUnit.TestProject\TUnit.TestProject.csproj::TargetFramework=net8.0]
C:\git\TUnit\TUnit.TestProject\AllDataSourcesCombinedTests.cs(40,30): warning TUnit0042: Global hooks should not be mixed with test classes to avoid confusion. Place them in their own class. [C:\git\TUnit\TUnit.TestProject\TUnit.TestProject.csproj::TargetFramework=net8.0]
C:\git\TUnit\TUnit.TestProject\TestMixedGenericParameters.cs(8,23): warning TUnit0300: Generic test method with data source may not be AOT-compatible. All generic type combinations must be known at compile time. [C:\git\TUnit\TUnit.TestProject\TUnit.TestProject.csproj::TargetFramework=net8.0]
C:\git\TUnit\TUnit.TestProject\AllDataSourcesCombinedTestsVerification.cs(40,30): warning TUnit0042: Global hooks should not be mixed with test classes to avoid confusion. Place them in their own class. [C:\git\TUnit\TUnit.TestProject\TUnit.TestProject.csproj::TargetFramework=net8.0]
C:\git\TUnit\TUnit.TestProject\ArgumentsWithClassDataSourceTests.cs(29,30): warning TUnit0042: Global hooks should not be mixed with test classes to avoid confusion. Place them in their own class. [C:\git\TUnit\TUnit.TestProject\TUnit.TestProject.csproj::TargetFramework=net8.0]
C:\git\TUnit\TUnit.TestProject\CallEventReceiverTests.cs(25,30): warning TUnit0042: Global hooks should not be mixed with test classes to avoid confusion. Place them in their own class. [C:\git\TUnit\TUnit.TestProject\TUnit.TestProject.csproj::TargetFramework=net8.0]
C:\git\TUnit\TUnit.TestProject\Bugs\_2804\TestSpecificAfterHooksTests.cs(219,30): warning TUnit0042: Global hooks should not be mixed with test classes to avoid confusion. Place them in their own class. [C:\git\TUnit\TUnit.TestProject\TUnit.TestProject.csproj::TargetFramework=net8.0]
C:\git\TUnit\TUnit.TestProject\Bugs\_2804\TestSpecificAfterHooksTests.cs(234,30): warning TUnit0042: Global hooks should not be mixed with test classes to avoid confusion. Place them in their own class. [C:\git\TUnit\TUnit.TestProject\TUnit.TestProject.csproj::TargetFramework=net8.0]
C:\git\TUnit\TUnit.TestProject\Bugs\_2804\TestSpecificAfterHooksTests.cs(249,30): warning TUnit0042: Global hooks should not be mixed with test classes to avoid confusion. Place them in their own class. [C:\git\TUnit\TUnit.TestProject\TUnit.TestProject.csproj::TargetFramework=net8.0]
C:\git\TUnit\TUnit.TestProject\Bugs\_2804\TestSpecificAfterHooksTests.cs(264,30): warning TUnit0042: Global hooks should not be mixed with test classes to avoid confusion. Place them in their own class. [C:\git\TUnit\TUnit.TestProject\TUnit.TestProject.csproj::TargetFramework=net8.0]
C:\git\TUnit\TUnit.TestProject\Bugs\_2804\TestSpecificAfterHooksTests.cs(279,30): warning TUnit0042: Global hooks should not be mixed with test classes to avoid confusion. Place them in their own class. [C:\git\TUnit\TUnit.TestProject\TUnit.TestProject.csproj::TargetFramework=net8.0]
C:\git\TUnit\TUnit.TestProject\Bugs\_2804\MultipleAfterHooksFailureTests.cs(377,30): warning TUnit0042: Global hooks should not be mixed with test classes to avoid confusion. Place them in their own class. [C:\git\TUnit\TUnit.TestProject\TUnit.TestProject.csproj::TargetFramework=net8.0]
C:\git\TUnit\TUnit.TestProject\Bugs\_2804\MultipleAfterHooksFailureTests.cs(412,30): warning TUnit0042: Global hooks should not be mixed with test classes to avoid confusion. Place them in their own class. [C:\git\TUnit\TUnit.TestProject\TUnit.TestProject.csproj::TargetFramework=net8.0]
C:\git\TUnit\TUnit.TestProject\Bugs\_2804\MultipleAfterHooksFailureTests.cs(388,30): warning TUnit0042: Global hooks should not be mixed with test classes to avoid confusion. Place them in their own class. [C:\git\TUnit\TUnit.TestProject\TUnit.TestProject.csproj::TargetFramework=net8.0]
C:\git\TUnit\TUnit.TestProject\Bugs\_2804\MultipleAfterHooksFailureTests.cs(400,30): warning TUnit0042: Global hooks should not be mixed with test classes to avoid confusion. Place them in their own class. [C:\git\TUnit\TUnit.TestProject\TUnit.TestProject.csproj::TargetFramework=net8.0]
C:\git\TUnit\TUnit.TestProject\Bugs\_2804\MultipleAfterHooksFailureTests.cs(423,30): warning TUnit0042: Global hooks should not be mixed with test classes to avoid confusion. Place them in their own class. [C:\git\TUnit\TUnit.TestProject\TUnit.TestProject.csproj::TargetFramework=net8.0]
C:\git\TUnit\TUnit.TestProject\Bugs\_2804\MultipleAfterHooksFailureTests.cs(435,30): warning TUnit0042: Global hooks should not be mixed with test classes to avoid confusion. Place them in their own class. [C:\git\TUnit\TUnit.TestProject\TUnit.TestProject.csproj::TargetFramework=net8.0]
C:\git\TUnit\TUnit.TestProject\Bugs\_2804\MultipleAfterHooksFailureTests.cs(446,24): warning TUnit0042: Global hooks should not be mixed with test classes to avoid confusion. Place them in their own class. [C:\git\TUnit\TUnit.TestProject\TUnit.TestProject.csproj::TargetFramework=net8.0]
C:\git\TUnit\TUnit.TestProject\Bugs\_2804\MultipleAfterHooksFailureTests.cs(316,30): warning TUnit0042: Global hooks should not be mixed with test classes to avoid confusion. Place them in their own class. [C:\git\TUnit\TUnit.TestProject\TUnit.TestProject.csproj::TargetFramework=net8.0]
C:\git\TUnit\TUnit.TestProject\Bugs\_2804\MultipleAfterHooksFailureTests.cs(327,30): warning TUnit0042: Global hooks should not be mixed with test classes to avoid confusion. Place them in their own class. [C:\git\TUnit\TUnit.TestProject\TUnit.TestProject.csproj::TargetFramework=net8.0]
C:\git\TUnit\TUnit.TestProject\Bugs\_2804\MultipleAfterHooksFailureTests.cs(338,30): warning TUnit0042: Global hooks should not be mixed with test classes to avoid confusion. Place them in their own class. [C:\git\TUnit\TUnit.TestProject\TUnit.TestProject.csproj::TargetFramework=net8.0]
C:\git\TUnit\TUnit.TestProject\Bugs\_2804\MultipleAfterHooksFailureTests.cs(349,24): warning TUnit0042: Global hooks should not be mixed with test classes to avoid confusion. Place them in their own class. [C:\git\TUnit\TUnit.TestProject\TUnit.TestProject.csproj::TargetFramework=net8.0]
C:\git\TUnit\TUnit.TestProject\Bugs\_2804\HookExceptionHandlingTests.cs(197,24): warning TUnit0042: Global hooks should not be mixed with test classes to avoid confusion. Place them in their own class. [C:\git\TUnit\TUnit.TestProject\TUnit.TestProject.csproj::TargetFramework=net8.0]
C:\git\TUnit\TUnit.TestProject\Bugs\_2804\HookExceptionHandlingTests.cs(52,24): warning TUnit0042: Global hooks should not be mixed with test classes to avoid confusion. Place them in their own class. [C:\git\TUnit\TUnit.TestProject\TUnit.TestProject.csproj::TargetFramework=net8.0]
C:\git\TUnit\TUnit.TestProject\Bugs\_2804\HookExceptionHandlingTests.cs(69,24): warning TUnit0042: Global hooks should not be mixed with test classes to avoid confusion. Place them in their own class. [C:\git\TUnit\TUnit.TestProject\TUnit.TestProject.csproj::TargetFramework=net8.0]
C:\git\TUnit\TUnit.TestProject\Bugs\2136\Tests.cs(14,23): warning TUnit0300: Generic test method with data source may not be AOT-compatible. All generic type combinations must be known at compile time. [C:\git\TUnit\TUnit.TestProject\TUnit.TestProject.csproj::TargetFramework=net8.0]
C:\git\TUnit\TUnit.TestProject\Bugs\_2804\HookExceptionHandlingTests.cs(106,24): warning TUnit0042: Global hooks should not be mixed with test classes to avoid confusion. Place them in their own class. [C:\git\TUnit\TUnit.TestProject\TUnit.TestProject.csproj::TargetFramework=net8.0]
C:\git\TUnit\TUnit.TestProject\Bugs\_2804\HookCleanupOnFailureTests.cs(178,24): warning TUnit0042: Global hooks should not be mixed with test classes to avoid confusion. Place them in their own class. [C:\git\TUnit\TUnit.TestProject\TUnit.TestProject.csproj::TargetFramework=net8.0]
C:\git\TUnit\TUnit.TestProject\Bugs\_2804\HookCleanupOnFailureTests.cs(171,24): warning TUnit0042: Global hooks should not be mixed with test classes to avoid confusion. Place them in their own class. [C:\git\TUnit\TUnit.TestProject\TUnit.TestProject.csproj::TargetFramework=net8.0]
C:\git\TUnit\TUnit.TestProject\Bugs\_2804\HookCleanupOnFailureTests.cs(200,24): warning TUnit0042: Global hooks should not be mixed with test classes to avoid confusion. Place them in their own class. [C:\git\TUnit\TUnit.TestProject\TUnit.TestProject.csproj::TargetFramework=net8.0]
C:\git\TUnit\TUnit.TestProject\Bugs\_2804\HookCleanupOnFailureTests.cs(102,24): warning TUnit0042: Global hooks should not be mixed with test classes to avoid confusion. Place them in their own class. [C:\git\TUnit\TUnit.TestProject\TUnit.TestProject.csproj::TargetFramework=net8.0]
C:\git\TUnit\TUnit.TestProject\Bugs\2757\Tests.cs(20,41): warning TUnit0046: Return a `Func<T>` rather than a `<T>`. [C:\git\TUnit\TUnit.TestProject\TUnit.TestProject.csproj::TargetFramework=net8.0]
C:\git\TUnit\TUnit.TestProject\ClassDataSourceDrivenTestsSharedKeyed2.cs(41,30): warning TUnit0042: Global hooks should not be mixed with test classes to avoid confusion. Place them in their own class. [C:\git\TUnit\TUnit.TestProject\TUnit.TestProject.csproj::TargetFramework=net8.0]
C:\git\TUnit\TUnit.TestProject\Bugs\_2804\HookCleanupOnFailureTests.cs(113,24): warning TUnit0042: Global hooks should not be mixed with test classes to avoid confusion. Place them in their own class. [C:\git\TUnit\TUnit.TestProject\TUnit.TestProject.csproj::TargetFramework=net8.0]
C:\git\TUnit\TUnit.TestProject\Bugs\2798\Tests.cs(16,36): warning TUnit0046: Return a `Func<T>` rather than a `<T>`. [C:\git\TUnit\TUnit.TestProject\TUnit.TestProject.csproj::TargetFramework=net8.0]
C:\git\TUnit\TUnit.TestProject\Bugs\_2804\HookCleanupOnFailureTests.cs(20,24): warning TUnit0042: Global hooks should not be mixed with test classes to avoid confusion. Place them in their own class. [C:\git\TUnit\TUnit.TestProject\TUnit.TestProject.csproj::TargetFramework=net8.0]
C:\git\TUnit\TUnit.TestProject\Bugs\_2804\HookCleanupOnFailureTests.cs(31,24): warning TUnit0042: Global hooks should not be mixed with test classes to avoid confusion. Place them in their own class. [C:\git\TUnit\TUnit.TestProject\TUnit.TestProject.csproj::TargetFramework=net8.0]
C:\git\TUnit\TUnit.TestProject\ClassDataSourceDrivenTestsSharedKeyed3.cs(41,30): warning TUnit0042: Global hooks should not be mixed with test classes to avoid confusion. Place them in their own class. [C:\git\TUnit\TUnit.TestProject\TUnit.TestProject.csproj::TargetFramework=net8.0]
C:\git\TUnit\TUnit.TestProject\SmartInferenceTests.cs(27,23): warning TUnit0300: Generic test method with data source may not be AOT-compatible. All generic type combinations must be known at compile time. [C:\git\TUnit\TUnit.TestProject\TUnit.TestProject.csproj::TargetFramework=net8.0]
C:\git\TUnit\TUnit.TestProject\SmartInferenceTests.cs(11,23): warning TUnit0300: Generic test method with data source may not be AOT-compatible. All generic type combinations must be known at compile time. [C:\git\TUnit\TUnit.TestProject\TUnit.TestProject.csproj::TargetFramework=net8.0]
C:\git\TUnit\TUnit.TestProject\Bugs\2867\DisposalNotCalledTests.cs(267,30): warning TUnit0042: Global hooks should not be mixed with test classes to avoid confusion. Place them in their own class. [C:\git\TUnit\TUnit.TestProject\TUnit.TestProject.csproj::TargetFramework=net8.0]
C:\git\TUnit\TUnit.TestProject\Bugs\_2804\CriticalHookChainExecutionTests.cs(322,30): warning TUnit0042: Global hooks should not be mixed with test classes to avoid confusion. Place them in their own class. [C:\git\TUnit\TUnit.TestProject\TUnit.TestProject.csproj::TargetFramework=net8.0]
C:\git\TUnit\TUnit.TestProject\Bugs\_2804\CriticalHookChainExecutionTests.cs(346,30): warning TUnit0042: Global hooks should not be mixed with test classes to avoid confusion. Place them in their own class. [C:\git\TUnit\TUnit.TestProject\TUnit.TestProject.csproj::TargetFramework=net8.0]
C:\git\TUnit\TUnit.TestProject\SimpleTupleTest.cs(11,56): warning TUnit0301: Tuple parameter 'value' uses reflection which is not AOT-compatible. Consider using concrete types instead of tuples. [C:\git\TUnit\TUnit.TestProject\TUnit.TestProject.csproj::TargetFramework=net8.0]
C:\git\TUnit\TUnit.TestProject\Bugs\_2804\CriticalHookChainExecutionTests.cs(358,24): warning TUnit0042: Global hooks should not be mixed with test classes to avoid confusion. Place them in their own class. [C:\git\TUnit\TUnit.TestProject\TUnit.TestProject.csproj::TargetFramework=net8.0]
C:\git\TUnit\TUnit.TestProject\SimpleStaticTest.cs(9,15): warning TUnitAssertions0005: Assert.That(...) should not be used with a constant value [C:\git\TUnit\TUnit.TestProject\TUnit.TestProject.csproj::TargetFramework=net8.0]
C:\git\TUnit\TUnit.TestProject\Bugs\3185\BugRepro3185.cs(88,19): warning TUnitAssertions0005: Assert.That(...) should not be used with a constant value [C:\git\TUnit\TUnit.TestProject\TUnit.TestProject.csproj::TargetFramework=net8.0]
C:\git\TUnit\TUnit.TestProject\Bugs\HookOrchestratorDeadlockTests.cs(80,30): warning TUnit0042: Global hooks should not be mixed with test classes to avoid confusion. Place them in their own class. [C:\git\TUnit\TUnit.TestProject\TUnit.TestProject.csproj::TargetFramework=net8.0]
C:\git\TUnit\TUnit.TestProject\Bugs\HookOrchestratorDeadlockTests.cs(90,30): warning TUnit0042: Global hooks should not be mixed with test classes to avoid confusion. Place them in their own class. [C:\git\TUnit\TUnit.TestProject\TUnit.TestProject.csproj::TargetFramework=net8.0]
C:\git\TUnit\TUnit.TestProject\Bugs\HookOrchestratorDeadlockTests.cs(153,30): warning TUnit0042: Global hooks should not be mixed with test classes to avoid confusion. Place them in their own class. [C:\git\TUnit\TUnit.TestProject\TUnit.TestProject.csproj::TargetFramework=net8.0]
C:\git\TUnit\TUnit.TestProject\Bugs\HookOrchestratorDeadlockTests.cs(163,30): warning TUnit0042: Global hooks should not be mixed with test classes to avoid confusion. Place them in their own class. [C:\git\TUnit\TUnit.TestProject\TUnit.TestProject.csproj::TargetFramework=net8.0]
C:\git\TUnit\TUnit.TestProject\Bugs\_2804\CriticalHookChainExecutionTests.cs(223,30): warning TUnit0042: Global hooks should not be mixed with test classes to avoid confusion. Place them in their own class. [C:\git\TUnit\TUnit.TestProject\TUnit.TestProject.csproj::TargetFramework=net8.0]
C:\git\TUnit\TUnit.TestProject\Bugs\_2804\CriticalHookChainExecutionTests.cs(256,30): warning TUnit0042: Global hooks should not be mixed with test classes to avoid confusion. Place them in their own class. [C:\git\TUnit\TUnit.TestProject\TUnit.TestProject.csproj::TargetFramework=net8.0]
C:\git\TUnit\TUnit.TestProject\SimpleHookTest.cs(23,24): warning TUnit0042: Global hooks should not be mixed with test classes to avoid confusion. Place them in their own class. [C:\git\TUnit\TUnit.TestProject\TUnit.TestProject.csproj::TargetFramework=net8.0]
C:\git\TUnit\TUnit.TestProject\SimpleHookTest.cs(28,24): warning TUnit0042: Global hooks should not be mixed with test classes to avoid confusion. Place them in their own class. [C:\git\TUnit\TUnit.TestProject\TUnit.TestProject.csproj::TargetFramework=net8.0]
C:\git\TUnit\TUnit.TestProject\SimpleGenericTests.cs(56,23): warning TUnit0300: Generic test method with data source may not be AOT-compatible. All generic type combinations must be known at compile time. [C:\git\TUnit\TUnit.TestProject\TUnit.TestProject.csproj::TargetFramework=net8.0]
C:\git\TUnit\TUnit.TestProject\SimpleGenericTests.cs(23,23): warning TUnit0300: Generic test method with data source may not be AOT-compatible. All generic type combinations must be known at compile time. [C:\git\TUnit\TUnit.TestProject\TUnit.TestProject.csproj::TargetFramework=net8.0]
C:\git\TUnit\TUnit.TestProject\SimpleGenericTests.cs(11,23): warning TUnit0300: Generic test method with data source may not be AOT-compatible. All generic type combinations must be known at compile time. [C:\git\TUnit\TUnit.TestProject\TUnit.TestProject.csproj::TargetFramework=net8.0]
C:\git\TUnit\TUnit.TestProject\Bugs\_2804\CriticalHookChainExecutionTests.cs(127,30): warning TUnit0042: Global hooks should not be mixed with test classes to avoid confusion. Place them in their own class. [C:\git\TUnit\TUnit.TestProject\TUnit.TestProject.csproj::TargetFramework=net8.0]
C:\git\TUnit\TUnit.TestProject\Bugs\_2804\CriticalHookChainExecutionTests.cs(59,30): warning TUnit0042: Global hooks should not be mixed with test classes to avoid confusion. Place them in their own class. [C:\git\TUnit\TUnit.TestProject\TUnit.TestProject.csproj::TargetFramework=net8.0]
C:\git\TUnit\TUnit.TestProject\Bugs\_2804\CriticalHookChainExecutionTests.cs(101,30): warning TUnit0042: Global hooks should not be mixed with test classes to avoid confusion. Place them in their own class. [C:\git\TUnit\TUnit.TestProject\TUnit.TestProject.csproj::TargetFramework=net8.0]
C:\git\TUnit\TUnit.TestProject\Bugs\Issue2504CollectionExpressionTest.cs(62,30): warning TUnit0042: Global hooks should not be mixed with test classes to avoid confusion. Place them in their own class. [C:\git\TUnit\TUnit.TestProject\TUnit.TestProject.csproj::TargetFramework=net8.0]
C:\git\TUnit\TUnit.TestProject\ClassDataSourceWithMethodDataSourceTests.cs(35,30): warning TUnit0042: Global hooks should not be mixed with test classes to avoid confusion. Place them in their own class. [C:\git\TUnit\TUnit.TestProject\TUnit.TestProject.csproj::TargetFramework=net8.0]
C:\git\TUnit\TUnit.TestProject\NestedTupleTest.cs(16,64): warning TUnit0301: Tuple parameter 'data' uses reflection which is not AOT-compatible. Consider using concrete types instead of tuples. [C:\git\TUnit\TUnit.TestProject\TUnit.TestProject.csproj::TargetFramework=net8.0]
C:\git\TUnit\TUnit.TestProject\NestedTupleTest.cs(8,71): warning TUnit0301: Tuple parameter 'data2' uses reflection which is not AOT-compatible. Consider using concrete types instead of tuples. [C:\git\TUnit\TUnit.TestProject\TUnit.TestProject.csproj::TargetFramework=net8.0]
C:\git\TUnit\TUnit.TestProject\NestedTupleDataSourceTests.cs(22,65): warning TUnit0301: Tuple parameter 'value' uses reflection which is not AOT-compatible. Consider using concrete types instead of tuples. [C:\git\TUnit\TUnit.TestProject\TUnit.TestProject.csproj::TargetFramework=net8.0]
C:\git\TUnit\TUnit.TestProject\NestedTupleDataSourceTests.cs(84,88): warning TUnit0301: Tuple parameter 'value2' uses reflection which is not AOT-compatible. Consider using concrete types instead of tuples. [C:\git\TUnit\TUnit.TestProject\TUnit.TestProject.csproj::TargetFramework=net8.0]
C:\git\TUnit\TUnit.TestProject\NestedTupleDataSourceTests.cs(74,83): warning TUnit0301: Tuple parameter 'value2' uses reflection which is not AOT-compatible. Consider using concrete types instead of tuples. [C:\git\TUnit\TUnit.TestProject\TUnit.TestProject.csproj::TargetFramework=net8.0]
C:\git\TUnit\TUnit.TestProject\NestedTupleDataSourceTests.cs(64,86): warning TUnit0301: Tuple parameter 'value2' uses reflection which is not AOT-compatible. Consider using concrete types instead of tuples. [C:\git\TUnit\TUnit.TestProject\TUnit.TestProject.csproj::TargetFramework=net8.0]
C:\git\TUnit\TUnit.TestProject\NestedTupleDataSourceTests.cs(121,45): warning TUnit0046: Return a `Func<T>` rather than a `<T>`. [C:\git\TUnit\TUnit.TestProject\TUnit.TestProject.csproj::TargetFramework=net8.0]
C:\git\TUnit\TUnit.TestProject\NestedTupleDataSourceTests.cs(54,82): warning TUnit0301: Tuple parameter 'value2' uses reflection which is not AOT-compatible. Consider using concrete types instead of tuples. [C:\git\TUnit\TUnit.TestProject\TUnit.TestProject.csproj::TargetFramework=net8.0]
C:\git\TUnit\TUnit.TestProject\NestedTupleDataSourceTests.cs(43,86): warning TUnit0301: Tuple parameter 'value2' uses reflection which is not AOT-compatible. Consider using concrete types instead of tuples. [C:\git\TUnit\TUnit.TestProject\TUnit.TestProject.csproj::TargetFramework=net8.0]
C:\git\TUnit\TUnit.TestProject\NestedTupleDataSourceTests.cs(32,67): warning TUnit0301: Tuple parameter 'value1' uses reflection which is not AOT-compatible. Consider using concrete types instead of tuples. [C:\git\TUnit\TUnit.TestProject\TUnit.TestProject.csproj::TargetFramework=net8.0]
C:\git\TUnit\TUnit.TestProject\NestedTupleDataSourceTests.cs(32,86): warning TUnit0301: Tuple parameter 'value2' uses reflection which is not AOT-compatible. Consider using concrete types instead of tuples. [C:\git\TUnit\TUnit.TestProject\TUnit.TestProject.csproj::TargetFramework=net8.0]
C:\git\TUnit\TUnit.TestProject\NestedTupleDataSourceTests.cs(12,73): warning TUnit0301: Tuple parameter 'value2' uses reflection which is not AOT-compatible. Consider using concrete types instead of tuples. [C:\git\TUnit\TUnit.TestProject\TUnit.TestProject.csproj::TargetFramework=net8.0]
C:\git\TUnit\TUnit.TestProject\MultipleDataSourcesTests.cs(29,30): warning TUnit0042: Global hooks should not be mixed with test classes to avoid confusion. Place them in their own class. [C:\git\TUnit\TUnit.TestProject\TUnit.TestProject.csproj::TargetFramework=net8.0]
C:\git\TUnit\TUnit.TestProject\MultipleClassDataGeneratorsTests.cs(26,30): warning TUnit0042: Global hooks should not be mixed with test classes to avoid confusion. Place them in their own class. [C:\git\TUnit\TUnit.TestProject\TUnit.TestProject.csproj::TargetFramework=net8.0]
C:\git\TUnit\TUnit.TestProject\MinimalDiscoveryTest.cs(8,15): warning TUnitAssertions0005: Assert.That(...) should not be used with a constant value [C:\git\TUnit\TUnit.TestProject\TUnit.TestProject.csproj::TargetFramework=net8.0]
C:\git\TUnit\TUnit.TestProject\MethodDataSourceWithArgumentsTests.cs(35,30): warning TUnit0042: Global hooks should not be mixed with test classes to avoid confusion. Place them in their own class. [C:\git\TUnit\TUnit.TestProject\TUnit.TestProject.csproj::TargetFramework=net8.0]
C:\git\TUnit\TUnit.TestProject\FailFastTest.cs(10,15): warning TUnitAssertions0005: Assert.That(...) should not be used with a constant value [C:\git\TUnit\TUnit.TestProject\TUnit.TestProject.csproj::TargetFramework=net8.0]
C:\git\TUnit\TUnit.TestProject\GenericConstraintValidationTests.cs(110,23): warning TUnit0300: Generic test method with data source may not be AOT-compatible. All generic type combinations must be known at compile time. [C:\git\TUnit\TUnit.TestProject\TUnit.TestProject.csproj::TargetFramework=net8.0]
C:\git\TUnit\TUnit.TestProject\GenericConstraintValidationTests.cs(124,23): warning TUnit0300: Generic test method with data source may not be AOT-compatible. All generic type combinations must be known at compile time. [C:\git\TUnit\TUnit.TestProject\TUnit.TestProject.csproj::TargetFramework=net8.0]
C:\git\TUnit\TUnit.TestProject\GenericConstraintValidationTests.cs(140,23): warning TUnit0300: Generic test method with data source may not be AOT-compatible. All generic type combinations must be known at compile time. [C:\git\TUnit\TUnit.TestProject\TUnit.TestProject.csproj::TargetFramework=net8.0]
C:\git\TUnit\TUnit.TestProject\GenericConstraintValidationTests.cs(101,23): warning TUnit0300: Generic test method with data source may not be AOT-compatible. All generic type combinations must be known at compile time. [C:\git\TUnit\TUnit.TestProject\TUnit.TestProject.csproj::TargetFramework=net8.0]
C:\git\TUnit\TUnit.TestProject\GenericConstraintValidationTests.cs(92,23): warning TUnit0300: Generic test method with data source may not be AOT-compatible. All generic type combinations must be known at compile time. [C:\git\TUnit\TUnit.TestProject\TUnit.TestProject.csproj::TargetFramework=net8.0]
C:\git\TUnit\TUnit.TestProject\GenericConstraintValidationTests.cs(155,23): warning TUnit0300: Generic test method with data source may not be AOT-compatible. All generic type combinations must be known at compile time. [C:\git\TUnit\TUnit.TestProject\TUnit.TestProject.csproj::TargetFramework=net8.0]
C:\git\TUnit\TUnit.TestProject\GenericConstraintValidationTests.cs(82,23): warning TUnit0300: Generic test method with data source may not be AOT-compatible. All generic type combinations must be known at compile time. [C:\git\TUnit\TUnit.TestProject\TUnit.TestProject.csproj::TargetFramework=net8.0]
C:\git\TUnit\TUnit.TestProject\GenericConstraintValidationTests.cs(171,23): warning TUnit0300: Generic test method with data source may not be AOT-compatible. All generic type combinations must be known at compile time. [C:\git\TUnit\TUnit.TestProject\TUnit.TestProject.csproj::TargetFramework=net8.0]
C:\git\TUnit\TUnit.TestProject\GenericConstraintValidationTests.cs(73,23): warning TUnit0300: Generic test method with data source may not be AOT-compatible. All generic type combinations must be known at compile time. [C:\git\TUnit\TUnit.TestProject\TUnit.TestProject.csproj::TargetFramework=net8.0]
C:\git\TUnit\TUnit.TestProject\GenericConstraintValidationTests.cs(63,23): warning TUnit0300: Generic test method with data source may not be AOT-compatible. All generic type combinations must be known at compile time. [C:\git\TUnit\TUnit.TestProject\TUnit.TestProject.csproj::TargetFramework=net8.0]
C:\git\TUnit\TUnit.TestProject\GenericInheritsTestVerification.cs(15,17): warning TUnit0300: Generic test method with data source may not be AOT-compatible. All generic type combinations must be known at compile time. [C:\git\TUnit\TUnit.TestProject\TUnit.TestProject.csproj::TargetFramework=net8.0]
C:\git\TUnit\TUnit.TestProject\GenericInstanceMethodDataSourceTests.cs(26,23): warning TUnit0300: Generic test method with data source may not be AOT-compatible. All generic type combinations must be known at compile time. [C:\git\TUnit\TUnit.TestProject\TUnit.TestProject.csproj::TargetFramework=net8.0]
C:\git\TUnit\TUnit.TestProject\GenericInstanceMethodDataSourceTests.cs(59,23): warning TUnit0300: Generic test method with data source may not be AOT-compatible. All generic type combinations must be known at compile time. [C:\git\TUnit\TUnit.TestProject\TUnit.TestProject.csproj::TargetFramework=net8.0]
C:\git\TUnit\TUnit.TestProject\GenericInstanceMethodDataSourceTests.cs(15,23): warning TUnit0300: Generic test method with data source may not be AOT-compatible. All generic type combinations must be known at compile time. [C:\git\TUnit\TUnit.TestProject\TUnit.TestProject.csproj::TargetFramework=net8.0]
C:\git\TUnit\TUnit.TestProject\GenericMatrixTests.cs(73,23): warning TUnit0300: Generic test method with data source may not be AOT-compatible. All generic type combinations must be known at compile time. [C:\git\TUnit\TUnit.TestProject\TUnit.TestProject.csproj::TargetFramework=net8.0]
C:\git\TUnit\TUnit.TestProject\GenericMatrixTests.cs(47,23): warning TUnit0300: Generic test method with data source may not be AOT-compatible. All generic type combinations must be known at compile time. [C:\git\TUnit\TUnit.TestProject\TUnit.TestProject.csproj::TargetFramework=net8.0]
C:\git\TUnit\TUnit.TestProject\GenericMatrixTests.cs(63,23): warning TUnit0300: Generic test method with data source may not be AOT-compatible. All generic type combinations must be known at compile time. [C:\git\TUnit\TUnit.TestProject\TUnit.TestProject.csproj::TargetFramework=net8.0]
C:\git\TUnit\TUnit.TestProject\GenericMatrixTests.cs(36,23): warning TUnit0300: Generic test method with data source may not be AOT-compatible. All generic type combinations must be known at compile time. [C:\git\TUnit\TUnit.TestProject\TUnit.TestProject.csproj::TargetFramework=net8.0]
C:\git\TUnit\TUnit.TestProject\GenericMatrixTests.cs(11,23): warning TUnit0300: Generic test method with data source may not be AOT-compatible. All generic type combinations must be known at compile time. [C:\git\TUnit\TUnit.TestProject\TUnit.TestProject.csproj::TargetFramework=net8.0]
C:\git\TUnit\TUnit.TestProject\GenericMatrixTests.cs(22,23): warning TUnit0300: Generic test method with data source may not be AOT-compatible. All generic type combinations must be known at compile time. [C:\git\TUnit\TUnit.TestProject\TUnit.TestProject.csproj::TargetFramework=net8.0]
C:\git\TUnit\TUnit.TestProject\GenericTestExample.cs(15,17): warning TUnit0300: Generic test method with data source may not be AOT-compatible. All generic type combinations must be known at compile time. [C:\git\TUnit\TUnit.TestProject\TUnit.TestProject.csproj::TargetFramework=net8.0]
C:\git\TUnit\TUnit.TestProject\GenericTests.cs(26,23): warning TUnit0300: Generic test method with data source may not be AOT-compatible. All generic type combinations must be known at compile time. [C:\git\TUnit\TUnit.TestProject\TUnit.TestProject.csproj::TargetFramework=net8.0]
C:\git\TUnit\TUnit.TestProject\GenericMethodTests.cs(11,17): warning TUnit0300: Generic test method with data source may not be AOT-compatible. All generic type combinations must be known at compile time. [C:\git\TUnit\TUnit.TestProject\TUnit.TestProject.csproj::TargetFramework=net8.0]
C:\git\TUnit\TUnit.TestProject\HookGeneratorTest.cs(15,30): warning TUnit0042: Global hooks should not be mixed with test classes to avoid confusion. Place them in their own class. [C:\git\TUnit\TUnit.TestProject\TUnit.TestProject.csproj::TargetFramework=net8.0]
C:\git\TUnit\TUnit.TestProject\HookGeneratorTest.cs(9,24): warning TUnit0042: Global hooks should not be mixed with test classes to avoid confusion. Place them in their own class. [C:\git\TUnit\TUnit.TestProject\TUnit.TestProject.csproj::TargetFramework=net8.0]
C:\git\TUnit\TUnit.TestProject\HookExecutorTests.cs(123,30): warning TUnit0042: Global hooks should not be mixed with test classes to avoid confusion. Place them in their own class. [C:\git\TUnit\TUnit.TestProject\TUnit.TestProject.csproj::TargetFramework=net8.0]
C:\git\TUnit\TUnit.TestProject\HookExecutorTests.cs(110,30): warning TUnit0042: Global hooks should not be mixed with test classes to avoid confusion. Place them in their own class. [C:\git\TUnit\TUnit.TestProject\TUnit.TestProject.csproj::TargetFramework=net8.0]
C:\git\TUnit\TUnit.TestProject\HookExecutorTests.cs(63,30): warning TUnit0042: Global hooks should not be mixed with test classes to avoid confusion. Place them in their own class. [C:\git\TUnit\TUnit.TestProject\TUnit.TestProject.csproj::TargetFramework=net8.0]
C:\git\TUnit\TUnit.TestProject\HookExecutorTests.cs(54,30): warning TUnit0042: Global hooks should not be mixed with test classes to avoid confusion. Place them in their own class. [C:\git\TUnit\TUnit.TestProject\TUnit.TestProject.csproj::TargetFramework=net8.0]
C:\git\TUnit\TUnit.TestProject\HookExecutorTests.cs(43,30): warning TUnit0042: Global hooks should not be mixed with test classes to avoid confusion. Place them in their own class. [C:\git\TUnit\TUnit.TestProject\TUnit.TestProject.csproj::TargetFramework=net8.0]
C:\git\TUnit\TUnit.TestProject\HookExecutorTests.cs(35,30): warning TUnit0042: Global hooks should not be mixed with test classes to avoid confusion. Place them in their own class. [C:\git\TUnit\TUnit.TestProject\TUnit.TestProject.csproj::TargetFramework=net8.0]
C:\git\TUnit\TUnit.TestProject\HookExecutorTests.cs(26,30): warning TUnit0042: Global hooks should not be mixed with test classes to avoid confusion. Place them in their own class. [C:\git\TUnit\TUnit.TestProject\TUnit.TestProject.csproj::TargetFramework=net8.0]
C:\git\TUnit\TUnit.TestProject\HookExecutorTests.cs(13,30): warning TUnit0042: Global hooks should not be mixed with test classes to avoid confusion. Place them in their own class. [C:\git\TUnit\TUnit.TestProject\TUnit.TestProject.csproj::TargetFramework=net8.0]
C:\git\TUnit\TUnit.TestProject\GenericTypedDataSourceTests.cs(57,23): warning TUnit0300: Generic test method with data source may not be AOT-compatible. All generic type combinations must be known at compile time. [C:\git\TUnit\TUnit.TestProject\TUnit.TestProject.csproj::TargetFramework=net8.0]
C:\git\TUnit\TUnit.TestProject\GenericTypedDataSourceTests.cs(49,23): warning TUnit0300: Generic test method with data source may not be AOT-compatible. All generic type combinations must be known at compile time. [C:\git\TUnit\TUnit.TestProject\TUnit.TestProject.csproj::TargetFramework=net8.0]
C:\git\TUnit\TUnit.TestProject\GenericTypedDataSourceTests.cs(70,23): warning TUnit0300: Generic test method with data source may not be AOT-compatible. All generic type combinations must be known at compile time. [C:\git\TUnit\TUnit.TestProject\TUnit.TestProject.csproj::TargetFramework=net8.0]
C:\git\TUnit\TUnit.TestProject\GenericTypedDataSourceTests.cs(41,23): warning TUnit0300: Generic test method with data source may not be AOT-compatible. All generic type combinations must be known at compile time. [C:\git\TUnit\TUnit.TestProject\TUnit.TestProject.csproj::TargetFramework=net8.0]
C:\git\TUnit\TUnit.TestProject\GenericTypeTests.cs(79,23): warning TUnit0300: Generic test method with data source may not be AOT-compatible. All generic type combinations must be known at compile time. [C:\git\TUnit\TUnit.TestProject\TUnit.TestProject.csproj::TargetFramework=net8.0]
C:\git\TUnit\TUnit.TestProject\GenericTypeTests.cs(61,23): warning TUnit0300: Generic test method with data source may not be AOT-compatible. All generic type combinations must be known at compile time. [C:\git\TUnit\TUnit.TestProject\TUnit.TestProject.csproj::TargetFramework=net8.0]
C:\git\TUnit\TUnit.TestProject\GenericTypeTests.cs(52,23): warning TUnit0300: Generic test method with data source may not be AOT-compatible. All generic type combinations must be known at compile time. [C:\git\TUnit\TUnit.TestProject\TUnit.TestProject.csproj::TargetFramework=net8.0]
C:\git\TUnit\TUnit.TestProject\GenericTypeTests.cs(20,23): warning TUnit0300: Generic test method with data source may not be AOT-compatible. All generic type combinations must be known at compile time. [C:\git\TUnit\TUnit.TestProject\TUnit.TestProject.csproj::TargetFramework=net8.0]
C:\git\TUnit\TUnit.TestProject\GenericTypeTests.cs(9,23): warning TUnit0300: Generic test method with data source may not be AOT-compatible. All generic type combinations must be known at compile time. [C:\git\TUnit\TUnit.TestProject\TUnit.TestProject.csproj::TargetFramework=net8.0]
C:\git\TUnit\TUnit.UnitTests\ServiceProviderInfrastructureTests.cs(96,55): error CS1503: Argument 1: cannot convert from 'TUnit.UnitTests.ServiceProviderInfrastructureTests.ITestService' to 'TUnit.UnitTests.ServiceProviderInfrastructureTests.TestService' [C:\git\TUnit\TUnit.UnitTests\TUnit.UnitTests.csproj::TargetFramework=net8.0]
C:\git\TUnit\TUnit.UnitTests\IAsyncEnumerableDocumentationExample.cs(50,42): error CS0121: The call is ambiguous between the following methods or properties: 'StringAssertionBuilderExtensions.StartsWith(AssertionBuilder<string>, string)' and 'NullableStringAssertionBuilderExtensions.StartsWith(AssertionBuilder<string?>, string)' [C:\git\TUnit\TUnit.UnitTests\TUnit.UnitTests.csproj::TargetFramework=net8.0]
C:\git\TUnit\TUnit.UnitTests\ServiceProviderInfrastructureTests.cs(96,55): error CS1503: Argument 1: cannot convert from 'TUnit.UnitTests.ServiceProviderInfrastructureTests.ITestService' to 'TUnit.UnitTests.ServiceProviderInfrastructureTests.TestService' [C:\git\TUnit\TUnit.UnitTests\TUnit.UnitTests.csproj::TargetFramework=net472]
C:\git\TUnit\TUnit.UnitTests\IAsyncEnumerableDocumentationExample.cs(50,42): error CS0121: The call is ambiguous between the following methods or properties: 'StringAssertionBuilderExtensions.StartsWith(AssertionBuilder<string>, string)' and 'NullableStringAssertionBuilderExtensions.StartsWith(AssertionBuilder<string?>, string)' [C:\git\TUnit\TUnit.UnitTests\TUnit.UnitTests.csproj::TargetFramework=net472]
C:\git\TUnit\TUnit.Assertions.Tests\Old\DictionaryAssertionTests.cs(35,44): error CS0311: The type 'TUnit.Assertions.UnitTests.DictionaryAssertionTests.ReadDictionary' cannot be used as type parameter 'T' in the generic type or method 'DictionaryAssertionExtensions.ContainsKey<T>(AssertionBuilder<T>, object)'. There is no implicit reference conversion from 'TUnit.Assertions.UnitTests.DictionaryAssertionTests.ReadDictionary' to 'System.Collections.IDictionary'. [C:\git\TUnit\TUnit.Assertions.Tests\TUnit.Assertions.Tests.csproj::TargetFramework=net472]
C:\git\TUnit\TUnit.Assertions.Tests\TypeInferenceTests.cs(17,33): error CS1660: Cannot convert lambda expression to type 'int' because it is not a delegate type [C:\git\TUnit\TUnit.Assertions.Tests\TUnit.Assertions.Tests.csproj::TargetFramework=net472]
C:\git\TUnit\TUnit.Assertions.Tests\Assertions\Delegates\Throws.WithParameterNameTests.cs(28,81): error CS1061: 'Task<ArgumentException>' does not contain a definition for 'WithParameterName' and no accessible extension method 'WithParameterName' accepting a first argument of type 'Task<ArgumentException>' could be found (are you missing a using directive or an assembly reference?) [C:\git\TUnit\TUnit.Assertions.Tests\TUnit.Assertions.Tests.csproj::TargetFramework=net472]
C:\git\TUnit\TUnit.Assertions.Tests\Assertions\Delegates\Throws.WithParameterNameTests.cs(31,18): error CS1061: 'Task<Exception>' does not contain a definition for 'WithMessage' and no accessible extension method 'WithMessage' accepting a first argument of type 'Task<Exception>' could be found (are you missing a using directive or an assembly reference?) [C:\git\TUnit\TUnit.Assertions.Tests\TUnit.Assertions.Tests.csproj::TargetFramework=net472]
C:\git\TUnit\TUnit.Assertions.Tests\Assertions\Delegates\Throws.WithParameterNameTests.cs(42,17): error CS0815: Cannot assign void to an implicitly-typed variable [C:\git\TUnit\TUnit.Assertions.Tests\TUnit.Assertions.Tests.csproj::TargetFramework=net472]
C:\git\TUnit\TUnit.Assertions.Tests\AssertionBuilders\OrAssertionTests.cs(40,22): error CS1061: 'AssertionBuilder<Exception>' does not contain a definition for 'IsNotAssignableTo' and no accessible extension method 'IsNotAssignableTo' accepting a first argument of type 'AssertionBuilder<Exception>' could be found (are you missing a using directive or an assembly reference?) [C:\git\TUnit\TUnit.Assertions.Tests\TUnit.Assertions.Tests.csproj::TargetFramework=net472]
C:\git\TUnit\TUnit.Assertions.Tests\EnumerableTests.cs(29,56): error CS8917: The delegate type could not be inferred. [C:\git\TUnit\TUnit.Assertions.Tests\TUnit.Assertions.Tests.csproj::TargetFramework=net472]
C:\git\TUnit\TUnit.Assertions.Tests\Bugs\Tests1600.cs(22,35): error CS1501: No overload for method 'IsEquivalentTo' takes 2 arguments [C:\git\TUnit\TUnit.Assertions.Tests\TUnit.Assertions.Tests.csproj::TargetFramework=net472]
C:\git\TUnit\TUnit.Assertions.Tests\Assertions\Delegates\Throws.WithMessageTests.cs(28,79): error CS1061: 'Task<Throws.CustomException>' does not contain a definition for 'WithMessage' and no accessible extension method 'WithMessage' accepting a first argument of type 'Task<Throws.CustomException>' could be found (are you missing a using directive or an assembly reference?) [C:\git\TUnit\TUnit.Assertions.Tests\TUnit.Assertions.Tests.csproj::TargetFramework=net472]
C:\git\TUnit\TUnit.Assertions.Tests\Assertions\Delegates\Throws.WithMessageTests.cs(31,18): error CS1061: 'Task<Exception>' does not contain a definition for 'WithMessage' and no accessible extension method 'WithMessage' accepting a first argument of type 'Task<Exception>' could be found (are you missing a using directive or an assembly reference?) [C:\git\TUnit\TUnit.Assertions.Tests\TUnit.Assertions.Tests.csproj::TargetFramework=net472]
C:\git\TUnit\TUnit.Assertions.Tests\Assertions\Delegates\Throws.ExactlyTests.cs(25,18): error CS1061: 'Task<Exception>' does not contain a definition for 'WithMessage' and no accessible extension method 'WithMessage' accepting a first argument of type 'Task<Exception>' could be found (are you missing a using directive or an assembly reference?) [C:\git\TUnit\TUnit.Assertions.Tests\TUnit.Assertions.Tests.csproj::TargetFramework=net472]
C:\git\TUnit\TUnit.Assertions.Tests\Assertions\Delegates\Throws.WithMessageTests.cs(42,17): error CS0815: Cannot assign void to an implicitly-typed variable [C:\git\TUnit\TUnit.Assertions.Tests\TUnit.Assertions.Tests.csproj::TargetFramework=net472]
C:\git\TUnit\TUnit.Assertions.Tests\Bugs\Tests1770.cs(8,13): error CS0815: Cannot assign void to an implicitly-typed variable [C:\git\TUnit\TUnit.Assertions.Tests\TUnit.Assertions.Tests.csproj::TargetFramework=net472]
C:\git\TUnit\TUnit.Assertions.Tests\Assertions\Delegates\Throws.ExceptionTests.cs(25,18): error CS1061: 'Task<Exception>' does not contain a definition for 'WithMessage' and no accessible extension method 'WithMessage' accepting a first argument of type 'Task<Exception>' could be found (are you missing a using directive or an assembly reference?) [C:\git\TUnit\TUnit.Assertions.Tests\TUnit.Assertions.Tests.csproj::TargetFramework=net472]
C:\git\TUnit\TUnit.Assertions.Tests\AssertMultipleTests.cs(30,13): error CS0815: Cannot assign void to an implicitly-typed variable [C:\git\TUnit\TUnit.Assertions.Tests\TUnit.Assertions.Tests.csproj::TargetFramework=net472]
C:\git\TUnit\TUnit.Assertions.Tests\Assertions\Delegates\Throws.ExactlyTests.cs(45,18): error CS1061: 'Task<Exception>' does not contain a definition for 'WithMessage' and no accessible extension method 'WithMessage' accepting a first argument of type 'Task<Exception>' could be found (are you missing a using directive or an assembly reference?) [C:\git\TUnit\TUnit.Assertions.Tests\TUnit.Assertions.Tests.csproj::TargetFramework=net472]
C:\git\TUnit\TUnit.Assertions.Tests\EnumerableTests.cs(40,61): error CS8917: The delegate type could not be inferred. [C:\git\TUnit\TUnit.Assertions.Tests\TUnit.Assertions.Tests.csproj::TargetFramework=net472]
C:\git\TUnit\TUnit.Assertions.Tests\EnumerableTests.cs(49,49): error CS1660: Cannot convert lambda expression to type 'int' because it is not a delegate type [C:\git\TUnit\TUnit.Assertions.Tests\TUnit.Assertions.Tests.csproj::TargetFramework=net472]
C:\git\TUnit\TUnit.Assertions.Tests\Bugs\Tests1770.cs(16,13): error CS0815: Cannot assign void to an implicitly-typed variable [C:\git\TUnit\TUnit.Assertions.Tests\TUnit.Assertions.Tests.csproj::TargetFramework=net472]
C:\git\TUnit\TUnit.Assertions.Tests\Assertions\Delegates\Throws.ExactlyTests.cs(64,18): error CS1061: 'Task<Exception>' does not contain a definition for 'WithMessage' and no accessible extension method 'WithMessage' accepting a first argument of type 'Task<Exception>' could be found (are you missing a using directive or an assembly reference?) [C:\git\TUnit\TUnit.Assertions.Tests\TUnit.Assertions.Tests.csproj::TargetFramework=net472]
C:\git\TUnit\TUnit.Assertions.Tests\Bugs\Tests2117.cs(49,38): error CS1501: No overload for method 'IsEquivalentTo' takes 2 arguments [C:\git\TUnit\TUnit.Assertions.Tests\TUnit.Assertions.Tests.csproj::TargetFramework=net472]
C:\git\TUnit\TUnit.Assertions.Tests\AssertMultipleTests.cs(88,14): error CS1061: 'Task<Exception>' does not contain a definition for 'WithMessageContaining' and no accessible extension method 'WithMessageContaining' accepting a first argument of type 'Task<Exception>' could be found (are you missing a using directive or an assembly reference?) [C:\git\TUnit\TUnit.Assertions.Tests\TUnit.Assertions.Tests.csproj::TargetFramework=net472]
C:\git\TUnit\TUnit.Assertions.Tests\EnumerableTests.cs(58,65): error CS1660: Cannot convert lambda expression to type 'int' because it is not a delegate type [C:\git\TUnit\TUnit.Assertions.Tests\TUnit.Assertions.Tests.csproj::TargetFramework=net472]
C:\git\TUnit\TUnit.Assertions.Tests\Assertions\Delegates\Throws.NothingTests.cs(25,18): error CS1061: 'Task<Exception>' does not contain a definition for 'WithMessage' and no accessible extension method 'WithMessage' accepting a first argument of type 'Task<Exception>' could be found (are you missing a using directive or an assembly reference?) [C:\git\TUnit\TUnit.Assertions.Tests\TUnit.Assertions.Tests.csproj::TargetFramework=net472]
C:\git\TUnit\TUnit.Assertions.Tests\Assertions\Delegates\Throws.OfTypeTests.cs(25,18): error CS1061: 'Task<Exception>' does not contain a definition for 'WithMessage' and no accessible extension method 'WithMessage' accepting a first argument of type 'Task<Exception>' could be found (are you missing a using directive or an assembly reference?) [C:\git\TUnit\TUnit.Assertions.Tests\TUnit.Assertions.Tests.csproj::TargetFramework=net472]
C:\git\TUnit\TUnit.Assertions.Tests\EnumTests.cs(96,34): error CS0411: The type arguments for method 'EnumAssertionExtensions.HasSameNameAs<TEnum>(AssertionBuilder<TEnum>, TEnum)' cannot be inferred from the usage. Try specifying the type arguments explicitly. [C:\git\TUnit\TUnit.Assertions.Tests\TUnit.Assertions.Tests.csproj::TargetFramework=net472]
C:\git\TUnit\TUnit.Assertions.Tests\Assertions\Delegates\Throws.OfTypeTests.cs(45,18): error CS1061: 'Task<Exception>' does not contain a definition for 'WithMessage' and no accessible extension method 'WithMessage' accepting a first argument of type 'Task<Exception>' could be found (are you missing a using directive or an assembly reference?) [C:\git\TUnit\TUnit.Assertions.Tests\TUnit.Assertions.Tests.csproj::TargetFramework=net472]
C:\git\TUnit\TUnit.Assertions.Tests\Assertions\Delegates\Throws.WithMessageMatchingTests.cs(51,79): error CS1061: 'Task<Throws.CustomException>' does not contain a definition for 'WithMessageMatching' and no accessible extension method 'WithMessageMatching' accepting a first argument of type 'Task<Throws.CustomException>' could be found (are you missing a using directive or an assembly reference?) [C:\git\TUnit\TUnit.Assertions.Tests\TUnit.Assertions.Tests.csproj::TargetFramework=net472]
C:\git\TUnit\TUnit.Assertions.Tests\Assertions\Delegates\Throws.WithMessageMatchingTests.cs(54,18): error CS1061: 'Task<Exception>' does not contain a definition for 'WithMessage' and no accessible extension method 'WithMessage' accepting a first argument of type 'Task<Exception>' could be found (are you missing a using directive or an assembly reference?) [C:\git\TUnit\TUnit.Assertions.Tests\TUnit.Assertions.Tests.csproj::TargetFramework=net472]
C:\git\TUnit\TUnit.Assertions.Tests\Bugs\Tests2117.cs(84,38): error CS1501: No overload for method 'IsNotEquivalentTo' takes 2 arguments [C:\git\TUnit\TUnit.Assertions.Tests\TUnit.Assertions.Tests.csproj::TargetFramework=net472]
C:\git\TUnit\TUnit.Assertions.Tests\Assertions\Delegates\Throws.OfTypeTests.cs(64,18): error CS1061: 'Task<Exception>' does not contain a definition for 'WithMessage' and no accessible extension method 'WithMessage' accepting a first argument of type 'Task<Exception>' could be found (are you missing a using directive or an assembly reference?) [C:\git\TUnit\TUnit.Assertions.Tests\TUnit.Assertions.Tests.csproj::TargetFramework=net472]
C:\git\TUnit\TUnit.Assertions.Tests\EnumerableTests.cs(85,51): error CS8917: The delegate type could not be inferred. [C:\git\TUnit\TUnit.Assertions.Tests\TUnit.Assertions.Tests.csproj::TargetFramework=net472]
C:\git\TUnit\TUnit.Assertions.Tests\Assertions\Delegates\Throws.NothingTests.cs(45,17): error CS0815: Cannot assign void to an implicitly-typed variable [C:\git\TUnit\TUnit.Assertions.Tests\TUnit.Assertions.Tests.csproj::TargetFramework=net472]
C:\git\TUnit\TUnit.Assertions.Tests\EnumTests.cs(106,38): error CS0411: The type arguments for method 'EnumAssertionExtensions.HasSameNameAs<TEnum>(AssertionBuilder<TEnum>, TEnum)' cannot be inferred from the usage. Try specifying the type arguments explicitly. [C:\git\TUnit\TUnit.Assertions.Tests\TUnit.Assertions.Tests.csproj::TargetFramework=net472]
C:\git\TUnit\TUnit.Assertions.Tests\Assertions\Delegates\Throws.WithInnerExceptionTests.cs(30,18): error CS1061: 'Task<Exception>' does not contain a definition for 'WithInnerException' and no accessible extension method 'WithInnerException' accepting a first argument of type 'Task<Exception>' could be found (are you missing a using directive or an assembly reference?) [C:\git\TUnit\TUnit.Assertions.Tests\TUnit.Assertions.Tests.csproj::TargetFramework=net472]
C:\git\TUnit\TUnit.Assertions.Tests\Assertions\Delegates\Throws.WithInnerExceptionTests.cs(33,18): error CS1061: 'Task<Exception>' does not contain a definition for 'WithMessage' and no accessible extension method 'WithMessage' accepting a first argument of type 'Task<Exception>' could be found (are you missing a using directive or an assembly reference?) [C:\git\TUnit\TUnit.Assertions.Tests\TUnit.Assertions.Tests.csproj::TargetFramework=net472]
C:\git\TUnit\TUnit.Assertions.Tests\EnumTests.cs(116,34): error CS0411: The type arguments for method 'EnumAssertionExtensions.HasSameValueAs<TEnum>(AssertionBuilder<TEnum>, TEnum)' cannot be inferred from the usage. Try specifying the type arguments explicitly. [C:\git\TUnit\TUnit.Assertions.Tests\TUnit.Assertions.Tests.csproj::TargetFramework=net472]
C:\git\TUnit\TUnit.Assertions.Tests\Assertions\Delegates\Throws.WithMessageMatchingTests.cs(65,17): error CS0815: Cannot assign void to an implicitly-typed variable [C:\git\TUnit\TUnit.Assertions.Tests\TUnit.Assertions.Tests.csproj::TargetFramework=net472]
C:\git\TUnit\TUnit.Assertions.Tests\Assertions\Delegates\Throws.ExactlyTests.cs(100,18): error CS1061: 'Task<Throws.CustomException>' does not contain a definition for 'And' and no accessible extension method 'And' accepting a first argument of type 'Task<Throws.CustomException>' could be found (are you missing a using directive or an assembly reference?) [C:\git\TUnit\TUnit.Assertions.Tests\TUnit.Assertions.Tests.csproj::TargetFramework=net472]
C:\git\TUnit\TUnit.Assertions.Tests\Assertions\Delegates\Throws.WithInnerExceptionTests.cs(44,17): error CS0815: Cannot assign void to an implicitly-typed variable [C:\git\TUnit\TUnit.Assertions.Tests\TUnit.Assertions.Tests.csproj::TargetFramework=net472]
C:\git\TUnit\TUnit.Assertions.Tests\Assertions\Delegates\Throws.OfTypeTests.cs(74,17): error CS0815: Cannot assign void to an implicitly-typed variable [C:\git\TUnit\TUnit.Assertions.Tests\TUnit.Assertions.Tests.csproj::TargetFramework=net472]
C:\git\TUnit\TUnit.Assertions.Tests\Bugs\Tests1877.cs(13,30): error CS1501: No overload for method 'IsEquivalentTo' takes 2 arguments [C:\git\TUnit\TUnit.Assertions.Tests\TUnit.Assertions.Tests.csproj::TargetFramework=net472]
C:\git\TUnit\TUnit.Assertions.Tests\SimplifiedApiDemo.cs(51,30): error CS1061: 'AssertionBuilder<int>' does not contain a definition for 'Chain' and no accessible extension method 'Chain' accepting a first argument of type 'AssertionBuilder<int>' could be found (are you missing a using directive or an assembly reference?) [C:\git\TUnit\TUnit.Assertions.Tests\TUnit.Assertions.Tests.csproj::TargetFramework=net472]
C:\git\TUnit\TUnit.Assertions.Tests\Bugs\Tests1774.cs(14,14): error CS1061: 'Task<Tests1774.Type2>' does not contain a definition for 'And' and no accessible extension method 'And' accepting a first argument of type 'Task<Tests1774.Type2>' could be found (are you missing a using directive or an assembly reference?) [C:\git\TUnit\TUnit.Assertions.Tests\TUnit.Assertions.Tests.csproj::TargetFramework=net472]
C:\git\TUnit\TUnit.Assertions.Tests\Bugs\Tests1877.cs(22,30): error CS1501: No overload for method 'IsEquivalentTo' takes 2 arguments [C:\git\TUnit\TUnit.Assertions.Tests\TUnit.Assertions.Tests.csproj::TargetFramework=net472]
C:\git\TUnit\TUnit.Assertions.Tests\EnumerableTests.cs(94,67): error CS8917: The delegate type could not be inferred. [C:\git\TUnit\TUnit.Assertions.Tests\TUnit.Assertions.Tests.csproj::TargetFramework=net472]
C:\git\TUnit\TUnit.Assertions.Tests\Assertions\Delegates\Throws.WithInnerExceptionTests.cs(59,18): error CS1061: 'Task<Exception>' does not contain a definition for 'WithInnerException' and no accessible extension method 'WithInnerException' accepting a first argument of type 'Task<Exception>' could be found (are you missing a using directive or an assembly reference?) [C:\git\TUnit\TUnit.Assertions.Tests\TUnit.Assertions.Tests.csproj::TargetFramework=net472]
C:\git\TUnit\TUnit.Assertions.Tests\EnumTests.cs(126,38): error CS0411: The type arguments for method 'EnumAssertionExtensions.HasSameValueAs<TEnum>(AssertionBuilder<TEnum>, TEnum)' cannot be inferred from the usage. Try specifying the type arguments explicitly. [C:\git\TUnit\TUnit.Assertions.Tests\TUnit.Assertions.Tests.csproj::TargetFramework=net472]
C:\git\TUnit\TUnit.Assertions.Tests\EnumTests.cs(136,34): error CS0411: The type arguments for method 'EnumAssertionExtensions.DoesNotHaveSameNameAs<TEnum>(AssertionBuilder<TEnum>, TEnum)' cannot be inferred from the usage. Try specifying the type arguments explicitly. [C:\git\TUnit\TUnit.Assertions.Tests\TUnit.Assertions.Tests.csproj::TargetFramework=net472]
C:\git\TUnit\TUnit.Assertions.Tests\SatisfiesTests.cs(14,33): error CS0029: Cannot implicitly convert type 'string' to 'bool' [C:\git\TUnit\TUnit.Assertions.Tests\TUnit.Assertions.Tests.csproj::TargetFramework=net472]
C:\git\TUnit\TUnit.Assertions.Tests\SatisfiesTests.cs(14,33): error CS1662: Cannot convert lambda expression to intended delegate type because some of the return types in the block are not implicitly convertible to the delegate return type [C:\git\TUnit\TUnit.Assertions.Tests\TUnit.Assertions.Tests.csproj::TargetFramework=net472]
C:\git\TUnit\TUnit.Assertions.Tests\Assertions\Delegates\Throws.WithMessageMatchingTests.cs(99,18): error CS1061: 'Task<Exception>' does not contain a definition for 'WithMessageMatching' and no accessible extension method 'WithMessageMatching' accepting a first argument of type 'Task<Exception>' could be found (are you missing a using directive or an assembly reference?) [C:\git\TUnit\TUnit.Assertions.Tests\TUnit.Assertions.Tests.csproj::TargetFramework=net472]
C:\git\TUnit\TUnit.Assertions.Tests\Assertions\Delegates\Throws.WithMessageMatchingTests.cs(107,58): error CS1061: 'Task<Exception>' does not contain a definition for 'WithMessageMatching' and no accessible extension method 'WithMessageMatching' accepting a first argument of type 'Task<Exception>' could be found (are you missing a using directive or an assembly reference?) [C:\git\TUnit\TUnit.Assertions.Tests\TUnit.Assertions.Tests.csproj::TargetFramework=net472]
C:\git\TUnit\TUnit.Assertions.Tests\Assertions\Delegates\Throws.ExactlyTests.cs(116,22): error CS1061: 'Task<Exception>' does not contain a definition for 'And' and no accessible extension method 'And' accepting a first argument of type 'Task<Exception>' could be found (are you missing a using directive or an assembly reference?) [C:\git\TUnit\TUnit.Assertions.Tests\TUnit.Assertions.Tests.csproj::TargetFramework=net472]
C:\git\TUnit\TUnit.Assertions.Tests\EnumTests.cs(146,38): error CS0411: The type arguments for method 'EnumAssertionExtensions.DoesNotHaveSameNameAs<TEnum>(AssertionBuilder<TEnum>, TEnum)' cannot be inferred from the usage. Try specifying the type arguments explicitly. [C:\git\TUnit\TUnit.Assertions.Tests\TUnit.Assertions.Tests.csproj::TargetFramework=net472]
C:\git\TUnit\TUnit.Assertions.Tests\Assertions\Delegates\Throws.WithMessageMatchingTests.cs(128,18): error CS1061: 'Task<Exception>' does not contain a definition for 'WithMessageMatching' and no accessible extension method 'WithMessageMatching' accepting a first argument of type 'Task<Exception>' could be found (are you missing a using directive or an assembly reference?) [C:\git\TUnit\TUnit.Assertions.Tests\TUnit.Assertions.Tests.csproj::TargetFramework=net472]
C:\git\TUnit\TUnit.Assertions.Tests\Assertions\Delegates\Throws.WithMessageMatchingTests.cs(136,58): error CS1061: 'Task<Exception>' does not contain a definition for 'WithMessageMatching' and no accessible extension method 'WithMessageMatching' accepting a first argument of type 'Task<Exception>' could be found (are you missing a using directive or an assembly reference?) [C:\git\TUnit\TUnit.Assertions.Tests\TUnit.Assertions.Tests.csproj::TargetFramework=net472]
C:\git\TUnit\TUnit.Assertions.Tests\EnumTests.cs(156,34): error CS0411: The type arguments for method 'EnumAssertionExtensions.DoesNotHaveSameValueAs<TEnum>(AssertionBuilder<TEnum>, TEnum)' cannot be inferred from the usage. Try specifying the type arguments explicitly. [C:\git\TUnit\TUnit.Assertions.Tests\TUnit.Assertions.Tests.csproj::TargetFramework=net472]
C:\git\TUnit\TUnit.Assertions.Tests\Assertions\Delegates\Throws.ExactlyTests.cs(139,22): error CS1061: 'Task<Throws.CustomException>' does not contain a definition for 'And' and no accessible extension method 'And' accepting a first argument of type 'Task<Throws.CustomException>' could be found (are you missing a using directive or an assembly reference?) [C:\git\TUnit\TUnit.Assertions.Tests\TUnit.Assertions.Tests.csproj::TargetFramework=net472]
C:\git\TUnit\TUnit.Assertions.Tests\Assertions\Delegates\Throws.WithMessageMatchingTests.cs(152,18): error CS1061: 'Task<Exception>' does not contain a definition for 'WithMessageMatching' and no accessible extension method 'WithMessageMatching' accepting a first argument of type 'Task<Exception>' could be found (are you missing a using directive or an assembly reference?) [C:\git\TUnit\TUnit.Assertions.Tests\TUnit.Assertions.Tests.csproj::TargetFramework=net472]
C:\git\TUnit\TUnit.Assertions.Tests\Assertions\Delegates\Throws.WithMessageMatchingTests.cs(160,58): error CS1061: 'Task<Exception>' does not contain a definition for 'WithMessageMatching' and no accessible extension method 'WithMessageMatching' accepting a first argument of type 'Task<Exception>' could be found (are you missing a using directive or an assembly reference?) [C:\git\TUnit\TUnit.Assertions.Tests\TUnit.Assertions.Tests.csproj::TargetFramework=net472]
C:\git\TUnit\TUnit.Assertions.Tests\SatisfiesTests.cs(34,33): error CS0029: Cannot implicitly convert type 'TUnit.Assertions.Tests.SatisfiesTests.MyModel' to 'bool' [C:\git\TUnit\TUnit.Assertions.Tests\TUnit.Assertions.Tests.csproj::TargetFramework=net472]
C:\git\TUnit\TUnit.Assertions.Tests\SatisfiesTests.cs(34,33): error CS1662: Cannot convert lambda expression to intended delegate type because some of the return types in the block are not implicitly convertible to the delegate return type [C:\git\TUnit\TUnit.Assertions.Tests\TUnit.Assertions.Tests.csproj::TargetFramework=net472]
C:\git\TUnit\TUnit.Assertions.Tests\EnumTests.cs(166,38): error CS0411: The type arguments for method 'EnumAssertionExtensions.DoesNotHaveSameValueAs<TEnum>(AssertionBuilder<TEnum>, TEnum)' cannot be inferred from the usage. Try specifying the type arguments explicitly. [C:\git\TUnit\TUnit.Assertions.Tests\TUnit.Assertions.Tests.csproj::TargetFramework=net472]
C:\git\TUnit\TUnit.Assertions.Tests\SatisfiesTests.cs(52,33): error CS0029: Cannot implicitly convert type 'System.Threading.Tasks.Task<string?>' to 'bool' [C:\git\TUnit\TUnit.Assertions.Tests\TUnit.Assertions.Tests.csproj::TargetFramework=net472]
C:\git\TUnit\TUnit.Assertions.Tests\SatisfiesTests.cs(52,33): error CS1662: Cannot convert lambda expression to intended delegate type because some of the return types in the block are not implicitly convertible to the delegate return type [C:\git\TUnit\TUnit.Assertions.Tests\TUnit.Assertions.Tests.csproj::TargetFramework=net472]
C:\git\TUnit\TUnit.Assertions.Tests\Helpers\StringDifferenceTests.cs(26,14): error CS1061: 'Task<Exception>' does not contain a definition for 'WithMessage' and no accessible extension method 'WithMessage' accepting a first argument of type 'Task<Exception>' could be found (are you missing a using directive or an assembly reference?) [C:\git\TUnit\TUnit.Assertions.Tests\TUnit.Assertions.Tests.csproj::TargetFramework=net472]
C:\git\TUnit\TUnit.Assertions.Tests\Helpers\StringDifferenceTests.cs(50,14): error CS1061: 'Task<Exception>' does not contain a definition for 'WithMessage' and no accessible extension method 'WithMessage' accepting a first argument of type 'Task<Exception>' could be found (are you missing a using directive or an assembly reference?) [C:\git\TUnit\TUnit.Assertions.Tests\TUnit.Assertions.Tests.csproj::TargetFramework=net472]
C:\git\TUnit\TUnit.Assertions.Tests\Helpers\StringDifferenceTests.cs(74,14): error CS1061: 'Task<Exception>' does not contain a definition for 'WithMessage' and no accessible extension method 'WithMessage' accepting a first argument of type 'Task<Exception>' could be found (are you missing a using directive or an assembly reference?) [C:\git\TUnit\TUnit.Assertions.Tests\TUnit.Assertions.Tests.csproj::TargetFramework=net472]
C:\git\TUnit\TUnit.Assertions.Tests\IgnoringTypeEquivalentTests.cs(26,14): error CS7036: There is no argument given that corresponds to the required parameter 'typeToIgnore' of 'ChainingExtensions.IgnoringType<T>(CustomAssertion<T>, Type)' [C:\git\TUnit\TUnit.Assertions.Tests\TUnit.Assertions.Tests.csproj::TargetFramework=net472]
C:\git\TUnit\TUnit.Assertions.Tests\Helpers\StringDifferenceTests.cs(98,14): error CS1061: 'Task<Exception>' does not contain a definition for 'WithMessage' and no accessible extension method 'WithMessage' accepting a first argument of type 'Task<Exception>' could be found (are you missing a using directive or an assembly reference?) [C:\git\TUnit\TUnit.Assertions.Tests\TUnit.Assertions.Tests.csproj::TargetFramework=net472]
C:\git\TUnit\TUnit.Assertions.Tests\SatisfiesTests.cs(72,33): error CS0029: Cannot implicitly convert type 'System.Threading.Tasks.Task<TUnit.Assertions.Tests.SatisfiesTests.MyAsyncModel?>' to 'bool' [C:\git\TUnit\TUnit.Assertions.Tests\TUnit.Assertions.Tests.csproj::TargetFramework=net472]
C:\git\TUnit\TUnit.Assertions.Tests\SatisfiesTests.cs(72,33): error CS1662: Cannot convert lambda expression to intended delegate type because some of the return types in the block are not implicitly convertible to the delegate return type [C:\git\TUnit\TUnit.Assertions.Tests\TUnit.Assertions.Tests.csproj::TargetFramework=net472]
C:\git\TUnit\TUnit.Assertions.Tests\IgnoringTypeEquivalentTests.cs(72,14): error CS7036: There is no argument given that corresponds to the required parameter 'typeToIgnore' of 'ChainingExtensions.IgnoringType<T>(CustomAssertion<T>, Type)' [C:\git\TUnit\TUnit.Assertions.Tests\TUnit.Assertions.Tests.csproj::TargetFramework=net472]
C:\git\TUnit\TUnit.Assertions.Tests\EnumerableTests.cs(151,49): error CS1503: Argument 1: cannot convert from 'System.Collections.IEnumerable' to 'System.Collections.Generic.IEnumerable<object>' [C:\git\TUnit\TUnit.Assertions.Tests\TUnit.Assertions.Tests.csproj::TargetFramework=net472]
C:\git\TUnit\TUnit.Assertions.Tests\NullabilityInferenceTests.cs(13,13): error CS0815: Cannot assign void to an implicitly-typed variable [C:\git\TUnit\TUnit.Assertions.Tests\TUnit.Assertions.Tests.csproj::TargetFramework=net472]
C:\git\TUnit\TUnit.Assertions.Tests\IgnoringTypeEquivalentTests.cs(94,14): error CS7036: There is no argument given that corresponds to the required parameter 'typeToIgnore' of 'ChainingExtensions.IgnoringType<T>(CustomAssertion<T>, Type)' [C:\git\TUnit\TUnit.Assertions.Tests\TUnit.Assertions.Tests.csproj::TargetFramework=net472]
C:\git\TUnit\TUnit.Assertions.Tests\IgnoringTypeEquivalentTests.cs(118,14): error CS7036: There is no argument given that corresponds to the required parameter 'typeToIgnore' of 'ChainingExtensions.IgnoringType<T>(CustomAssertion<T>, Type)' [C:\git\TUnit\TUnit.Assertions.Tests\TUnit.Assertions.Tests.csproj::TargetFramework=net472]
C:\git\TUnit\TUnit.Assertions.Tests\IgnoringTypeEquivalentTests.cs(141,14): error CS7036: There is no argument given that corresponds to the required parameter 'typeToIgnore' of 'ChainingExtensions.IgnoringType<T>(CustomAssertion<T>, Type)' [C:\git\TUnit\TUnit.Assertions.Tests\TUnit.Assertions.Tests.csproj::TargetFramework=net472]
C:\git\TUnit\TUnit.Assertions.Tests\IgnoringTypeEquivalentTests.cs(165,14): error CS7036: There is no argument given that corresponds to the required parameter 'typeToIgnore' of 'ChainingExtensions.IgnoringType<T>(CustomAssertion<T>, Type)' [C:\git\TUnit\TUnit.Assertions.Tests\TUnit.Assertions.Tests.csproj::TargetFramework=net472]
C:\git\TUnit\TUnit.Assertions.Tests\IgnoringTypeEquivalentTests.cs(185,14): error CS7036: There is no argument given that corresponds to the required parameter 'typeToIgnore' of 'ChainingExtensions.IgnoringType<T>(CustomAssertion<T>, Type)' [C:\git\TUnit\TUnit.Assertions.Tests\TUnit.Assertions.Tests.csproj::TargetFramework=net472]
C:\git\TUnit\TUnit.UnitTests\IAsyncEnumerableDocumentationExample.cs(50,42): error CS0121: The call is ambiguous between the following methods or properties: 'StringAssertionBuilderExtensions.StartsWith(AssertionBuilder<string>, string)' and 'NullableStringAssertionBuilderExtensions.StartsWith(AssertionBuilder<string?>, string)' [C:\git\TUnit\TUnit.UnitTests\TUnit.UnitTests.csproj::TargetFramework=net9.0]
C:\git\TUnit\TUnit.Assertions.Tests\Old\DateTimeOffsetEqualToAssertionTests.cs(30,58): error CS1061: 'GenericEqualToAssertion<DateTimeOffset>' does not contain a definition for 'Within' and no accessible extension method 'Within' accepting a first argument of type 'GenericEqualToAssertion<DateTimeOffset>' could be found (are you missing a using directive or an assembly reference?) [C:\git\TUnit\TUnit.Assertions.Tests\TUnit.Assertions.Tests.csproj::TargetFramework=net472]
C:\git\TUnit\TUnit.Assertions.Tests\SatisfiesTests.cs(91,41): error CS0029: Cannot implicitly convert type 'string' to 'bool' [C:\git\TUnit\TUnit.Assertions.Tests\TUnit.Assertions.Tests.csproj::TargetFramework=net472]
C:\git\TUnit\TUnit.Assertions.Tests\SatisfiesTests.cs(91,41): error CS1662: Cannot convert lambda expression to intended delegate type because some of the return types in the block are not implicitly convertible to the delegate return type [C:\git\TUnit\TUnit.Assertions.Tests\TUnit.Assertions.Tests.csproj::TargetFramework=net472]
C:\git\TUnit\TUnit.Assertions.Tests\ParseAssertionTests.cs(11,34): error CS1061: 'AssertionBuilder<string>' does not contain a definition for 'IsParsableInto' and no accessible extension method 'IsParsableInto' accepting a first argument of type 'AssertionBuilder<string>' could be found (are you missing a using directive or an assembly reference?) [C:\git\TUnit\TUnit.Assertions.Tests\TUnit.Assertions.Tests.csproj::TargetFramework=net472]
C:\git\TUnit\TUnit.Assertions.Tests\ParseAssertionTests.cs(17,34): error CS1061: 'AssertionBuilder<string>' does not contain a definition for 'IsNotParsableInto' and no accessible extension method 'IsNotParsableInto' accepting a first argument of type 'AssertionBuilder<string>' could be found (are you missing a using directive or an assembly reference?) [C:\git\TUnit\TUnit.Assertions.Tests\TUnit.Assertions.Tests.csproj::TargetFramework=net472]
C:\git\TUnit\TUnit.Assertions.Tests\Old\DateTimeOffsetEqualToAssertionTests.cs(39,125): error CS1061: 'GenericEqualToAssertion<DateTimeOffset>' does not contain a definition for 'Within' and no accessible extension method 'Within' accepting a first argument of type 'GenericEqualToAssertion<DateTimeOffset>' could be found (are you missing a using directive or an assembly reference?) [C:\git\TUnit\TUnit.Assertions.Tests\TUnit.Assertions.Tests.csproj::TargetFramework=net472]
C:\git\TUnit\TUnit.Assertions.Tests\Old\EqualityComparerTests.cs(20,35): error CS1501: No overload for method 'IsEqualTo' takes 2 arguments [C:\git\TUnit\TUnit.Assertions.Tests\TUnit.Assertions.Tests.csproj::TargetFramework=net472]
C:\git\TUnit\TUnit.Assertions.Tests\ParseAssertionTests.cs(24,14): error CS1061: 'AssertionBuilder<string>' does not contain a definition for 'WhenParsedInto' and no accessible extension method 'WhenParsedInto' accepting a first argument of type 'AssertionBuilder<string>' could be found (are you missing a using directive or an assembly reference?) [C:\git\TUnit\TUnit.Assertions.Tests\TUnit.Assertions.Tests.csproj::TargetFramework=net472]
C:\git\TUnit\TUnit.Assertions.Tests\LazyEvaluationTests.cs(83,47): error CS1061: 'AssertionBuilder<int>' does not contain a definition for 'Chain' and no accessible extension method 'Chain' accepting a first argument of type 'AssertionBuilder<int>' could be found (are you missing a using directive or an assembly reference?) [C:\git\TUnit\TUnit.Assertions.Tests\TUnit.Assertions.Tests.csproj::TargetFramework=net472]
C:\git\TUnit\TUnit.Assertions.Tests\ParseAssertionTests.cs(33,14): error CS1061: 'AssertionBuilder<string>' does not contain a definition for 'IsParsableInto' and no accessible extension method 'IsParsableInto' accepting a first argument of type 'AssertionBuilder<string>' could be found (are you missing a using directive or an assembly reference?) [C:\git\TUnit\TUnit.Assertions.Tests\TUnit.Assertions.Tests.csproj::TargetFramework=net472]
C:\git\TUnit\TUnit.Assertions.Tests\Old\ExceptionAssertionTests.cs(10,14): error CS1061: 'Task<Exception>' does not contain a definition for 'WithInnerException' and no accessible extension method 'WithInnerException' accepting a first argument of type 'Task<Exception>' could be found (are you missing a using directive or an assembly reference?) [C:\git\TUnit\TUnit.Assertions.Tests\TUnit.Assertions.Tests.csproj::TargetFramework=net472]
C:\git\TUnit\TUnit.Assertions.Tests\ParseAssertionTests.cs(41,14): error CS1061: 'AssertionBuilder<string>' does not contain a definition for 'IsParsableInto' and no accessible extension method 'IsParsableInto' accepting a first argument of type 'AssertionBuilder<string>' could be found (are you missing a using directive or an assembly reference?) [C:\git\TUnit\TUnit.Assertions.Tests\TUnit.Assertions.Tests.csproj::TargetFramework=net472]
C:\git\TUnit\TUnit.Assertions.Tests\ParseAssertionTests.cs(47,41): error CS1061: 'AssertionBuilder<string>' does not contain a definition for 'IsParsableInto' and no accessible extension method 'IsParsableInto' accepting a first argument of type 'AssertionBuilder<string>' could be found (are you missing a using directive or an assembly reference?) [C:\git\TUnit\TUnit.Assertions.Tests\TUnit.Assertions.Tests.csproj::TargetFramework=net472]
C:\git\TUnit\TUnit.Assertions.Tests\Old\EqualsAssertionTests.cs(13,14): error CS1061: 'Task<Exception>' does not contain a definition for 'And' and no accessible extension method 'And' accepting a first argument of type 'Task<Exception>' could be found (are you missing a using directive or an assembly reference?) [C:\git\TUnit\TUnit.Assertions.Tests\TUnit.Assertions.Tests.csproj::TargetFramework=net472]
C:\git\TUnit\TUnit.Assertions.Tests\ParseAssertionTests.cs(54,14): error CS1061: 'AssertionBuilder<string>' does not contain a definition for 'WhenParsedInto' and no accessible extension method 'WhenParsedInto' accepting a first argument of type 'AssertionBuilder<string>' could be found (are you missing a using directive or an assembly reference?) [C:\git\TUnit\TUnit.Assertions.Tests\TUnit.Assertions.Tests.csproj::TargetFramework=net472]
C:\git\TUnit\TUnit.Assertions.Tests\LazyEvaluationTests.cs(145,46): error CS1061: 'AssertionBuilder<int>' does not contain a definition for 'Chain' and no accessible extension method 'Chain' accepting a first argument of type 'AssertionBuilder<int>' could be found (are you missing a using directive or an assembly reference?) [C:\git\TUnit\TUnit.Assertions.Tests\TUnit.Assertions.Tests.csproj::TargetFramework=net472]
C:\git\TUnit\TUnit.Assertions.Tests\LazyEvaluationTests.cs(178,47): error CS1061: 'AssertionBuilder<int>' does not contain a definition for 'Chain' and no accessible extension method 'Chain' accepting a first argument of type 'AssertionBuilder<int>' could be found (are you missing a using directive or an assembly reference?) [C:\git\TUnit\TUnit.Assertions.Tests\TUnit.Assertions.Tests.csproj::TargetFramework=net472]
C:\git\TUnit\TUnit.Assertions.Tests\Old\MemberTests.cs(16,53): error CS1660: Cannot convert lambda expression to type 'string' because it is not a delegate type [C:\git\TUnit\TUnit.Assertions.Tests\TUnit.Assertions.Tests.csproj::TargetFramework=net472]
C:\git\TUnit\TUnit.Assertions.Tests\Old\TimeSpanEqualToAssertionTests.cs(29,58): error CS1061: 'GenericEqualToAssertion<TimeSpan>' does not contain a definition for 'Within' and no accessible extension method 'Within' accepting a first argument of type 'GenericEqualToAssertion<TimeSpan>' could be found (are you missing a using directive or an assembly reference?) [C:\git\TUnit\TUnit.Assertions.Tests\TUnit.Assertions.Tests.csproj::TargetFramework=net472]
C:\git\TUnit\TUnit.Assertions.Tests\Old\MemberTests.cs(29,136): error CS1660: Cannot convert lambda expression to type 'string' because it is not a delegate type [C:\git\TUnit\TUnit.Assertions.Tests\TUnit.Assertions.Tests.csproj::TargetFramework=net472]
C:\git\TUnit\TUnit.Assertions.Tests\Old\TimeSpanEqualToAssertionTests.cs(38,125): error CS1061: 'GenericEqualToAssertion<TimeSpan>' does not contain a definition for 'Within' and no accessible extension method 'Within' accepting a first argument of type 'GenericEqualToAssertion<TimeSpan>' could be found (are you missing a using directive or an assembly reference?) [C:\git\TUnit\TUnit.Assertions.Tests\TUnit.Assertions.Tests.csproj::TargetFramework=net472]
C:\git\TUnit\TUnit.Assertions.Tests\Old\StringRegexAssertionTests.cs(24,46): error CS1503: Argument 2: cannot convert from 'System.Text.RegularExpressions.Regex' to 'string' [C:\git\TUnit\TUnit.Assertions.Tests\TUnit.Assertions.Tests.csproj::TargetFramework=net472]
C:\git\TUnit\TUnit.Assertions.Tests\Old\MemberTests.cs(51,136): error CS1660: Cannot convert lambda expression to type 'string' because it is not a delegate type [C:\git\TUnit\TUnit.Assertions.Tests\TUnit.Assertions.Tests.csproj::TargetFramework=net472]
C:\git\TUnit\TUnit.Assertions.Tests\Old\EquivalentAssertionTests.cs(47,56): error CS1503: Argument 1: cannot convert from '<anonymous type: string Value>' to 'TUnit.Assertions.Tests.Old.EquivalentAssertionTests.MyClass' [C:\git\TUnit\TUnit.Assertions.Tests\TUnit.Assertions.Tests.csproj::TargetFramework=net472]
C:\git\TUnit\TUnit.Assertions.Tests\Old\StringContainsAssertionTests.cs(53,52): error CS0121: The call is ambiguous between the following methods or properties: 'StringAssertionBuilderExtensions.EndsWith(AssertionBuilder<string>, string)' and 'NullableStringAssertionBuilderExtensions.EndsWith(AssertionBuilder<string?>, string)' [C:\git\TUnit\TUnit.Assertions.Tests\TUnit.Assertions.Tests.csproj::TargetFramework=net472]
C:\git\TUnit\TUnit.Assertions.Tests\Old\StringRegexAssertionTests.cs(53,13): error CS0815: Cannot assign void to an implicitly-typed variable [C:\git\TUnit\TUnit.Assertions.Tests\TUnit.Assertions.Tests.csproj::TargetFramework=net472]
C:\git\TUnit\TUnit.Assertions.Tests\Old\EquivalentAssertionTests.cs(60,59): error CS1503: Argument 1: cannot convert from '<anonymous type: string Value>' to 'TUnit.Assertions.Tests.Old.EquivalentAssertionTests.MyClass' [C:\git\TUnit\TUnit.Assertions.Tests\TUnit.Assertions.Tests.csproj::TargetFramework=net472]
C:\git\TUnit\TUnit.Assertions.Tests\Old\EquivalentAssertionTests.cs(70,53): error CS1503: Argument 1: cannot convert from 'int[]' to 'System.Collections.Generic.List<int>' [C:\git\TUnit\TUnit.Assertions.Tests\TUnit.Assertions.Tests.csproj::TargetFramework=net472]
C:\git\TUnit\TUnit.Assertions.Tests\Old\MemberTests.cs(68,136): error CS1660: Cannot convert lambda expression to type 'string' because it is not a delegate type [C:\git\TUnit\TUnit.Assertions.Tests\TUnit.Assertions.Tests.csproj::TargetFramework=net472]
C:\git\TUnit\TUnit.Assertions.Tests\Old\EquivalentAssertionTests.cs(80,54): error CS1503: Argument 1: cannot convert from 'System.Collections.Generic.List<int>' to 'int[]' [C:\git\TUnit\TUnit.Assertions.Tests\TUnit.Assertions.Tests.csproj::TargetFramework=net472]
C:\git\TUnit\TUnit.Assertions.Tests\Old\StringRegexAssertionTests.cs(77,78): error CS1503: Argument 2: cannot convert from 'System.Text.RegularExpressions.Regex' to 'string' [C:\git\TUnit\TUnit.Assertions.Tests\TUnit.Assertions.Tests.csproj::TargetFramework=net472]
C:\git\TUnit\TUnit.Assertions.Tests\Old\StringRegexAssertionTests.cs(79,13): error CS0815: Cannot assign void to an implicitly-typed variable [C:\git\TUnit\TUnit.Assertions.Tests\TUnit.Assertions.Tests.csproj::TargetFramework=net472]
C:\git\TUnit\TUnit.Assertions.Tests\Old\StringRegexAssertionTests.cs(140,78): error CS1503: Argument 2: cannot convert from 'System.Text.RegularExpressions.Regex' to 'string' [C:\git\TUnit\TUnit.Assertions.Tests\TUnit.Assertions.Tests.csproj::TargetFramework=net472]
C:\git\TUnit\TUnit.Assertions.Tests\Old\EquivalentAssertionTests.cs(108,38): error CS1501: No overload for method 'IsEquivalentTo' takes 2 arguments [C:\git\TUnit\TUnit.Assertions.Tests\TUnit.Assertions.Tests.csproj::TargetFramework=net472]
C:\git\TUnit\TUnit.Assertions.Tests\Old\EquivalentAssertionTests.cs(118,39): error CS1501: No overload for method 'IsEquivalentTo' takes 2 arguments [C:\git\TUnit\TUnit.Assertions.Tests\TUnit.Assertions.Tests.csproj::TargetFramework=net472]
C:\git\TUnit\TUnit.Assertions.Tests\Old\StringRegexAssertionTests.cs(163,51): error CS1503: Argument 2: cannot convert from 'System.Text.RegularExpressions.Regex' to 'string' [C:\git\TUnit\TUnit.Assertions.Tests\TUnit.Assertions.Tests.csproj::TargetFramework=net472]
C:\git\TUnit\TUnit.Assertions.Tests\Old\StringRegexAssertionTests.cs(192,13): error CS0815: Cannot assign void to an implicitly-typed variable [C:\git\TUnit\TUnit.Assertions.Tests\TUnit.Assertions.Tests.csproj::TargetFramework=net472]
C:\git\TUnit\TUnit.Assertions.Tests\Old\StringRegexAssertionTests.cs(216,83): error CS1503: Argument 2: cannot convert from 'System.Text.RegularExpressions.Regex' to 'string' [C:\git\TUnit\TUnit.Assertions.Tests\TUnit.Assertions.Tests.csproj::TargetFramework=net472]
C:\git\TUnit\TUnit.Assertions.Tests\Old\StringRegexAssertionTests.cs(218,13): error CS0815: Cannot assign void to an implicitly-typed variable [C:\git\TUnit\TUnit.Assertions.Tests\TUnit.Assertions.Tests.csproj::TargetFramework=net472]
C:\git\TUnit\TUnit.Assertions.Tests\Old\EquivalentAssertionTests.cs(128,122): error CS1501: No overload for method 'IsEquivalentTo' takes 2 arguments [C:\git\TUnit\TUnit.Assertions.Tests\TUnit.Assertions.Tests.csproj::TargetFramework=net472]
C:\git\TUnit\TUnit.Assertions.Tests\Old\StringRegexAssertionTests.cs(279,83): error CS1503: Argument 2: cannot convert from 'System.Text.RegularExpressions.Regex' to 'string' [C:\git\TUnit\TUnit.Assertions.Tests\TUnit.Assertions.Tests.csproj::TargetFramework=net472]
C:\git\TUnit\TUnit.Assertions.Tests\Old\EquivalentAssertionTests.cs(148,122): error CS1501: No overload for method 'IsEquivalentTo' takes 2 arguments [C:\git\TUnit\TUnit.Assertions.Tests\TUnit.Assertions.Tests.csproj::TargetFramework=net472]
C:\git\TUnit\TUnit.Assertions.Tests\Old\EquivalentAssertionTests.cs(171,139): error CS1503: Argument 1: cannot convert from '<anonymous type: string Value>' to 'TUnit.Assertions.Tests.Old.EquivalentAssertionTests.MyClass' [C:\git\TUnit\TUnit.Assertions.Tests\TUnit.Assertions.Tests.csproj::TargetFramework=net472]
C:\git\TUnit\TUnit.Assertions.Tests\Old\DateTimeEqualToAssertionTests.cs(30,58): error CS1061: 'GenericEqualToAssertion<DateTime>' does not contain a definition for 'Within' and no accessible extension method 'Within' accepting a first argument of type 'GenericEqualToAssertion<DateTime>' could be found (are you missing a using directive or an assembly reference?) [C:\git\TUnit\TUnit.Assertions.Tests\TUnit.Assertions.Tests.csproj::TargetFramework=net472]
C:\git\TUnit\TUnit.Assertions.Tests\Old\DateTimeEqualToAssertionTests.cs(39,125): error CS1061: 'GenericEqualToAssertion<DateTime>' does not contain a definition for 'Within' and no accessible extension method 'Within' accepting a first argument of type 'GenericEqualToAssertion<DateTime>' could be found (are you missing a using directive or an assembly reference?) [C:\git\TUnit\TUnit.Assertions.Tests\TUnit.Assertions.Tests.csproj::TargetFramework=net472]
C:\git\TUnit\TUnit.Assertions.Tests\SatisfiesTests.cs(118,41): error CS0029: Cannot implicitly convert type 'TUnit.Assertions.Tests.SatisfiesTests.MyModel' to 'bool' [C:\git\TUnit\TUnit.Assertions.Tests\TUnit.Assertions.Tests.csproj::TargetFramework=net472]
C:\git\TUnit\TUnit.Assertions.Tests\SatisfiesTests.cs(118,41): error CS1662: Cannot convert lambda expression to intended delegate type because some of the return types in the block are not implicitly convertible to the delegate return type [C:\git\TUnit\TUnit.Assertions.Tests\TUnit.Assertions.Tests.csproj::TargetFramework=net472]
C:\git\TUnit\TUnit.Assertions.Tests\Old\EquivalentAssertionTests.cs(451,65): error CS1061: 'CustomAssertion<EquivalentAssertionTests.MyClass>' does not contain a definition for 'IgnoringMember' and no accessible extension method 'IgnoringMember' accepting a first argument of type 'CustomAssertion<EquivalentAssertionTests.MyClass>' could be found (are you missing a using directive or an assembly reference?) [C:\git\TUnit\TUnit.Assertions.Tests\TUnit.Assertions.Tests.csproj::TargetFramework=net472]
C:\git\TUnit\TUnit.Assertions.Tests\SatisfiesTests.cs(154,41): error CS0029: Cannot implicitly convert type 'System.Threading.Tasks.Task<string?>' to 'bool' [C:\git\TUnit\TUnit.Assertions.Tests\TUnit.Assertions.Tests.csproj::TargetFramework=net472]
C:\git\TUnit\TUnit.Assertions.Tests\SatisfiesTests.cs(154,41): error CS1662: Cannot convert lambda expression to intended delegate type because some of the return types in the block are not implicitly convertible to the delegate return type [C:\git\TUnit\TUnit.Assertions.Tests\TUnit.Assertions.Tests.csproj::TargetFramework=net472]
C:\git\TUnit\TUnit.Assertions.Tests\Old\EquivalentAssertionTests.cs(506,58): error CS1503: Argument 1: cannot convert from '<anonymous type: string Value>' to 'TUnit.Assertions.Tests.Old.EquivalentAssertionTests.MyClass' [C:\git\TUnit\TUnit.Assertions.Tests\TUnit.Assertions.Tests.csproj::TargetFramework=net472]
C:\git\TUnit\TUnit.Assertions.Tests\Old\EquivalentAssertionTests.cs(538,59): error CS1503: Argument 1: cannot convert from '<anonymous type: string Value>' to 'TUnit.Assertions.Tests.Old.EquivalentAssertionTests.MyClass' [C:\git\TUnit\TUnit.Assertions.Tests\TUnit.Assertions.Tests.csproj::TargetFramework=net472]
C:\git\TUnit\TUnit.Assertions.Tests\Old\EquivalentAssertionTests.cs(559,42): error CS1503: Argument 1: cannot convert from '<anonymous type: string Value>' to 'TUnit.Assertions.Tests.Old.EquivalentAssertionTests.MyClass' [C:\git\TUnit\TUnit.Assertions.Tests\TUnit.Assertions.Tests.csproj::TargetFramework=net472]
C:\git\TUnit\TUnit.Assertions.Tests\Old\EquivalentAssertionTests.cs(585,58): error CS1503: Argument 1: cannot convert from '<anonymous type: string Value, TUnit.Assertions.Tests.Old.EquivalentAssertionTests.InnerClass Inner>' to 'TUnit.Assertions.Tests.Old.EquivalentAssertionTests.MyClass' [C:\git\TUnit\TUnit.Assertions.Tests\TUnit.Assertions.Tests.csproj::TargetFramework=net472]
C:\git\TUnit\TUnit.Assertions.Tests\Old\EquivalentAssertionTests.cs(622,36): error CS1503: Argument 1: cannot convert from '<anonymous type: string Value, TUnit.Assertions.Tests.Old.EquivalentAssertionTests.InnerClass Inner>' to 'TUnit.Assertions.Tests.Old.EquivalentAssertionTests.MyClass' [C:\git\TUnit\TUnit.Assertions.Tests\TUnit.Assertions.Tests.csproj::TargetFramework=net472]
C:\git\TUnit\TUnit.Assertions.Tests\Old\EquivalentAssertionTests.cs(642,33): error CS1503: Argument 1: cannot convert from 'TUnit.Assertions.Tests.Old.EquivalentAssertionTests.MyClassWithSingleField' to 'TUnit.Assertions.Tests.Old.EquivalentAssertionTests.MyClassWithMultipleFields' [C:\git\TUnit\TUnit.Assertions.Tests\TUnit.Assertions.Tests.csproj::TargetFramework=net472]
C:\git\TUnit\TUnit.Assertions.Tests\Old\EquivalentAssertionTests.cs(671,59): error CS1503: Argument 1: cannot convert from 'TUnit.Assertions.Tests.Old.EquivalentAssertionTests.MyClassWithSingleField' to 'TUnit.Assertions.Tests.Old.EquivalentAssertionTests.MyClassWithMultipleFields' [C:\git\TUnit\TUnit.Assertions.Tests\TUnit.Assertions.Tests.csproj::TargetFramework=net472]
C:\git\TUnit\TUnit.Assertions.Tests\Old\EquivalentAssertionTests.cs(689,42): error CS1503: Argument 1: cannot convert from 'TUnit.Assertions.Tests.Old.EquivalentAssertionTests.MyClassWithSingleField' to 'TUnit.Assertions.Tests.Old.EquivalentAssertionTests.MyClassWithMultipleFields' [C:\git\TUnit\TUnit.Assertions.Tests\TUnit.Assertions.Tests.csproj::TargetFramework=net472]
C:\git\TUnit\TUnit.Assertions.Tests\SatisfiesTests.cs(181,41): error CS0029: Cannot implicitly convert type 'System.Threading.Tasks.Task<TUnit.Assertions.Tests.SatisfiesTests.MyAsyncModel?>' to 'bool' [C:\git\TUnit\TUnit.Assertions.Tests\TUnit.Assertions.Tests.csproj::TargetFramework=net472]
C:\git\TUnit\TUnit.Assertions.Tests\SatisfiesTests.cs(181,41): error CS1662: Cannot convert lambda expression to intended delegate type because some of the return types in the block are not implicitly convertible to the delegate return type [C:\git\TUnit\TUnit.Assertions.Tests\TUnit.Assertions.Tests.csproj::TargetFramework=net472]
C:\git\TUnit\TUnit.Assertions.Tests\SatisfiesTests.cs(211,35): error CS1501: No overload for method 'All' takes 0 arguments [C:\git\TUnit\TUnit.Assertions.Tests\TUnit.Assertions.Tests.csproj::TargetFramework=net472]
C:\git\TUnit\TUnit.Assertions.Tests\SatisfiesTests.cs(222,35): error CS1501: No overload for method 'All' takes 0 arguments [C:\git\TUnit\TUnit.Assertions.Tests\TUnit.Assertions.Tests.csproj::TargetFramework=net472]
C:\git\TUnit\TUnit.Assertions.Tests\SatisfiesTests.cs(234,39): error CS1501: No overload for method 'All' takes 0 arguments [C:\git\TUnit\TUnit.Assertions.Tests\TUnit.Assertions.Tests.csproj::TargetFramework=net472]
C:\git\TUnit\TUnit.Assertions.Tests\SatisfiesTests.cs(247,43): error CS1501: No overload for method 'All' takes 0 arguments [C:\git\TUnit\TUnit.Assertions.Tests\TUnit.Assertions.Tests.csproj::TargetFramework=net472]
C:\git\TUnit\TUnit.UnitTests\ServiceProviderInfrastructureTests.cs(96,55): error CS1503: Argument 1: cannot convert from 'TUnit.UnitTests.ServiceProviderInfrastructureTests.ITestService' to 'TUnit.UnitTests.ServiceProviderInfrastructureTests.TestService' [C:\git\TUnit\TUnit.UnitTests\TUnit.UnitTests.csproj::TargetFramework=net9.0]
C:\git\TUnit\TUnit.Assertions.Tests\TypeInferenceTests.cs(17,33): error CS1660: Cannot convert lambda expression to type 'int' because it is not a delegate type [C:\git\TUnit\TUnit.Assertions.Tests\TUnit.Assertions.Tests.csproj::TargetFramework=net8.0]
C:\git\TUnit\TUnit.Assertions.Tests\Old\DictionaryAssertionTests.cs(35,44): error CS0311: The type 'TUnit.Assertions.UnitTests.DictionaryAssertionTests.ReadDictionary' cannot be used as type parameter 'T' in the generic type or method 'DictionaryAssertionExtensions.ContainsKey<T>(AssertionBuilder<T>, object)'. There is no implicit reference conversion from 'TUnit.Assertions.UnitTests.DictionaryAssertionTests.ReadDictionary' to 'System.Collections.IDictionary'. [C:\git\TUnit\TUnit.Assertions.Tests\TUnit.Assertions.Tests.csproj::TargetFramework=net8.0]
C:\git\TUnit\TUnit.Assertions.Tests\AssertionBuilders\OrAssertionTests.cs(40,22): error CS1061: 'AssertionBuilder<Exception>' does not contain a definition for 'IsNotAssignableTo' and no accessible extension method 'IsNotAssignableTo' accepting a first argument of type 'AssertionBuilder<Exception>' could be found (are you missing a using directive or an assembly reference?) [C:\git\TUnit\TUnit.Assertions.Tests\TUnit.Assertions.Tests.csproj::TargetFramework=net8.0]
C:\git\TUnit\TUnit.Assertions.Tests\Assertions\Delegates\Throws.WithParameterNameTests.cs(28,81): error CS1061: 'Task<ArgumentException>' does not contain a definition for 'WithParameterName' and no accessible extension method 'WithParameterName' accepting a first argument of type 'Task<ArgumentException>' could be found (are you missing a using directive or an assembly reference?) [C:\git\TUnit\TUnit.Assertions.Tests\TUnit.Assertions.Tests.csproj::TargetFramework=net8.0]
C:\git\TUnit\TUnit.Assertions.Tests\Assertions\Delegates\Throws.WithParameterNameTests.cs(31,18): error CS1061: 'Task<Exception>' does not contain a definition for 'WithMessage' and no accessible extension method 'WithMessage' accepting a first argument of type 'Task<Exception>' could be found (are you missing a using directive or an assembly reference?) [C:\git\TUnit\TUnit.Assertions.Tests\TUnit.Assertions.Tests.csproj::TargetFramework=net8.0]
C:\git\TUnit\TUnit.Assertions.Tests\Assertions\Delegates\Throws.WithParameterNameTests.cs(42,17): error CS0815: Cannot assign void to an implicitly-typed variable [C:\git\TUnit\TUnit.Assertions.Tests\TUnit.Assertions.Tests.csproj::TargetFramework=net8.0]
C:\git\TUnit\TUnit.Assertions.Tests\EnumerableTests.cs(29,56): error CS8917: The delegate type could not be inferred. [C:\git\TUnit\TUnit.Assertions.Tests\TUnit.Assertions.Tests.csproj::TargetFramework=net8.0]
C:\git\TUnit\TUnit.Assertions.Tests\Assertions\Delegates\Throws.WithMessageTests.cs(28,79): error CS1061: 'Task<Throws.CustomException>' does not contain a definition for 'WithMessage' and no accessible extension method 'WithMessage' accepting a first argument of type 'Task<Throws.CustomException>' could be found (are you missing a using directive or an assembly reference?) [C:\git\TUnit\TUnit.Assertions.Tests\TUnit.Assertions.Tests.csproj::TargetFramework=net8.0]
C:\git\TUnit\TUnit.Assertions.Tests\Assertions\Delegates\Throws.WithMessageTests.cs(31,18): error CS1061: 'Task<Exception>' does not contain a definition for 'WithMessage' and no accessible extension method 'WithMessage' accepting a first argument of type 'Task<Exception>' could be found (are you missing a using directive or an assembly reference?) [C:\git\TUnit\TUnit.Assertions.Tests\TUnit.Assertions.Tests.csproj::TargetFramework=net8.0]
C:\git\TUnit\TUnit.Assertions.Tests\Assertions\Delegates\Throws.ExactlyTests.cs(25,18): error CS1061: 'Task<Exception>' does not contain a definition for 'WithMessage' and no accessible extension method 'WithMessage' accepting a first argument of type 'Task<Exception>' could be found (are you missing a using directive or an assembly reference?) [C:\git\TUnit\TUnit.Assertions.Tests\TUnit.Assertions.Tests.csproj::TargetFramework=net8.0]
C:\git\TUnit\TUnit.Assertions.Tests\Bugs\Tests1600.cs(22,35): error CS1501: No overload for method 'IsEquivalentTo' takes 2 arguments [C:\git\TUnit\TUnit.Assertions.Tests\TUnit.Assertions.Tests.csproj::TargetFramework=net8.0]
C:\git\TUnit\TUnit.Assertions.Tests\Assertions\Delegates\Throws.WithMessageTests.cs(42,17): error CS0815: Cannot assign void to an implicitly-typed variable [C:\git\TUnit\TUnit.Assertions.Tests\TUnit.Assertions.Tests.csproj::TargetFramework=net8.0]
C:\git\TUnit\TUnit.Assertions.Tests\Assertions\Delegates\Throws.ExactlyTests.cs(45,18): error CS1061: 'Task<Exception>' does not contain a definition for 'WithMessage' and no accessible extension method 'WithMessage' accepting a first argument of type 'Task<Exception>' could be found (are you missing a using directive or an assembly reference?) [C:\git\TUnit\TUnit.Assertions.Tests\TUnit.Assertions.Tests.csproj::TargetFramework=net8.0]
C:\git\TUnit\TUnit.Assertions.Tests\AssertMultipleTests.cs(30,13): error CS0815: Cannot assign void to an implicitly-typed variable [C:\git\TUnit\TUnit.Assertions.Tests\TUnit.Assertions.Tests.csproj::TargetFramework=net8.0]
C:\git\TUnit\TUnit.Assertions.Tests\EnumerableTests.cs(40,61): error CS8917: The delegate type could not be inferred. [C:\git\TUnit\TUnit.Assertions.Tests\TUnit.Assertions.Tests.csproj::TargetFramework=net8.0]
C:\git\TUnit\TUnit.Assertions.Tests\Assertions\Delegates\Throws.ExactlyTests.cs(64,18): error CS1061: 'Task<Exception>' does not contain a definition for 'WithMessage' and no accessible extension method 'WithMessage' accepting a first argument of type 'Task<Exception>' could be found (are you missing a using directive or an assembly reference?) [C:\git\TUnit\TUnit.Assertions.Tests\TUnit.Assertions.Tests.csproj::TargetFramework=net8.0]
C:\git\TUnit\TUnit.Assertions.Tests\EnumerableTests.cs(49,49): error CS1660: Cannot convert lambda expression to type 'int' because it is not a delegate type [C:\git\TUnit\TUnit.Assertions.Tests\TUnit.Assertions.Tests.csproj::TargetFramework=net8.0]
C:\git\TUnit\TUnit.Assertions.Tests\Bugs\Tests2117.cs(49,38): error CS1501: No overload for method 'IsEquivalentTo' takes 2 arguments [C:\git\TUnit\TUnit.Assertions.Tests\TUnit.Assertions.Tests.csproj::TargetFramework=net8.0]
C:\git\TUnit\TUnit.Assertions.Tests\AssertMultipleTests.cs(88,14): error CS1061: 'Task<Exception>' does not contain a definition for 'WithMessageContaining' and no accessible extension method 'WithMessageContaining' accepting a first argument of type 'Task<Exception>' could be found (are you missing a using directive or an assembly reference?) [C:\git\TUnit\TUnit.Assertions.Tests\TUnit.Assertions.Tests.csproj::TargetFramework=net8.0]
C:\git\TUnit\TUnit.Assertions.Tests\Assertions\Delegates\Throws.ExceptionTests.cs(25,18): error CS1061: 'Task<Exception>' does not contain a definition for 'WithMessage' and no accessible extension method 'WithMessage' accepting a first argument of type 'Task<Exception>' could be found (are you missing a using directive or an assembly reference?) [C:\git\TUnit\TUnit.Assertions.Tests\TUnit.Assertions.Tests.csproj::TargetFramework=net8.0]
C:\git\TUnit\TUnit.Assertions.Tests\Assertions\Delegates\Throws.WithMessageMatchingTests.cs(51,79): error CS1061: 'Task<Throws.CustomException>' does not contain a definition for 'WithMessageMatching' and no accessible extension method 'WithMessageMatching' accepting a first argument of type 'Task<Throws.CustomException>' could be found (are you missing a using directive or an assembly reference?) [C:\git\TUnit\TUnit.Assertions.Tests\TUnit.Assertions.Tests.csproj::TargetFramework=net8.0]
C:\git\TUnit\TUnit.Assertions.Tests\Assertions\Delegates\Throws.WithMessageMatchingTests.cs(54,18): error CS1061: 'Task<Exception>' does not contain a definition for 'WithMessage' and no accessible extension method 'WithMessage' accepting a first argument of type 'Task<Exception>' could be found (are you missing a using directive or an assembly reference?) [C:\git\TUnit\TUnit.Assertions.Tests\TUnit.Assertions.Tests.csproj::TargetFramework=net8.0]
C:\git\TUnit\TUnit.Assertions.Tests\Bugs\Tests1770.cs(8,13): error CS0815: Cannot assign void to an implicitly-typed variable [C:\git\TUnit\TUnit.Assertions.Tests\TUnit.Assertions.Tests.csproj::TargetFramework=net8.0]
C:\git\TUnit\TUnit.Assertions.Tests\EnumerableTests.cs(58,65): error CS1660: Cannot convert lambda expression to type 'int' because it is not a delegate type [C:\git\TUnit\TUnit.Assertions.Tests\TUnit.Assertions.Tests.csproj::TargetFramework=net8.0]
C:\git\TUnit\TUnit.Assertions.Tests\Assertions\Delegates\Throws.ExactlyTests.cs(100,18): error CS1061: 'Task<Throws.CustomException>' does not contain a definition for 'And' and no accessible extension method 'And' accepting a first argument of type 'Task<Throws.CustomException>' could be found (are you missing a using directive or an assembly reference?) [C:\git\TUnit\TUnit.Assertions.Tests\TUnit.Assertions.Tests.csproj::TargetFramework=net8.0]
C:\git\TUnit\TUnit.Assertions.Tests\Assertions\Delegates\Throws.WithMessageMatchingTests.cs(65,17): error CS0815: Cannot assign void to an implicitly-typed variable [C:\git\TUnit\TUnit.Assertions.Tests\TUnit.Assertions.Tests.csproj::TargetFramework=net8.0]
C:\git\TUnit\TUnit.Assertions.Tests\Bugs\Tests1770.cs(16,13): error CS0815: Cannot assign void to an implicitly-typed variable [C:\git\TUnit\TUnit.Assertions.Tests\TUnit.Assertions.Tests.csproj::TargetFramework=net8.0]
C:\git\TUnit\TUnit.Assertions.Tests\Bugs\Tests2117.cs(84,38): error CS1501: No overload for method 'IsNotEquivalentTo' takes 2 arguments [C:\git\TUnit\TUnit.Assertions.Tests\TUnit.Assertions.Tests.csproj::TargetFramework=net8.0]
C:\git\TUnit\TUnit.Assertions.Tests\Helpers\StringDifferenceTests.cs(26,14): error CS1061: 'Task<Exception>' does not contain a definition for 'WithMessage' and no accessible extension method 'WithMessage' accepting a first argument of type 'Task<Exception>' could be found (are you missing a using directive or an assembly reference?) [C:\git\TUnit\TUnit.Assertions.Tests\TUnit.Assertions.Tests.csproj::TargetFramework=net8.0]
C:\git\TUnit\TUnit.Assertions.Tests\EnumTests.cs(96,34): error CS0411: The type arguments for method 'EnumAssertionExtensions.HasSameNameAs<TEnum>(AssertionBuilder<TEnum>, TEnum)' cannot be inferred from the usage. Try specifying the type arguments explicitly. [C:\git\TUnit\TUnit.Assertions.Tests\TUnit.Assertions.Tests.csproj::TargetFramework=net8.0]
C:\git\TUnit\TUnit.Assertions.Tests\EnumerableTests.cs(85,51): error CS8917: The delegate type could not be inferred. [C:\git\TUnit\TUnit.Assertions.Tests\TUnit.Assertions.Tests.csproj::TargetFramework=net8.0]
C:\git\TUnit\TUnit.Assertions.Tests\IgnoringTypeEquivalentTests.cs(26,14): error CS7036: There is no argument given that corresponds to the required parameter 'typeToIgnore' of 'ChainingExtensions.IgnoringType<T>(CustomAssertion<T>, Type)' [C:\git\TUnit\TUnit.Assertions.Tests\TUnit.Assertions.Tests.csproj::TargetFramework=net8.0]
C:\git\TUnit\TUnit.Assertions.Tests\Helpers\StringDifferenceTests.cs(50,14): error CS1061: 'Task<Exception>' does not contain a definition for 'WithMessage' and no accessible extension method 'WithMessage' accepting a first argument of type 'Task<Exception>' could be found (are you missing a using directive or an assembly reference?) [C:\git\TUnit\TUnit.Assertions.Tests\TUnit.Assertions.Tests.csproj::TargetFramework=net8.0]
C:\git\TUnit\TUnit.Assertions.Tests\Assertions\Delegates\Throws.ExactlyTests.cs(116,22): error CS1061: 'Task<Exception>' does not contain a definition for 'And' and no accessible extension method 'And' accepting a first argument of type 'Task<Exception>' could be found (are you missing a using directive or an assembly reference?) [C:\git\TUnit\TUnit.Assertions.Tests\TUnit.Assertions.Tests.csproj::TargetFramework=net8.0]
C:\git\TUnit\TUnit.Assertions.Tests\Assertions\Delegates\Throws.WithMessageMatchingTests.cs(99,18): error CS1061: 'Task<Exception>' does not contain a definition for 'WithMessageMatching' and no accessible extension method 'WithMessageMatching' accepting a first argument of type 'Task<Exception>' could be found (are you missing a using directive or an assembly reference?) [C:\git\TUnit\TUnit.Assertions.Tests\TUnit.Assertions.Tests.csproj::TargetFramework=net8.0]
C:\git\TUnit\TUnit.Assertions.Tests\Assertions\Delegates\Throws.WithMessageMatchingTests.cs(107,58): error CS1061: 'Task<Exception>' does not contain a definition for 'WithMessageMatching' and no accessible extension method 'WithMessageMatching' accepting a first argument of type 'Task<Exception>' could be found (are you missing a using directive or an assembly reference?) [C:\git\TUnit\TUnit.Assertions.Tests\TUnit.Assertions.Tests.csproj::TargetFramework=net8.0]
C:\git\TUnit\TUnit.Assertions.Tests\Bugs\Tests1877.cs(13,30): error CS1501: No overload for method 'IsEquivalentTo' takes 2 arguments [C:\git\TUnit\TUnit.Assertions.Tests\TUnit.Assertions.Tests.csproj::TargetFramework=net8.0]
C:\git\TUnit\TUnit.Assertions.Tests\Helpers\StringDifferenceTests.cs(74,14): error CS1061: 'Task<Exception>' does not contain a definition for 'WithMessage' and no accessible extension method 'WithMessage' accepting a first argument of type 'Task<Exception>' could be found (are you missing a using directive or an assembly reference?) [C:\git\TUnit\TUnit.Assertions.Tests\TUnit.Assertions.Tests.csproj::TargetFramework=net8.0]
C:\git\TUnit\TUnit.Assertions.Tests\Bugs\Tests1877.cs(22,30): error CS1501: No overload for method 'IsEquivalentTo' takes 2 arguments [C:\git\TUnit\TUnit.Assertions.Tests\TUnit.Assertions.Tests.csproj::TargetFramework=net8.0]
C:\git\TUnit\TUnit.Assertions.Tests\EnumTests.cs(106,38): error CS0411: The type arguments for method 'EnumAssertionExtensions.HasSameNameAs<TEnum>(AssertionBuilder<TEnum>, TEnum)' cannot be inferred from the usage. Try specifying the type arguments explicitly. [C:\git\TUnit\TUnit.Assertions.Tests\TUnit.Assertions.Tests.csproj::TargetFramework=net8.0]
C:\git\TUnit\TUnit.Assertions.Tests\IgnoringTypeEquivalentTests.cs(72,14): error CS7036: There is no argument given that corresponds to the required parameter 'typeToIgnore' of 'ChainingExtensions.IgnoringType<T>(CustomAssertion<T>, Type)' [C:\git\TUnit\TUnit.Assertions.Tests\TUnit.Assertions.Tests.csproj::TargetFramework=net8.0]
C:\git\TUnit\TUnit.Assertions.Tests\Helpers\StringDifferenceTests.cs(98,14): error CS1061: 'Task<Exception>' does not contain a definition for 'WithMessage' and no accessible extension method 'WithMessage' accepting a first argument of type 'Task<Exception>' could be found (are you missing a using directive or an assembly reference?) [C:\git\TUnit\TUnit.Assertions.Tests\TUnit.Assertions.Tests.csproj::TargetFramework=net8.0]
C:\git\TUnit\TUnit.Assertions.Tests\EnumerableTests.cs(94,67): error CS8917: The delegate type could not be inferred. [C:\git\TUnit\TUnit.Assertions.Tests\TUnit.Assertions.Tests.csproj::TargetFramework=net8.0]
C:\git\TUnit\TUnit.Assertions.Tests\EnumTests.cs(116,34): error CS0411: The type arguments for method 'EnumAssertionExtensions.HasSameValueAs<TEnum>(AssertionBuilder<TEnum>, TEnum)' cannot be inferred from the usage. Try specifying the type arguments explicitly. [C:\git\TUnit\TUnit.Assertions.Tests\TUnit.Assertions.Tests.csproj::TargetFramework=net8.0]
C:\git\TUnit\TUnit.Assertions.Tests\Assertions\Delegates\Throws.WithMessageMatchingTests.cs(128,18): error CS1061: 'Task<Exception>' does not contain a definition for 'WithMessageMatching' and no accessible extension method 'WithMessageMatching' accepting a first argument of type 'Task<Exception>' could be found (are you missing a using directive or an assembly reference?) [C:\git\TUnit\TUnit.Assertions.Tests\TUnit.Assertions.Tests.csproj::TargetFramework=net8.0]
C:\git\TUnit\TUnit.Assertions.Tests\Assertions\Delegates\Throws.WithMessageMatchingTests.cs(136,58): error CS1061: 'Task<Exception>' does not contain a definition for 'WithMessageMatching' and no accessible extension method 'WithMessageMatching' accepting a first argument of type 'Task<Exception>' could be found (are you missing a using directive or an assembly reference?) [C:\git\TUnit\TUnit.Assertions.Tests\TUnit.Assertions.Tests.csproj::TargetFramework=net8.0]
C:\git\TUnit\TUnit.Assertions.Tests\Assertions\Delegates\Throws.ExactlyTests.cs(139,22): error CS1061: 'Task<Throws.CustomException>' does not contain a definition for 'And' and no accessible extension method 'And' accepting a first argument of type 'Task<Throws.CustomException>' could be found (are you missing a using directive or an assembly reference?) [C:\git\TUnit\TUnit.Assertions.Tests\TUnit.Assertions.Tests.csproj::TargetFramework=net8.0]
C:\git\TUnit\TUnit.Assertions.Tests\IgnoringTypeEquivalentTests.cs(94,14): error CS7036: There is no argument given that corresponds to the required parameter 'typeToIgnore' of 'ChainingExtensions.IgnoringType<T>(CustomAssertion<T>, Type)' [C:\git\TUnit\TUnit.Assertions.Tests\TUnit.Assertions.Tests.csproj::TargetFramework=net8.0]
C:\git\TUnit\TUnit.Assertions.Tests\Bugs\Tests1774.cs(14,14): error CS1061: 'Task<Tests1774.Type2>' does not contain a definition for 'And' and no accessible extension method 'And' accepting a first argument of type 'Task<Tests1774.Type2>' could be found (are you missing a using directive or an assembly reference?) [C:\git\TUnit\TUnit.Assertions.Tests\TUnit.Assertions.Tests.csproj::TargetFramework=net8.0]
C:\git\TUnit\TUnit.Assertions.Tests\Assertions\Delegates\Throws.WithMessageMatchingTests.cs(152,18): error CS1061: 'Task<Exception>' does not contain a definition for 'WithMessageMatching' and no accessible extension method 'WithMessageMatching' accepting a first argument of type 'Task<Exception>' could be found (are you missing a using directive or an assembly reference?) [C:\git\TUnit\TUnit.Assertions.Tests\TUnit.Assertions.Tests.csproj::TargetFramework=net8.0]
C:\git\TUnit\TUnit.Assertions.Tests\Assertions\Delegates\Throws.WithMessageMatchingTests.cs(160,58): error CS1061: 'Task<Exception>' does not contain a definition for 'WithMessageMatching' and no accessible extension method 'WithMessageMatching' accepting a first argument of type 'Task<Exception>' could be found (are you missing a using directive or an assembly reference?) [C:\git\TUnit\TUnit.Assertions.Tests\TUnit.Assertions.Tests.csproj::TargetFramework=net8.0]
C:\git\TUnit\TUnit.Assertions.Tests\EnumTests.cs(126,38): error CS0411: The type arguments for method 'EnumAssertionExtensions.HasSameValueAs<TEnum>(AssertionBuilder<TEnum>, TEnum)' cannot be inferred from the usage. Try specifying the type arguments explicitly. [C:\git\TUnit\TUnit.Assertions.Tests\TUnit.Assertions.Tests.csproj::TargetFramework=net8.0]
C:\git\TUnit\TUnit.Assertions.Tests\IgnoringTypeEquivalentTests.cs(118,14): error CS7036: There is no argument given that corresponds to the required parameter 'typeToIgnore' of 'ChainingExtensions.IgnoringType<T>(CustomAssertion<T>, Type)' [C:\git\TUnit\TUnit.Assertions.Tests\TUnit.Assertions.Tests.csproj::TargetFramework=net8.0]
C:\git\TUnit\TUnit.Assertions.Tests\EnumTests.cs(136,34): error CS0411: The type arguments for method 'EnumAssertionExtensions.DoesNotHaveSameNameAs<TEnum>(AssertionBuilder<TEnum>, TEnum)' cannot be inferred from the usage. Try specifying the type arguments explicitly. [C:\git\TUnit\TUnit.Assertions.Tests\TUnit.Assertions.Tests.csproj::TargetFramework=net8.0]
C:\git\TUnit\TUnit.Assertions.Tests\NullabilityInferenceTests.cs(13,13): error CS0815: Cannot assign void to an implicitly-typed variable [C:\git\TUnit\TUnit.Assertions.Tests\TUnit.Assertions.Tests.csproj::TargetFramework=net8.0]
C:\git\TUnit\TUnit.Assertions.Tests\Assertions\Delegates\Throws.WithInnerExceptionTests.cs(30,18): error CS1061: 'Task<Exception>' does not contain a definition for 'WithInnerException' and no accessible extension method 'WithInnerException' accepting a first argument of type 'Task<Exception>' could be found (are you missing a using directive or an assembly reference?) [C:\git\TUnit\TUnit.Assertions.Tests\TUnit.Assertions.Tests.csproj::TargetFramework=net8.0]
C:\git\TUnit\TUnit.Assertions.Tests\Assertions\Delegates\Throws.WithInnerExceptionTests.cs(33,18): error CS1061: 'Task<Exception>' does not contain a definition for 'WithMessage' and no accessible extension method 'WithMessage' accepting a first argument of type 'Task<Exception>' could be found (are you missing a using directive or an assembly reference?) [C:\git\TUnit\TUnit.Assertions.Tests\TUnit.Assertions.Tests.csproj::TargetFramework=net8.0]
C:\git\TUnit\TUnit.Assertions.Tests\ParseAssertionTests.cs(11,34): error CS0121: The call is ambiguous between the following methods or properties: 'StringAssertionBuilderExtensions.IsParsableInto<T>(AssertionBuilder<string>)' and 'NullableStringAssertionBuilderExtensions.IsParsableInto<T>(AssertionBuilder<string?>)' [C:\git\TUnit\TUnit.Assertions.Tests\TUnit.Assertions.Tests.csproj::TargetFramework=net8.0]
C:\git\TUnit\TUnit.Assertions.Tests\Assertions\Delegates\Throws.WithInnerExceptionTests.cs(44,17): error CS0815: Cannot assign void to an implicitly-typed variable [C:\git\TUnit\TUnit.Assertions.Tests\TUnit.Assertions.Tests.csproj::TargetFramework=net8.0]
C:\git\TUnit\TUnit.Assertions.Tests\ParseAssertionTests.cs(17,34): error CS0121: The call is ambiguous between the following methods or properties: 'StringAssertionBuilderExtensions.IsNotParsableInto<T>(AssertionBuilder<string>)' and 'NullableStringAssertionBuilderExtensions.IsNotParsableInto<T>(AssertionBuilder<string?>)' [C:\git\TUnit\TUnit.Assertions.Tests\TUnit.Assertions.Tests.csproj::TargetFramework=net8.0]
C:\git\TUnit\TUnit.Assertions.Tests\EnumTests.cs(146,38): error CS0411: The type arguments for method 'EnumAssertionExtensions.DoesNotHaveSameNameAs<TEnum>(AssertionBuilder<TEnum>, TEnum)' cannot be inferred from the usage. Try specifying the type arguments explicitly. [C:\git\TUnit\TUnit.Assertions.Tests\TUnit.Assertions.Tests.csproj::TargetFramework=net8.0]
C:\git\TUnit\TUnit.Assertions.Tests\LazyEvaluationTests.cs(83,47): error CS1061: 'AssertionBuilder<int>' does not contain a definition for 'Chain' and no accessible extension method 'Chain' accepting a first argument of type 'AssertionBuilder<int>' could be found (are you missing a using directive or an assembly reference?) [C:\git\TUnit\TUnit.Assertions.Tests\TUnit.Assertions.Tests.csproj::TargetFramework=net8.0]
C:\git\TUnit\TUnit.Assertions.Tests\ParseAssertionTests.cs(24,14): error CS0121: The call is ambiguous between the following methods or properties: 'StringAssertionBuilderExtensions.WhenParsedInto<T>(AssertionBuilder<string>)' and 'NullableStringAssertionBuilderExtensions.WhenParsedInto<T>(AssertionBuilder<string?>)' [C:\git\TUnit\TUnit.Assertions.Tests\TUnit.Assertions.Tests.csproj::TargetFramework=net8.0]
C:\git\TUnit\TUnit.Assertions.Tests\IgnoringTypeEquivalentTests.cs(141,14): error CS7036: There is no argument given that corresponds to the required parameter 'typeToIgnore' of 'ChainingExtensions.IgnoringType<T>(CustomAssertion<T>, Type)' [C:\git\TUnit\TUnit.Assertions.Tests\TUnit.Assertions.Tests.csproj::TargetFramework=net8.0]
C:\git\TUnit\TUnit.Assertions.Tests\EnumTests.cs(156,34): error CS0411: The type arguments for method 'EnumAssertionExtensions.DoesNotHaveSameValueAs<TEnum>(AssertionBuilder<TEnum>, TEnum)' cannot be inferred from the usage. Try specifying the type arguments explicitly. [C:\git\TUnit\TUnit.Assertions.Tests\TUnit.Assertions.Tests.csproj::TargetFramework=net8.0]
C:\git\TUnit\TUnit.Assertions.Tests\Assertions\Delegates\Throws.WithInnerExceptionTests.cs(59,18): error CS1061: 'Task<Exception>' does not contain a definition for 'WithInnerException' and no accessible extension method 'WithInnerException' accepting a first argument of type 'Task<Exception>' could be found (are you missing a using directive or an assembly reference?) [C:\git\TUnit\TUnit.Assertions.Tests\TUnit.Assertions.Tests.csproj::TargetFramework=net8.0]
C:\git\TUnit\TUnit.Assertions.Tests\ParseAssertionTests.cs(33,14): error CS0121: The call is ambiguous between the following methods or properties: 'StringAssertionBuilderExtensions.IsParsableInto<T>(AssertionBuilder<string>)' and 'NullableStringAssertionBuilderExtensions.IsParsableInto<T>(AssertionBuilder<string?>)' [C:\git\TUnit\TUnit.Assertions.Tests\TUnit.Assertions.Tests.csproj::TargetFramework=net8.0]
C:\git\TUnit\TUnit.Assertions.Tests\ParseAssertionTests.cs(41,14): error CS0121: The call is ambiguous between the following methods or properties: 'StringAssertionBuilderExtensions.IsParsableInto<T>(AssertionBuilder<string>)' and 'NullableStringAssertionBuilderExtensions.IsParsableInto<T>(AssertionBuilder<string?>)' [C:\git\TUnit\TUnit.Assertions.Tests\TUnit.Assertions.Tests.csproj::TargetFramework=net8.0]
C:\git\TUnit\TUnit.Assertions.Tests\Assertions\Delegates\Throws.OfTypeTests.cs(25,18): error CS1061: 'Task<Exception>' does not contain a definition for 'WithMessage' and no accessible extension method 'WithMessage' accepting a first argument of type 'Task<Exception>' could be found (are you missing a using directive or an assembly reference?) [C:\git\TUnit\TUnit.Assertions.Tests\TUnit.Assertions.Tests.csproj::TargetFramework=net8.0]
C:\git\TUnit\TUnit.Assertions.Tests\ParseAssertionTests.cs(47,41): error CS0121: The call is ambiguous between the following methods or properties: 'StringAssertionBuilderExtensions.IsParsableInto<T>(AssertionBuilder<string>)' and 'NullableStringAssertionBuilderExtensions.IsParsableInto<T>(AssertionBuilder<string?>)' [C:\git\TUnit\TUnit.Assertions.Tests\TUnit.Assertions.Tests.csproj::TargetFramework=net8.0]
C:\git\TUnit\TUnit.Assertions.Tests\IgnoringTypeEquivalentTests.cs(165,14): error CS7036: There is no argument given that corresponds to the required parameter 'typeToIgnore' of 'ChainingExtensions.IgnoringType<T>(CustomAssertion<T>, Type)' [C:\git\TUnit\TUnit.Assertions.Tests\TUnit.Assertions.Tests.csproj::TargetFramework=net8.0]
C:\git\TUnit\TUnit.Assertions.Tests\ParseAssertionTests.cs(54,14): error CS0121: The call is ambiguous between the following methods or properties: 'StringAssertionBuilderExtensions.WhenParsedInto<T>(AssertionBuilder<string>)' and 'NullableStringAssertionBuilderExtensions.WhenParsedInto<T>(AssertionBuilder<string?>)' [C:\git\TUnit\TUnit.Assertions.Tests\TUnit.Assertions.Tests.csproj::TargetFramework=net8.0]
C:\git\TUnit\TUnit.Assertions.Tests\SatisfiesTests.cs(14,33): error CS0029: Cannot implicitly convert type 'string' to 'bool' [C:\git\TUnit\TUnit.Assertions.Tests\TUnit.Assertions.Tests.csproj::TargetFramework=net8.0]
C:\git\TUnit\TUnit.Assertions.Tests\SatisfiesTests.cs(14,33): error CS1662: Cannot convert lambda expression to intended delegate type because some of the return types in the block are not implicitly convertible to the delegate return type [C:\git\TUnit\TUnit.Assertions.Tests\TUnit.Assertions.Tests.csproj::TargetFramework=net8.0]
C:\git\TUnit\TUnit.Assertions.Tests\IgnoringTypeEquivalentTests.cs(185,14): error CS7036: There is no argument given that corresponds to the required parameter 'typeToIgnore' of 'ChainingExtensions.IgnoringType<T>(CustomAssertion<T>, Type)' [C:\git\TUnit\TUnit.Assertions.Tests\TUnit.Assertions.Tests.csproj::TargetFramework=net8.0]
C:\git\TUnit\TUnit.Assertions.Tests\EnumerableTests.cs(151,49): error CS1503: Argument 1: cannot convert from 'System.Collections.IEnumerable' to 'System.Collections.Generic.IEnumerable<object>' [C:\git\TUnit\TUnit.Assertions.Tests\TUnit.Assertions.Tests.csproj::TargetFramework=net8.0]
C:\git\TUnit\TUnit.Assertions.Tests\LazyEvaluationTests.cs(145,46): error CS1061: 'AssertionBuilder<int>' does not contain a definition for 'Chain' and no accessible extension method 'Chain' accepting a first argument of type 'AssertionBuilder<int>' could be found (are you missing a using directive or an assembly reference?) [C:\git\TUnit\TUnit.Assertions.Tests\TUnit.Assertions.Tests.csproj::TargetFramework=net8.0]
C:\git\TUnit\TUnit.Assertions.Tests\Assertions\Delegates\Throws.OfTypeTests.cs(45,18): error CS1061: 'Task<Exception>' does not contain a definition for 'WithMessage' and no accessible extension method 'WithMessage' accepting a first argument of type 'Task<Exception>' could be found (are you missing a using directive or an assembly reference?) [C:\git\TUnit\TUnit.Assertions.Tests\TUnit.Assertions.Tests.csproj::TargetFramework=net8.0]
C:\git\TUnit\TUnit.Assertions.Tests\EnumTests.cs(166,38): error CS0411: The type arguments for method 'EnumAssertionExtensions.DoesNotHaveSameValueAs<TEnum>(AssertionBuilder<TEnum>, TEnum)' cannot be inferred from the usage. Try specifying the type arguments explicitly. [C:\git\TUnit\TUnit.Assertions.Tests\TUnit.Assertions.Tests.csproj::TargetFramework=net8.0]
C:\git\TUnit\TUnit.Assertions.Tests\Assertions\Delegates\Throws.NothingTests.cs(25,18): error CS1061: 'Task<Exception>' does not contain a definition for 'WithMessage' and no accessible extension method 'WithMessage' accepting a first argument of type 'Task<Exception>' could be found (are you missing a using directive or an assembly reference?) [C:\git\TUnit\TUnit.Assertions.Tests\TUnit.Assertions.Tests.csproj::TargetFramework=net8.0]
C:\git\TUnit\TUnit.Assertions.Tests\Assertions\Delegates\Throws.OfTypeTests.cs(64,18): error CS1061: 'Task<Exception>' does not contain a definition for 'WithMessage' and no accessible extension method 'WithMessage' accepting a first argument of type 'Task<Exception>' could be found (are you missing a using directive or an assembly reference?) [C:\git\TUnit\TUnit.Assertions.Tests\TUnit.Assertions.Tests.csproj::TargetFramework=net8.0]
C:\git\TUnit\TUnit.Assertions.Tests\LazyEvaluationTests.cs(178,47): error CS1061: 'AssertionBuilder<int>' does not contain a definition for 'Chain' and no accessible extension method 'Chain' accepting a first argument of type 'AssertionBuilder<int>' could be found (are you missing a using directive or an assembly reference?) [C:\git\TUnit\TUnit.Assertions.Tests\TUnit.Assertions.Tests.csproj::TargetFramework=net8.0]
C:\git\TUnit\TUnit.Assertions.Tests\Assertions\Delegates\Throws.OfTypeTests.cs(74,17): error CS0815: Cannot assign void to an implicitly-typed variable [C:\git\TUnit\TUnit.Assertions.Tests\TUnit.Assertions.Tests.csproj::TargetFramework=net8.0]
C:\git\TUnit\TUnit.Assertions.Tests\Assertions\Delegates\Throws.NothingTests.cs(45,17): error CS0815: Cannot assign void to an implicitly-typed variable [C:\git\TUnit\TUnit.Assertions.Tests\TUnit.Assertions.Tests.csproj::TargetFramework=net8.0]
C:\git\TUnit\TUnit.Assertions.Tests\SimplifiedApiDemo.cs(51,30): error CS1061: 'AssertionBuilder<int>' does not contain a definition for 'Chain' and no accessible extension method 'Chain' accepting a first argument of type 'AssertionBuilder<int>' could be found (are you missing a using directive or an assembly reference?) [C:\git\TUnit\TUnit.Assertions.Tests\TUnit.Assertions.Tests.csproj::TargetFramework=net8.0]
C:\git\TUnit\TUnit.Assertions.Tests\SatisfiesTests.cs(34,33): error CS0029: Cannot implicitly convert type 'TUnit.Assertions.Tests.SatisfiesTests.MyModel' to 'bool' [C:\git\TUnit\TUnit.Assertions.Tests\TUnit.Assertions.Tests.csproj::TargetFramework=net8.0]
C:\git\TUnit\TUnit.Assertions.Tests\SatisfiesTests.cs(34,33): error CS1662: Cannot convert lambda expression to intended delegate type because some of the return types in the block are not implicitly convertible to the delegate return type [C:\git\TUnit\TUnit.Assertions.Tests\TUnit.Assertions.Tests.csproj::TargetFramework=net8.0]
C:\git\TUnit\TUnit.Assertions.Tests\SatisfiesTests.cs(52,33): error CS0029: Cannot implicitly convert type 'System.Threading.Tasks.Task<string?>' to 'bool' [C:\git\TUnit\TUnit.Assertions.Tests\TUnit.Assertions.Tests.csproj::TargetFramework=net8.0]
C:\git\TUnit\TUnit.Assertions.Tests\SatisfiesTests.cs(52,33): error CS1662: Cannot convert lambda expression to intended delegate type because some of the return types in the block are not implicitly convertible to the delegate return type [C:\git\TUnit\TUnit.Assertions.Tests\TUnit.Assertions.Tests.csproj::TargetFramework=net8.0]
C:\git\TUnit\TUnit.Assertions.Tests\Old\StringRegexAssertionTests.cs(24,46): error CS1503: Argument 2: cannot convert from 'System.Text.RegularExpressions.Regex' to 'string' [C:\git\TUnit\TUnit.Assertions.Tests\TUnit.Assertions.Tests.csproj::TargetFramework=net8.0]
C:\git\TUnit\TUnit.Assertions.Tests\Old\EqualityComparerTests.cs(20,35): error CS1501: No overload for method 'IsEqualTo' takes 2 arguments [C:\git\TUnit\TUnit.Assertions.Tests\TUnit.Assertions.Tests.csproj::TargetFramework=net8.0]
C:\git\TUnit\TUnit.Assertions.Tests\Old\StringRegexAssertionTests.cs(37,46): error CS1503: Argument 2: cannot convert from 'System.Text.RegularExpressions.Regex' to 'string' [C:\git\TUnit\TUnit.Assertions.Tests\TUnit.Assertions.Tests.csproj::TargetFramework=net8.0]
C:\git\TUnit\TUnit.Assertions.Tests\Old\StringRegexAssertionTests.cs(53,13): error CS0815: Cannot assign void to an implicitly-typed variable [C:\git\TUnit\TUnit.Assertions.Tests\TUnit.Assertions.Tests.csproj::TargetFramework=net8.0]
C:\git\TUnit\TUnit.Assertions.Tests\Old\ExceptionAssertionTests.cs(10,14): error CS1061: 'Task<Exception>' does not contain a definition for 'WithInnerException' and no accessible extension method 'WithInnerException' accepting a first argument of type 'Task<Exception>' could be found (are you missing a using directive or an assembly reference?) [C:\git\TUnit\TUnit.Assertions.Tests\TUnit.Assertions.Tests.csproj::TargetFramework=net8.0]
C:\git\TUnit\TUnit.Assertions.Tests\Old\EquivalentAssertionTests.cs(47,56): error CS1503: Argument 1: cannot convert from '<anonymous type: string Value>' to 'TUnit.Assertions.Tests.Old.EquivalentAssertionTests.MyClass' [C:\git\TUnit\TUnit.Assertions.Tests\TUnit.Assertions.Tests.csproj::TargetFramework=net8.0]
C:\git\TUnit\TUnit.Assertions.Tests\Old\EquivalentAssertionTests.cs(60,59): error CS1503: Argument 1: cannot convert from '<anonymous type: string Value>' to 'TUnit.Assertions.Tests.Old.EquivalentAssertionTests.MyClass' [C:\git\TUnit\TUnit.Assertions.Tests\TUnit.Assertions.Tests.csproj::TargetFramework=net8.0]
C:\git\TUnit\TUnit.Assertions.Tests\SatisfiesTests.cs(72,33): error CS0029: Cannot implicitly convert type 'System.Threading.Tasks.Task<TUnit.Assertions.Tests.SatisfiesTests.MyAsyncModel?>' to 'bool' [C:\git\TUnit\TUnit.Assertions.Tests\TUnit.Assertions.Tests.csproj::TargetFramework=net8.0]
C:\git\TUnit\TUnit.Assertions.Tests\SatisfiesTests.cs(72,33): error CS1662: Cannot convert lambda expression to intended delegate type because some of the return types in the block are not implicitly convertible to the delegate return type [C:\git\TUnit\TUnit.Assertions.Tests\TUnit.Assertions.Tests.csproj::TargetFramework=net8.0]
C:\git\TUnit\TUnit.Assertions.Tests\Old\StringRegexAssertionTests.cs(77,78): error CS1503: Argument 2: cannot convert from 'System.Text.RegularExpressions.Regex' to 'string' [C:\git\TUnit\TUnit.Assertions.Tests\TUnit.Assertions.Tests.csproj::TargetFramework=net8.0]
C:\git\TUnit\TUnit.Assertions.Tests\Old\StringRegexAssertionTests.cs(79,13): error CS0815: Cannot assign void to an implicitly-typed variable [C:\git\TUnit\TUnit.Assertions.Tests\TUnit.Assertions.Tests.csproj::TargetFramework=net8.0]
C:\git\TUnit\TUnit.Assertions.Tests\Old\EquivalentAssertionTests.cs(70,53): error CS1503: Argument 1: cannot convert from 'int[]' to 'System.Collections.Generic.List<int>' [C:\git\TUnit\TUnit.Assertions.Tests\TUnit.Assertions.Tests.csproj::TargetFramework=net8.0]
C:\git\TUnit\TUnit.Assertions.Tests\Old\EquivalentAssertionTests.cs(80,54): error CS1503: Argument 1: cannot convert from 'System.Collections.Generic.List<int>' to 'int[]' [C:\git\TUnit\TUnit.Assertions.Tests\TUnit.Assertions.Tests.csproj::TargetFramework=net8.0]
C:\git\TUnit\TUnit.Assertions.Tests\Old\MemberTests.cs(16,53): error CS1660: Cannot convert lambda expression to type 'string' because it is not a delegate type [C:\git\TUnit\TUnit.Assertions.Tests\TUnit.Assertions.Tests.csproj::TargetFramework=net8.0]
C:\git\TUnit\TUnit.Assertions.Tests\Old\StringRegexAssertionTests.cs(107,78): error CS1503: Argument 2: cannot convert from 'System.Text.RegularExpressions.Regex' to 'string' [C:\git\TUnit\TUnit.Assertions.Tests\TUnit.Assertions.Tests.csproj::TargetFramework=net8.0]
C:\git\TUnit\TUnit.Assertions.Tests\Old\StringRegexAssertionTests.cs(109,13): error CS0815: Cannot assign void to an implicitly-typed variable [C:\git\TUnit\TUnit.Assertions.Tests\TUnit.Assertions.Tests.csproj::TargetFramework=net8.0]
C:\git\TUnit\TUnit.Assertions.Tests\Old\EquivalentAssertionTests.cs(108,38): error CS1501: No overload for method 'IsEquivalentTo' takes 2 arguments [C:\git\TUnit\TUnit.Assertions.Tests\TUnit.Assertions.Tests.csproj::TargetFramework=net8.0]
C:\git\TUnit\TUnit.Assertions.Tests\Old\StringRegexAssertionTests.cs(140,78): error CS1503: Argument 2: cannot convert from 'System.Text.RegularExpressions.Regex' to 'string' [C:\git\TUnit\TUnit.Assertions.Tests\TUnit.Assertions.Tests.csproj::TargetFramework=net8.0]
C:\git\TUnit\TUnit.Assertions.Tests\Old\EquivalentAssertionTests.cs(118,39): error CS1501: No overload for method 'IsEquivalentTo' takes 2 arguments [C:\git\TUnit\TUnit.Assertions.Tests\TUnit.Assertions.Tests.csproj::TargetFramework=net8.0]
C:\git\TUnit\TUnit.Assertions.Tests\SatisfiesTests.cs(91,41): error CS0029: Cannot implicitly convert type 'string' to 'bool' [C:\git\TUnit\TUnit.Assertions.Tests\TUnit.Assertions.Tests.csproj::TargetFramework=net8.0]
C:\git\TUnit\TUnit.Assertions.Tests\SatisfiesTests.cs(91,41): error CS1662: Cannot convert lambda expression to intended delegate type because some of the return types in the block are not implicitly convertible to the delegate return type [C:\git\TUnit\TUnit.Assertions.Tests\TUnit.Assertions.Tests.csproj::TargetFramework=net8.0]
C:\git\TUnit\TUnit.Assertions.Tests\Old\MemberTests.cs(29,136): error CS1660: Cannot convert lambda expression to type 'string' because it is not a delegate type [C:\git\TUnit\TUnit.Assertions.Tests\TUnit.Assertions.Tests.csproj::TargetFramework=net8.0]
C:\git\TUnit\TUnit.Assertions.Tests\Old\EquivalentAssertionTests.cs(128,122): error CS1501: No overload for method 'IsEquivalentTo' takes 2 arguments [C:\git\TUnit\TUnit.Assertions.Tests\TUnit.Assertions.Tests.csproj::TargetFramework=net8.0]
C:\git\TUnit\TUnit.Assertions.Tests\Old\MemberTests.cs(51,136): error CS1660: Cannot convert lambda expression to type 'string' because it is not a delegate type [C:\git\TUnit\TUnit.Assertions.Tests\TUnit.Assertions.Tests.csproj::TargetFramework=net8.0]
C:\git\TUnit\TUnit.Assertions.Tests\Old\EqualsAssertionTests.cs(13,14): error CS1061: 'Task<Exception>' does not contain a definition for 'And' and no accessible extension method 'And' accepting a first argument of type 'Task<Exception>' could be found (are you missing a using directive or an assembly reference?) [C:\git\TUnit\TUnit.Assertions.Tests\TUnit.Assertions.Tests.csproj::TargetFramework=net8.0]
C:\git\TUnit\TUnit.Assertions.Tests\Old\MemberTests.cs(68,136): error CS1660: Cannot convert lambda expression to type 'string' because it is not a delegate type [C:\git\TUnit\TUnit.Assertions.Tests\TUnit.Assertions.Tests.csproj::TargetFramework=net8.0]
C:\git\TUnit\TUnit.Assertions.Tests\Old\EquivalentAssertionTests.cs(148,122): error CS1501: No overload for method 'IsEquivalentTo' takes 2 arguments [C:\git\TUnit\TUnit.Assertions.Tests\TUnit.Assertions.Tests.csproj::TargetFramework=net8.0]
C:\git\TUnit\TUnit.Assertions.Tests\Old\StringContainsAssertionTests.cs(53,52): error CS0121: The call is ambiguous between the following methods or properties: 'StringAssertionBuilderExtensions.EndsWith(AssertionBuilder<string>, string)' and 'NullableStringAssertionBuilderExtensions.EndsWith(AssertionBuilder<string?>, string)' [C:\git\TUnit\TUnit.Assertions.Tests\TUnit.Assertions.Tests.csproj::TargetFramework=net8.0]
C:\git\TUnit\TUnit.Assertions.Tests\Old\EquivalentAssertionTests.cs(171,139): error CS1503: Argument 1: cannot convert from '<anonymous type: string Value>' to 'TUnit.Assertions.Tests.Old.EquivalentAssertionTests.MyClass' [C:\git\TUnit\TUnit.Assertions.Tests\TUnit.Assertions.Tests.csproj::TargetFramework=net8.0]
C:\git\TUnit\TUnit.Assertions.Tests\Old\StringRegexAssertionTests.cs(163,51): error CS1503: Argument 2: cannot convert from 'System.Text.RegularExpressions.Regex' to 'string' [C:\git\TUnit\TUnit.Assertions.Tests\TUnit.Assertions.Tests.csproj::TargetFramework=net8.0]
C:\git\TUnit\TUnit.Assertions.Tests\Old\EquivalentAssertionTests.cs(451,65): error CS1061: 'CustomAssertion<EquivalentAssertionTests.MyClass>' does not contain a definition for 'IgnoringMember' and no accessible extension method 'IgnoringMember' accepting a first argument of type 'CustomAssertion<EquivalentAssertionTests.MyClass>' could be found (are you missing a using directive or an assembly reference?) [C:\git\TUnit\TUnit.Assertions.Tests\TUnit.Assertions.Tests.csproj::TargetFramework=net8.0]
C:\git\TUnit\TUnit.Assertions.Tests\Old\StringRegexAssertionTests.cs(176,51): error CS1503: Argument 2: cannot convert from 'System.Text.RegularExpressions.Regex' to 'string' [C:\git\TUnit\TUnit.Assertions.Tests\TUnit.Assertions.Tests.csproj::TargetFramework=net8.0]
C:\git\TUnit\TUnit.Assertions.Tests\Old\StringRegexAssertionTests.cs(192,13): error CS0815: Cannot assign void to an implicitly-typed variable [C:\git\TUnit\TUnit.Assertions.Tests\TUnit.Assertions.Tests.csproj::TargetFramework=net8.0]
C:\git\TUnit\TUnit.Assertions.Tests\Old\EquivalentAssertionTests.cs(506,58): error CS1503: Argument 1: cannot convert from '<anonymous type: string Value>' to 'TUnit.Assertions.Tests.Old.EquivalentAssertionTests.MyClass' [C:\git\TUnit\TUnit.Assertions.Tests\TUnit.Assertions.Tests.csproj::TargetFramework=net8.0]
C:\git\TUnit\TUnit.Assertions.Tests\Old\EquivalentAssertionTests.cs(538,59): error CS1503: Argument 1: cannot convert from '<anonymous type: string Value>' to 'TUnit.Assertions.Tests.Old.EquivalentAssertionTests.MyClass' [C:\git\TUnit\TUnit.Assertions.Tests\TUnit.Assertions.Tests.csproj::TargetFramework=net8.0]
C:\git\TUnit\TUnit.Assertions.Tests\Old\StringRegexAssertionTests.cs(216,83): error CS1503: Argument 2: cannot convert from 'System.Text.RegularExpressions.Regex' to 'string' [C:\git\TUnit\TUnit.Assertions.Tests\TUnit.Assertions.Tests.csproj::TargetFramework=net8.0]
C:\git\TUnit\TUnit.Assertions.Tests\Old\StringRegexAssertionTests.cs(218,13): error CS0815: Cannot assign void to an implicitly-typed variable [C:\git\TUnit\TUnit.Assertions.Tests\TUnit.Assertions.Tests.csproj::TargetFramework=net8.0]
C:\git\TUnit\TUnit.Assertions.Tests\Old\EquivalentAssertionTests.cs(559,42): error CS1503: Argument 1: cannot convert from '<anonymous type: string Value>' to 'TUnit.Assertions.Tests.Old.EquivalentAssertionTests.MyClass' [C:\git\TUnit\TUnit.Assertions.Tests\TUnit.Assertions.Tests.csproj::TargetFramework=net8.0]
C:\git\TUnit\TUnit.Assertions.Tests\Old\StringRegexAssertionTests.cs(246,83): error CS1503: Argument 2: cannot convert from 'System.Text.RegularExpressions.Regex' to 'string' [C:\git\TUnit\TUnit.Assertions.Tests\TUnit.Assertions.Tests.csproj::TargetFramework=net8.0]
C:\git\TUnit\TUnit.Assertions.Tests\Old\StringRegexAssertionTests.cs(248,13): error CS0815: Cannot assign void to an implicitly-typed variable [C:\git\TUnit\TUnit.Assertions.Tests\TUnit.Assertions.Tests.csproj::TargetFramework=net8.0]
C:\git\TUnit\TUnit.Assertions.Tests\Old\EquivalentAssertionTests.cs(585,58): error CS1503: Argument 1: cannot convert from '<anonymous type: string Value, TUnit.Assertions.Tests.Old.EquivalentAssertionTests.InnerClass Inner>' to 'TUnit.Assertions.Tests.Old.EquivalentAssertionTests.MyClass' [C:\git\TUnit\TUnit.Assertions.Tests\TUnit.Assertions.Tests.csproj::TargetFramework=net8.0]
C:\git\TUnit\TUnit.Assertions.Tests\Old\StringRegexAssertionTests.cs(279,83): error CS1503: Argument 2: cannot convert from 'System.Text.RegularExpressions.Regex' to 'string' [C:\git\TUnit\TUnit.Assertions.Tests\TUnit.Assertions.Tests.csproj::TargetFramework=net8.0]
C:\git\TUnit\TUnit.Assertions.Tests\Old\EquivalentAssertionTests.cs(622,36): error CS1503: Argument 1: cannot convert from '<anonymous type: string Value, TUnit.Assertions.Tests.Old.EquivalentAssertionTests.InnerClass Inner>' to 'TUnit.Assertions.Tests.Old.EquivalentAssertionTests.MyClass' [C:\git\TUnit\TUnit.Assertions.Tests\TUnit.Assertions.Tests.csproj::TargetFramework=net8.0]
C:\git\TUnit\TUnit.Assertions.Tests\Old\EquivalentAssertionTests.cs(642,33): error CS1503: Argument 1: cannot convert from 'TUnit.Assertions.Tests.Old.EquivalentAssertionTests.MyClassWithSingleField' to 'TUnit.Assertions.Tests.Old.EquivalentAssertionTests.MyClassWithMultipleFields' [C:\git\TUnit\TUnit.Assertions.Tests\TUnit.Assertions.Tests.csproj::TargetFramework=net8.0]
C:\git\TUnit\TUnit.Assertions.Tests\Old\EquivalentAssertionTests.cs(671,59): error CS1503: Argument 1: cannot convert from 'TUnit.Assertions.Tests.Old.EquivalentAssertionTests.MyClassWithSingleField' to 'TUnit.Assertions.Tests.Old.EquivalentAssertionTests.MyClassWithMultipleFields' [C:\git\TUnit\TUnit.Assertions.Tests\TUnit.Assertions.Tests.csproj::TargetFramework=net8.0]
C:\git\TUnit\TUnit.Assertions.Tests\Old\EquivalentAssertionTests.cs(689,42): error CS1503: Argument 1: cannot convert from 'TUnit.Assertions.Tests.Old.EquivalentAssertionTests.MyClassWithSingleField' to 'TUnit.Assertions.Tests.Old.EquivalentAssertionTests.MyClassWithMultipleFields' [C:\git\TUnit\TUnit.Assertions.Tests\TUnit.Assertions.Tests.csproj::TargetFramework=net8.0]
C:\git\TUnit\TUnit.Assertions.Tests\SatisfiesTests.cs(118,41): error CS0029: Cannot implicitly convert type 'TUnit.Assertions.Tests.SatisfiesTests.MyModel' to 'bool' [C:\git\TUnit\TUnit.Assertions.Tests\TUnit.Assertions.Tests.csproj::TargetFramework=net8.0]
C:\git\TUnit\TUnit.Assertions.Tests\SatisfiesTests.cs(118,41): error CS1662: Cannot convert lambda expression to intended delegate type because some of the return types in the block are not implicitly convertible to the delegate return type [C:\git\TUnit\TUnit.Assertions.Tests\TUnit.Assertions.Tests.csproj::TargetFramework=net8.0]
C:\git\TUnit\TUnit.Assertions.Tests\SatisfiesTests.cs(154,41): error CS0029: Cannot implicitly convert type 'System.Threading.Tasks.Task<string?>' to 'bool' [C:\git\TUnit\TUnit.Assertions.Tests\TUnit.Assertions.Tests.csproj::TargetFramework=net8.0]
C:\git\TUnit\TUnit.Assertions.Tests\SatisfiesTests.cs(154,41): error CS1662: Cannot convert lambda expression to intended delegate type because some of the return types in the block are not implicitly convertible to the delegate return type [C:\git\TUnit\TUnit.Assertions.Tests\TUnit.Assertions.Tests.csproj::TargetFramework=net8.0]
C:\git\TUnit\TUnit.Assertions.Tests\SatisfiesTests.cs(181,41): error CS0029: Cannot implicitly convert type 'System.Threading.Tasks.Task<TUnit.Assertions.Tests.SatisfiesTests.MyAsyncModel?>' to 'bool' [C:\git\TUnit\TUnit.Assertions.Tests\TUnit.Assertions.Tests.csproj::TargetFramework=net8.0]
C:\git\TUnit\TUnit.Assertions.Tests\SatisfiesTests.cs(181,41): error CS1662: Cannot convert lambda expression to intended delegate type because some of the return types in the block are not implicitly convertible to the delegate return type [C:\git\TUnit\TUnit.Assertions.Tests\TUnit.Assertions.Tests.csproj::TargetFramework=net8.0]
C:\git\TUnit\TUnit.Assertions.Tests\SatisfiesTests.cs(211,35): error CS1501: No overload for method 'All' takes 0 arguments [C:\git\TUnit\TUnit.Assertions.Tests\TUnit.Assertions.Tests.csproj::TargetFramework=net8.0]
C:\git\TUnit\TUnit.Assertions.Tests\SatisfiesTests.cs(222,35): error CS1501: No overload for method 'All' takes 0 arguments [C:\git\TUnit\TUnit.Assertions.Tests\TUnit.Assertions.Tests.csproj::TargetFramework=net8.0]
C:\git\TUnit\TUnit.Assertions.Tests\SatisfiesTests.cs(234,39): error CS1501: No overload for method 'All' takes 0 arguments [C:\git\TUnit\TUnit.Assertions.Tests\TUnit.Assertions.Tests.csproj::TargetFramework=net8.0]
C:\git\TUnit\TUnit.Assertions.Tests\SatisfiesTests.cs(247,43): error CS1501: No overload for method 'All' takes 0 arguments [C:\git\TUnit\TUnit.Assertions.Tests\TUnit.Assertions.Tests.csproj::TargetFramework=net8.0]
C:\git\TUnit\TUnit.Assertions.Tests\Old\DictionaryAssertionTests.cs(35,44): error CS0311: The type 'TUnit.Assertions.UnitTests.DictionaryAssertionTests.ReadDictionary' cannot be used as type parameter 'T' in the generic type or method 'DictionaryAssertionExtensions.ContainsKey<T>(AssertionBuilder<T>, object)'. There is no implicit reference conversion from 'TUnit.Assertions.UnitTests.DictionaryAssertionTests.ReadDictionary' to 'System.Collections.IDictionary'. [C:\git\TUnit\TUnit.Assertions.Tests\TUnit.Assertions.Tests.csproj::TargetFramework=net9.0]
C:\git\TUnit\TUnit.Assertions.Tests\TypeInferenceTests.cs(17,33): error CS1660: Cannot convert lambda expression to type 'int' because it is not a delegate type [C:\git\TUnit\TUnit.Assertions.Tests\TUnit.Assertions.Tests.csproj::TargetFramework=net9.0]
C:\git\TUnit\TUnit.Assertions.Tests\AssertionBuilders\OrAssertionTests.cs(40,22): error CS1061: 'AssertionBuilder<Exception>' does not contain a definition for 'IsNotAssignableTo' and no accessible extension method 'IsNotAssignableTo' accepting a first argument of type 'AssertionBuilder<Exception>' could be found (are you missing a using directive or an assembly reference?) [C:\git\TUnit\TUnit.Assertions.Tests\TUnit.Assertions.Tests.csproj::TargetFramework=net9.0]
C:\git\TUnit\TUnit.Assertions.Tests\Assertions\Delegates\Throws.WithParameterNameTests.cs(28,81): error CS1061: 'Task<ArgumentException>' does not contain a definition for 'WithParameterName' and no accessible extension method 'WithParameterName' accepting a first argument of type 'Task<ArgumentException>' could be found (are you missing a using directive or an assembly reference?) [C:\git\TUnit\TUnit.Assertions.Tests\TUnit.Assertions.Tests.csproj::TargetFramework=net9.0]
C:\git\TUnit\TUnit.Assertions.Tests\Assertions\Delegates\Throws.WithParameterNameTests.cs(31,18): error CS1061: 'Task<Exception>' does not contain a definition for 'WithMessage' and no accessible extension method 'WithMessage' accepting a first argument of type 'Task<Exception>' could be found (are you missing a using directive or an assembly reference?) [C:\git\TUnit\TUnit.Assertions.Tests\TUnit.Assertions.Tests.csproj::TargetFramework=net9.0]
C:\git\TUnit\TUnit.Assertions.Tests\Assertions\Delegates\Throws.WithParameterNameTests.cs(42,17): error CS0815: Cannot assign void to an implicitly-typed variable [C:\git\TUnit\TUnit.Assertions.Tests\TUnit.Assertions.Tests.csproj::TargetFramework=net9.0]
C:\git\TUnit\TUnit.Assertions.Tests\Assertions\Delegates\Throws.WithMessageTests.cs(28,79): error CS1061: 'Task<Throws.CustomException>' does not contain a definition for 'WithMessage' and no accessible extension method 'WithMessage' accepting a first argument of type 'Task<Throws.CustomException>' could be found (are you missing a using directive or an assembly reference?) [C:\git\TUnit\TUnit.Assertions.Tests\TUnit.Assertions.Tests.csproj::TargetFramework=net9.0]
C:\git\TUnit\TUnit.Assertions.Tests\Assertions\Delegates\Throws.WithMessageTests.cs(31,18): error CS1061: 'Task<Exception>' does not contain a definition for 'WithMessage' and no accessible extension method 'WithMessage' accepting a first argument of type 'Task<Exception>' could be found (are you missing a using directive or an assembly reference?) [C:\git\TUnit\TUnit.Assertions.Tests\TUnit.Assertions.Tests.csproj::TargetFramework=net9.0]
C:\git\TUnit\TUnit.Assertions.Tests\AssertMultipleTests.cs(30,13): error CS0815: Cannot assign void to an implicitly-typed variable [C:\git\TUnit\TUnit.Assertions.Tests\TUnit.Assertions.Tests.csproj::TargetFramework=net9.0]
C:\git\TUnit\TUnit.Assertions.Tests\Assertions\Delegates\Throws.WithMessageTests.cs(42,17): error CS0815: Cannot assign void to an implicitly-typed variable [C:\git\TUnit\TUnit.Assertions.Tests\TUnit.Assertions.Tests.csproj::TargetFramework=net9.0]
C:\git\TUnit\TUnit.Assertions.Tests\AssertMultipleTests.cs(88,14): error CS1061: 'Task<Exception>' does not contain a definition for 'WithMessageContaining' and no accessible extension method 'WithMessageContaining' accepting a first argument of type 'Task<Exception>' could be found (are you missing a using directive or an assembly reference?) [C:\git\TUnit\TUnit.Assertions.Tests\TUnit.Assertions.Tests.csproj::TargetFramework=net9.0]
C:\git\TUnit\TUnit.Assertions.Tests\Assertions\Delegates\Throws.WithMessageMatchingTests.cs(51,79): error CS1061: 'Task<Throws.CustomException>' does not contain a definition for 'WithMessageMatching' and no accessible extension method 'WithMessageMatching' accepting a first argument of type 'Task<Throws.CustomException>' could be found (are you missing a using directive or an assembly reference?) [C:\git\TUnit\TUnit.Assertions.Tests\TUnit.Assertions.Tests.csproj::TargetFramework=net9.0]
C:\git\TUnit\TUnit.Assertions.Tests\Assertions\Delegates\Throws.WithMessageMatchingTests.cs(54,18): error CS1061: 'Task<Exception>' does not contain a definition for 'WithMessage' and no accessible extension method 'WithMessage' accepting a first argument of type 'Task<Exception>' could be found (are you missing a using directive or an assembly reference?) [C:\git\TUnit\TUnit.Assertions.Tests\TUnit.Assertions.Tests.csproj::TargetFramework=net9.0]
C:\git\TUnit\TUnit.Assertions.Tests\Assertions\Delegates\Throws.WithMessageMatchingTests.cs(65,17): error CS0815: Cannot assign void to an implicitly-typed variable [C:\git\TUnit\TUnit.Assertions.Tests\TUnit.Assertions.Tests.csproj::TargetFramework=net9.0]
C:\git\TUnit\TUnit.Assertions.Tests\SimplifiedApiDemo.cs(51,30): error CS1061: 'AssertionBuilder<int>' does not contain a definition for 'Chain' and no accessible extension method 'Chain' accepting a first argument of type 'AssertionBuilder<int>' could be found (are you missing a using directive or an assembly reference?) [C:\git\TUnit\TUnit.Assertions.Tests\TUnit.Assertions.Tests.csproj::TargetFramework=net9.0]
C:\git\TUnit\TUnit.Assertions.Tests\SatisfiesTests.cs(14,33): error CS0029: Cannot implicitly convert type 'string' to 'bool' [C:\git\TUnit\TUnit.Assertions.Tests\TUnit.Assertions.Tests.csproj::TargetFramework=net9.0]
C:\git\TUnit\TUnit.Assertions.Tests\SatisfiesTests.cs(14,33): error CS1662: Cannot convert lambda expression to intended delegate type because some of the return types in the block are not implicitly convertible to the delegate return type [C:\git\TUnit\TUnit.Assertions.Tests\TUnit.Assertions.Tests.csproj::TargetFramework=net9.0]
C:\git\TUnit\TUnit.Assertions.Tests\Assertions\Delegates\Throws.WithMessageMatchingTests.cs(99,18): error CS1061: 'Task<Exception>' does not contain a definition for 'WithMessageMatching' and no accessible extension method 'WithMessageMatching' accepting a first argument of type 'Task<Exception>' could be found (are you missing a using directive or an assembly reference?) [C:\git\TUnit\TUnit.Assertions.Tests\TUnit.Assertions.Tests.csproj::TargetFramework=net9.0]
C:\git\TUnit\TUnit.Assertions.Tests\Assertions\Delegates\Throws.WithMessageMatchingTests.cs(107,58): error CS1061: 'Task<Exception>' does not contain a definition for 'WithMessageMatching' and no accessible extension method 'WithMessageMatching' accepting a first argument of type 'Task<Exception>' could be found (are you missing a using directive or an assembly reference?) [C:\git\TUnit\TUnit.Assertions.Tests\TUnit.Assertions.Tests.csproj::TargetFramework=net9.0]
C:\git\TUnit\TUnit.Assertions.Tests\Assertions\Delegates\Throws.WithMessageMatchingTests.cs(128,18): error CS1061: 'Task<Exception>' does not contain a definition for 'WithMessageMatching' and no accessible extension method 'WithMessageMatching' accepting a first argument of type 'Task<Exception>' could be found (are you missing a using directive or an assembly reference?) [C:\git\TUnit\TUnit.Assertions.Tests\TUnit.Assertions.Tests.csproj::TargetFramework=net9.0]
C:\git\TUnit\TUnit.Assertions.Tests\Assertions\Delegates\Throws.WithMessageMatchingTests.cs(136,58): error CS1061: 'Task<Exception>' does not contain a definition for 'WithMessageMatching' and no accessible extension method 'WithMessageMatching' accepting a first argument of type 'Task<Exception>' could be found (are you missing a using directive or an assembly reference?) [C:\git\TUnit\TUnit.Assertions.Tests\TUnit.Assertions.Tests.csproj::TargetFramework=net9.0]
C:\git\TUnit\TUnit.Assertions.Tests\Assertions\Delegates\Throws.WithMessageMatchingTests.cs(152,18): error CS1061: 'Task<Exception>' does not contain a definition for 'WithMessageMatching' and no accessible extension method 'WithMessageMatching' accepting a first argument of type 'Task<Exception>' could be found (are you missing a using directive or an assembly reference?) [C:\git\TUnit\TUnit.Assertions.Tests\TUnit.Assertions.Tests.csproj::TargetFramework=net9.0]
C:\git\TUnit\TUnit.Assertions.Tests\Assertions\Delegates\Throws.WithMessageMatchingTests.cs(160,58): error CS1061: 'Task<Exception>' does not contain a definition for 'WithMessageMatching' and no accessible extension method 'WithMessageMatching' accepting a first argument of type 'Task<Exception>' could be found (are you missing a using directive or an assembly reference?) [C:\git\TUnit\TUnit.Assertions.Tests\TUnit.Assertions.Tests.csproj::TargetFramework=net9.0]
C:\git\TUnit\TUnit.Assertions.Tests\Assertions\Delegates\Throws.WithInnerExceptionTests.cs(30,18): error CS1061: 'Task<Exception>' does not contain a definition for 'WithInnerException' and no accessible extension method 'WithInnerException' accepting a first argument of type 'Task<Exception>' could be found (are you missing a using directive or an assembly reference?) [C:\git\TUnit\TUnit.Assertions.Tests\TUnit.Assertions.Tests.csproj::TargetFramework=net9.0]
C:\git\TUnit\TUnit.Assertions.Tests\Assertions\Delegates\Throws.WithInnerExceptionTests.cs(33,18): error CS1061: 'Task<Exception>' does not contain a definition for 'WithMessage' and no accessible extension method 'WithMessage' accepting a first argument of type 'Task<Exception>' could be found (are you missing a using directive or an assembly reference?) [C:\git\TUnit\TUnit.Assertions.Tests\TUnit.Assertions.Tests.csproj::TargetFramework=net9.0]
C:\git\TUnit\TUnit.Assertions.Tests\SatisfiesTests.cs(34,33): error CS0029: Cannot implicitly convert type 'TUnit.Assertions.Tests.SatisfiesTests.MyModel' to 'bool' [C:\git\TUnit\TUnit.Assertions.Tests\TUnit.Assertions.Tests.csproj::TargetFramework=net9.0]
C:\git\TUnit\TUnit.Assertions.Tests\SatisfiesTests.cs(34,33): error CS1662: Cannot convert lambda expression to intended delegate type because some of the return types in the block are not implicitly convertible to the delegate return type [C:\git\TUnit\TUnit.Assertions.Tests\TUnit.Assertions.Tests.csproj::TargetFramework=net9.0]
C:\git\TUnit\TUnit.Assertions.Tests\Assertions\Delegates\Throws.WithInnerExceptionTests.cs(44,17): error CS0815: Cannot assign void to an implicitly-typed variable [C:\git\TUnit\TUnit.Assertions.Tests\TUnit.Assertions.Tests.csproj::TargetFramework=net9.0]
C:\git\TUnit\TUnit.Assertions.Tests\SatisfiesTests.cs(52,33): error CS0029: Cannot implicitly convert type 'System.Threading.Tasks.Task<string?>' to 'bool' [C:\git\TUnit\TUnit.Assertions.Tests\TUnit.Assertions.Tests.csproj::TargetFramework=net9.0]
C:\git\TUnit\TUnit.Assertions.Tests\SatisfiesTests.cs(52,33): error CS1662: Cannot convert lambda expression to intended delegate type because some of the return types in the block are not implicitly convertible to the delegate return type [C:\git\TUnit\TUnit.Assertions.Tests\TUnit.Assertions.Tests.csproj::TargetFramework=net9.0]
C:\git\TUnit\TUnit.Assertions.Tests\Assertions\Delegates\Throws.WithInnerExceptionTests.cs(59,18): error CS1061: 'Task<Exception>' does not contain a definition for 'WithInnerException' and no accessible extension method 'WithInnerException' accepting a first argument of type 'Task<Exception>' could be found (are you missing a using directive or an assembly reference?) [C:\git\TUnit\TUnit.Assertions.Tests\TUnit.Assertions.Tests.csproj::TargetFramework=net9.0]
C:\git\TUnit\TUnit.Assertions.Tests\Assertions\Delegates\Throws.OfTypeTests.cs(25,18): error CS1061: 'Task<Exception>' does not contain a definition for 'WithMessage' and no accessible extension method 'WithMessage' accepting a first argument of type 'Task<Exception>' could be found (are you missing a using directive or an assembly reference?) [C:\git\TUnit\TUnit.Assertions.Tests\TUnit.Assertions.Tests.csproj::TargetFramework=net9.0]
C:\git\TUnit\TUnit.Assertions.Tests\Assertions\Delegates\Throws.OfTypeTests.cs(45,18): error CS1061: 'Task<Exception>' does not contain a definition for 'WithMessage' and no accessible extension method 'WithMessage' accepting a first argument of type 'Task<Exception>' could be found (are you missing a using directive or an assembly reference?) [C:\git\TUnit\TUnit.Assertions.Tests\TUnit.Assertions.Tests.csproj::TargetFramework=net9.0]
C:\git\TUnit\TUnit.Assertions.Tests\Assertions\Delegates\Throws.OfTypeTests.cs(64,18): error CS1061: 'Task<Exception>' does not contain a definition for 'WithMessage' and no accessible extension method 'WithMessage' accepting a first argument of type 'Task<Exception>' could be found (are you missing a using directive or an assembly reference?) [C:\git\TUnit\TUnit.Assertions.Tests\TUnit.Assertions.Tests.csproj::TargetFramework=net9.0]
C:\git\TUnit\TUnit.Assertions.Tests\Assertions\Delegates\Throws.OfTypeTests.cs(74,17): error CS0815: Cannot assign void to an implicitly-typed variable [C:\git\TUnit\TUnit.Assertions.Tests\TUnit.Assertions.Tests.csproj::TargetFramework=net9.0]
C:\git\TUnit\TUnit.Assertions.Tests\SatisfiesTests.cs(72,33): error CS0029: Cannot implicitly convert type 'System.Threading.Tasks.Task<TUnit.Assertions.Tests.SatisfiesTests.MyAsyncModel?>' to 'bool' [C:\git\TUnit\TUnit.Assertions.Tests\TUnit.Assertions.Tests.csproj::TargetFramework=net9.0]
C:\git\TUnit\TUnit.Assertions.Tests\SatisfiesTests.cs(72,33): error CS1662: Cannot convert lambda expression to intended delegate type because some of the return types in the block are not implicitly convertible to the delegate return type [C:\git\TUnit\TUnit.Assertions.Tests\TUnit.Assertions.Tests.csproj::TargetFramework=net9.0]
C:\git\TUnit\TUnit.Assertions.Tests\Assertions\Delegates\Throws.NothingTests.cs(25,18): error CS1061: 'Task<Exception>' does not contain a definition for 'WithMessage' and no accessible extension method 'WithMessage' accepting a first argument of type 'Task<Exception>' could be found (are you missing a using directive or an assembly reference?) [C:\git\TUnit\TUnit.Assertions.Tests\TUnit.Assertions.Tests.csproj::TargetFramework=net9.0]
C:\git\TUnit\TUnit.Assertions.Tests\Bugs\Tests1600.cs(22,35): error CS1501: No overload for method 'IsEquivalentTo' takes 2 arguments [C:\git\TUnit\TUnit.Assertions.Tests\TUnit.Assertions.Tests.csproj::TargetFramework=net9.0]
C:\git\TUnit\TUnit.Assertions.Tests\Bugs\Tests2117.cs(49,38): error CS1501: No overload for method 'IsEquivalentTo' takes 2 arguments [C:\git\TUnit\TUnit.Assertions.Tests\TUnit.Assertions.Tests.csproj::TargetFramework=net9.0]
C:\git\TUnit\TUnit.Assertions.Tests\Assertions\Delegates\Throws.NothingTests.cs(45,17): error CS0815: Cannot assign void to an implicitly-typed variable [C:\git\TUnit\TUnit.Assertions.Tests\TUnit.Assertions.Tests.csproj::TargetFramework=net9.0]
C:\git\TUnit\TUnit.Assertions.Tests\Assertions\Delegates\Throws.ExceptionTests.cs(25,18): error CS1061: 'Task<Exception>' does not contain a definition for 'WithMessage' and no accessible extension method 'WithMessage' accepting a first argument of type 'Task<Exception>' could be found (are you missing a using directive or an assembly reference?) [C:\git\TUnit\TUnit.Assertions.Tests\TUnit.Assertions.Tests.csproj::TargetFramework=net9.0]
C:\git\TUnit\TUnit.Assertions.Tests\SatisfiesTests.cs(91,41): error CS0029: Cannot implicitly convert type 'string' to 'bool' [C:\git\TUnit\TUnit.Assertions.Tests\TUnit.Assertions.Tests.csproj::TargetFramework=net9.0]
C:\git\TUnit\TUnit.Assertions.Tests\SatisfiesTests.cs(91,41): error CS1662: Cannot convert lambda expression to intended delegate type because some of the return types in the block are not implicitly convertible to the delegate return type [C:\git\TUnit\TUnit.Assertions.Tests\TUnit.Assertions.Tests.csproj::TargetFramework=net9.0]
C:\git\TUnit\TUnit.Assertions.Tests\Bugs\Tests2117.cs(84,38): error CS1501: No overload for method 'IsNotEquivalentTo' takes 2 arguments [C:\git\TUnit\TUnit.Assertions.Tests\TUnit.Assertions.Tests.csproj::TargetFramework=net9.0]
C:\git\TUnit\TUnit.Assertions.Tests\Bugs\Tests1770.cs(8,13): error CS0815: Cannot assign void to an implicitly-typed variable [C:\git\TUnit\TUnit.Assertions.Tests\TUnit.Assertions.Tests.csproj::TargetFramework=net9.0]
C:\git\TUnit\TUnit.Assertions.Tests\Bugs\Tests1770.cs(16,13): error CS0815: Cannot assign void to an implicitly-typed variable [C:\git\TUnit\TUnit.Assertions.Tests\TUnit.Assertions.Tests.csproj::TargetFramework=net9.0]
C:\git\TUnit\TUnit.Assertions.Tests\Bugs\Tests1877.cs(13,30): error CS1501: No overload for method 'IsEquivalentTo' takes 2 arguments [C:\git\TUnit\TUnit.Assertions.Tests\TUnit.Assertions.Tests.csproj::TargetFramework=net9.0]
C:\git\TUnit\TUnit.Assertions.Tests\Bugs\Tests1877.cs(22,30): error CS1501: No overload for method 'IsEquivalentTo' takes 2 arguments [C:\git\TUnit\TUnit.Assertions.Tests\TUnit.Assertions.Tests.csproj::TargetFramework=net9.0]
C:\git\TUnit\TUnit.Assertions.Tests\Assertions\Delegates\Throws.ExactlyTests.cs(25,18): error CS1061: 'Task<Exception>' does not contain a definition for 'WithMessage' and no accessible extension method 'WithMessage' accepting a first argument of type 'Task<Exception>' could be found (are you missing a using directive or an assembly reference?) [C:\git\TUnit\TUnit.Assertions.Tests\TUnit.Assertions.Tests.csproj::TargetFramework=net9.0]
C:\git\TUnit\TUnit.Assertions.Tests\Assertions\Delegates\Throws.ExactlyTests.cs(45,18): error CS1061: 'Task<Exception>' does not contain a definition for 'WithMessage' and no accessible extension method 'WithMessage' accepting a first argument of type 'Task<Exception>' could be found (are you missing a using directive or an assembly reference?) [C:\git\TUnit\TUnit.Assertions.Tests\TUnit.Assertions.Tests.csproj::TargetFramework=net9.0]
C:\git\TUnit\TUnit.Assertions.Tests\Assertions\Delegates\Throws.ExactlyTests.cs(64,18): error CS1061: 'Task<Exception>' does not contain a definition for 'WithMessage' and no accessible extension method 'WithMessage' accepting a first argument of type 'Task<Exception>' could be found (are you missing a using directive or an assembly reference?) [C:\git\TUnit\TUnit.Assertions.Tests\TUnit.Assertions.Tests.csproj::TargetFramework=net9.0]
C:\git\TUnit\TUnit.Assertions.Tests\EnumerableTests.cs(29,56): error CS8917: The delegate type could not be inferred. [C:\git\TUnit\TUnit.Assertions.Tests\TUnit.Assertions.Tests.csproj::TargetFramework=net9.0]
C:\git\TUnit\TUnit.Assertions.Tests\Bugs\Tests1774.cs(14,14): error CS1061: 'Task<Tests1774.Type2>' does not contain a definition for 'And' and no accessible extension method 'And' accepting a first argument of type 'Task<Tests1774.Type2>' could be found (are you missing a using directive or an assembly reference?) [C:\git\TUnit\TUnit.Assertions.Tests\TUnit.Assertions.Tests.csproj::TargetFramework=net9.0]
C:\git\TUnit\TUnit.Assertions.Tests\Assertions\Delegates\Throws.ExactlyTests.cs(100,18): error CS1061: 'Task<Throws.CustomException>' does not contain a definition for 'And' and no accessible extension method 'And' accepting a first argument of type 'Task<Throws.CustomException>' could be found (are you missing a using directive or an assembly reference?) [C:\git\TUnit\TUnit.Assertions.Tests\TUnit.Assertions.Tests.csproj::TargetFramework=net9.0]
C:\git\TUnit\TUnit.Assertions.Tests\EnumerableTests.cs(40,61): error CS8917: The delegate type could not be inferred. [C:\git\TUnit\TUnit.Assertions.Tests\TUnit.Assertions.Tests.csproj::TargetFramework=net9.0]
C:\git\TUnit\TUnit.Assertions.Tests\EnumerableTests.cs(49,49): error CS1660: Cannot convert lambda expression to type 'int' because it is not a delegate type [C:\git\TUnit\TUnit.Assertions.Tests\TUnit.Assertions.Tests.csproj::TargetFramework=net9.0]
C:\git\TUnit\TUnit.Assertions.Tests\Assertions\Delegates\Throws.ExactlyTests.cs(116,22): error CS1061: 'Task<Exception>' does not contain a definition for 'And' and no accessible extension method 'And' accepting a first argument of type 'Task<Exception>' could be found (are you missing a using directive or an assembly reference?) [C:\git\TUnit\TUnit.Assertions.Tests\TUnit.Assertions.Tests.csproj::TargetFramework=net9.0]
C:\git\TUnit\TUnit.Assertions.Tests\Assertions\Delegates\Throws.ExactlyTests.cs(139,22): error CS1061: 'Task<Throws.CustomException>' does not contain a definition for 'And' and no accessible extension method 'And' accepting a first argument of type 'Task<Throws.CustomException>' could be found (are you missing a using directive or an assembly reference?) [C:\git\TUnit\TUnit.Assertions.Tests\TUnit.Assertions.Tests.csproj::TargetFramework=net9.0]
C:\git\TUnit\TUnit.Assertions.Tests\EnumerableTests.cs(58,65): error CS1660: Cannot convert lambda expression to type 'int' because it is not a delegate type [C:\git\TUnit\TUnit.Assertions.Tests\TUnit.Assertions.Tests.csproj::TargetFramework=net9.0]
C:\git\TUnit\TUnit.Assertions.Tests\EnumerableTests.cs(85,51): error CS8917: The delegate type could not be inferred. [C:\git\TUnit\TUnit.Assertions.Tests\TUnit.Assertions.Tests.csproj::TargetFramework=net9.0]
C:\git\TUnit\TUnit.Assertions.Tests\EnumerableTests.cs(94,67): error CS8917: The delegate type could not be inferred. [C:\git\TUnit\TUnit.Assertions.Tests\TUnit.Assertions.Tests.csproj::TargetFramework=net9.0]
C:\git\TUnit\TUnit.Assertions.Tests\EnumerableTests.cs(151,49): error CS1503: Argument 1: cannot convert from 'System.Collections.IEnumerable' to 'System.Collections.Generic.IEnumerable<object>' [C:\git\TUnit\TUnit.Assertions.Tests\TUnit.Assertions.Tests.csproj::TargetFramework=net9.0]
C:\git\TUnit\TUnit.Assertions.Tests\SatisfiesTests.cs(118,41): error CS0029: Cannot implicitly convert type 'TUnit.Assertions.Tests.SatisfiesTests.MyModel' to 'bool' [C:\git\TUnit\TUnit.Assertions.Tests\TUnit.Assertions.Tests.csproj::TargetFramework=net9.0]
C:\git\TUnit\TUnit.Assertions.Tests\SatisfiesTests.cs(118,41): error CS1662: Cannot convert lambda expression to intended delegate type because some of the return types in the block are not implicitly convertible to the delegate return type [C:\git\TUnit\TUnit.Assertions.Tests\TUnit.Assertions.Tests.csproj::TargetFramework=net9.0]
C:\git\TUnit\TUnit.Assertions.Tests\Helpers\StringDifferenceTests.cs(26,14): error CS1061: 'Task<Exception>' does not contain a definition for 'WithMessage' and no accessible extension method 'WithMessage' accepting a first argument of type 'Task<Exception>' could be found (are you missing a using directive or an assembly reference?) [C:\git\TUnit\TUnit.Assertions.Tests\TUnit.Assertions.Tests.csproj::TargetFramework=net9.0]
C:\git\TUnit\TUnit.Assertions.Tests\Helpers\StringDifferenceTests.cs(50,14): error CS1061: 'Task<Exception>' does not contain a definition for 'WithMessage' and no accessible extension method 'WithMessage' accepting a first argument of type 'Task<Exception>' could be found (are you missing a using directive or an assembly reference?) [C:\git\TUnit\TUnit.Assertions.Tests\TUnit.Assertions.Tests.csproj::TargetFramework=net9.0]
C:\git\TUnit\TUnit.Assertions.Tests\IgnoringTypeEquivalentTests.cs(26,14): error CS7036: There is no argument given that corresponds to the required parameter 'typeToIgnore' of 'ChainingExtensions.IgnoringType<T>(CustomAssertion<T>, Type)' [C:\git\TUnit\TUnit.Assertions.Tests\TUnit.Assertions.Tests.csproj::TargetFramework=net9.0]
C:\git\TUnit\TUnit.Assertions.Tests\SatisfiesTests.cs(154,41): error CS0029: Cannot implicitly convert type 'System.Threading.Tasks.Task<string?>' to 'bool' [C:\git\TUnit\TUnit.Assertions.Tests\TUnit.Assertions.Tests.csproj::TargetFramework=net9.0]
C:\git\TUnit\TUnit.Assertions.Tests\SatisfiesTests.cs(154,41): error CS1662: Cannot convert lambda expression to intended delegate type because some of the return types in the block are not implicitly convertible to the delegate return type [C:\git\TUnit\TUnit.Assertions.Tests\TUnit.Assertions.Tests.csproj::TargetFramework=net9.0]
C:\git\TUnit\TUnit.Assertions.Tests\Helpers\StringDifferenceTests.cs(74,14): error CS1061: 'Task<Exception>' does not contain a definition for 'WithMessage' and no accessible extension method 'WithMessage' accepting a first argument of type 'Task<Exception>' could be found (are you missing a using directive or an assembly reference?) [C:\git\TUnit\TUnit.Assertions.Tests\TUnit.Assertions.Tests.csproj::TargetFramework=net9.0]
C:\git\TUnit\TUnit.Assertions.Tests\Helpers\StringDifferenceTests.cs(98,14): error CS1061: 'Task<Exception>' does not contain a definition for 'WithMessage' and no accessible extension method 'WithMessage' accepting a first argument of type 'Task<Exception>' could be found (are you missing a using directive or an assembly reference?) [C:\git\TUnit\TUnit.Assertions.Tests\TUnit.Assertions.Tests.csproj::TargetFramework=net9.0]
C:\git\TUnit\TUnit.Assertions.Tests\IgnoringTypeEquivalentTests.cs(72,14): error CS7036: There is no argument given that corresponds to the required parameter 'typeToIgnore' of 'ChainingExtensions.IgnoringType<T>(CustomAssertion<T>, Type)' [C:\git\TUnit\TUnit.Assertions.Tests\TUnit.Assertions.Tests.csproj::TargetFramework=net9.0]
C:\git\TUnit\TUnit.Assertions.Tests\NullabilityInferenceTests.cs(13,13): error CS0815: Cannot assign void to an implicitly-typed variable [C:\git\TUnit\TUnit.Assertions.Tests\TUnit.Assertions.Tests.csproj::TargetFramework=net9.0]
C:\git\TUnit\TUnit.Assertions.Tests\IgnoringTypeEquivalentTests.cs(94,14): error CS7036: There is no argument given that corresponds to the required parameter 'typeToIgnore' of 'ChainingExtensions.IgnoringType<T>(CustomAssertion<T>, Type)' [C:\git\TUnit\TUnit.Assertions.Tests\TUnit.Assertions.Tests.csproj::TargetFramework=net9.0]
C:\git\TUnit\TUnit.Assertions.Tests\LazyEvaluationTests.cs(83,47): error CS1061: 'AssertionBuilder<int>' does not contain a definition for 'Chain' and no accessible extension method 'Chain' accepting a first argument of type 'AssertionBuilder<int>' could be found (are you missing a using directive or an assembly reference?) [C:\git\TUnit\TUnit.Assertions.Tests\TUnit.Assertions.Tests.csproj::TargetFramework=net9.0]
C:\git\TUnit\TUnit.Assertions.Tests\IgnoringTypeEquivalentTests.cs(118,14): error CS7036: There is no argument given that corresponds to the required parameter 'typeToIgnore' of 'ChainingExtensions.IgnoringType<T>(CustomAssertion<T>, Type)' [C:\git\TUnit\TUnit.Assertions.Tests\TUnit.Assertions.Tests.csproj::TargetFramework=net9.0]
C:\git\TUnit\TUnit.Assertions.Tests\ParseAssertionTests.cs(11,34): error CS0121: The call is ambiguous between the following methods or properties: 'StringAssertionBuilderExtensions.IsParsableInto<T>(AssertionBuilder<string>)' and 'NullableStringAssertionBuilderExtensions.IsParsableInto<T>(AssertionBuilder<string?>)' [C:\git\TUnit\TUnit.Assertions.Tests\TUnit.Assertions.Tests.csproj::TargetFramework=net9.0]
C:\git\TUnit\TUnit.Assertions.Tests\IgnoringTypeEquivalentTests.cs(141,14): error CS7036: There is no argument given that corresponds to the required parameter 'typeToIgnore' of 'ChainingExtensions.IgnoringType<T>(CustomAssertion<T>, Type)' [C:\git\TUnit\TUnit.Assertions.Tests\TUnit.Assertions.Tests.csproj::TargetFramework=net9.0]
C:\git\TUnit\TUnit.Assertions.Tests\ParseAssertionTests.cs(17,34): error CS0121: The call is ambiguous between the following methods or properties: 'StringAssertionBuilderExtensions.IsNotParsableInto<T>(AssertionBuilder<string>)' and 'NullableStringAssertionBuilderExtensions.IsNotParsableInto<T>(AssertionBuilder<string?>)' [C:\git\TUnit\TUnit.Assertions.Tests\TUnit.Assertions.Tests.csproj::TargetFramework=net9.0]
C:\git\TUnit\TUnit.Assertions.Tests\ParseAssertionTests.cs(24,14): error CS0121: The call is ambiguous between the following methods or properties: 'StringAssertionBuilderExtensions.WhenParsedInto<T>(AssertionBuilder<string>)' and 'NullableStringAssertionBuilderExtensions.WhenParsedInto<T>(AssertionBuilder<string?>)' [C:\git\TUnit\TUnit.Assertions.Tests\TUnit.Assertions.Tests.csproj::TargetFramework=net9.0]
C:\git\TUnit\TUnit.Assertions.Tests\IgnoringTypeEquivalentTests.cs(165,14): error CS7036: There is no argument given that corresponds to the required parameter 'typeToIgnore' of 'ChainingExtensions.IgnoringType<T>(CustomAssertion<T>, Type)' [C:\git\TUnit\TUnit.Assertions.Tests\TUnit.Assertions.Tests.csproj::TargetFramework=net9.0]
C:\git\TUnit\TUnit.Assertions.Tests\LazyEvaluationTests.cs(145,46): error CS1061: 'AssertionBuilder<int>' does not contain a definition for 'Chain' and no accessible extension method 'Chain' accepting a first argument of type 'AssertionBuilder<int>' could be found (are you missing a using directive or an assembly reference?) [C:\git\TUnit\TUnit.Assertions.Tests\TUnit.Assertions.Tests.csproj::TargetFramework=net9.0]
C:\git\TUnit\TUnit.Assertions.Tests\ParseAssertionTests.cs(33,14): error CS0121: The call is ambiguous between the following methods or properties: 'StringAssertionBuilderExtensions.IsParsableInto<T>(AssertionBuilder<string>)' and 'NullableStringAssertionBuilderExtensions.IsParsableInto<T>(AssertionBuilder<string?>)' [C:\git\TUnit\TUnit.Assertions.Tests\TUnit.Assertions.Tests.csproj::TargetFramework=net9.0]
C:\git\TUnit\TUnit.Assertions.Tests\IgnoringTypeEquivalentTests.cs(185,14): error CS7036: There is no argument given that corresponds to the required parameter 'typeToIgnore' of 'ChainingExtensions.IgnoringType<T>(CustomAssertion<T>, Type)' [C:\git\TUnit\TUnit.Assertions.Tests\TUnit.Assertions.Tests.csproj::TargetFramework=net9.0]
C:\git\TUnit\TUnit.Assertions.Tests\ParseAssertionTests.cs(41,14): error CS0121: The call is ambiguous between the following methods or properties: 'StringAssertionBuilderExtensions.IsParsableInto<T>(AssertionBuilder<string>)' and 'NullableStringAssertionBuilderExtensions.IsParsableInto<T>(AssertionBuilder<string?>)' [C:\git\TUnit\TUnit.Assertions.Tests\TUnit.Assertions.Tests.csproj::TargetFramework=net9.0]
C:\git\TUnit\TUnit.Assertions.Tests\ParseAssertionTests.cs(47,41): error CS0121: The call is ambiguous between the following methods or properties: 'StringAssertionBuilderExtensions.IsParsableInto<T>(AssertionBuilder<string>)' and 'NullableStringAssertionBuilderExtensions.IsParsableInto<T>(AssertionBuilder<string?>)' [C:\git\TUnit\TUnit.Assertions.Tests\TUnit.Assertions.Tests.csproj::TargetFramework=net9.0]
C:\git\TUnit\TUnit.Assertions.Tests\LazyEvaluationTests.cs(178,47): error CS1061: 'AssertionBuilder<int>' does not contain a definition for 'Chain' and no accessible extension method 'Chain' accepting a first argument of type 'AssertionBuilder<int>' could be found (are you missing a using directive or an assembly reference?) [C:\git\TUnit\TUnit.Assertions.Tests\TUnit.Assertions.Tests.csproj::TargetFramework=net9.0]
C:\git\TUnit\TUnit.Assertions.Tests\ParseAssertionTests.cs(54,14): error CS0121: The call is ambiguous between the following methods or properties: 'StringAssertionBuilderExtensions.WhenParsedInto<T>(AssertionBuilder<string>)' and 'NullableStringAssertionBuilderExtensions.WhenParsedInto<T>(AssertionBuilder<string?>)' [C:\git\TUnit\TUnit.Assertions.Tests\TUnit.Assertions.Tests.csproj::TargetFramework=net9.0]
C:\git\TUnit\TUnit.Assertions.Tests\Old\EqualityComparerTests.cs(20,35): error CS1501: No overload for method 'IsEqualTo' takes 2 arguments [C:\git\TUnit\TUnit.Assertions.Tests\TUnit.Assertions.Tests.csproj::TargetFramework=net9.0]
C:\git\TUnit\TUnit.Assertions.Tests\Old\StringRegexAssertionTests.cs(24,46): error CS1503: Argument 2: cannot convert from 'System.Text.RegularExpressions.Regex' to 'string' [C:\git\TUnit\TUnit.Assertions.Tests\TUnit.Assertions.Tests.csproj::TargetFramework=net9.0]
C:\git\TUnit\TUnit.Assertions.Tests\EnumTests.cs(96,34): error CS0411: The type arguments for method 'EnumAssertionExtensions.HasSameNameAs<TEnum>(AssertionBuilder<TEnum>, TEnum)' cannot be inferred from the usage. Try specifying the type arguments explicitly. [C:\git\TUnit\TUnit.Assertions.Tests\TUnit.Assertions.Tests.csproj::TargetFramework=net9.0]
C:\git\TUnit\TUnit.Assertions.Tests\Old\EqualsAssertionTests.cs(13,14): error CS1061: 'Task<Exception>' does not contain a definition for 'And' and no accessible extension method 'And' accepting a first argument of type 'Task<Exception>' could be found (are you missing a using directive or an assembly reference?) [C:\git\TUnit\TUnit.Assertions.Tests\TUnit.Assertions.Tests.csproj::TargetFramework=net9.0]
C:\git\TUnit\TUnit.Assertions.Tests\Old\StringRegexAssertionTests.cs(37,46): error CS1503: Argument 2: cannot convert from 'System.Text.RegularExpressions.Regex' to 'string' [C:\git\TUnit\TUnit.Assertions.Tests\TUnit.Assertions.Tests.csproj::TargetFramework=net9.0]
C:\git\TUnit\TUnit.Assertions.Tests\Old\ExceptionAssertionTests.cs(10,14): error CS1061: 'Task<Exception>' does not contain a definition for 'WithInnerException' and no accessible extension method 'WithInnerException' accepting a first argument of type 'Task<Exception>' could be found (are you missing a using directive or an assembly reference?) [C:\git\TUnit\TUnit.Assertions.Tests\TUnit.Assertions.Tests.csproj::TargetFramework=net9.0]
C:\git\TUnit\TUnit.Assertions.Tests\Old\EquivalentAssertionTests.cs(47,56): error CS1503: Argument 1: cannot convert from '<anonymous type: string Value>' to 'TUnit.Assertions.Tests.Old.EquivalentAssertionTests.MyClass' [C:\git\TUnit\TUnit.Assertions.Tests\TUnit.Assertions.Tests.csproj::TargetFramework=net9.0]
C:\git\TUnit\TUnit.Assertions.Tests\Old\StringRegexAssertionTests.cs(53,13): error CS0815: Cannot assign void to an implicitly-typed variable [C:\git\TUnit\TUnit.Assertions.Tests\TUnit.Assertions.Tests.csproj::TargetFramework=net9.0]
C:\git\TUnit\TUnit.Assertions.Tests\Old\EquivalentAssertionTests.cs(60,59): error CS1503: Argument 1: cannot convert from '<anonymous type: string Value>' to 'TUnit.Assertions.Tests.Old.EquivalentAssertionTests.MyClass' [C:\git\TUnit\TUnit.Assertions.Tests\TUnit.Assertions.Tests.csproj::TargetFramework=net9.0]
C:\git\TUnit\TUnit.Assertions.Tests\EnumTests.cs(106,38): error CS0411: The type arguments for method 'EnumAssertionExtensions.HasSameNameAs<TEnum>(AssertionBuilder<TEnum>, TEnum)' cannot be inferred from the usage. Try specifying the type arguments explicitly. [C:\git\TUnit\TUnit.Assertions.Tests\TUnit.Assertions.Tests.csproj::TargetFramework=net9.0]
C:\git\TUnit\TUnit.Assertions.Tests\Old\MemberTests.cs(16,53): error CS1660: Cannot convert lambda expression to type 'string' because it is not a delegate type [C:\git\TUnit\TUnit.Assertions.Tests\TUnit.Assertions.Tests.csproj::TargetFramework=net9.0]
C:\git\TUnit\TUnit.Assertions.Tests\EnumTests.cs(116,34): error CS0411: The type arguments for method 'EnumAssertionExtensions.HasSameValueAs<TEnum>(AssertionBuilder<TEnum>, TEnum)' cannot be inferred from the usage. Try specifying the type arguments explicitly. [C:\git\TUnit\TUnit.Assertions.Tests\TUnit.Assertions.Tests.csproj::TargetFramework=net9.0]
C:\git\TUnit\TUnit.Assertions.Tests\Old\EquivalentAssertionTests.cs(70,53): error CS1503: Argument 1: cannot convert from 'int[]' to 'System.Collections.Generic.List<int>' [C:\git\TUnit\TUnit.Assertions.Tests\TUnit.Assertions.Tests.csproj::TargetFramework=net9.0]
C:\git\TUnit\TUnit.Assertions.Tests\Old\EquivalentAssertionTests.cs(80,54): error CS1503: Argument 1: cannot convert from 'System.Collections.Generic.List<int>' to 'int[]' [C:\git\TUnit\TUnit.Assertions.Tests\TUnit.Assertions.Tests.csproj::TargetFramework=net9.0]
C:\git\TUnit\TUnit.Assertions.Tests\Old\StringRegexAssertionTests.cs(77,78): error CS1503: Argument 2: cannot convert from 'System.Text.RegularExpressions.Regex' to 'string' [C:\git\TUnit\TUnit.Assertions.Tests\TUnit.Assertions.Tests.csproj::TargetFramework=net9.0]
C:\git\TUnit\TUnit.Assertions.Tests\Old\StringRegexAssertionTests.cs(79,13): error CS0815: Cannot assign void to an implicitly-typed variable [C:\git\TUnit\TUnit.Assertions.Tests\TUnit.Assertions.Tests.csproj::TargetFramework=net9.0]
C:\git\TUnit\TUnit.Assertions.Tests\Old\MemberTests.cs(29,136): error CS1660: Cannot convert lambda expression to type 'string' because it is not a delegate type [C:\git\TUnit\TUnit.Assertions.Tests\TUnit.Assertions.Tests.csproj::TargetFramework=net9.0]
C:\git\TUnit\TUnit.Assertions.Tests\EnumTests.cs(126,38): error CS0411: The type arguments for method 'EnumAssertionExtensions.HasSameValueAs<TEnum>(AssertionBuilder<TEnum>, TEnum)' cannot be inferred from the usage. Try specifying the type arguments explicitly. [C:\git\TUnit\TUnit.Assertions.Tests\TUnit.Assertions.Tests.csproj::TargetFramework=net9.0]
C:\git\TUnit\TUnit.Assertions.Tests\Old\EquivalentAssertionTests.cs(108,38): error CS1501: No overload for method 'IsEquivalentTo' takes 2 arguments [C:\git\TUnit\TUnit.Assertions.Tests\TUnit.Assertions.Tests.csproj::TargetFramework=net9.0]
C:\git\TUnit\TUnit.Assertions.Tests\EnumTests.cs(136,34): error CS0411: The type arguments for method 'EnumAssertionExtensions.DoesNotHaveSameNameAs<TEnum>(AssertionBuilder<TEnum>, TEnum)' cannot be inferred from the usage. Try specifying the type arguments explicitly. [C:\git\TUnit\TUnit.Assertions.Tests\TUnit.Assertions.Tests.csproj::TargetFramework=net9.0]
C:\git\TUnit\TUnit.Assertions.Tests\Old\StringRegexAssertionTests.cs(107,78): error CS1503: Argument 2: cannot convert from 'System.Text.RegularExpressions.Regex' to 'string' [C:\git\TUnit\TUnit.Assertions.Tests\TUnit.Assertions.Tests.csproj::TargetFramework=net9.0]
C:\git\TUnit\TUnit.Assertions.Tests\Old\StringRegexAssertionTests.cs(109,13): error CS0815: Cannot assign void to an implicitly-typed variable [C:\git\TUnit\TUnit.Assertions.Tests\TUnit.Assertions.Tests.csproj::TargetFramework=net9.0]
C:\git\TUnit\TUnit.Assertions.Tests\Old\EquivalentAssertionTests.cs(118,39): error CS1501: No overload for method 'IsEquivalentTo' takes 2 arguments [C:\git\TUnit\TUnit.Assertions.Tests\TUnit.Assertions.Tests.csproj::TargetFramework=net9.0]
C:\git\TUnit\TUnit.Assertions.Tests\Old\MemberTests.cs(51,136): error CS1660: Cannot convert lambda expression to type 'string' because it is not a delegate type [C:\git\TUnit\TUnit.Assertions.Tests\TUnit.Assertions.Tests.csproj::TargetFramework=net9.0]
C:\git\TUnit\TUnit.Assertions.Tests\Old\StringRegexAssertionTests.cs(140,78): error CS1503: Argument 2: cannot convert from 'System.Text.RegularExpressions.Regex' to 'string' [C:\git\TUnit\TUnit.Assertions.Tests\TUnit.Assertions.Tests.csproj::TargetFramework=net9.0]
C:\git\TUnit\TUnit.Assertions.Tests\Old\EquivalentAssertionTests.cs(128,122): error CS1501: No overload for method 'IsEquivalentTo' takes 2 arguments [C:\git\TUnit\TUnit.Assertions.Tests\TUnit.Assertions.Tests.csproj::TargetFramework=net9.0]
C:\git\TUnit\TUnit.Assertions.Tests\EnumTests.cs(146,38): error CS0411: The type arguments for method 'EnumAssertionExtensions.DoesNotHaveSameNameAs<TEnum>(AssertionBuilder<TEnum>, TEnum)' cannot be inferred from the usage. Try specifying the type arguments explicitly. [C:\git\TUnit\TUnit.Assertions.Tests\TUnit.Assertions.Tests.csproj::TargetFramework=net9.0]
C:\git\TUnit\TUnit.Assertions.Tests\Old\StringRegexAssertionTests.cs(163,51): error CS1503: Argument 2: cannot convert from 'System.Text.RegularExpressions.Regex' to 'string' [C:\git\TUnit\TUnit.Assertions.Tests\TUnit.Assertions.Tests.csproj::TargetFramework=net9.0]
C:\git\TUnit\TUnit.Assertions.Tests\EnumTests.cs(156,34): error CS0411: The type arguments for method 'EnumAssertionExtensions.DoesNotHaveSameValueAs<TEnum>(AssertionBuilder<TEnum>, TEnum)' cannot be inferred from the usage. Try specifying the type arguments explicitly. [C:\git\TUnit\TUnit.Assertions.Tests\TUnit.Assertions.Tests.csproj::TargetFramework=net9.0]
C:\git\TUnit\TUnit.Assertions.Tests\Old\StringRegexAssertionTests.cs(176,51): error CS1503: Argument 2: cannot convert from 'System.Text.RegularExpressions.Regex' to 'string' [C:\git\TUnit\TUnit.Assertions.Tests\TUnit.Assertions.Tests.csproj::TargetFramework=net9.0]
C:\git\TUnit\TUnit.Assertions.Tests\Old\EquivalentAssertionTests.cs(148,122): error CS1501: No overload for method 'IsEquivalentTo' takes 2 arguments [C:\git\TUnit\TUnit.Assertions.Tests\TUnit.Assertions.Tests.csproj::TargetFramework=net9.0]
C:\git\TUnit\TUnit.Assertions.Tests\Old\MemberTests.cs(68,136): error CS1660: Cannot convert lambda expression to type 'string' because it is not a delegate type [C:\git\TUnit\TUnit.Assertions.Tests\TUnit.Assertions.Tests.csproj::TargetFramework=net9.0]
C:\git\TUnit\TUnit.Assertions.Tests\Old\StringContainsAssertionTests.cs(53,52): error CS0121: The call is ambiguous between the following methods or properties: 'StringAssertionBuilderExtensions.EndsWith(AssertionBuilder<string>, string)' and 'NullableStringAssertionBuilderExtensions.EndsWith(AssertionBuilder<string?>, string)' [C:\git\TUnit\TUnit.Assertions.Tests\TUnit.Assertions.Tests.csproj::TargetFramework=net9.0]
C:\git\TUnit\TUnit.Assertions.Tests\Old\StringRegexAssertionTests.cs(192,13): error CS0815: Cannot assign void to an implicitly-typed variable [C:\git\TUnit\TUnit.Assertions.Tests\TUnit.Assertions.Tests.csproj::TargetFramework=net9.0]
C:\git\TUnit\TUnit.Assertions.Tests\Old\EquivalentAssertionTests.cs(171,139): error CS1503: Argument 1: cannot convert from '<anonymous type: string Value>' to 'TUnit.Assertions.Tests.Old.EquivalentAssertionTests.MyClass' [C:\git\TUnit\TUnit.Assertions.Tests\TUnit.Assertions.Tests.csproj::TargetFramework=net9.0]
C:\git\TUnit\TUnit.Assertions.Tests\EnumTests.cs(166,38): error CS0411: The type arguments for method 'EnumAssertionExtensions.DoesNotHaveSameValueAs<TEnum>(AssertionBuilder<TEnum>, TEnum)' cannot be inferred from the usage. Try specifying the type arguments explicitly. [C:\git\TUnit\TUnit.Assertions.Tests\TUnit.Assertions.Tests.csproj::TargetFramework=net9.0]
C:\git\TUnit\TUnit.Assertions.Tests\Old\StringRegexAssertionTests.cs(216,83): error CS1503: Argument 2: cannot convert from 'System.Text.RegularExpressions.Regex' to 'string' [C:\git\TUnit\TUnit.Assertions.Tests\TUnit.Assertions.Tests.csproj::TargetFramework=net9.0]
C:\git\TUnit\TUnit.Assertions.Tests\Old\StringRegexAssertionTests.cs(218,13): error CS0815: Cannot assign void to an implicitly-typed variable [C:\git\TUnit\TUnit.Assertions.Tests\TUnit.Assertions.Tests.csproj::TargetFramework=net9.0]
C:\git\TUnit\TUnit.Assertions.Tests\SatisfiesTests.cs(181,41): error CS0029: Cannot implicitly convert type 'System.Threading.Tasks.Task<TUnit.Assertions.Tests.SatisfiesTests.MyAsyncModel?>' to 'bool' [C:\git\TUnit\TUnit.Assertions.Tests\TUnit.Assertions.Tests.csproj::TargetFramework=net9.0]
C:\git\TUnit\TUnit.Assertions.Tests\SatisfiesTests.cs(181,41): error CS1662: Cannot convert lambda expression to intended delegate type because some of the return types in the block are not implicitly convertible to the delegate return type [C:\git\TUnit\TUnit.Assertions.Tests\TUnit.Assertions.Tests.csproj::TargetFramework=net9.0]
C:\git\TUnit\TUnit.Assertions.Tests\Old\StringRegexAssertionTests.cs(246,83): error CS1503: Argument 2: cannot convert from 'System.Text.RegularExpressions.Regex' to 'string' [C:\git\TUnit\TUnit.Assertions.Tests\TUnit.Assertions.Tests.csproj::TargetFramework=net9.0]
C:\git\TUnit\TUnit.Assertions.Tests\Old\StringRegexAssertionTests.cs(248,13): error CS0815: Cannot assign void to an implicitly-typed variable [C:\git\TUnit\TUnit.Assertions.Tests\TUnit.Assertions.Tests.csproj::TargetFramework=net9.0]
C:\git\TUnit\TUnit.Assertions.Tests\SatisfiesTests.cs(211,35): error CS1501: No overload for method 'All' takes 0 arguments [C:\git\TUnit\TUnit.Assertions.Tests\TUnit.Assertions.Tests.csproj::TargetFramework=net9.0]
C:\git\TUnit\TUnit.Assertions.Tests\Old\StringRegexAssertionTests.cs(279,83): error CS1503: Argument 2: cannot convert from 'System.Text.RegularExpressions.Regex' to 'string' [C:\git\TUnit\TUnit.Assertions.Tests\TUnit.Assertions.Tests.csproj::TargetFramework=net9.0]
C:\git\TUnit\TUnit.Assertions.Tests\SatisfiesTests.cs(222,35): error CS1501: No overload for method 'All' takes 0 arguments [C:\git\TUnit\TUnit.Assertions.Tests\TUnit.Assertions.Tests.csproj::TargetFramework=net9.0]
C:\git\TUnit\TUnit.Assertions.Tests\Old\EquivalentAssertionTests.cs(451,65): error CS1061: 'CustomAssertion<EquivalentAssertionTests.MyClass>' does not contain a definition for 'IgnoringMember' and no accessible extension method 'IgnoringMember' accepting a first argument of type 'CustomAssertion<EquivalentAssertionTests.MyClass>' could be found (are you missing a using directive or an assembly reference?) [C:\git\TUnit\TUnit.Assertions.Tests\TUnit.Assertions.Tests.csproj::TargetFramework=net9.0]
C:\git\TUnit\TUnit.Assertions.Tests\SatisfiesTests.cs(234,39): error CS1501: No overload for method 'All' takes 0 arguments [C:\git\TUnit\TUnit.Assertions.Tests\TUnit.Assertions.Tests.csproj::TargetFramework=net9.0]
C:\git\TUnit\TUnit.Assertions.Tests\Old\EquivalentAssertionTests.cs(506,58): error CS1503: Argument 1: cannot convert from '<anonymous type: string Value>' to 'TUnit.Assertions.Tests.Old.EquivalentAssertionTests.MyClass' [C:\git\TUnit\TUnit.Assertions.Tests\TUnit.Assertions.Tests.csproj::TargetFramework=net9.0]
C:\git\TUnit\TUnit.Assertions.Tests\Old\EquivalentAssertionTests.cs(538,59): error CS1503: Argument 1: cannot convert from '<anonymous type: string Value>' to 'TUnit.Assertions.Tests.Old.EquivalentAssertionTests.MyClass' [C:\git\TUnit\TUnit.Assertions.Tests\TUnit.Assertions.Tests.csproj::TargetFramework=net9.0]
C:\git\TUnit\TUnit.Assertions.Tests\Old\EquivalentAssertionTests.cs(559,42): error CS1503: Argument 1: cannot convert from '<anonymous type: string Value>' to 'TUnit.Assertions.Tests.Old.EquivalentAssertionTests.MyClass' [C:\git\TUnit\TUnit.Assertions.Tests\TUnit.Assertions.Tests.csproj::TargetFramework=net9.0]
C:\git\TUnit\TUnit.Assertions.Tests\Old\EquivalentAssertionTests.cs(585,58): error CS1503: Argument 1: cannot convert from '<anonymous type: string Value, TUnit.Assertions.Tests.Old.EquivalentAssertionTests.InnerClass Inner>' to 'TUnit.Assertions.Tests.Old.EquivalentAssertionTests.MyClass' [C:\git\TUnit\TUnit.Assertions.Tests\TUnit.Assertions.Tests.csproj::TargetFramework=net9.0]
C:\git\TUnit\TUnit.Assertions.Tests\Old\EquivalentAssertionTests.cs(622,36): error CS1503: Argument 1: cannot convert from '<anonymous type: string Value, TUnit.Assertions.Tests.Old.EquivalentAssertionTests.InnerClass Inner>' to 'TUnit.Assertions.Tests.Old.EquivalentAssertionTests.MyClass' [C:\git\TUnit\TUnit.Assertions.Tests\TUnit.Assertions.Tests.csproj::TargetFramework=net9.0]
C:\git\TUnit\TUnit.Assertions.Tests\Old\EquivalentAssertionTests.cs(642,33): error CS1503: Argument 1: cannot convert from 'TUnit.Assertions.Tests.Old.EquivalentAssertionTests.MyClassWithSingleField' to 'TUnit.Assertions.Tests.Old.EquivalentAssertionTests.MyClassWithMultipleFields' [C:\git\TUnit\TUnit.Assertions.Tests\TUnit.Assertions.Tests.csproj::TargetFramework=net9.0]
C:\git\TUnit\TUnit.Assertions.Tests\Old\EquivalentAssertionTests.cs(671,59): error CS1503: Argument 1: cannot convert from 'TUnit.Assertions.Tests.Old.EquivalentAssertionTests.MyClassWithSingleField' to 'TUnit.Assertions.Tests.Old.EquivalentAssertionTests.MyClassWithMultipleFields' [C:\git\TUnit\TUnit.Assertions.Tests\TUnit.Assertions.Tests.csproj::TargetFramework=net9.0]
C:\git\TUnit\TUnit.Assertions.Tests\Old\EquivalentAssertionTests.cs(689,42): error CS1503: Argument 1: cannot convert from 'TUnit.Assertions.Tests.Old.EquivalentAssertionTests.MyClassWithSingleField' to 'TUnit.Assertions.Tests.Old.EquivalentAssertionTests.MyClassWithMultipleFields' [C:\git\TUnit\TUnit.Assertions.Tests\TUnit.Assertions.Tests.csproj::TargetFramework=net9.0]
C:\git\TUnit\TUnit.Assertions.Tests\SatisfiesTests.cs(247,43): error CS1501: No overload for method 'All' takes 0 arguments [C:\git\TUnit\TUnit.Assertions.Tests\TUnit.Assertions.Tests.csproj::TargetFramework=net9.0]
C:\git\TUnit\TUnit.TestProject.FSharp\Tests.fs(17,44): error FS0039: The type 'AssertionBuilder<_>' does not define the field, constructor or member 'IsPositive'. [C:\git\TUnit\TUnit.TestProject.FSharp\TUnit.TestProject.FSharp.fsproj::TargetFramework=net9.0]
C:\git\TUnit\TUnit.TestProject.FSharp\Tests.fs(17,44): error FS0039: The type 'AssertionBuilder<_>' does not define the field, constructor or member 'IsPositive'. [C:\git\TUnit\TUnit.TestProject.FSharp\TUnit.TestProject.FSharp.fsproj::TargetFramework=net8.0]
C:\git\TUnit\TUnit.TestProject\Tests.cs(268,13): error CS0815: Cannot assign void to an implicitly-typed variable [C:\git\TUnit\TUnit.TestProject\TUnit.TestProject.csproj::TargetFramework=net472]
C:\git\TUnit\TUnit.TestProject\TestContextIsolationTests.cs(125,51): error CS1061: 'AssertionBuilder<int>' does not contain a definition for 'GreaterThanOrEqualTo' and no accessible extension method 'GreaterThanOrEqualTo' accepting a first argument of type 'AssertionBuilder<int>' could be found (are you missing a using directive or an assembly reference?) [C:\git\TUnit\TUnit.TestProject\TUnit.TestProject.csproj::TargetFramework=net472]
C:\git\TUnit\TUnit.TestProject\Bugs\2481\Tests.cs(19,29): error CS8917: The delegate type could not be inferred. [C:\git\TUnit\TUnit.TestProject\TUnit.TestProject.csproj::TargetFramework=net472]
C:\git\TUnit\TUnit.TestProject\Bugs\2481\Tests.cs(20,29): error CS8917: The delegate type could not be inferred. [C:\git\TUnit\TUnit.TestProject\TUnit.TestProject.csproj::TargetFramework=net472]
C:\git\TUnit\TUnit.TestProject\Bugs\2481\Tests.cs(21,29): error CS8917: The delegate type could not be inferred. [C:\git\TUnit\TUnit.TestProject\TUnit.TestProject.csproj::TargetFramework=net472]
C:\git\TUnit\TUnit.TestProject\Bugs\2067\Tests.cs(37,13): error CS0815: Cannot assign void to an implicitly-typed variable [C:\git\TUnit\TUnit.TestProject\TUnit.TestProject.csproj::TargetFramework=net472]
C:\git\TUnit\TUnit.TestProject\Bugs\2935\GenericTests.cs(31,63): error CS1061: 'Task<string>' does not contain a definition for 'And' and no accessible extension method 'And' accepting a first argument of type 'Task<string>' could be found (are you missing a using directive or an assembly reference?) [C:\git\TUnit\TUnit.TestProject\TUnit.TestProject.csproj::TargetFramework=net472]
C:\git\TUnit\TUnit.TestProject\ScopedRetryAttributePriorityTests.cs(63,43): error CS1501: No overload for method 'IsEqualTo' takes 2 arguments [C:\git\TUnit\TUnit.TestProject\TUnit.TestProject.csproj::TargetFramework=net472]
C:\git\TUnit\TUnit.TestProject\ScopedRetryAttributePriorityTests.cs(36,54): error CS1501: No overload for method 'IsEqualTo' takes 2 arguments [C:\git\TUnit\TUnit.TestProject\TUnit.TestProject.csproj::TargetFramework=net472]
C:\git\TUnit\TUnit.TestProject\ScopedRetryAttributePriorityTests.cs(40,53): error CS1501: No overload for method 'IsEqualTo' takes 2 arguments [C:\git\TUnit\TUnit.TestProject\TUnit.TestProject.csproj::TargetFramework=net472]
C:\git\TUnit\TUnit.TestProject\DependsOnTests2.cs(29,97): error CS1061: 'Task<Exception>' does not contain a definition for 'WithMessage' and no accessible extension method 'WithMessage' accepting a first argument of type 'Task<Exception>' could be found (are you missing a using directive or an assembly reference?) [C:\git\TUnit\TUnit.TestProject\TUnit.TestProject.csproj::TargetFramework=net472]
C:\git\TUnit\TUnit.TestProject\OverrideResultsTests.cs(21,29): error CS1660: Cannot convert lambda expression to type 'TestContext' because it is not a delegate type [C:\git\TUnit\TUnit.TestProject\TUnit.TestProject.csproj::TargetFramework=net472]
C:\git\TUnit\TUnit.TestProject\Tests.cs(268,13): error CS0815: Cannot assign void to an implicitly-typed variable [C:\git\TUnit\TUnit.TestProject\TUnit.TestProject.csproj::TargetFramework=net9.0]
C:\git\TUnit\TUnit.TestProject\TestContextIsolationTests.cs(125,51): error CS1061: 'AssertionBuilder<int>' does not contain a definition for 'GreaterThanOrEqualTo' and no accessible extension method 'GreaterThanOrEqualTo' accepting a first argument of type 'AssertionBuilder<int>' could be found (are you missing a using directive or an assembly reference?) [C:\git\TUnit\TUnit.TestProject\TUnit.TestProject.csproj::TargetFramework=net9.0]
C:\git\TUnit\TUnit.TestProject\ScopedRetryAttributePriorityTests.cs(63,43): error CS1501: No overload for method 'IsEqualTo' takes 2 arguments [C:\git\TUnit\TUnit.TestProject\TUnit.TestProject.csproj::TargetFramework=net9.0]
C:\git\TUnit\TUnit.TestProject\ScopedRetryAttributePriorityTests.cs(36,54): error CS1501: No overload for method 'IsEqualTo' takes 2 arguments [C:\git\TUnit\TUnit.TestProject\TUnit.TestProject.csproj::TargetFramework=net9.0]
C:\git\TUnit\TUnit.TestProject\ScopedRetryAttributePriorityTests.cs(40,53): error CS1501: No overload for method 'IsEqualTo' takes 2 arguments [C:\git\TUnit\TUnit.TestProject\TUnit.TestProject.csproj::TargetFramework=net9.0]
C:\git\TUnit\TUnit.TestProject\OverrideResultsTests.cs(21,29): error CS1660: Cannot convert lambda expression to type 'TestContext' because it is not a delegate type [C:\git\TUnit\TUnit.TestProject\TUnit.TestProject.csproj::TargetFramework=net9.0]
C:\git\TUnit\TUnit.TestProject\Bugs\2067\Tests.cs(37,13): error CS0815: Cannot assign void to an implicitly-typed variable [C:\git\TUnit\TUnit.TestProject\TUnit.TestProject.csproj::TargetFramework=net9.0]
C:\git\TUnit\TUnit.TestProject\Bugs\2481\Tests.cs(19,29): error CS8917: The delegate type could not be inferred. [C:\git\TUnit\TUnit.TestProject\TUnit.TestProject.csproj::TargetFramework=net9.0]
C:\git\TUnit\TUnit.TestProject\Bugs\2481\Tests.cs(20,29): error CS8917: The delegate type could not be inferred. [C:\git\TUnit\TUnit.TestProject\TUnit.TestProject.csproj::TargetFramework=net9.0]
C:\git\TUnit\TUnit.TestProject\Bugs\2481\Tests.cs(21,29): error CS8917: The delegate type could not be inferred. [C:\git\TUnit\TUnit.TestProject\TUnit.TestProject.csproj::TargetFramework=net9.0]
C:\git\TUnit\TUnit.TestProject\Bugs\2935\GenericTests.cs(31,63): error CS1061: 'Task<string>' does not contain a definition for 'And' and no accessible extension method 'And' accepting a first argument of type 'Task<string>' could be found (are you missing a using directive or an assembly reference?) [C:\git\TUnit\TUnit.TestProject\TUnit.TestProject.csproj::TargetFramework=net9.0]
C:\git\TUnit\TUnit.TestProject\CustomAssertions\Tests.cs(23,15): error CS1929: 'AssertionBuilder<HttpResponseMessage>' does not contain a definition for 'IsProblemDetails' and the best extension method overload 'HttpResponseAssertionExtensions.IsProblemDetails(IValueSource<HttpResponseMessage>)' requires a receiver of type 'TUnit.Assertions.AssertConditions.Interfaces.IValueSource<System.Net.Http.HttpResponseMessage>' [C:\git\TUnit\TUnit.TestProject\TUnit.TestProject.csproj::TargetFramework=net9.0]
C:\git\TUnit\TUnit.TestProject\CustomAssertions\ProblemDetailsAssertion.cs(74,28): error CS1061: 'IValueSource<ProblemDetails>' does not contain a definition for 'RegisterAssertion' and no accessible extension method 'RegisterAssertion' accepting a first argument of type 'IValueSource<ProblemDetails>' could be found (are you missing a using directive or an assembly reference?) [C:\git\TUnit\TUnit.TestProject\TUnit.TestProject.csproj::TargetFramework=net9.0]
C:\git\TUnit\TUnit.TestProject\CustomAssertions\ProblemDetailsAssertion.cs(60,28): error CS1061: 'IValueSource<HttpResponseMessage>' does not contain a definition for 'RegisterConversionAssertion' and no accessible extension method 'RegisterConversionAssertion' accepting a first argument of type 'IValueSource<HttpResponseMessage>' could be found (are you missing a using directive or an assembly reference?) [C:\git\TUnit\TUnit.TestProject\TUnit.TestProject.csproj::TargetFramework=net9.0]
C:\git\TUnit\TUnit.TestProject\CustomAssertions\ProblemDetailsAssertion.cs(80,28): error CS1061: 'IValueSource<ProblemDetails>' does not contain a definition for 'RegisterAssertion' and no accessible extension method 'RegisterAssertion' accepting a first argument of type 'IValueSource<ProblemDetails>' could be found (are you missing a using directive or an assembly reference?) [C:\git\TUnit\TUnit.TestProject\TUnit.TestProject.csproj::TargetFramework=net9.0]
C:\git\TUnit\TUnit.TestProject\DependsOnTests2.cs(29,97): error CS1061: 'Task<Exception>' does not contain a definition for 'WithMessage' and no accessible extension method 'WithMessage' accepting a first argument of type 'Task<Exception>' could be found (are you missing a using directive or an assembly reference?) [C:\git\TUnit\TUnit.TestProject\TUnit.TestProject.csproj::TargetFramework=net9.0]
C:\git\TUnit\TUnit.TestProject\Tests.cs(268,13): error CS0815: Cannot assign void to an implicitly-typed variable [C:\git\TUnit\TUnit.TestProject\TUnit.TestProject.csproj::TargetFramework=net8.0]
C:\git\TUnit\TUnit.TestProject\Bugs\2067\Tests.cs(37,13): error CS0815: Cannot assign void to an implicitly-typed variable [C:\git\TUnit\TUnit.TestProject\TUnit.TestProject.csproj::TargetFramework=net8.0]
C:\git\TUnit\TUnit.TestProject\TestContextIsolationTests.cs(125,51): error CS1061: 'AssertionBuilder<int>' does not contain a definition for 'GreaterThanOrEqualTo' and no accessible extension method 'GreaterThanOrEqualTo' accepting a first argument of type 'AssertionBuilder<int>' could be found (are you missing a using directive or an assembly reference?) [C:\git\TUnit\TUnit.TestProject\TUnit.TestProject.csproj::TargetFramework=net8.0]
C:\git\TUnit\TUnit.TestProject\Bugs\2481\Tests.cs(19,29): error CS8917: The delegate type could not be inferred. [C:\git\TUnit\TUnit.TestProject\TUnit.TestProject.csproj::TargetFramework=net8.0]
C:\git\TUnit\TUnit.TestProject\Bugs\2481\Tests.cs(20,29): error CS8917: The delegate type could not be inferred. [C:\git\TUnit\TUnit.TestProject\TUnit.TestProject.csproj::TargetFramework=net8.0]
C:\git\TUnit\TUnit.TestProject\Bugs\2481\Tests.cs(21,29): error CS8917: The delegate type could not be inferred. [C:\git\TUnit\TUnit.TestProject\TUnit.TestProject.csproj::TargetFramework=net8.0]
C:\git\TUnit\TUnit.TestProject\Bugs\2935\GenericTests.cs(31,63): error CS1061: 'Task<string>' does not contain a definition for 'And' and no accessible extension method 'And' accepting a first argument of type 'Task<string>' could be found (are you missing a using directive or an assembly reference?) [C:\git\TUnit\TUnit.TestProject\TUnit.TestProject.csproj::TargetFramework=net8.0]
C:\git\TUnit\TUnit.TestProject\ScopedRetryAttributePriorityTests.cs(63,43): error CS1501: No overload for method 'IsEqualTo' takes 2 arguments [C:\git\TUnit\TUnit.TestProject\TUnit.TestProject.csproj::TargetFramework=net8.0]
C:\git\TUnit\TUnit.TestProject\ScopedRetryAttributePriorityTests.cs(36,54): error CS1501: No overload for method 'IsEqualTo' takes 2 arguments [C:\git\TUnit\TUnit.TestProject\TUnit.TestProject.csproj::TargetFramework=net8.0]
C:\git\TUnit\TUnit.TestProject\ScopedRetryAttributePriorityTests.cs(40,53): error CS1501: No overload for method 'IsEqualTo' takes 2 arguments [C:\git\TUnit\TUnit.TestProject\TUnit.TestProject.csproj::TargetFramework=net8.0]
C:\git\TUnit\TUnit.TestProject\CustomAssertions\Tests.cs(23,15): error CS1929: 'AssertionBuilder<HttpResponseMessage>' does not contain a definition for 'IsProblemDetails' and the best extension method overload 'HttpResponseAssertionExtensions.IsProblemDetails(IValueSource<HttpResponseMessage>)' requires a receiver of type 'TUnit.Assertions.AssertConditions.Interfaces.IValueSource<System.Net.Http.HttpResponseMessage>' [C:\git\TUnit\TUnit.TestProject\TUnit.TestProject.csproj::TargetFramework=net8.0]
C:\git\TUnit\TUnit.TestProject\CustomAssertions\ProblemDetailsAssertion.cs(74,28): error CS1061: 'IValueSource<ProblemDetails>' does not contain a definition for 'RegisterAssertion' and no accessible extension method 'RegisterAssertion' accepting a first argument of type 'IValueSource<ProblemDetails>' could be found (are you missing a using directive or an assembly reference?) [C:\git\TUnit\TUnit.TestProject\TUnit.TestProject.csproj::TargetFramework=net8.0]
C:\git\TUnit\TUnit.TestProject\CustomAssertions\ProblemDetailsAssertion.cs(80,28): error CS1061: 'IValueSource<ProblemDetails>' does not contain a definition for 'RegisterAssertion' and no accessible extension method 'RegisterAssertion' accepting a first argument of type 'IValueSource<ProblemDetails>' could be found (are you missing a using directive or an assembly reference?) [C:\git\TUnit\TUnit.TestProject\TUnit.TestProject.csproj::TargetFramework=net8.0]
C:\git\TUnit\TUnit.TestProject\CustomAssertions\ProblemDetailsAssertion.cs(60,28): error CS1061: 'IValueSource<HttpResponseMessage>' does not contain a definition for 'RegisterConversionAssertion' and no accessible extension method 'RegisterConversionAssertion' accepting a first argument of type 'IValueSource<HttpResponseMessage>' could be found (are you missing a using directive or an assembly reference?) [C:\git\TUnit\TUnit.TestProject\TUnit.TestProject.csproj::TargetFramework=net8.0]
C:\git\TUnit\TUnit.TestProject\OverrideResultsTests.cs(21,29): error CS1660: Cannot convert lambda expression to type 'TestContext' because it is not a delegate type [C:\git\TUnit\TUnit.TestProject\TUnit.TestProject.csproj::TargetFramework=net8.0]
C:\git\TUnit\TUnit.TestProject\DependsOnTests2.cs(29,97): error CS1061: 'Task<Exception>' does not contain a definition for 'WithMessage' and no accessible extension method 'WithMessage' accepting a first argument of type 'Task<Exception>' could be found (are you missing a using directive or an assembly reference?) [C:\git\TUnit\TUnit.TestProject\TUnit.TestProject.csproj::TargetFramework=net8.0]
    1061 Warning(s)
    487 Error(s)

Time Elapsed 00:00:23.10
