  Determining projects to restore...
  All projects are up-to-date for restore.
C:\Users\thomh\.nuget\packages\system.text.encodings.web\9.0.0\buildTransitive\netcoreapp2.0\System.Text.Encodings.Web.targets(4,5): warning : System.Text.Encodings.Web 9.0.0 doesn't support net6.0 and has not been tested with it. Consider upgrading your TargetFramework to net8.0 or later. You may also set <SuppressTfmSupportBuildWarnings>true</SuppressTfmSupportBuildWarnings> in the project file to ignore this warning and attempt to run in this unsupported configuration at your own risk. [C:\git\TUnit\TUnit.TestProject.Library\TUnit.TestProject.Library.csproj::TargetFramework=net6.0]
C:\Users\thomh\.nuget\packages\system.io.pipelines\9.0.0\buildTransitive\netcoreapp2.0\System.IO.Pipelines.targets(4,5): warning : System.IO.Pipelines 9.0.0 doesn't support net6.0 and has not been tested with it. Consider upgrading your TargetFramework to net8.0 or later. You may also set <SuppressTfmSupportBuildWarnings>true</SuppressTfmSupportBuildWarnings> in the project file to ignore this warning and attempt to run in this unsupported configuration at your own risk. [C:\git\TUnit\TUnit.TestProject.Library\TUnit.TestProject.Library.csproj::TargetFramework=net6.0]
C:\Users\thomh\.nuget\packages\microsoft.bcl.asyncinterfaces\9.0.0\buildTransitive\netcoreapp2.0\Microsoft.Bcl.AsyncInterfaces.targets(4,5): warning : Microsoft.Bcl.AsyncInterfaces 9.0.0 doesn't support net6.0 and has not been tested with it. Consider upgrading your TargetFramework to net8.0 or later. You may also set <SuppressTfmSupportBuildWarnings>true</SuppressTfmSupportBuildWarnings> in the project file to ignore this warning and attempt to run in this unsupported configuration at your own risk. [C:\git\TUnit\TUnit.TestProject.Library\TUnit.TestProject.Library.csproj::TargetFramework=net6.0]
C:\Users\thomh\.nuget\packages\system.text.json\9.0.0\buildTransitive\netcoreapp2.0\System.Text.Json.targets(4,5): warning : System.Text.Json 9.0.0 doesn't support net6.0 and has not been tested with it. Consider upgrading your TargetFramework to net8.0 or later. You may also set <SuppressTfmSupportBuildWarnings>true</SuppressTfmSupportBuildWarnings> in the project file to ignore this warning and attempt to run in this unsupported configuration at your own risk. [C:\git\TUnit\TUnit.TestProject.Library\TUnit.TestProject.Library.csproj::TargetFramework=net6.0]
  Removing SourceGeneratedViewer directory...
  Removing SourceGeneratedViewer directory...
C:\git\TUnit\TUnit.Assertions.Analyzers\AnalyzerReleases.Shipped.md(5,1): warning RS2007: Analyzer release file 'AnalyzerReleases.Shipped.md' has a missing or invalid release header '#### Assertion Usage Rules' (https://github.com/dotnet/roslyn-analyzers/blob/main/src/Microsoft.CodeAnalysis.Analyzers/ReleaseTrackingAnalyzers.Help.md) [C:\git\TUnit\TUnit.Assertions.Analyzers\TUnit.Assertions.Analyzers.csproj::TargetFramework=netstandard2.0]
  TUnit.Assertions.Analyzers -> C:\git\TUnit\TUnit.Assertions.Analyzers\bin\Debug\netstandard2.0\TUnit.Assertions.Analyzers.dll
  TUnit.Assertions.Analyzers.CodeFixers -> C:\git\TUnit\TUnit.Assertions.Analyzers.CodeFixers\bin\Debug\netstandard2.0\TUnit.Assertions.Analyzers.CodeFixers.dll
  TUnit.Assertions.SourceGenerator -> C:\git\TUnit\TUnit.Assertions.SourceGenerator\bin\Debug\netstandard2.0\TUnit.Assertions.SourceGenerator.dll
  TUnit.Core -> C:\git\TUnit\TUnit.Core\bin\Debug\net9.0\TUnit.Core.dll
  TUnit.Assertions -> C:\git\TUnit\TUnit.Assertions\bin\Debug\net9.0\TUnit.Assertions.dll
C:\git\TUnit\TUnit.Analyzers\AnalyzerReleases.Shipped.md(5,1): warning RS2007: Analyzer release file 'AnalyzerReleases.Shipped.md' has a missing or invalid release header '#### Test Method and Structure Rules' (https://github.com/dotnet/roslyn-analyzers/blob/main/src/Microsoft.CodeAnalysis.Analyzers/ReleaseTrackingAnalyzers.Help.md) [C:\git\TUnit\TUnit.Analyzers\TUnit.Analyzers.csproj::TargetFramework=netstandard2.0]
  TUnit.Analyzers -> C:\git\TUnit\TUnit.Analyzers\bin\Debug\netstandard2.0\TUnit.Analyzers.dll
  TUnit.Core.SourceGenerator -> C:\git\TUnit\TUnit.Core.SourceGenerator\bin\Debug\netstandard2.0\TUnit.Core.SourceGenerator.dll
  TUnit.Analyzers.CodeFixers -> C:\git\TUnit\TUnit.Analyzers.CodeFixers\bin\Debug\netstandard2.0\TUnit.Analyzers.CodeFixers.dll
C:\git\TUnit\TUnit.TestProject.Library\AsyncBaseTests.cs(4,23): warning TUnit0059: Abstract test class 'AsyncBaseTests' has test methods with data sources. Add [InheritsTests] on a concrete class to execute these tests. [C:\git\TUnit\TUnit.TestProject.Library\TUnit.TestProject.Library.csproj::TargetFramework=net9.0]
C:\git\TUnit\TUnit.TestProject.Library\Bugs\1889\BaseTests.cs(3,23): warning TUnit0059: Abstract test class 'BaseTest' has test methods with data sources. Add [InheritsTests] on a concrete class to execute these tests. [C:\git\TUnit\TUnit.TestProject.Library\TUnit.TestProject.Library.csproj::TargetFramework=net9.0]
C:\git\TUnit\TUnit.TestProject.Library\Bugs\1889\BaseTests.cs(12,17): warning TUnit0300: Generic test method may require runtime type creation may not be AOT-compatible. All generic type combinations must be known at compile time. [C:\git\TUnit\TUnit.TestProject.Library\TUnit.TestProject.Library.csproj::TargetFramework=net9.0]
C:\git\TUnit\TUnit.TestProject.Library\Bugs\1889\BaseTests.cs(19,17): warning TUnit0300: Generic test method may require runtime type creation may not be AOT-compatible. All generic type combinations must be known at compile time. [C:\git\TUnit\TUnit.TestProject.Library\TUnit.TestProject.Library.csproj::TargetFramework=net9.0]
  TUnit.TestProject.Library -> C:\git\TUnit\TUnit.TestProject.Library\bin\Debug\net9.0\TUnit.TestProject.Library.dll
  TUnit.Engine -> C:\git\TUnit\TUnit.Engine\bin\Debug\net9.0\TUnit.Engine.dll
  TUnit -> C:\git\TUnit\TUnit\bin\Debug\net9.0\TUnit.dll
C:\git\TUnit\TUnit.TestProject\SourceGeneratedViewer\TUnit.Core.SourceGenerator\TUnit.Core.SourceGenerator.Generators.PropertyInjectionSourceGenerator\TUnit_TestProject_PropertyInitializationTests_PropertyInjection.g.cs(39,86): warning CS8669: The annotation for nullable reference types should only be used in code within a '#nullable' annotations context. Auto-generated code requires an explicit '#nullable' directive in source. [C:\git\TUnit\TUnit.TestProject\TUnit.TestProject.csproj::TargetFramework=net9.0]
C:\git\TUnit\TUnit.TestProject\SourceGeneratedViewer\TUnit.Core.SourceGenerator\TUnit.Core.SourceGenerator.Generators.PropertyInjectionSourceGenerator\TUnit_TestProject_PropertyInitializationTests_PropertyInjection.g.cs(56,97): warning CS8669: The annotation for nullable reference types should only be used in code within a '#nullable' annotations context. Auto-generated code requires an explicit '#nullable' directive in source. [C:\git\TUnit\TUnit.TestProject\TUnit.TestProject.csproj::TargetFramework=net9.0]
C:\git\TUnit\TUnit.TestProject\AbstractBaseClassPropertyInjectionTests.cs(20,27): warning CS8602: Dereference of a possibly null reference. [C:\git\TUnit\TUnit.TestProject\TUnit.TestProject.csproj::TargetFramework=net9.0]
C:\git\TUnit\TUnit.TestProject\AbstractBaseClassPropertyInjectionTests.cs(37,15): warning CS8620: Argument of type 'ValueAssertion<string?>' cannot be used for parameter 'source' of type 'IAssertionSource<string>' in 'StringEqualsAssertion AssertionExtensions.IsEqualTo(IAssertionSource<string> source, string expected, string? expression = null)' due to differences in the nullability of reference types. [C:\git\TUnit\TUnit.TestProject\TUnit.TestProject.csproj::TargetFramework=net9.0]
C:\git\TUnit\TUnit.TestProject\TransactionTest.cs(11,30): warning CS8618: Non-nullable field '_scope' must contain a non-null value when exiting constructor. Consider adding the 'required' modifier or declaring the field as nullable. [C:\git\TUnit\TUnit.TestProject\TUnit.TestProject.csproj::TargetFramework=net9.0]
C:\git\TUnit\TUnit.TestProject\AsyncDataSourceExampleTests.cs(7,67): warning CS1998: This async method lacks 'await' operators and will run synchronously. Consider using the 'await' operator to await non-blocking API calls, or 'await Task.Run(...)' to do CPU-bound work on a background thread. [C:\git\TUnit\TUnit.TestProject\TUnit.TestProject.csproj::TargetFramework=net9.0]
C:\git\TUnit\TUnit.TestProject\AsyncDataSourceExampleTests.cs(59,71): warning CS1998: This async method lacks 'await' operators and will run synchronously. Consider using the 'await' operator to await non-blocking API calls, or 'await Task.Run(...)' to do CPU-bound work on a background thread. [C:\git\TUnit\TUnit.TestProject\TUnit.TestProject.csproj::TargetFramework=net9.0]
C:\git\TUnit\TUnit.TestProject\AsyncLocalTest.cs(27,15): warning CS8620: Argument of type 'ValueAssertion<string?>' cannot be used for parameter 'source' of type 'IAssertionSource<string>' in 'StringEqualsAssertion AssertionExtensions.IsEqualTo(IAssertionSource<string> source, string expected, string? expression = null)' due to differences in the nullability of reference types. [C:\git\TUnit\TUnit.TestProject\TUnit.TestProject.csproj::TargetFramework=net9.0]
C:\git\TUnit\TUnit.TestProject\Tests.cs(13,15): warning CS8620: Argument of type 'ValueAssertion<string?>' cannot be used for parameter 'source' of type 'IAssertionSource<string>' in 'StringEqualsAssertion AssertionExtensions.IsEqualTo(IAssertionSource<string> source, string expected, StringComparison comparison, string? expression = null)' due to differences in the nullability of reference types. [C:\git\TUnit\TUnit.TestProject\TUnit.TestProject.csproj::TargetFramework=net9.0]
C:\git\TUnit\TUnit.TestProject\Bugs\1570\Tests.cs(21,23): warning CS1998: This async method lacks 'await' operators and will run synchronously. Consider using the 'await' operator to await non-blocking API calls, or 'await Task.Run(...)' to do CPU-bound work on a background thread. [C:\git\TUnit\TUnit.TestProject\TUnit.TestProject.csproj::TargetFramework=net9.0]
C:\git\TUnit\TUnit.TestProject\Bugs\1914\SyncHookTests.cs(52,9): warning CS8620: Argument of type 'ValueAssertion<string?>' cannot be used for parameter 'source' of type 'IAssertionSource<string>' in 'StringEqualsAssertion AssertionExtensions.IsEqualTo(IAssertionSource<string> source, string expected, string? expression = null)' due to differences in the nullability of reference types. [C:\git\TUnit\TUnit.TestProject\TUnit.TestProject.csproj::TargetFramework=net9.0]
C:\git\TUnit\TUnit.TestProject\Bugs\1914\SyncHookTests.cs(54,9): warning CS8620: Argument of type 'ValueAssertion<string?>' cannot be used for parameter 'source' of type 'IAssertionSource<string>' in 'StringEqualsAssertion AssertionExtensions.IsEqualTo(IAssertionSource<string> source, string expected, string? expression = null)' due to differences in the nullability of reference types. [C:\git\TUnit\TUnit.TestProject\TUnit.TestProject.csproj::TargetFramework=net9.0]
C:\git\TUnit\TUnit.TestProject\Bugs\1914\AsyncHookTests.cs(53,15): warning CS8620: Argument of type 'ValueAssertion<string?>' cannot be used for parameter 'source' of type 'IAssertionSource<string>' in 'StringEqualsAssertion AssertionExtensions.IsEqualTo(IAssertionSource<string> source, string expected, string? expression = null)' due to differences in the nullability of reference types. [C:\git\TUnit\TUnit.TestProject\TUnit.TestProject.csproj::TargetFramework=net9.0]
C:\git\TUnit\TUnit.TestProject\Bugs\1914\AsyncHookTests.cs(55,15): warning CS8620: Argument of type 'ValueAssertion<string?>' cannot be used for parameter 'source' of type 'IAssertionSource<string>' in 'StringEqualsAssertion AssertionExtensions.IsEqualTo(IAssertionSource<string> source, string expected, string? expression = null)' due to differences in the nullability of reference types. [C:\git\TUnit\TUnit.TestProject\TUnit.TestProject.csproj::TargetFramework=net9.0]
C:\git\TUnit\TUnit.TestProject\Bugs\1914\SyncHookTests.cs(69,9): warning CS8620: Argument of type 'ValueAssertion<string?>' cannot be used for parameter 'source' of type 'IAssertionSource<string>' in 'StringEqualsAssertion AssertionExtensions.IsEqualTo(IAssertionSource<string> source, string expected, string? expression = null)' due to differences in the nullability of reference types. [C:\git\TUnit\TUnit.TestProject\TUnit.TestProject.csproj::TargetFramework=net9.0]
C:\git\TUnit\TUnit.TestProject\Bugs\1914\SyncHookTests.cs(71,9): warning CS8620: Argument of type 'ValueAssertion<string?>' cannot be used for parameter 'source' of type 'IAssertionSource<string>' in 'StringEqualsAssertion AssertionExtensions.IsEqualTo(IAssertionSource<string> source, string expected, string? expression = null)' due to differences in the nullability of reference types. [C:\git\TUnit\TUnit.TestProject\TUnit.TestProject.csproj::TargetFramework=net9.0]
C:\git\TUnit\TUnit.TestProject\Bugs\1914\AsyncHookTests.cs(71,15): warning CS8620: Argument of type 'ValueAssertion<string?>' cannot be used for parameter 'source' of type 'IAssertionSource<string>' in 'StringEqualsAssertion AssertionExtensions.IsEqualTo(IAssertionSource<string> source, string expected, string? expression = null)' due to differences in the nullability of reference types. [C:\git\TUnit\TUnit.TestProject\TUnit.TestProject.csproj::TargetFramework=net9.0]
C:\git\TUnit\TUnit.TestProject\Bugs\1914\AsyncHookTests.cs(73,15): warning CS8620: Argument of type 'ValueAssertion<string?>' cannot be used for parameter 'source' of type 'IAssertionSource<string>' in 'StringEqualsAssertion AssertionExtensions.IsEqualTo(IAssertionSource<string> source, string expected, string? expression = null)' due to differences in the nullability of reference types. [C:\git\TUnit\TUnit.TestProject\TUnit.TestProject.csproj::TargetFramework=net9.0]
C:\git\TUnit\TUnit.TestProject\Bugs\2075\Tests.cs(53,45): warning CS9113: Parameter 'factory' is unread. [C:\git\TUnit\TUnit.TestProject\TUnit.TestProject.csproj::TargetFramework=net9.0]
C:\git\TUnit\TUnit.TestProject\Bugs\1914\SyncHookTests.cs(86,9): warning CS8620: Argument of type 'ValueAssertion<string?>' cannot be used for parameter 'source' of type 'IAssertionSource<string>' in 'StringEqualsAssertion AssertionExtensions.IsEqualTo(IAssertionSource<string> source, string expected, string? expression = null)' due to differences in the nullability of reference types. [C:\git\TUnit\TUnit.TestProject\TUnit.TestProject.csproj::TargetFramework=net9.0]
C:\git\TUnit\TUnit.TestProject\Bugs\1914\SyncHookTests.cs(89,9): warning CS8620: Argument of type 'ValueAssertion<string?>' cannot be used for parameter 'source' of type 'IAssertionSource<string>' in 'StringEqualsAssertion AssertionExtensions.IsEqualTo(IAssertionSource<string> source, string expected, string? expression = null)' due to differences in the nullability of reference types. [C:\git\TUnit\TUnit.TestProject\TUnit.TestProject.csproj::TargetFramework=net9.0]
C:\git\TUnit\TUnit.TestProject\Bugs\1914\SyncHookTests.cs(93,9): warning CS8620: Argument of type 'ValueAssertion<string?>' cannot be used for parameter 'source' of type 'IAssertionSource<string>' in 'StringEqualsAssertion AssertionExtensions.IsEqualTo(IAssertionSource<string> source, string expected, string? expression = null)' due to differences in the nullability of reference types. [C:\git\TUnit\TUnit.TestProject\TUnit.TestProject.csproj::TargetFramework=net9.0]
C:\git\TUnit\TUnit.TestProject\Bugs\1914\SyncHookTests.cs(96,9): warning CS8620: Argument of type 'ValueAssertion<string?>' cannot be used for parameter 'source' of type 'IAssertionSource<string>' in 'StringEqualsAssertion AssertionExtensions.IsEqualTo(IAssertionSource<string> source, string expected, string? expression = null)' due to differences in the nullability of reference types. [C:\git\TUnit\TUnit.TestProject\TUnit.TestProject.csproj::TargetFramework=net9.0]
C:\git\TUnit\TUnit.TestProject\Bugs\2136\Tests.cs(17,15): warning CS8620: Argument of type 'ValueAssertion<string?>' cannot be used for parameter 'source' of type 'IAssertionSource<string>' in 'StringEqualsAssertion AssertionExtensions.IsEqualTo(IAssertionSource<string> source, string expected, string? expression = null)' due to differences in the nullability of reference types. [C:\git\TUnit\TUnit.TestProject\TUnit.TestProject.csproj::TargetFramework=net9.0]
C:\git\TUnit\TUnit.TestProject\Bugs\1914\AsyncHookTests.cs(89,15): warning CS8620: Argument of type 'ValueAssertion<string?>' cannot be used for parameter 'source' of type 'IAssertionSource<string>' in 'StringEqualsAssertion AssertionExtensions.IsEqualTo(IAssertionSource<string> source, string expected, string? expression = null)' due to differences in the nullability of reference types. [C:\git\TUnit\TUnit.TestProject\TUnit.TestProject.csproj::TargetFramework=net9.0]
C:\git\TUnit\TUnit.TestProject\Bugs\1914\AsyncHookTests.cs(91,15): warning CS8620: Argument of type 'ValueAssertion<string?>' cannot be used for parameter 'source' of type 'IAssertionSource<string>' in 'StringEqualsAssertion AssertionExtensions.IsEqualTo(IAssertionSource<string> source, string expected, string? expression = null)' due to differences in the nullability of reference types. [C:\git\TUnit\TUnit.TestProject\TUnit.TestProject.csproj::TargetFramework=net9.0]
C:\git\TUnit\TUnit.TestProject\Bugs\1914\AsyncHookTests.cs(94,15): warning CS8620: Argument of type 'ValueAssertion<string?>' cannot be used for parameter 'source' of type 'IAssertionSource<string>' in 'StringEqualsAssertion AssertionExtensions.IsEqualTo(IAssertionSource<string> source, string expected, string? expression = null)' due to differences in the nullability of reference types. [C:\git\TUnit\TUnit.TestProject\TUnit.TestProject.csproj::TargetFramework=net9.0]
C:\git\TUnit\TUnit.TestProject\Bugs\1914\AsyncHookTests.cs(96,15): warning CS8620: Argument of type 'ValueAssertion<string?>' cannot be used for parameter 'source' of type 'IAssertionSource<string>' in 'StringEqualsAssertion AssertionExtensions.IsEqualTo(IAssertionSource<string> source, string expected, string? expression = null)' due to differences in the nullability of reference types. [C:\git\TUnit\TUnit.TestProject\TUnit.TestProject.csproj::TargetFramework=net9.0]
C:\git\TUnit\TUnit.TestProject\Bugs\1914\SyncHookTests.cs(112,9): warning CS8620: Argument of type 'ValueAssertion<string?>' cannot be used for parameter 'source' of type 'IAssertionSource<string>' in 'StringEqualsAssertion AssertionExtensions.IsEqualTo(IAssertionSource<string> source, string expected, string? expression = null)' due to differences in the nullability of reference types. [C:\git\TUnit\TUnit.TestProject\TUnit.TestProject.csproj::TargetFramework=net9.0]
C:\git\TUnit\TUnit.TestProject\Bugs\1914\SyncHookTests.cs(115,9): warning CS8620: Argument of type 'ValueAssertion<string?>' cannot be used for parameter 'source' of type 'IAssertionSource<string>' in 'StringEqualsAssertion AssertionExtensions.IsEqualTo(IAssertionSource<string> source, string expected, string? expression = null)' due to differences in the nullability of reference types. [C:\git\TUnit\TUnit.TestProject\TUnit.TestProject.csproj::TargetFramework=net9.0]
C:\git\TUnit\TUnit.TestProject\Bugs\1914\SyncHookTests.cs(119,9): warning CS8620: Argument of type 'ValueAssertion<string?>' cannot be used for parameter 'source' of type 'IAssertionSource<string>' in 'StringEqualsAssertion AssertionExtensions.IsEqualTo(IAssertionSource<string> source, string expected, string? expression = null)' due to differences in the nullability of reference types. [C:\git\TUnit\TUnit.TestProject\TUnit.TestProject.csproj::TargetFramework=net9.0]
C:\git\TUnit\TUnit.TestProject\Bugs\1914\SyncHookTests.cs(122,9): warning CS8620: Argument of type 'ValueAssertion<string?>' cannot be used for parameter 'source' of type 'IAssertionSource<string>' in 'StringEqualsAssertion AssertionExtensions.IsEqualTo(IAssertionSource<string> source, string expected, string? expression = null)' due to differences in the nullability of reference types. [C:\git\TUnit\TUnit.TestProject\TUnit.TestProject.csproj::TargetFramework=net9.0]
C:\git\TUnit\TUnit.TestProject\Bugs\1914\AsyncHookTests.cs(112,15): warning CS8620: Argument of type 'ValueAssertion<string?>' cannot be used for parameter 'source' of type 'IAssertionSource<string>' in 'StringEqualsAssertion AssertionExtensions.IsEqualTo(IAssertionSource<string> source, string expected, string? expression = null)' due to differences in the nullability of reference types. [C:\git\TUnit\TUnit.TestProject\TUnit.TestProject.csproj::TargetFramework=net9.0]
C:\git\TUnit\TUnit.TestProject\Bugs\1914\AsyncHookTests.cs(114,15): warning CS8620: Argument of type 'ValueAssertion<string?>' cannot be used for parameter 'source' of type 'IAssertionSource<string>' in 'StringEqualsAssertion AssertionExtensions.IsEqualTo(IAssertionSource<string> source, string expected, string? expression = null)' due to differences in the nullability of reference types. [C:\git\TUnit\TUnit.TestProject\TUnit.TestProject.csproj::TargetFramework=net9.0]
C:\git\TUnit\TUnit.TestProject\Bugs\1914\AsyncHookTests.cs(117,15): warning CS8620: Argument of type 'ValueAssertion<string?>' cannot be used for parameter 'source' of type 'IAssertionSource<string>' in 'StringEqualsAssertion AssertionExtensions.IsEqualTo(IAssertionSource<string> source, string expected, string? expression = null)' due to differences in the nullability of reference types. [C:\git\TUnit\TUnit.TestProject\TUnit.TestProject.csproj::TargetFramework=net9.0]
C:\git\TUnit\TUnit.TestProject\Bugs\1914\AsyncHookTests.cs(119,15): warning CS8620: Argument of type 'ValueAssertion<string?>' cannot be used for parameter 'source' of type 'IAssertionSource<string>' in 'StringEqualsAssertion AssertionExtensions.IsEqualTo(IAssertionSource<string> source, string expected, string? expression = null)' due to differences in the nullability of reference types. [C:\git\TUnit\TUnit.TestProject\TUnit.TestProject.csproj::TargetFramework=net9.0]
C:\git\TUnit\TUnit.TestProject\Bugs\1914\SyncHookTests.cs(138,9): warning CS8620: Argument of type 'ValueAssertion<string?>' cannot be used for parameter 'source' of type 'IAssertionSource<string>' in 'StringEqualsAssertion AssertionExtensions.IsEqualTo(IAssertionSource<string> source, string expected, string? expression = null)' due to differences in the nullability of reference types. [C:\git\TUnit\TUnit.TestProject\TUnit.TestProject.csproj::TargetFramework=net9.0]
C:\git\TUnit\TUnit.TestProject\Bugs\1914\SyncHookTests.cs(141,9): warning CS8620: Argument of type 'ValueAssertion<string?>' cannot be used for parameter 'source' of type 'IAssertionSource<string>' in 'StringEqualsAssertion AssertionExtensions.IsEqualTo(IAssertionSource<string> source, string expected, string? expression = null)' due to differences in the nullability of reference types. [C:\git\TUnit\TUnit.TestProject\TUnit.TestProject.csproj::TargetFramework=net9.0]
C:\git\TUnit\TUnit.TestProject\Bugs\1914\SyncHookTests.cs(145,9): warning CS8620: Argument of type 'ValueAssertion<string?>' cannot be used for parameter 'source' of type 'IAssertionSource<string>' in 'StringEqualsAssertion AssertionExtensions.IsEqualTo(IAssertionSource<string> source, string expected, string? expression = null)' due to differences in the nullability of reference types. [C:\git\TUnit\TUnit.TestProject\TUnit.TestProject.csproj::TargetFramework=net9.0]
C:\git\TUnit\TUnit.TestProject\Bugs\1914\SyncHookTests.cs(148,9): warning CS8620: Argument of type 'ValueAssertion<string?>' cannot be used for parameter 'source' of type 'IAssertionSource<string>' in 'StringEqualsAssertion AssertionExtensions.IsEqualTo(IAssertionSource<string> source, string expected, string? expression = null)' due to differences in the nullability of reference types. [C:\git\TUnit\TUnit.TestProject\TUnit.TestProject.csproj::TargetFramework=net9.0]
C:\git\TUnit\TUnit.TestProject\Bugs\1914\SyncHookTests.cs(152,9): warning CS8620: Argument of type 'ValueAssertion<string?>' cannot be used for parameter 'source' of type 'IAssertionSource<string>' in 'StringEqualsAssertion AssertionExtensions.IsEqualTo(IAssertionSource<string> source, string expected, string? expression = null)' due to differences in the nullability of reference types. [C:\git\TUnit\TUnit.TestProject\TUnit.TestProject.csproj::TargetFramework=net9.0]
C:\git\TUnit\TUnit.TestProject\Bugs\1914\SyncHookTests.cs(155,9): warning CS8620: Argument of type 'ValueAssertion<string?>' cannot be used for parameter 'source' of type 'IAssertionSource<string>' in 'StringEqualsAssertion AssertionExtensions.IsEqualTo(IAssertionSource<string> source, string expected, string? expression = null)' due to differences in the nullability of reference types. [C:\git\TUnit\TUnit.TestProject\TUnit.TestProject.csproj::TargetFramework=net9.0]
C:\git\TUnit\TUnit.TestProject\Tests.cs(189,15): warning CS8620: Argument of type 'ValueAssertion<string?>' cannot be used for parameter 'source' of type 'IAssertionSource<string>' in 'StringEqualsAssertion AssertionExtensions.IsEqualTo(IAssertionSource<string> source, string expected, string? expression = null)' due to differences in the nullability of reference types. [C:\git\TUnit\TUnit.TestProject\TUnit.TestProject.csproj::TargetFramework=net9.0]
C:\git\TUnit\TUnit.TestProject\Tests.cs(196,15): warning CS8620: Argument of type 'ValueAssertion<string?>' cannot be used for parameter 'source' of type 'IAssertionSource<string>' in 'StringEqualsAssertion AssertionExtensions.IsEqualTo(IAssertionSource<string> source, string expected, string? expression = null)' due to differences in the nullability of reference types. [C:\git\TUnit\TUnit.TestProject\TUnit.TestProject.csproj::TargetFramework=net9.0]
C:\git\TUnit\TUnit.TestProject\Bugs\1914\AsyncHookTests.cs(135,15): warning CS8620: Argument of type 'ValueAssertion<string?>' cannot be used for parameter 'source' of type 'IAssertionSource<string>' in 'StringEqualsAssertion AssertionExtensions.IsEqualTo(IAssertionSource<string> source, string expected, string? expression = null)' due to differences in the nullability of reference types. [C:\git\TUnit\TUnit.TestProject\TUnit.TestProject.csproj::TargetFramework=net9.0]
C:\git\TUnit\TUnit.TestProject\Bugs\1914\AsyncHookTests.cs(137,15): warning CS8620: Argument of type 'ValueAssertion<string?>' cannot be used for parameter 'source' of type 'IAssertionSource<string>' in 'StringEqualsAssertion AssertionExtensions.IsEqualTo(IAssertionSource<string> source, string expected, string? expression = null)' due to differences in the nullability of reference types. [C:\git\TUnit\TUnit.TestProject\TUnit.TestProject.csproj::TargetFramework=net9.0]
C:\git\TUnit\TUnit.TestProject\Bugs\1914\AsyncHookTests.cs(140,15): warning CS8620: Argument of type 'ValueAssertion<string?>' cannot be used for parameter 'source' of type 'IAssertionSource<string>' in 'StringEqualsAssertion AssertionExtensions.IsEqualTo(IAssertionSource<string> source, string expected, string? expression = null)' due to differences in the nullability of reference types. [C:\git\TUnit\TUnit.TestProject\TUnit.TestProject.csproj::TargetFramework=net9.0]
C:\git\TUnit\TUnit.TestProject\Bugs\1914\AsyncHookTests.cs(142,15): warning CS8620: Argument of type 'ValueAssertion<string?>' cannot be used for parameter 'source' of type 'IAssertionSource<string>' in 'StringEqualsAssertion AssertionExtensions.IsEqualTo(IAssertionSource<string> source, string expected, string? expression = null)' due to differences in the nullability of reference types. [C:\git\TUnit\TUnit.TestProject\TUnit.TestProject.csproj::TargetFramework=net9.0]
C:\git\TUnit\TUnit.TestProject\Bugs\1914\AsyncHookTests.cs(145,15): warning CS8620: Argument of type 'ValueAssertion<string?>' cannot be used for parameter 'source' of type 'IAssertionSource<string>' in 'StringEqualsAssertion AssertionExtensions.IsEqualTo(IAssertionSource<string> source, string expected, string? expression = null)' due to differences in the nullability of reference types. [C:\git\TUnit\TUnit.TestProject\TUnit.TestProject.csproj::TargetFramework=net9.0]
C:\git\TUnit\TUnit.TestProject\Bugs\1914\AsyncHookTests.cs(147,15): warning CS8620: Argument of type 'ValueAssertion<string?>' cannot be used for parameter 'source' of type 'IAssertionSource<string>' in 'StringEqualsAssertion AssertionExtensions.IsEqualTo(IAssertionSource<string> source, string expected, string? expression = null)' due to differences in the nullability of reference types. [C:\git\TUnit\TUnit.TestProject\TUnit.TestProject.csproj::TargetFramework=net9.0]
C:\git\TUnit\TUnit.TestProject\Bugs\3072\Tests.cs(38,15): warning CS8620: Argument of type 'ValueAssertion<string?>' cannot be used for parameter 'source' of type 'IAssertionSource<string>' in 'StringEqualsAssertion AssertionExtensions.IsEqualTo(IAssertionSource<string> source, string expected, string? expression = null)' due to differences in the nullability of reference types. [C:\git\TUnit\TUnit.TestProject\TUnit.TestProject.csproj::TargetFramework=net9.0]
C:\git\TUnit\TUnit.TestProject\ClassDataSourceEnumerableTest.cs(6,51): warning CS9113: Parameter 'value' is unread. [C:\git\TUnit\TUnit.TestProject\TUnit.TestProject.csproj::TargetFramework=net9.0]
C:\git\TUnit\TUnit.TestProject\Bugs\2955\InheritedDataSourceTests.cs(68,27): warning CS8602: Dereference of a possibly null reference. [C:\git\TUnit\TUnit.TestProject\TUnit.TestProject.csproj::TargetFramework=net9.0]
C:\git\TUnit\TUnit.TestProject\Bugs\2935\GenericTests.cs(31,15): warning CS8620: Argument of type 'ValueAssertion<object?>' cannot be used for parameter 'source' of type 'IAssertionSource<object>' in 'TypeOfAssertion<object, string> AssertionExtensions.IsTypeOf<string>(IAssertionSource<object> source)' due to differences in the nullability of reference types. [C:\git\TUnit\TUnit.TestProject\TUnit.TestProject.csproj::TargetFramework=net9.0]
C:\git\TUnit\TUnit.TestProject\Bugs\1914\SyncHookTests.cs(171,9): warning CS8620: Argument of type 'ValueAssertion<string?>' cannot be used for parameter 'source' of type 'IAssertionSource<string>' in 'StringEqualsAssertion AssertionExtensions.IsEqualTo(IAssertionSource<string> source, string expected, string? expression = null)' due to differences in the nullability of reference types. [C:\git\TUnit\TUnit.TestProject\TUnit.TestProject.csproj::TargetFramework=net9.0]
C:\git\TUnit\TUnit.TestProject\Bugs\1914\SyncHookTests.cs(174,9): warning CS8620: Argument of type 'ValueAssertion<string?>' cannot be used for parameter 'source' of type 'IAssertionSource<string>' in 'StringEqualsAssertion AssertionExtensions.IsEqualTo(IAssertionSource<string> source, string expected, string? expression = null)' due to differences in the nullability of reference types. [C:\git\TUnit\TUnit.TestProject\TUnit.TestProject.csproj::TargetFramework=net9.0]
C:\git\TUnit\TUnit.TestProject\Bugs\1914\SyncHookTests.cs(178,9): warning CS8620: Argument of type 'ValueAssertion<string?>' cannot be used for parameter 'source' of type 'IAssertionSource<string>' in 'StringEqualsAssertion AssertionExtensions.IsEqualTo(IAssertionSource<string> source, string expected, string? expression = null)' due to differences in the nullability of reference types. [C:\git\TUnit\TUnit.TestProject\TUnit.TestProject.csproj::TargetFramework=net9.0]
C:\git\TUnit\TUnit.TestProject\Bugs\1914\SyncHookTests.cs(181,9): warning CS8620: Argument of type 'ValueAssertion<string?>' cannot be used for parameter 'source' of type 'IAssertionSource<string>' in 'StringEqualsAssertion AssertionExtensions.IsEqualTo(IAssertionSource<string> source, string expected, string? expression = null)' due to differences in the nullability of reference types. [C:\git\TUnit\TUnit.TestProject\TUnit.TestProject.csproj::TargetFramework=net9.0]
C:\git\TUnit\TUnit.TestProject\Bugs\1914\SyncHookTests.cs(185,9): warning CS8620: Argument of type 'ValueAssertion<string?>' cannot be used for parameter 'source' of type 'IAssertionSource<string>' in 'StringEqualsAssertion AssertionExtensions.IsEqualTo(IAssertionSource<string> source, string expected, string? expression = null)' due to differences in the nullability of reference types. [C:\git\TUnit\TUnit.TestProject\TUnit.TestProject.csproj::TargetFramework=net9.0]
C:\git\TUnit\TUnit.TestProject\Bugs\1914\SyncHookTests.cs(188,9): warning CS8620: Argument of type 'ValueAssertion<string?>' cannot be used for parameter 'source' of type 'IAssertionSource<string>' in 'StringEqualsAssertion AssertionExtensions.IsEqualTo(IAssertionSource<string> source, string expected, string? expression = null)' due to differences in the nullability of reference types. [C:\git\TUnit\TUnit.TestProject\TUnit.TestProject.csproj::TargetFramework=net9.0]
C:\git\TUnit\TUnit.TestProject\Bugs\1914\SyncHookTests.cs(204,9): warning CS8620: Argument of type 'ValueAssertion<string?>' cannot be used for parameter 'source' of type 'IAssertionSource<string>' in 'StringEqualsAssertion AssertionExtensions.IsEqualTo(IAssertionSource<string> source, string expected, string? expression = null)' due to differences in the nullability of reference types. [C:\git\TUnit\TUnit.TestProject\TUnit.TestProject.csproj::TargetFramework=net9.0]
C:\git\TUnit\TUnit.TestProject\Bugs\1914\SyncHookTests.cs(207,9): warning CS8620: Argument of type 'ValueAssertion<string?>' cannot be used for parameter 'source' of type 'IAssertionSource<string>' in 'StringEqualsAssertion AssertionExtensions.IsEqualTo(IAssertionSource<string> source, string expected, string? expression = null)' due to differences in the nullability of reference types. [C:\git\TUnit\TUnit.TestProject\TUnit.TestProject.csproj::TargetFramework=net9.0]
C:\git\TUnit\TUnit.TestProject\Bugs\1914\SyncHookTests.cs(211,9): warning CS8620: Argument of type 'ValueAssertion<string?>' cannot be used for parameter 'source' of type 'IAssertionSource<string>' in 'StringEqualsAssertion AssertionExtensions.IsEqualTo(IAssertionSource<string> source, string expected, string? expression = null)' due to differences in the nullability of reference types. [C:\git\TUnit\TUnit.TestProject\TUnit.TestProject.csproj::TargetFramework=net9.0]
C:\git\TUnit\TUnit.TestProject\Bugs\1914\SyncHookTests.cs(214,9): warning CS8620: Argument of type 'ValueAssertion<string?>' cannot be used for parameter 'source' of type 'IAssertionSource<string>' in 'StringEqualsAssertion AssertionExtensions.IsEqualTo(IAssertionSource<string> source, string expected, string? expression = null)' due to differences in the nullability of reference types. [C:\git\TUnit\TUnit.TestProject\TUnit.TestProject.csproj::TargetFramework=net9.0]
C:\git\TUnit\TUnit.TestProject\Bugs\1914\SyncHookTests.cs(218,9): warning CS8620: Argument of type 'ValueAssertion<string?>' cannot be used for parameter 'source' of type 'IAssertionSource<string>' in 'StringEqualsAssertion AssertionExtensions.IsEqualTo(IAssertionSource<string> source, string expected, string? expression = null)' due to differences in the nullability of reference types. [C:\git\TUnit\TUnit.TestProject\TUnit.TestProject.csproj::TargetFramework=net9.0]
C:\git\TUnit\TUnit.TestProject\Bugs\1914\SyncHookTests.cs(221,9): warning CS8620: Argument of type 'ValueAssertion<string?>' cannot be used for parameter 'source' of type 'IAssertionSource<string>' in 'StringEqualsAssertion AssertionExtensions.IsEqualTo(IAssertionSource<string> source, string expected, string? expression = null)' due to differences in the nullability of reference types. [C:\git\TUnit\TUnit.TestProject\TUnit.TestProject.csproj::TargetFramework=net9.0]
C:\git\TUnit\TUnit.TestProject\Bugs\1914\SyncHookTests.cs(225,9): warning CS8620: Argument of type 'ValueAssertion<string?>' cannot be used for parameter 'source' of type 'IAssertionSource<string>' in 'StringEqualsAssertion AssertionExtensions.IsEqualTo(IAssertionSource<string> source, string expected, string? expression = null)' due to differences in the nullability of reference types. [C:\git\TUnit\TUnit.TestProject\TUnit.TestProject.csproj::TargetFramework=net9.0]
C:\git\TUnit\TUnit.TestProject\Bugs\1914\SyncHookTests.cs(228,9): warning CS8620: Argument of type 'ValueAssertion<string?>' cannot be used for parameter 'source' of type 'IAssertionSource<string>' in 'StringEqualsAssertion AssertionExtensions.IsEqualTo(IAssertionSource<string> source, string expected, string? expression = null)' due to differences in the nullability of reference types. [C:\git\TUnit\TUnit.TestProject\TUnit.TestProject.csproj::TargetFramework=net9.0]
C:\git\TUnit\TUnit.TestProject\Bugs\Issue2887\ReproTest.cs(16,54): warning CS9113: Parameter 'serviceProvider' is unread. [C:\git\TUnit\TUnit.TestProject\TUnit.TestProject.csproj::TargetFramework=net9.0]
C:\git\TUnit\TUnit.TestProject\ClassDisplayNameAttributeTests.cs(23,57): warning CS9113: Parameter 'value' is unread. [C:\git\TUnit\TUnit.TestProject\TUnit.TestProject.csproj::TargetFramework=net9.0]
C:\git\TUnit\TUnit.TestProject\Bugs\Issue2993\ImplicitConversionTests.cs(27,35): warning CS8600: Converting null literal or possible null value to non-nullable type. [C:\git\TUnit\TUnit.TestProject\TUnit.TestProject.csproj::TargetFramework=net9.0]
C:\git\TUnit\TUnit.TestProject\Bugs\1914\SyncHookTests.cs(244,9): warning CS8620: Argument of type 'ValueAssertion<string?>' cannot be used for parameter 'source' of type 'IAssertionSource<string>' in 'StringEqualsAssertion AssertionExtensions.IsEqualTo(IAssertionSource<string> source, string expected, string? expression = null)' due to differences in the nullability of reference types. [C:\git\TUnit\TUnit.TestProject\TUnit.TestProject.csproj::TargetFramework=net9.0]
C:\git\TUnit\TUnit.TestProject\Bugs\1914\SyncHookTests.cs(247,9): warning CS8620: Argument of type 'ValueAssertion<string?>' cannot be used for parameter 'source' of type 'IAssertionSource<string>' in 'StringEqualsAssertion AssertionExtensions.IsEqualTo(IAssertionSource<string> source, string expected, string? expression = null)' due to differences in the nullability of reference types. [C:\git\TUnit\TUnit.TestProject\TUnit.TestProject.csproj::TargetFramework=net9.0]
C:\git\TUnit\TUnit.TestProject\Bugs\1914\SyncHookTests.cs(251,9): warning CS8620: Argument of type 'ValueAssertion<string?>' cannot be used for parameter 'source' of type 'IAssertionSource<string>' in 'StringEqualsAssertion AssertionExtensions.IsEqualTo(IAssertionSource<string> source, string expected, string? expression = null)' due to differences in the nullability of reference types. [C:\git\TUnit\TUnit.TestProject\TUnit.TestProject.csproj::TargetFramework=net9.0]
C:\git\TUnit\TUnit.TestProject\Bugs\1914\SyncHookTests.cs(254,9): warning CS8620: Argument of type 'ValueAssertion<string?>' cannot be used for parameter 'source' of type 'IAssertionSource<string>' in 'StringEqualsAssertion AssertionExtensions.IsEqualTo(IAssertionSource<string> source, string expected, string? expression = null)' due to differences in the nullability of reference types. [C:\git\TUnit\TUnit.TestProject\TUnit.TestProject.csproj::TargetFramework=net9.0]
C:\git\TUnit\TUnit.TestProject\Bugs\1914\SyncHookTests.cs(258,9): warning CS8620: Argument of type 'ValueAssertion<string?>' cannot be used for parameter 'source' of type 'IAssertionSource<string>' in 'StringEqualsAssertion AssertionExtensions.IsEqualTo(IAssertionSource<string> source, string expected, string? expression = null)' due to differences in the nullability of reference types. [C:\git\TUnit\TUnit.TestProject\TUnit.TestProject.csproj::TargetFramework=net9.0]
C:\git\TUnit\TUnit.TestProject\Bugs\1914\SyncHookTests.cs(261,9): warning CS8620: Argument of type 'ValueAssertion<string?>' cannot be used for parameter 'source' of type 'IAssertionSource<string>' in 'StringEqualsAssertion AssertionExtensions.IsEqualTo(IAssertionSource<string> source, string expected, string? expression = null)' due to differences in the nullability of reference types. [C:\git\TUnit\TUnit.TestProject\TUnit.TestProject.csproj::TargetFramework=net9.0]
C:\git\TUnit\TUnit.TestProject\Bugs\1914\SyncHookTests.cs(265,9): warning CS8620: Argument of type 'ValueAssertion<string?>' cannot be used for parameter 'source' of type 'IAssertionSource<string>' in 'StringEqualsAssertion AssertionExtensions.IsEqualTo(IAssertionSource<string> source, string expected, string? expression = null)' due to differences in the nullability of reference types. [C:\git\TUnit\TUnit.TestProject\TUnit.TestProject.csproj::TargetFramework=net9.0]
C:\git\TUnit\TUnit.TestProject\Bugs\1914\SyncHookTests.cs(268,9): warning CS8620: Argument of type 'ValueAssertion<string?>' cannot be used for parameter 'source' of type 'IAssertionSource<string>' in 'StringEqualsAssertion AssertionExtensions.IsEqualTo(IAssertionSource<string> source, string expected, string? expression = null)' due to differences in the nullability of reference types. [C:\git\TUnit\TUnit.TestProject\TUnit.TestProject.csproj::TargetFramework=net9.0]
C:\git\TUnit\TUnit.TestProject\Tests.cs(315,15): warning CS8620: Argument of type 'AndContinuation<string?>' cannot be used for parameter 'source' of type 'IAssertionSource<string>' in 'StringIsNotEmptyAssertion AssertionExtensions.IsNotEmpty(IAssertionSource<string> source)' due to differences in the nullability of reference types. [C:\git\TUnit\TUnit.TestProject\TUnit.TestProject.csproj::TargetFramework=net9.0]
C:\git\TUnit\TUnit.TestProject\Bugs\1914\SyncHookTests.cs(293,15): warning CS8620: Argument of type 'ValueAssertion<string?>' cannot be used for parameter 'source' of type 'IAssertionSource<string>' in 'StringEqualsAssertion AssertionExtensions.IsEqualTo(IAssertionSource<string> source, string expected, string? expression = null)' due to differences in the nullability of reference types. [C:\git\TUnit\TUnit.TestProject\TUnit.TestProject.csproj::TargetFramework=net9.0]
C:\git\TUnit\TUnit.TestProject\Bugs\1914\SyncHookTests.cs(294,15): warning CS8620: Argument of type 'ValueAssertion<string?>' cannot be used for parameter 'source' of type 'IAssertionSource<string>' in 'StringEqualsAssertion AssertionExtensions.IsEqualTo(IAssertionSource<string> source, string expected, string? expression = null)' due to differences in the nullability of reference types. [C:\git\TUnit\TUnit.TestProject\TUnit.TestProject.csproj::TargetFramework=net9.0]
C:\git\TUnit\TUnit.TestProject\Bugs\1914\SyncHookTests.cs(295,15): warning CS8620: Argument of type 'ValueAssertion<string?>' cannot be used for parameter 'source' of type 'IAssertionSource<string>' in 'StringEqualsAssertion AssertionExtensions.IsEqualTo(IAssertionSource<string> source, string expected, string? expression = null)' due to differences in the nullability of reference types. [C:\git\TUnit\TUnit.TestProject\TUnit.TestProject.csproj::TargetFramework=net9.0]
C:\git\TUnit\TUnit.TestProject\Bugs\1914\SyncHookTests.cs(296,15): warning CS8620: Argument of type 'ValueAssertion<string?>' cannot be used for parameter 'source' of type 'IAssertionSource<string>' in 'StringEqualsAssertion AssertionExtensions.IsEqualTo(IAssertionSource<string> source, string expected, string? expression = null)' due to differences in the nullability of reference types. [C:\git\TUnit\TUnit.TestProject\TUnit.TestProject.csproj::TargetFramework=net9.0]
C:\git\TUnit\TUnit.TestProject\Bugs\1914\SyncHookTests.cs(297,15): warning CS8620: Argument of type 'ValueAssertion<string?>' cannot be used for parameter 'source' of type 'IAssertionSource<string>' in 'StringEqualsAssertion AssertionExtensions.IsEqualTo(IAssertionSource<string> source, string expected, string? expression = null)' due to differences in the nullability of reference types. [C:\git\TUnit\TUnit.TestProject\TUnit.TestProject.csproj::TargetFramework=net9.0]
C:\git\TUnit\TUnit.TestProject\Bugs\1914\SyncHookTests.cs(299,15): warning CS8620: Argument of type 'ValueAssertion<string?>' cannot be used for parameter 'source' of type 'IAssertionSource<string>' in 'StringEqualsAssertion AssertionExtensions.IsEqualTo(IAssertionSource<string> source, string expected, string? expression = null)' due to differences in the nullability of reference types. [C:\git\TUnit\TUnit.TestProject\TUnit.TestProject.csproj::TargetFramework=net9.0]
C:\git\TUnit\TUnit.TestProject\Bugs\1914\SyncHookTests.cs(300,15): warning CS8620: Argument of type 'ValueAssertion<string?>' cannot be used for parameter 'source' of type 'IAssertionSource<string>' in 'StringEqualsAssertion AssertionExtensions.IsEqualTo(IAssertionSource<string> source, string expected, string? expression = null)' due to differences in the nullability of reference types. [C:\git\TUnit\TUnit.TestProject\TUnit.TestProject.csproj::TargetFramework=net9.0]
C:\git\TUnit\TUnit.TestProject\Bugs\1914\SyncHookTests.cs(301,15): warning CS8620: Argument of type 'ValueAssertion<string?>' cannot be used for parameter 'source' of type 'IAssertionSource<string>' in 'StringEqualsAssertion AssertionExtensions.IsEqualTo(IAssertionSource<string> source, string expected, string? expression = null)' due to differences in the nullability of reference types. [C:\git\TUnit\TUnit.TestProject\TUnit.TestProject.csproj::TargetFramework=net9.0]
C:\git\TUnit\TUnit.TestProject\Bugs\1914\SyncHookTests.cs(302,15): warning CS8620: Argument of type 'ValueAssertion<string?>' cannot be used for parameter 'source' of type 'IAssertionSource<string>' in 'StringEqualsAssertion AssertionExtensions.IsEqualTo(IAssertionSource<string> source, string expected, string? expression = null)' due to differences in the nullability of reference types. [C:\git\TUnit\TUnit.TestProject\TUnit.TestProject.csproj::TargetFramework=net9.0]
C:\git\TUnit\TUnit.TestProject\Bugs\1914\SyncHookTests.cs(303,15): warning CS8620: Argument of type 'ValueAssertion<string?>' cannot be used for parameter 'source' of type 'IAssertionSource<string>' in 'StringEqualsAssertion AssertionExtensions.IsEqualTo(IAssertionSource<string> source, string expected, string? expression = null)' due to differences in the nullability of reference types. [C:\git\TUnit\TUnit.TestProject\TUnit.TestProject.csproj::TargetFramework=net9.0]
C:\git\TUnit\TUnit.TestProject\Bugs\_2804\MultipleAfterHooksFailureTests.cs(254,9): warning CS0162: Unreachable code detected [C:\git\TUnit\TUnit.TestProject\TUnit.TestProject.csproj::TargetFramework=net9.0]
C:\git\TUnit\TUnit.TestProject\Bugs\_2804\MultipleAfterHooksFailureTests.cs(269,9): warning CS0162: Unreachable code detected [C:\git\TUnit\TUnit.TestProject\TUnit.TestProject.csproj::TargetFramework=net9.0]
C:\git\TUnit\TUnit.TestProject\Bugs\1914\AsyncHookTests.cs(163,15): warning CS8620: Argument of type 'ValueAssertion<string?>' cannot be used for parameter 'source' of type 'IAssertionSource<string>' in 'StringEqualsAssertion AssertionExtensions.IsEqualTo(IAssertionSource<string> source, string expected, string? expression = null)' due to differences in the nullability of reference types. [C:\git\TUnit\TUnit.TestProject\TUnit.TestProject.csproj::TargetFramework=net9.0]
C:\git\TUnit\TUnit.TestProject\Bugs\1914\AsyncHookTests.cs(165,15): warning CS8620: Argument of type 'ValueAssertion<string?>' cannot be used for parameter 'source' of type 'IAssertionSource<string>' in 'StringEqualsAssertion AssertionExtensions.IsEqualTo(IAssertionSource<string> source, string expected, string? expression = null)' due to differences in the nullability of reference types. [C:\git\TUnit\TUnit.TestProject\TUnit.TestProject.csproj::TargetFramework=net9.0]
C:\git\TUnit\TUnit.TestProject\Bugs\1914\AsyncHookTests.cs(168,15): warning CS8620: Argument of type 'ValueAssertion<string?>' cannot be used for parameter 'source' of type 'IAssertionSource<string>' in 'StringEqualsAssertion AssertionExtensions.IsEqualTo(IAssertionSource<string> source, string expected, string? expression = null)' due to differences in the nullability of reference types. [C:\git\TUnit\TUnit.TestProject\TUnit.TestProject.csproj::TargetFramework=net9.0]
C:\git\TUnit\TUnit.TestProject\Bugs\1914\AsyncHookTests.cs(170,15): warning CS8620: Argument of type 'ValueAssertion<string?>' cannot be used for parameter 'source' of type 'IAssertionSource<string>' in 'StringEqualsAssertion AssertionExtensions.IsEqualTo(IAssertionSource<string> source, string expected, string? expression = null)' due to differences in the nullability of reference types. [C:\git\TUnit\TUnit.TestProject\TUnit.TestProject.csproj::TargetFramework=net9.0]
C:\git\TUnit\TUnit.TestProject\Bugs\1914\AsyncHookTests.cs(173,15): warning CS8620: Argument of type 'ValueAssertion<string?>' cannot be used for parameter 'source' of type 'IAssertionSource<string>' in 'StringEqualsAssertion AssertionExtensions.IsEqualTo(IAssertionSource<string> source, string expected, string? expression = null)' due to differences in the nullability of reference types. [C:\git\TUnit\TUnit.TestProject\TUnit.TestProject.csproj::TargetFramework=net9.0]
C:\git\TUnit\TUnit.TestProject\Bugs\1914\AsyncHookTests.cs(175,15): warning CS8620: Argument of type 'ValueAssertion<string?>' cannot be used for parameter 'source' of type 'IAssertionSource<string>' in 'StringEqualsAssertion AssertionExtensions.IsEqualTo(IAssertionSource<string> source, string expected, string? expression = null)' due to differences in the nullability of reference types. [C:\git\TUnit\TUnit.TestProject\TUnit.TestProject.csproj::TargetFramework=net9.0]
C:\git\TUnit\TUnit.TestProject\Bugs\_2804\MultipleAfterHooksFailureTests.cs(285,9): warning CS0162: Unreachable code detected [C:\git\TUnit\TUnit.TestProject\TUnit.TestProject.csproj::TargetFramework=net9.0]
C:\git\TUnit\TUnit.TestProject\ComprehensiveCountTest.cs(8,44): warning CS9113: Parameter 'classValue' is unread. [C:\git\TUnit\TUnit.TestProject\TUnit.TestProject.csproj::TargetFramework=net9.0]
C:\git\TUnit\TUnit.TestProject\ConfigurationTests.cs(11,15): warning CS8620: Argument of type 'ValueAssertion<string?>' cannot be used for parameter 'source' of type 'IAssertionSource<string>' in 'StringEqualsAssertion AssertionExtensions.IsEqualTo(IAssertionSource<string> source, string expected, string? expression = null)' due to differences in the nullability of reference types. [C:\git\TUnit\TUnit.TestProject\TUnit.TestProject.csproj::TargetFramework=net9.0]
C:\git\TUnit\TUnit.TestProject\Bugs\1914\AsyncHookTests.cs(191,15): warning CS8620: Argument of type 'ValueAssertion<string?>' cannot be used for parameter 'source' of type 'IAssertionSource<string>' in 'StringEqualsAssertion AssertionExtensions.IsEqualTo(IAssertionSource<string> source, string expected, string? expression = null)' due to differences in the nullability of reference types. [C:\git\TUnit\TUnit.TestProject\TUnit.TestProject.csproj::TargetFramework=net9.0]
C:\git\TUnit\TUnit.TestProject\Bugs\1914\AsyncHookTests.cs(193,15): warning CS8620: Argument of type 'ValueAssertion<string?>' cannot be used for parameter 'source' of type 'IAssertionSource<string>' in 'StringEqualsAssertion AssertionExtensions.IsEqualTo(IAssertionSource<string> source, string expected, string? expression = null)' due to differences in the nullability of reference types. [C:\git\TUnit\TUnit.TestProject\TUnit.TestProject.csproj::TargetFramework=net9.0]
C:\git\TUnit\TUnit.TestProject\Bugs\1914\AsyncHookTests.cs(196,15): warning CS8620: Argument of type 'ValueAssertion<string?>' cannot be used for parameter 'source' of type 'IAssertionSource<string>' in 'StringEqualsAssertion AssertionExtensions.IsEqualTo(IAssertionSource<string> source, string expected, string? expression = null)' due to differences in the nullability of reference types. [C:\git\TUnit\TUnit.TestProject\TUnit.TestProject.csproj::TargetFramework=net9.0]
C:\git\TUnit\TUnit.TestProject\Bugs\1914\AsyncHookTests.cs(198,15): warning CS8620: Argument of type 'ValueAssertion<string?>' cannot be used for parameter 'source' of type 'IAssertionSource<string>' in 'StringEqualsAssertion AssertionExtensions.IsEqualTo(IAssertionSource<string> source, string expected, string? expression = null)' due to differences in the nullability of reference types. [C:\git\TUnit\TUnit.TestProject\TUnit.TestProject.csproj::TargetFramework=net9.0]
C:\git\TUnit\TUnit.TestProject\Bugs\1914\AsyncHookTests.cs(201,15): warning CS8620: Argument of type 'ValueAssertion<string?>' cannot be used for parameter 'source' of type 'IAssertionSource<string>' in 'StringEqualsAssertion AssertionExtensions.IsEqualTo(IAssertionSource<string> source, string expected, string? expression = null)' due to differences in the nullability of reference types. [C:\git\TUnit\TUnit.TestProject\TUnit.TestProject.csproj::TargetFramework=net9.0]
C:\git\TUnit\TUnit.TestProject\Bugs\1914\AsyncHookTests.cs(203,15): warning CS8620: Argument of type 'ValueAssertion<string?>' cannot be used for parameter 'source' of type 'IAssertionSource<string>' in 'StringEqualsAssertion AssertionExtensions.IsEqualTo(IAssertionSource<string> source, string expected, string? expression = null)' due to differences in the nullability of reference types. [C:\git\TUnit\TUnit.TestProject\TUnit.TestProject.csproj::TargetFramework=net9.0]
C:\git\TUnit\TUnit.TestProject\Bugs\1914\AsyncHookTests.cs(206,15): warning CS8620: Argument of type 'ValueAssertion<string?>' cannot be used for parameter 'source' of type 'IAssertionSource<string>' in 'StringEqualsAssertion AssertionExtensions.IsEqualTo(IAssertionSource<string> source, string expected, string? expression = null)' due to differences in the nullability of reference types. [C:\git\TUnit\TUnit.TestProject\TUnit.TestProject.csproj::TargetFramework=net9.0]
C:\git\TUnit\TUnit.TestProject\Bugs\1914\AsyncHookTests.cs(208,15): warning CS8620: Argument of type 'ValueAssertion<string?>' cannot be used for parameter 'source' of type 'IAssertionSource<string>' in 'StringEqualsAssertion AssertionExtensions.IsEqualTo(IAssertionSource<string> source, string expected, string? expression = null)' due to differences in the nullability of reference types. [C:\git\TUnit\TUnit.TestProject\TUnit.TestProject.csproj::TargetFramework=net9.0]
C:\git\TUnit\TUnit.TestProject\ConfigurationTests.cs(27,15): warning CS8620: Argument of type 'ValueAssertion<string?>' cannot be used for parameter 'source' of type 'IAssertionSource<string>' in 'StringEqualsAssertion AssertionExtensions.IsEqualTo(IAssertionSource<string> source, string expected, string? expression = null)' due to differences in the nullability of reference types. [C:\git\TUnit\TUnit.TestProject\TUnit.TestProject.csproj::TargetFramework=net9.0]
C:\git\TUnit\TUnit.TestProject\Bugs\1914\AsyncHookTests.cs(224,15): warning CS8620: Argument of type 'ValueAssertion<string?>' cannot be used for parameter 'source' of type 'IAssertionSource<string>' in 'StringEqualsAssertion AssertionExtensions.IsEqualTo(IAssertionSource<string> source, string expected, string? expression = null)' due to differences in the nullability of reference types. [C:\git\TUnit\TUnit.TestProject\TUnit.TestProject.csproj::TargetFramework=net9.0]
C:\git\TUnit\TUnit.TestProject\Bugs\1914\AsyncHookTests.cs(226,15): warning CS8620: Argument of type 'ValueAssertion<string?>' cannot be used for parameter 'source' of type 'IAssertionSource<string>' in 'StringEqualsAssertion AssertionExtensions.IsEqualTo(IAssertionSource<string> source, string expected, string? expression = null)' due to differences in the nullability of reference types. [C:\git\TUnit\TUnit.TestProject\TUnit.TestProject.csproj::TargetFramework=net9.0]
C:\git\TUnit\TUnit.TestProject\Bugs\1914\AsyncHookTests.cs(229,15): warning CS8620: Argument of type 'ValueAssertion<string?>' cannot be used for parameter 'source' of type 'IAssertionSource<string>' in 'StringEqualsAssertion AssertionExtensions.IsEqualTo(IAssertionSource<string> source, string expected, string? expression = null)' due to differences in the nullability of reference types. [C:\git\TUnit\TUnit.TestProject\TUnit.TestProject.csproj::TargetFramework=net9.0]
C:\git\TUnit\TUnit.TestProject\Bugs\1914\AsyncHookTests.cs(231,15): warning CS8620: Argument of type 'ValueAssertion<string?>' cannot be used for parameter 'source' of type 'IAssertionSource<string>' in 'StringEqualsAssertion AssertionExtensions.IsEqualTo(IAssertionSource<string> source, string expected, string? expression = null)' due to differences in the nullability of reference types. [C:\git\TUnit\TUnit.TestProject\TUnit.TestProject.csproj::TargetFramework=net9.0]
C:\git\TUnit\TUnit.TestProject\Bugs\1914\AsyncHookTests.cs(234,15): warning CS8620: Argument of type 'ValueAssertion<string?>' cannot be used for parameter 'source' of type 'IAssertionSource<string>' in 'StringEqualsAssertion AssertionExtensions.IsEqualTo(IAssertionSource<string> source, string expected, string? expression = null)' due to differences in the nullability of reference types. [C:\git\TUnit\TUnit.TestProject\TUnit.TestProject.csproj::TargetFramework=net9.0]
C:\git\TUnit\TUnit.TestProject\Bugs\1914\AsyncHookTests.cs(236,15): warning CS8620: Argument of type 'ValueAssertion<string?>' cannot be used for parameter 'source' of type 'IAssertionSource<string>' in 'StringEqualsAssertion AssertionExtensions.IsEqualTo(IAssertionSource<string> source, string expected, string? expression = null)' due to differences in the nullability of reference types. [C:\git\TUnit\TUnit.TestProject\TUnit.TestProject.csproj::TargetFramework=net9.0]
C:\git\TUnit\TUnit.TestProject\Bugs\1914\AsyncHookTests.cs(239,15): warning CS8620: Argument of type 'ValueAssertion<string?>' cannot be used for parameter 'source' of type 'IAssertionSource<string>' in 'StringEqualsAssertion AssertionExtensions.IsEqualTo(IAssertionSource<string> source, string expected, string? expression = null)' due to differences in the nullability of reference types. [C:\git\TUnit\TUnit.TestProject\TUnit.TestProject.csproj::TargetFramework=net9.0]
C:\git\TUnit\TUnit.TestProject\Bugs\1914\AsyncHookTests.cs(241,15): warning CS8620: Argument of type 'ValueAssertion<string?>' cannot be used for parameter 'source' of type 'IAssertionSource<string>' in 'StringEqualsAssertion AssertionExtensions.IsEqualTo(IAssertionSource<string> source, string expected, string? expression = null)' due to differences in the nullability of reference types. [C:\git\TUnit\TUnit.TestProject\TUnit.TestProject.csproj::TargetFramework=net9.0]
C:\git\TUnit\TUnit.TestProject\CustomPropertyTests.cs(16,44): error CS0411: The type arguments for method 'AssertionExtensions.ContainsKey<TDictionary, TKey, TValue>(IAssertionSource<TDictionary>, TKey, string?)' cannot be inferred from the usage. Try specifying the type arguments explicitly. [C:\git\TUnit\TUnit.TestProject\TUnit.TestProject.csproj::TargetFramework=net9.0]
C:\git\TUnit\TUnit.TestProject\CustomPropertyTests.cs(19,44): error CS0411: The type arguments for method 'AssertionExtensions.ContainsKey<TDictionary, TKey, TValue>(IAssertionSource<TDictionary>, TKey, string?)' cannot be inferred from the usage. Try specifying the type arguments explicitly. [C:\git\TUnit\TUnit.TestProject\TUnit.TestProject.csproj::TargetFramework=net9.0]
C:\git\TUnit\TUnit.TestProject\CustomPropertyTests.cs(22,44): error CS0411: The type arguments for method 'AssertionExtensions.ContainsKey<TDictionary, TKey, TValue>(IAssertionSource<TDictionary>, TKey, string?)' cannot be inferred from the usage. Try specifying the type arguments explicitly. [C:\git\TUnit\TUnit.TestProject\TUnit.TestProject.csproj::TargetFramework=net9.0]
C:\git\TUnit\TUnit.TestProject\CustomPropertyTests.cs(25,44): error CS0411: The type arguments for method 'AssertionExtensions.ContainsKey<TDictionary, TKey, TValue>(IAssertionSource<TDictionary>, TKey, string?)' cannot be inferred from the usage. Try specifying the type arguments explicitly. [C:\git\TUnit\TUnit.TestProject\TUnit.TestProject.csproj::TargetFramework=net9.0]
C:\git\TUnit\TUnit.TestProject\Bugs\1914\AsyncHookTests.cs(266,15): warning CS8620: Argument of type 'ValueAssertion<string?>' cannot be used for parameter 'source' of type 'IAssertionSource<string>' in 'StringEqualsAssertion AssertionExtensions.IsEqualTo(IAssertionSource<string> source, string expected, string? expression = null)' due to differences in the nullability of reference types. [C:\git\TUnit\TUnit.TestProject\TUnit.TestProject.csproj::TargetFramework=net9.0]
C:\git\TUnit\TUnit.TestProject\Bugs\1914\AsyncHookTests.cs(267,15): warning CS8620: Argument of type 'ValueAssertion<string?>' cannot be used for parameter 'source' of type 'IAssertionSource<string>' in 'StringEqualsAssertion AssertionExtensions.IsEqualTo(IAssertionSource<string> source, string expected, string? expression = null)' due to differences in the nullability of reference types. [C:\git\TUnit\TUnit.TestProject\TUnit.TestProject.csproj::TargetFramework=net9.0]
C:\git\TUnit\TUnit.TestProject\Bugs\1914\AsyncHookTests.cs(268,15): warning CS8620: Argument of type 'ValueAssertion<string?>' cannot be used for parameter 'source' of type 'IAssertionSource<string>' in 'StringEqualsAssertion AssertionExtensions.IsEqualTo(IAssertionSource<string> source, string expected, string? expression = null)' due to differences in the nullability of reference types. [C:\git\TUnit\TUnit.TestProject\TUnit.TestProject.csproj::TargetFramework=net9.0]
C:\git\TUnit\TUnit.TestProject\Bugs\1914\AsyncHookTests.cs(269,15): warning CS8620: Argument of type 'ValueAssertion<string?>' cannot be used for parameter 'source' of type 'IAssertionSource<string>' in 'StringEqualsAssertion AssertionExtensions.IsEqualTo(IAssertionSource<string> source, string expected, string? expression = null)' due to differences in the nullability of reference types. [C:\git\TUnit\TUnit.TestProject\TUnit.TestProject.csproj::TargetFramework=net9.0]
C:\git\TUnit\TUnit.TestProject\Bugs\1914\AsyncHookTests.cs(270,15): warning CS8620: Argument of type 'ValueAssertion<string?>' cannot be used for parameter 'source' of type 'IAssertionSource<string>' in 'StringEqualsAssertion AssertionExtensions.IsEqualTo(IAssertionSource<string> source, string expected, string? expression = null)' due to differences in the nullability of reference types. [C:\git\TUnit\TUnit.TestProject\TUnit.TestProject.csproj::TargetFramework=net9.0]
C:\git\TUnit\TUnit.TestProject\Bugs\1914\AsyncHookTests.cs(272,15): warning CS8620: Argument of type 'ValueAssertion<string?>' cannot be used for parameter 'source' of type 'IAssertionSource<string>' in 'StringEqualsAssertion AssertionExtensions.IsEqualTo(IAssertionSource<string> source, string expected, string? expression = null)' due to differences in the nullability of reference types. [C:\git\TUnit\TUnit.TestProject\TUnit.TestProject.csproj::TargetFramework=net9.0]
C:\git\TUnit\TUnit.TestProject\Bugs\1914\AsyncHookTests.cs(273,15): warning CS8620: Argument of type 'ValueAssertion<string?>' cannot be used for parameter 'source' of type 'IAssertionSource<string>' in 'StringEqualsAssertion AssertionExtensions.IsEqualTo(IAssertionSource<string> source, string expected, string? expression = null)' due to differences in the nullability of reference types. [C:\git\TUnit\TUnit.TestProject\TUnit.TestProject.csproj::TargetFramework=net9.0]
C:\git\TUnit\TUnit.TestProject\Bugs\1914\AsyncHookTests.cs(274,15): warning CS8620: Argument of type 'ValueAssertion<string?>' cannot be used for parameter 'source' of type 'IAssertionSource<string>' in 'StringEqualsAssertion AssertionExtensions.IsEqualTo(IAssertionSource<string> source, string expected, string? expression = null)' due to differences in the nullability of reference types. [C:\git\TUnit\TUnit.TestProject\TUnit.TestProject.csproj::TargetFramework=net9.0]
C:\git\TUnit\TUnit.TestProject\Bugs\1914\AsyncHookTests.cs(275,15): warning CS8620: Argument of type 'ValueAssertion<string?>' cannot be used for parameter 'source' of type 'IAssertionSource<string>' in 'StringEqualsAssertion AssertionExtensions.IsEqualTo(IAssertionSource<string> source, string expected, string? expression = null)' due to differences in the nullability of reference types. [C:\git\TUnit\TUnit.TestProject\TUnit.TestProject.csproj::TargetFramework=net9.0]
C:\git\TUnit\TUnit.TestProject\Bugs\1914\AsyncHookTests.cs(276,15): warning CS8620: Argument of type 'ValueAssertion<string?>' cannot be used for parameter 'source' of type 'IAssertionSource<string>' in 'StringEqualsAssertion AssertionExtensions.IsEqualTo(IAssertionSource<string> source, string expected, string? expression = null)' due to differences in the nullability of reference types. [C:\git\TUnit\TUnit.TestProject\TUnit.TestProject.csproj::TargetFramework=net9.0]
C:\git\TUnit\TUnit.TestProject\DependsOnTests3.cs(48,47): error CS0411: The type arguments for method 'AssertionExtensions.ContainsKey<TDictionary, TKey, TValue>(IAssertionSource<TDictionary>, TKey, string?)' cannot be inferred from the usage. Try specifying the type arguments explicitly. [C:\git\TUnit\TUnit.TestProject\TUnit.TestProject.csproj::TargetFramework=net9.0]
C:\git\TUnit\TUnit.TestProject\DependsOnTests3.cs(49,47): error CS0411: The type arguments for method 'AssertionExtensions.ContainsKey<TDictionary, TKey, TValue>(IAssertionSource<TDictionary>, TKey, string?)' cannot be inferred from the usage. Try specifying the type arguments explicitly. [C:\git\TUnit\TUnit.TestProject\TUnit.TestProject.csproj::TargetFramework=net9.0]
C:\git\TUnit\TUnit.TestProject\DynamicallyRegisteredTests.cs(58,19): warning CS0618: 'TestContext.ReregisterTestWithArguments(object?[]?, Dictionary<string, object?>?)' is obsolete: 'This method is non-functional after the removal of ITestFinder. It will be removed in a future version.' [C:\git\TUnit\TUnit.TestProject\TUnit.TestProject.csproj::TargetFramework=net9.0]
C:\git\TUnit\TUnit.TestProject\TestMixedGenericParameters.cs(12,15): warning CS8620: Argument of type 'ValueAssertion<string?>' cannot be used for parameter 'source' of type 'IAssertionSource<string>' in 'StringEqualsAssertion AssertionExtensions.IsEqualTo(IAssertionSource<string> source, string expected, string? expression = null)' due to differences in the nullability of reference types. [C:\git\TUnit\TUnit.TestProject\TUnit.TestProject.csproj::TargetFramework=net9.0]
C:\git\TUnit\TUnit.TestProject\ExecutionContextRestorationTests.cs(33,15): warning CS8620: Argument of type 'ValueAssertion<string?>' cannot be used for parameter 'source' of type 'IAssertionSource<string>' in 'StringEqualsAssertion AssertionExtensions.IsEqualTo(IAssertionSource<string> source, string expected, string? expression = null)' due to differences in the nullability of reference types. [C:\git\TUnit\TUnit.TestProject\TUnit.TestProject.csproj::TargetFramework=net9.0]
C:\git\TUnit\TUnit.TestProject\ExecutionContextRestorationTests.cs(45,15): warning CS8620: Argument of type 'ValueAssertion<string?>' cannot be used for parameter 'source' of type 'IAssertionSource<string>' in 'StringEqualsAssertion AssertionExtensions.IsEqualTo(IAssertionSource<string> source, string expected, string? expression = null)' due to differences in the nullability of reference types. [C:\git\TUnit\TUnit.TestProject\TUnit.TestProject.csproj::TargetFramework=net9.0]
C:\git\TUnit\TUnit.TestProject\GenericConstraintValidationTests.cs(66,15): warning CS8620: Argument of type 'ValueAssertion<T>' cannot be used for parameter 'source' of type 'IAssertionSource<T?>' in 'NotEqualsAssertion<T?> AssertionExtensions.IsNotEqualTo<T?>(IAssertionSource<T?> source, T? notExpected, string? expression = null)' due to differences in the nullability of reference types. [C:\git\TUnit\TUnit.TestProject\TUnit.TestProject.csproj::TargetFramework=net9.0]
C:\git\TUnit\TUnit.TestProject\GenericConstraintValidationTests.cs(173,15): warning CS8620: Argument of type 'ValueAssertion<T>' cannot be used for parameter 'source' of type 'IAssertionSource<T?>' in 'NotEqualsAssertion<T?> AssertionExtensions.IsNotEqualTo<T?>(IAssertionSource<T?> source, T? notExpected, string? expression = null)' due to differences in the nullability of reference types. [C:\git\TUnit\TUnit.TestProject\TUnit.TestProject.csproj::TargetFramework=net9.0]
C:\git\TUnit\TUnit.TestProject\GenericConstraintValidationTests.cs(126,15): warning CS8620: Argument of type 'ValueAssertion<T>' cannot be used for parameter 'source' of type 'IAssertionSource<T?>' in 'NotEqualsAssertion<T?> AssertionExtensions.IsNotEqualTo<T?>(IAssertionSource<T?> source, T? notExpected, string? expression = null)' due to differences in the nullability of reference types. [C:\git\TUnit\TUnit.TestProject\TUnit.TestProject.csproj::TargetFramework=net9.0]
C:\git\TUnit\TUnit.TestProject\TestCountVerificationTests.cs(6,45): warning CS9113: Parameter 'value' is unread. [C:\git\TUnit\TUnit.TestProject\TUnit.TestProject.csproj::TargetFramework=net9.0]
C:\git\TUnit\TUnit.TestProject\GlobalTestHooks.cs(51,15): warning CS8631: The type 'System.Collections.Generic.Dictionary<string, object?>?' cannot be used as type parameter 'TValue' in the generic type or method 'AssertionExtensions.HasCount<TValue>(IAssertionSource<TValue>)'. Nullability of type argument 'System.Collections.Generic.Dictionary<string, object?>?' doesn't match constraint type 'System.Collections.IEnumerable'. [C:\git\TUnit\TUnit.TestProject\TUnit.TestProject.csproj::TargetFramework=net9.0]
C:\git\TUnit\TUnit.TestProject\GlobalTestHooks.cs(52,15): warning CS8620: Argument of type 'ValueAssertion<string?>' cannot be used for parameter 'source' of type 'IAssertionSource<string>' in 'StringEqualsAssertion AssertionExtensions.IsEqualTo(IAssertionSource<string> source, string expected, string? expression = null)' due to differences in the nullability of reference types. [C:\git\TUnit\TUnit.TestProject\TUnit.TestProject.csproj::TargetFramework=net9.0]
C:\git\TUnit\TUnit.TestProject\HookExecutorTests.cs(15,15): warning CS8620: Argument of type 'ValueAssertion<string?>' cannot be used for parameter 'source' of type 'IAssertionSource<string>' in 'StringEqualsAssertion AssertionExtensions.IsEqualTo(IAssertionSource<string> source, string expected, string? expression = null)' due to differences in the nullability of reference types. [C:\git\TUnit\TUnit.TestProject\TUnit.TestProject.csproj::TargetFramework=net9.0]
C:\git\TUnit\TUnit.TestProject\HookExecutorTests.cs(28,15): warning CS8620: Argument of type 'ValueAssertion<string?>' cannot be used for parameter 'source' of type 'IAssertionSource<string>' in 'StringEqualsAssertion AssertionExtensions.IsEqualTo(IAssertionSource<string> source, string expected, string? expression = null)' due to differences in the nullability of reference types. [C:\git\TUnit\TUnit.TestProject\TUnit.TestProject.csproj::TargetFramework=net9.0]
C:\git\TUnit\TUnit.TestProject\HookContextRestorationTests.cs(30,15): warning CS8620: Argument of type 'ValueAssertion<string?>' cannot be used for parameter 'source' of type 'IAssertionSource<string>' in 'StringEqualsAssertion AssertionExtensions.IsEqualTo(IAssertionSource<string> source, string expected, string? expression = null)' due to differences in the nullability of reference types. [C:\git\TUnit\TUnit.TestProject\TUnit.TestProject.csproj::TargetFramework=net9.0]
C:\git\TUnit\TUnit.TestProject\HookExecutorTests.cs(37,15): warning CS8620: Argument of type 'ValueAssertion<string?>' cannot be used for parameter 'source' of type 'IAssertionSource<string>' in 'StringEqualsAssertion AssertionExtensions.IsEqualTo(IAssertionSource<string> source, string expected, string? expression = null)' due to differences in the nullability of reference types. [C:\git\TUnit\TUnit.TestProject\TUnit.TestProject.csproj::TargetFramework=net9.0]
C:\git\TUnit\TUnit.TestProject\InheritedTestsFromDifferentProjectTests.cs(30,15): warning CS8631: The type 'System.Collections.Generic.List<string>?' cannot be used as type parameter 'TCollection' in the generic type or method 'AssertionExtensions.Contains<TCollection, TItem>(IAssertionSource<TCollection>, TItem, string?)'. Nullability of type argument 'System.Collections.Generic.List<string>?' doesn't match constraint type 'System.Collections.Generic.IEnumerable<string>'. [C:\git\TUnit\TUnit.TestProject\TUnit.TestProject.csproj::TargetFramework=net9.0]
C:\git\TUnit\TUnit.TestProject\HookExecutorTests.cs(45,15): warning CS8620: Argument of type 'ValueAssertion<string?>' cannot be used for parameter 'source' of type 'IAssertionSource<string>' in 'StringEqualsAssertion AssertionExtensions.IsEqualTo(IAssertionSource<string> source, string expected, string? expression = null)' due to differences in the nullability of reference types. [C:\git\TUnit\TUnit.TestProject\TUnit.TestProject.csproj::TargetFramework=net9.0]
C:\git\TUnit\TUnit.TestProject\HookExecutorTests.cs(56,15): warning CS8620: Argument of type 'ValueAssertion<string?>' cannot be used for parameter 'source' of type 'IAssertionSource<string>' in 'StringEqualsAssertion AssertionExtensions.IsEqualTo(IAssertionSource<string> source, string expected, string? expression = null)' due to differences in the nullability of reference types. [C:\git\TUnit\TUnit.TestProject\TUnit.TestProject.csproj::TargetFramework=net9.0]
C:\git\TUnit\TUnit.TestProject\HookExecutorTests.cs(65,15): warning CS8620: Argument of type 'ValueAssertion<string?>' cannot be used for parameter 'source' of type 'IAssertionSource<string>' in 'StringEqualsAssertion AssertionExtensions.IsEqualTo(IAssertionSource<string> source, string expected, string? expression = null)' due to differences in the nullability of reference types. [C:\git\TUnit\TUnit.TestProject\TUnit.TestProject.csproj::TargetFramework=net9.0]
C:\git\TUnit\TUnit.TestProject\HookExecutorTests.cs(76,15): warning CS8620: Argument of type 'ValueAssertion<string?>' cannot be used for parameter 'source' of type 'IAssertionSource<string>' in 'StringEqualsAssertion AssertionExtensions.IsEqualTo(IAssertionSource<string> source, string expected, string? expression = null)' due to differences in the nullability of reference types. [C:\git\TUnit\TUnit.TestProject\TUnit.TestProject.csproj::TargetFramework=net9.0]
C:\git\TUnit\TUnit.TestProject\HookExecutorTests.cs(85,15): warning CS8620: Argument of type 'ValueAssertion<string?>' cannot be used for parameter 'source' of type 'IAssertionSource<string>' in 'StringEqualsAssertion AssertionExtensions.IsEqualTo(IAssertionSource<string> source, string expected, string? expression = null)' due to differences in the nullability of reference types. [C:\git\TUnit\TUnit.TestProject\TUnit.TestProject.csproj::TargetFramework=net9.0]
C:\git\TUnit\TUnit.TestProject\MixedDataSourceBugTest.cs(5,41): warning CS9113: Parameter 'classValue' is unread. [C:\git\TUnit\TUnit.TestProject\TUnit.TestProject.csproj::TargetFramework=net9.0]
C:\git\TUnit\TUnit.TestProject\GenericConstraintValidationTests.cs(160,19): warning CS8620: Argument of type 'ValueAssertion<T>' cannot be used for parameter 'source' of type 'IAssertionSource<T?>' in 'NotEqualsAssertion<T?> AssertionExtensions.IsNotEqualTo<T?>(IAssertionSource<T?> source, T? notExpected, string? expression = null)' due to differences in the nullability of reference types. [C:\git\TUnit\TUnit.TestProject\TUnit.TestProject.csproj::TargetFramework=net9.0]
C:\git\TUnit\TUnit.TestProject\NotInParallelExecutionTests.cs(28,25): warning CS8602: Dereference of a possibly null reference. [C:\git\TUnit\TUnit.TestProject\TUnit.TestProject.csproj::TargetFramework=net9.0]
C:\git\TUnit\TUnit.TestProject\NotInParallelExecutionTests.cs(53,30): warning CS8602: Dereference of a possibly null reference. [C:\git\TUnit\TUnit.TestProject\TUnit.TestProject.csproj::TargetFramework=net9.0]
C:\git\TUnit\TUnit.TestProject\NestedClassDataSourceDrivenTests2.cs(33,36): warning CS8618: Non-nullable property 'InnerClass' must contain a non-null value when exiting constructor. Consider adding the 'required' modifier or declaring the property as nullable. [C:\git\TUnit\TUnit.TestProject\TUnit.TestProject.csproj::TargetFramework=net9.0]
C:\git\TUnit\TUnit.TestProject\ParametersTests.cs(12,79): error CS0411: The type arguments for method 'AssertionExtensions.ContainsKey<TDictionary, TKey, TValue>(IAssertionSource<TDictionary>, TKey, string?)' cannot be inferred from the usage. Try specifying the type arguments explicitly. [C:\git\TUnit\TUnit.TestProject\TUnit.TestProject.csproj::TargetFramework=net9.0]
C:\git\TUnit\TUnit.TestProject\HookExecutorTests.cs(94,15): warning CS8620: Argument of type 'ValueAssertion<string?>' cannot be used for parameter 'source' of type 'IAssertionSource<string>' in 'StringEqualsAssertion AssertionExtensions.IsEqualTo(IAssertionSource<string> source, string expected, string? expression = null)' due to differences in the nullability of reference types. [C:\git\TUnit\TUnit.TestProject\TUnit.TestProject.csproj::TargetFramework=net9.0]
C:\git\TUnit\TUnit.TestProject\PropertyInitializationTests.cs(98,82): warning CS1998: This async method lacks 'await' operators and will run synchronously. Consider using the 'await' operator to await non-blocking API calls, or 'await Task.Run(...)' to do CPU-bound work on a background thread. [C:\git\TUnit\TUnit.TestProject\TUnit.TestProject.csproj::TargetFramework=net9.0]
C:\git\TUnit\TUnit.TestProject\HookExecutorTests.cs(103,15): warning CS8620: Argument of type 'ValueAssertion<string?>' cannot be used for parameter 'source' of type 'IAssertionSource<string>' in 'StringEqualsAssertion AssertionExtensions.IsEqualTo(IAssertionSource<string> source, string expected, string? expression = null)' due to differences in the nullability of reference types. [C:\git\TUnit\TUnit.TestProject\TUnit.TestProject.csproj::TargetFramework=net9.0]
C:\git\TUnit\TUnit.TestProject\PropertyInitializationTests.cs(108,91): warning CS1998: This async method lacks 'await' operators and will run synchronously. Consider using the 'await' operator to await non-blocking API calls, or 'await Task.Run(...)' to do CPU-bound work on a background thread. [C:\git\TUnit\TUnit.TestProject\TUnit.TestProject.csproj::TargetFramework=net9.0]
C:\git\TUnit\TUnit.TestProject\HookExecutorTests.cs(112,15): warning CS8620: Argument of type 'ValueAssertion<string?>' cannot be used for parameter 'source' of type 'IAssertionSource<string>' in 'StringEqualsAssertion AssertionExtensions.IsEqualTo(IAssertionSource<string> source, string expected, string? expression = null)' due to differences in the nullability of reference types. [C:\git\TUnit\TUnit.TestProject\TUnit.TestProject.csproj::TargetFramework=net9.0]
C:\git\TUnit\TUnit.TestProject\PropertySetterTests.cs(43,19): warning CS8620: Argument of type 'ValueAssertion<string?>' cannot be used for parameter 'source' of type 'IAssertionSource<string>' in 'StringEqualsAssertion AssertionExtensions.IsEqualTo(IAssertionSource<string> source, string expected, string? expression = null)' due to differences in the nullability of reference types. [C:\git\TUnit\TUnit.TestProject\TUnit.TestProject.csproj::TargetFramework=net9.0]
C:\git\TUnit\TUnit.TestProject\HookExecutorTests.cs(125,15): warning CS8620: Argument of type 'ValueAssertion<string?>' cannot be used for parameter 'source' of type 'IAssertionSource<string>' in 'StringEqualsAssertion AssertionExtensions.IsEqualTo(IAssertionSource<string> source, string expected, string? expression = null)' due to differences in the nullability of reference types. [C:\git\TUnit\TUnit.TestProject\TUnit.TestProject.csproj::TargetFramework=net9.0]
C:\git\TUnit\TUnit.TestProject\PropertySetterTests.cs(54,19): warning CS8620: Argument of type 'ValueAssertion<string?>' cannot be used for parameter 'source' of type 'IAssertionSource<string>' in 'StringEqualsAssertion AssertionExtensions.IsEqualTo(IAssertionSource<string> source, string expected, string? expression = null)' due to differences in the nullability of reference types. [C:\git\TUnit\TUnit.TestProject\TUnit.TestProject.csproj::TargetFramework=net9.0]
C:\git\TUnit\TUnit.TestProject\PropertySetterTests.cs(65,19): warning CS8620: Argument of type 'ValueAssertion<string?>' cannot be used for parameter 'source' of type 'IAssertionSource<string>' in 'StringEqualsAssertion AssertionExtensions.IsEqualTo(IAssertionSource<string> source, string expected, string? expression = null)' due to differences in the nullability of reference types. [C:\git\TUnit\TUnit.TestProject\TUnit.TestProject.csproj::TargetFramework=net9.0]
C:\git\TUnit\TUnit.TestProject\NestedClassDataSourceDrivenTests3.cs(34,36): warning CS8618: Non-nullable property 'InnerClass' must contain a non-null value when exiting constructor. Consider adding the 'required' modifier or declaring the property as nullable. [C:\git\TUnit\TUnit.TestProject\TUnit.TestProject.csproj::TargetFramework=net9.0]
C:\git\TUnit\TUnit.TestProject\NestedClassDataSourceDrivenTests3.cs(61,36): warning CS8618: Non-nullable property 'InnerClass' must contain a non-null value when exiting constructor. Consider adding the 'required' modifier or declaring the property as nullable. [C:\git\TUnit\TUnit.TestProject\TUnit.TestProject.csproj::TargetFramework=net9.0]
C:\git\TUnit\TUnit.TestProject\NestedClassDataSourceDrivenTests3.cs(100,36): warning CS8618: Non-nullable property 'InnerClass' must contain a non-null value when exiting constructor. Consider adding the 'required' modifier or declaring the property as nullable. [C:\git\TUnit\TUnit.TestProject\TUnit.TestProject.csproj::TargetFramework=net9.0]
C:\git\TUnit\TUnit.TestProject\NestedClassDataSourceDrivenTests3.cs(130,36): warning CS8618: Non-nullable property 'InnerClass' must contain a non-null value when exiting constructor. Consider adding the 'required' modifier or declaring the property as nullable. [C:\git\TUnit\TUnit.TestProject\TUnit.TestProject.csproj::TargetFramework=net9.0]
C:\git\TUnit\TUnit.TestProject\SimpleGenericTests.cs(13,15): warning CS8620: Argument of type 'ValueAssertion<T>' cannot be used for parameter 'source' of type 'IAssertionSource<T?>' in 'NotEqualsAssertion<T?> AssertionExtensions.IsNotEqualTo<T?>(IAssertionSource<T?> source, T? notExpected, string? expression = null)' due to differences in the nullability of reference types. [C:\git\TUnit\TUnit.TestProject\TUnit.TestProject.csproj::TargetFramework=net9.0]
C:\git\TUnit\TUnit.TestProject\SimpleGenericTests.cs(26,15): warning CS8620: Argument of type 'ValueAssertion<T>' cannot be used for parameter 'source' of type 'IAssertionSource<T?>' in 'NotEqualsAssertion<T?> AssertionExtensions.IsNotEqualTo<T?>(IAssertionSource<T?> source, T? notExpected, string? expression = null)' due to differences in the nullability of reference types. [C:\git\TUnit\TUnit.TestProject\TUnit.TestProject.csproj::TargetFramework=net9.0]
C:\git\TUnit\TUnit.TestProject\PropertySetterTests.cs(77,15): warning CS8620: Argument of type 'ValueAssertion<string?>' cannot be used for parameter 'source' of type 'IAssertionSource<string>' in 'StringEqualsAssertion AssertionExtensions.IsEqualTo(IAssertionSource<string> source, string expected, string? expression = null)' due to differences in the nullability of reference types. [C:\git\TUnit\TUnit.TestProject\TUnit.TestProject.csproj::TargetFramework=net9.0]
C:\git\TUnit\TUnit.TestProject\SimpleGenericTests.cs(42,15): warning CS8620: Argument of type 'ValueAssertion<T>' cannot be used for parameter 'source' of type 'IAssertionSource<T?>' in 'NotEqualsAssertion<T?> AssertionExtensions.IsNotEqualTo<T?>(IAssertionSource<T?> source, T? notExpected, string? expression = null)' due to differences in the nullability of reference types. [C:\git\TUnit\TUnit.TestProject\TUnit.TestProject.csproj::TargetFramework=net9.0]
C:\git\TUnit\TUnit.TestProject\SimpleGenericTests.cs(58,15): warning CS8620: Argument of type 'ValueAssertion<T>' cannot be used for parameter 'source' of type 'IAssertionSource<T?>' in 'NotEqualsAssertion<T?> AssertionExtensions.IsNotEqualTo<T?>(IAssertionSource<T?> source, T? notExpected, string? expression = null)' due to differences in the nullability of reference types. [C:\git\TUnit\TUnit.TestProject\TUnit.TestProject.csproj::TargetFramework=net9.0]
C:\git\TUnit\TUnit.TestProject\SimpleGenericTests.cs(59,15): warning CS8620: Argument of type 'ValueAssertion<T2>' cannot be used for parameter 'source' of type 'IAssertionSource<T2?>' in 'NotEqualsAssertion<T2?> AssertionExtensions.IsNotEqualTo<T2?>(IAssertionSource<T2?> source, T2? notExpected, string? expression = null)' due to differences in the nullability of reference types. [C:\git\TUnit\TUnit.TestProject\TUnit.TestProject.csproj::TargetFramework=net9.0]
C:\git\TUnit\TUnit.TestProject\TestContextIsolationTests.cs(55,15): warning CS8620: Argument of type 'ValueAssertion<string?>' cannot be used for parameter 'source' of type 'IAssertionSource<string>' in 'StringEqualsAssertion AssertionExtensions.IsEqualTo(IAssertionSource<string> source, string expected, string? expression = null)' due to differences in the nullability of reference types. [C:\git\TUnit\TUnit.TestProject\TUnit.TestProject.csproj::TargetFramework=net9.0]
C:\git\TUnit\TUnit.TestProject\TestContextIsolationTests.cs(55,59): warning CS8604: Possible null reference argument for parameter 'expected' in 'StringEqualsAssertion AssertionExtensions.IsEqualTo(IAssertionSource<string> source, string expected, string? expression = null)'. [C:\git\TUnit\TUnit.TestProject\TUnit.TestProject.csproj::TargetFramework=net9.0]
C:\git\TUnit\TUnit.TestProject\TestContextIsolationTests.cs(83,15): warning CS8620: Argument of type 'ValueAssertion<string?>' cannot be used for parameter 'source' of type 'IAssertionSource<string>' in 'StringEqualsAssertion AssertionExtensions.IsEqualTo(IAssertionSource<string> source, string expected, string? expression = null)' due to differences in the nullability of reference types. [C:\git\TUnit\TUnit.TestProject\TUnit.TestProject.csproj::TargetFramework=net9.0]
C:\git\TUnit\TUnit.TestProject\TestContextIsolationTests.cs(83,59): warning CS8604: Possible null reference argument for parameter 'expected' in 'StringEqualsAssertion AssertionExtensions.IsEqualTo(IAssertionSource<string> source, string expected, string? expression = null)'. [C:\git\TUnit\TUnit.TestProject\TUnit.TestProject.csproj::TargetFramework=net9.0]
C:\git\TUnit\TUnit.TestProject\CombinedParallelConstraintsTests.cs(253,17): warning CS0219: The variable 'hasOverlap' is assigned but its value is never used [C:\git\TUnit\TUnit.TestProject\TUnit.TestProject.csproj::TargetFramework=net9.0]
C:\git\TUnit\TUnit.TestProject\TestContextIsolationTests.cs(107,15): warning CS8620: Argument of type 'ValueAssertion<string?>' cannot be used for parameter 'source' of type 'IAssertionSource<string>' in 'StringEqualsAssertion AssertionExtensions.IsEqualTo(IAssertionSource<string> source, string expected, string? expression = null)' due to differences in the nullability of reference types. [C:\git\TUnit\TUnit.TestProject\TUnit.TestProject.csproj::TargetFramework=net9.0]
C:\git\TUnit\TUnit.TestProject\TestContextIsolationTests.cs(107,59): warning CS8604: Possible null reference argument for parameter 'expected' in 'StringEqualsAssertion AssertionExtensions.IsEqualTo(IAssertionSource<string> source, string expected, string? expression = null)'. [C:\git\TUnit\TUnit.TestProject\TUnit.TestProject.csproj::TargetFramework=net9.0]
C:\git\TUnit\TUnit.TestProject\Bugs\_2804\MultipleAfterHooksFailureTests.cs(124,25): warning CS0414: The field 'MultipleAfterClassHooksTests._testsExecuted' is assigned but its value is never used [C:\git\TUnit\TUnit.TestProject\TUnit.TestProject.csproj::TargetFramework=net9.0]
C:\git\TUnit\TUnit.TestProject\Bugs\_2804\HookCleanupOnFailureTests.cs(16,24): warning CS0414: The field 'HookCleanupOnFailureTests._beforeAssemblyCount' is assigned but its value is never used [C:\git\TUnit\TUnit.TestProject\TUnit.TestProject.csproj::TargetFramework=net9.0]
C:\git\TUnit\TUnit.TestProject\Bugs\_2804\HookExceptionHandlingTests.cs(14,25): warning CS0414: The field 'HookExceptionHandlingTests._afterAssemblyExecuted' is assigned but its value is never used [C:\git\TUnit\TUnit.TestProject\TUnit.TestProject.csproj::TargetFramework=net9.0]
C:\git\TUnit\TUnit.TestProject\Bugs\3219\ClassDataSourceRetryTests.cs(38,25): warning CS0414: The field 'ClassDataSourceRetryTests._wasExecuted' is assigned but its value is never used [C:\git\TUnit\TUnit.TestProject\TUnit.TestProject.csproj::TargetFramework=net9.0]
C:\git\TUnit\TUnit.TestProject\Bugs\_2804\HookCleanupOnFailureTests.cs(17,24): warning CS0414: The field 'HookCleanupOnFailureTests._afterAssemblyCount' is assigned but its value is never used [C:\git\TUnit\TUnit.TestProject\TUnit.TestProject.csproj::TargetFramework=net9.0]
C:\git\TUnit\TUnit.TestProject\CallEventReceiverTests.cs(34,28): warning TUnit0014: Public method missing [Test] attribute - add attribute or make method private/protected [C:\git\TUnit\TUnit.TestProject\TUnit.TestProject.csproj::TargetFramework=net9.0]
C:\git\TUnit\TUnit.TestProject\GenericInheritsTestVerification.cs(4,23): warning TUnit0059: Abstract test class 'GenericBase' has test methods with data sources. Add [InheritsTests] on a concrete class to execute these tests. [C:\git\TUnit\TUnit.TestProject\TUnit.TestProject.csproj::TargetFramework=net9.0]
C:\git\TUnit\TUnit.TestProject\GenericTestExample.cs(3,23): warning TUnit0059: Abstract test class 'GenericTestExample' has test methods with data sources. Add [InheritsTests] on a concrete class to execute these tests. [C:\git\TUnit\TUnit.TestProject\TUnit.TestProject.csproj::TargetFramework=net9.0]
C:\git\TUnit\TUnit.TestProject\DynamicTests\Runtime.cs(13,17): warning TUnit0014: Public method missing [Test] attribute - add attribute or make method private/protected [C:\git\TUnit\TUnit.TestProject\TUnit.TestProject.csproj::TargetFramework=net9.0]
C:\git\TUnit\TUnit.TestProject\Bugs\Issue2862EmptyDataSource.cs(21,23): warning TUnit0059: Abstract test class 'Issue2862AbstractBase' has test methods with data sources. Add [InheritsTests] on a concrete class to execute these tests. [C:\git\TUnit\TUnit.TestProject\TUnit.TestProject.csproj::TargetFramework=net9.0]
C:\git\TUnit\TUnit.TestProject\TransactionTest.cs(11,30): warning TUnit0023: _scope should be disposed within a clean up method [C:\git\TUnit\TUnit.TestProject\TUnit.TestProject.csproj::TargetFramework=net9.0]
C:\git\TUnit\TUnit.TestProject\VerifyFixTest.cs(11,27): warning TUnit0300: Generic test method may require runtime type creation may not be AOT-compatible. All generic type combinations must be known at compile time. [C:\git\TUnit\TUnit.TestProject\TUnit.TestProject.csproj::TargetFramework=net9.0]
C:\git\TUnit\TUnit.TestProject\AllDataSourcesCombinedTests.cs(40,30): warning TUnit0042: Global hooks should not be mixed with test classes to avoid confusion. Place them in their own class. [C:\git\TUnit\TUnit.TestProject\TUnit.TestProject.csproj::TargetFramework=net9.0]
C:\git\TUnit\TUnit.TestProject\ArgumentsWithClassDataSourceTests.cs(29,30): warning TUnit0042: Global hooks should not be mixed with test classes to avoid confusion. Place them in their own class. [C:\git\TUnit\TUnit.TestProject\TUnit.TestProject.csproj::TargetFramework=net9.0]
C:\git\TUnit\TUnit.TestProject\CallEventReceiverTests.cs(25,30): warning TUnit0042: Global hooks should not be mixed with test classes to avoid confusion. Place them in their own class. [C:\git\TUnit\TUnit.TestProject\TUnit.TestProject.csproj::TargetFramework=net9.0]
C:\git\TUnit\TUnit.TestProject\Bugs\_2804\TestSpecificAfterHooksTests.cs(219,30): warning TUnit0042: Global hooks should not be mixed with test classes to avoid confusion. Place them in their own class. [C:\git\TUnit\TUnit.TestProject\TUnit.TestProject.csproj::TargetFramework=net9.0]
C:\git\TUnit\TUnit.TestProject\Bugs\_2804\TestSpecificAfterHooksTests.cs(234,30): warning TUnit0042: Global hooks should not be mixed with test classes to avoid confusion. Place them in their own class. [C:\git\TUnit\TUnit.TestProject\TUnit.TestProject.csproj::TargetFramework=net9.0]
C:\git\TUnit\TUnit.TestProject\Bugs\_2804\TestSpecificAfterHooksTests.cs(249,30): warning TUnit0042: Global hooks should not be mixed with test classes to avoid confusion. Place them in their own class. [C:\git\TUnit\TUnit.TestProject\TUnit.TestProject.csproj::TargetFramework=net9.0]
C:\git\TUnit\TUnit.TestProject\Bugs\2136\Tests.cs(14,23): warning TUnit0300: Generic test method may require runtime type creation may not be AOT-compatible. All generic type combinations must be known at compile time. [C:\git\TUnit\TUnit.TestProject\TUnit.TestProject.csproj::TargetFramework=net9.0]
C:\git\TUnit\TUnit.TestProject\Bugs\_2804\TestSpecificAfterHooksTests.cs(264,30): warning TUnit0042: Global hooks should not be mixed with test classes to avoid confusion. Place them in their own class. [C:\git\TUnit\TUnit.TestProject\TUnit.TestProject.csproj::TargetFramework=net9.0]
C:\git\TUnit\TUnit.TestProject\Bugs\_2804\TestSpecificAfterHooksTests.cs(279,30): warning TUnit0042: Global hooks should not be mixed with test classes to avoid confusion. Place them in their own class. [C:\git\TUnit\TUnit.TestProject\TUnit.TestProject.csproj::TargetFramework=net9.0]
C:\git\TUnit\TUnit.TestProject\Bugs\2757\Tests.cs(20,41): warning TUnit0046: Return a `Func<T>` rather than a `<T>`. [C:\git\TUnit\TUnit.TestProject\TUnit.TestProject.csproj::TargetFramework=net9.0]
C:\git\TUnit\TUnit.TestProject\Bugs\2798\Tests.cs(16,36): warning TUnit0046: Return a `Func<T>` rather than a `<T>`. [C:\git\TUnit\TUnit.TestProject\TUnit.TestProject.csproj::TargetFramework=net9.0]
C:\git\TUnit\TUnit.TestProject\AllDataSourcesCombinedTestsVerification.cs(40,30): warning TUnit0042: Global hooks should not be mixed with test classes to avoid confusion. Place them in their own class. [C:\git\TUnit\TUnit.TestProject\TUnit.TestProject.csproj::TargetFramework=net9.0]
C:\git\TUnit\TUnit.TestProject\Bugs\2867\DisposalNotCalledTests.cs(267,30): warning TUnit0042: Global hooks should not be mixed with test classes to avoid confusion. Place them in their own class. [C:\git\TUnit\TUnit.TestProject\TUnit.TestProject.csproj::TargetFramework=net9.0]
C:\git\TUnit\TUnit.TestProject\Bugs\3219\ClassDataSourceRetryTests.cs(45,24): warning TUnit0042: Global hooks should not be mixed with test classes to avoid confusion. Place them in their own class. [C:\git\TUnit\TUnit.TestProject\TUnit.TestProject.csproj::TargetFramework=net9.0]
C:\git\TUnit\TUnit.TestProject\ClassDataSourceDrivenTestsSharedKeyed2.cs(41,30): warning TUnit0042: Global hooks should not be mixed with test classes to avoid confusion. Place them in their own class. [C:\git\TUnit\TUnit.TestProject\TUnit.TestProject.csproj::TargetFramework=net9.0]
C:\git\TUnit\TUnit.TestProject\Bugs\3185\BugRepro3185.cs(88,19): warning TUnitAssertions0005: Assert.That(...) should not be used with a constant value [C:\git\TUnit\TUnit.TestProject\TUnit.TestProject.csproj::TargetFramework=net9.0]
C:\git\TUnit\TUnit.TestProject\Bugs\3219\ClassDataSourceRetryTests.cs(76,30): warning TUnit0042: Global hooks should not be mixed with test classes to avoid confusion. Place them in their own class. [C:\git\TUnit\TUnit.TestProject\TUnit.TestProject.csproj::TargetFramework=net9.0]
C:\git\TUnit\TUnit.TestProject\Bugs\HookOrchestratorDeadlockTests.cs(153,30): warning TUnit0042: Global hooks should not be mixed with test classes to avoid confusion. Place them in their own class. [C:\git\TUnit\TUnit.TestProject\TUnit.TestProject.csproj::TargetFramework=net9.0]
C:\git\TUnit\TUnit.TestProject\Bugs\HookOrchestratorDeadlockTests.cs(163,30): warning TUnit0042: Global hooks should not be mixed with test classes to avoid confusion. Place them in their own class. [C:\git\TUnit\TUnit.TestProject\TUnit.TestProject.csproj::TargetFramework=net9.0]
C:\git\TUnit\TUnit.TestProject\ClassDataSourceWithMethodDataSourceTests.cs(35,30): warning TUnit0042: Global hooks should not be mixed with test classes to avoid confusion. Place them in their own class. [C:\git\TUnit\TUnit.TestProject\TUnit.TestProject.csproj::TargetFramework=net9.0]
C:\git\TUnit\TUnit.TestProject\Bugs\HookOrchestratorDeadlockTests.cs(80,30): warning TUnit0042: Global hooks should not be mixed with test classes to avoid confusion. Place them in their own class. [C:\git\TUnit\TUnit.TestProject\TUnit.TestProject.csproj::TargetFramework=net9.0]
C:\git\TUnit\TUnit.TestProject\Bugs\HookOrchestratorDeadlockTests.cs(90,30): warning TUnit0042: Global hooks should not be mixed with test classes to avoid confusion. Place them in their own class. [C:\git\TUnit\TUnit.TestProject\TUnit.TestProject.csproj::TargetFramework=net9.0]
C:\git\TUnit\TUnit.TestProject\Bugs\_2804\CriticalHookChainExecutionTests.cs(127,30): warning TUnit0042: Global hooks should not be mixed with test classes to avoid confusion. Place them in their own class. [C:\git\TUnit\TUnit.TestProject\TUnit.TestProject.csproj::TargetFramework=net9.0]
C:\git\TUnit\TUnit.TestProject\Bugs\_2804\CriticalHookChainExecutionTests.cs(223,30): warning TUnit0042: Global hooks should not be mixed with test classes to avoid confusion. Place them in their own class. [C:\git\TUnit\TUnit.TestProject\TUnit.TestProject.csproj::TargetFramework=net9.0]
C:\git\TUnit\TUnit.TestProject\Bugs\_2804\CriticalHookChainExecutionTests.cs(322,30): warning TUnit0042: Global hooks should not be mixed with test classes to avoid confusion. Place them in their own class. [C:\git\TUnit\TUnit.TestProject\TUnit.TestProject.csproj::TargetFramework=net9.0]
C:\git\TUnit\TUnit.TestProject\Bugs\_2804\CriticalHookChainExecutionTests.cs(59,30): warning TUnit0042: Global hooks should not be mixed with test classes to avoid confusion. Place them in their own class. [C:\git\TUnit\TUnit.TestProject\TUnit.TestProject.csproj::TargetFramework=net9.0]
C:\git\TUnit\TUnit.TestProject\Bugs\Issue2504CollectionExpressionTest.cs(62,30): warning TUnit0042: Global hooks should not be mixed with test classes to avoid confusion. Place them in their own class. [C:\git\TUnit\TUnit.TestProject\TUnit.TestProject.csproj::TargetFramework=net9.0]
C:\git\TUnit\TUnit.TestProject\Bugs\_2804\CriticalHookChainExecutionTests.cs(346,30): warning TUnit0042: Global hooks should not be mixed with test classes to avoid confusion. Place them in their own class. [C:\git\TUnit\TUnit.TestProject\TUnit.TestProject.csproj::TargetFramework=net9.0]
C:\git\TUnit\TUnit.TestProject\Bugs\_2804\HookCleanupOnFailureTests.cs(20,24): warning TUnit0042: Global hooks should not be mixed with test classes to avoid confusion. Place them in their own class. [C:\git\TUnit\TUnit.TestProject\TUnit.TestProject.csproj::TargetFramework=net9.0]
C:\git\TUnit\TUnit.TestProject\Bugs\_2804\HookCleanupOnFailureTests.cs(102,24): warning TUnit0042: Global hooks should not be mixed with test classes to avoid confusion. Place them in their own class. [C:\git\TUnit\TUnit.TestProject\TUnit.TestProject.csproj::TargetFramework=net9.0]
C:\git\TUnit\TUnit.TestProject\Bugs\_2804\CriticalHookChainExecutionTests.cs(256,30): warning TUnit0042: Global hooks should not be mixed with test classes to avoid confusion. Place them in their own class. [C:\git\TUnit\TUnit.TestProject\TUnit.TestProject.csproj::TargetFramework=net9.0]
C:\git\TUnit\TUnit.TestProject\Bugs\_2804\HookCleanupOnFailureTests.cs(171,24): warning TUnit0042: Global hooks should not be mixed with test classes to avoid confusion. Place them in their own class. [C:\git\TUnit\TUnit.TestProject\TUnit.TestProject.csproj::TargetFramework=net9.0]
C:\git\TUnit\TUnit.TestProject\Bugs\_2804\CriticalHookChainExecutionTests.cs(101,30): warning TUnit0042: Global hooks should not be mixed with test classes to avoid confusion. Place them in their own class. [C:\git\TUnit\TUnit.TestProject\TUnit.TestProject.csproj::TargetFramework=net9.0]
C:\git\TUnit\TUnit.TestProject\Bugs\_2804\HookCleanupOnFailureTests.cs(178,24): warning TUnit0042: Global hooks should not be mixed with test classes to avoid confusion. Place them in their own class. [C:\git\TUnit\TUnit.TestProject\TUnit.TestProject.csproj::TargetFramework=net9.0]
C:\git\TUnit\TUnit.TestProject\Bugs\_2804\HookCleanupOnFailureTests.cs(113,24): warning TUnit0042: Global hooks should not be mixed with test classes to avoid confusion. Place them in their own class. [C:\git\TUnit\TUnit.TestProject\TUnit.TestProject.csproj::TargetFramework=net9.0]
C:\git\TUnit\TUnit.TestProject\Bugs\_2804\HookCleanupOnFailureTests.cs(31,24): warning TUnit0042: Global hooks should not be mixed with test classes to avoid confusion. Place them in their own class. [C:\git\TUnit\TUnit.TestProject\TUnit.TestProject.csproj::TargetFramework=net9.0]
C:\git\TUnit\TUnit.TestProject\Bugs\_2804\HookCleanupOnFailureTests.cs(200,24): warning TUnit0042: Global hooks should not be mixed with test classes to avoid confusion. Place them in their own class. [C:\git\TUnit\TUnit.TestProject\TUnit.TestProject.csproj::TargetFramework=net9.0]
C:\git\TUnit\TUnit.TestProject\Bugs\_2804\CriticalHookChainExecutionTests.cs(358,24): warning TUnit0042: Global hooks should not be mixed with test classes to avoid confusion. Place them in their own class. [C:\git\TUnit\TUnit.TestProject\TUnit.TestProject.csproj::TargetFramework=net9.0]
C:\git\TUnit\TUnit.TestProject\Bugs\_2804\HookExceptionHandlingTests.cs(52,24): warning TUnit0042: Global hooks should not be mixed with test classes to avoid confusion. Place them in their own class. [C:\git\TUnit\TUnit.TestProject\TUnit.TestProject.csproj::TargetFramework=net9.0]
C:\git\TUnit\TUnit.TestProject\Bugs\_2804\HookExceptionHandlingTests.cs(197,24): warning TUnit0042: Global hooks should not be mixed with test classes to avoid confusion. Place them in their own class. [C:\git\TUnit\TUnit.TestProject\TUnit.TestProject.csproj::TargetFramework=net9.0]
C:\git\TUnit\TUnit.TestProject\Bugs\_2804\HookExceptionHandlingTests.cs(69,24): warning TUnit0042: Global hooks should not be mixed with test classes to avoid confusion. Place them in their own class. [C:\git\TUnit\TUnit.TestProject\TUnit.TestProject.csproj::TargetFramework=net9.0]
C:\git\TUnit\TUnit.TestProject\Bugs\_2804\MultipleAfterHooksFailureTests.cs(316,30): warning TUnit0042: Global hooks should not be mixed with test classes to avoid confusion. Place them in their own class. [C:\git\TUnit\TUnit.TestProject\TUnit.TestProject.csproj::TargetFramework=net9.0]
C:\git\TUnit\TUnit.TestProject\Bugs\_2804\MultipleAfterHooksFailureTests.cs(327,30): warning TUnit0042: Global hooks should not be mixed with test classes to avoid confusion. Place them in their own class. [C:\git\TUnit\TUnit.TestProject\TUnit.TestProject.csproj::TargetFramework=net9.0]
C:\git\TUnit\TUnit.TestProject\Bugs\_2804\MultipleAfterHooksFailureTests.cs(400,30): warning TUnit0042: Global hooks should not be mixed with test classes to avoid confusion. Place them in their own class. [C:\git\TUnit\TUnit.TestProject\TUnit.TestProject.csproj::TargetFramework=net9.0]
C:\git\TUnit\TUnit.TestProject\Bugs\_2804\MultipleAfterHooksFailureTests.cs(377,30): warning TUnit0042: Global hooks should not be mixed with test classes to avoid confusion. Place them in their own class. [C:\git\TUnit\TUnit.TestProject\TUnit.TestProject.csproj::TargetFramework=net9.0]
C:\git\TUnit\TUnit.TestProject\Bugs\_2804\MultipleAfterHooksFailureTests.cs(388,30): warning TUnit0042: Global hooks should not be mixed with test classes to avoid confusion. Place them in their own class. [C:\git\TUnit\TUnit.TestProject\TUnit.TestProject.csproj::TargetFramework=net9.0]
C:\git\TUnit\TUnit.TestProject\Bugs\_2804\HookExceptionHandlingTests.cs(106,24): warning TUnit0042: Global hooks should not be mixed with test classes to avoid confusion. Place them in their own class. [C:\git\TUnit\TUnit.TestProject\TUnit.TestProject.csproj::TargetFramework=net9.0]
C:\git\TUnit\TUnit.TestProject\Bugs\_2804\MultipleAfterHooksFailureTests.cs(338,30): warning TUnit0042: Global hooks should not be mixed with test classes to avoid confusion. Place them in their own class. [C:\git\TUnit\TUnit.TestProject\TUnit.TestProject.csproj::TargetFramework=net9.0]
C:\git\TUnit\TUnit.TestProject\Bugs\_2804\MultipleAfterHooksFailureTests.cs(423,30): warning TUnit0042: Global hooks should not be mixed with test classes to avoid confusion. Place them in their own class. [C:\git\TUnit\TUnit.TestProject\TUnit.TestProject.csproj::TargetFramework=net9.0]
C:\git\TUnit\TUnit.TestProject\Bugs\_2804\MultipleAfterHooksFailureTests.cs(435,30): warning TUnit0042: Global hooks should not be mixed with test classes to avoid confusion. Place them in their own class. [C:\git\TUnit\TUnit.TestProject\TUnit.TestProject.csproj::TargetFramework=net9.0]
C:\git\TUnit\TUnit.TestProject\Bugs\_2804\MultipleAfterHooksFailureTests.cs(349,24): warning TUnit0042: Global hooks should not be mixed with test classes to avoid confusion. Place them in their own class. [C:\git\TUnit\TUnit.TestProject\TUnit.TestProject.csproj::TargetFramework=net9.0]
C:\git\TUnit\TUnit.TestProject\Bugs\_2804\MultipleAfterHooksFailureTests.cs(446,24): warning TUnit0042: Global hooks should not be mixed with test classes to avoid confusion. Place them in their own class. [C:\git\TUnit\TUnit.TestProject\TUnit.TestProject.csproj::TargetFramework=net9.0]
C:\git\TUnit\TUnit.TestProject\ClassDataSourceDrivenTestsSharedKeyed3.cs(41,30): warning TUnit0042: Global hooks should not be mixed with test classes to avoid confusion. Place them in their own class. [C:\git\TUnit\TUnit.TestProject\TUnit.TestProject.csproj::TargetFramework=net9.0]
C:\git\TUnit\TUnit.TestProject\Bugs\_2804\MultipleAfterHooksFailureTests.cs(412,30): warning TUnit0042: Global hooks should not be mixed with test classes to avoid confusion. Place them in their own class. [C:\git\TUnit\TUnit.TestProject\TUnit.TestProject.csproj::TargetFramework=net9.0]
C:\git\TUnit\TUnit.TestProject\TestMixedGenericParameters.cs(8,23): warning TUnit0300: Generic test method may require runtime type creation may not be AOT-compatible. All generic type combinations must be known at compile time. [C:\git\TUnit\TUnit.TestProject\TUnit.TestProject.csproj::TargetFramework=net9.0]
C:\git\TUnit\TUnit.TestProject\FailFastTest.cs(10,15): warning TUnitAssertions0005: Assert.That(...) should not be used with a constant value [C:\git\TUnit\TUnit.TestProject\TUnit.TestProject.csproj::TargetFramework=net9.0]
C:\git\TUnit\TUnit.TestProject\GenericConstraintValidationTests.cs(63,23): warning TUnit0300: Generic test method may require runtime type creation may not be AOT-compatible. All generic type combinations must be known at compile time. [C:\git\TUnit\TUnit.TestProject\TUnit.TestProject.csproj::TargetFramework=net9.0]
C:\git\TUnit\TUnit.TestProject\GenericConstraintValidationTests.cs(171,23): warning TUnit0300: Generic test method may require runtime type creation may not be AOT-compatible. All generic type combinations must be known at compile time. [C:\git\TUnit\TUnit.TestProject\TUnit.TestProject.csproj::TargetFramework=net9.0]
C:\git\TUnit\TUnit.TestProject\GenericConstraintValidationTests.cs(140,23): warning TUnit0300: Generic test method may require runtime type creation may not be AOT-compatible. All generic type combinations must be known at compile time. [C:\git\TUnit\TUnit.TestProject\TUnit.TestProject.csproj::TargetFramework=net9.0]
C:\git\TUnit\TUnit.TestProject\GenericConstraintValidationTests.cs(73,23): warning TUnit0300: Generic test method may require runtime type creation may not be AOT-compatible. All generic type combinations must be known at compile time. [C:\git\TUnit\TUnit.TestProject\TUnit.TestProject.csproj::TargetFramework=net9.0]
C:\git\TUnit\TUnit.TestProject\GenericConstraintValidationTests.cs(124,23): warning TUnit0300: Generic test method may require runtime type creation may not be AOT-compatible. All generic type combinations must be known at compile time. [C:\git\TUnit\TUnit.TestProject\TUnit.TestProject.csproj::TargetFramework=net9.0]
C:\git\TUnit\TUnit.TestProject\GenericInheritsTestVerification.cs(15,17): warning TUnit0300: Generic test method may require runtime type creation may not be AOT-compatible. All generic type combinations must be known at compile time. [C:\git\TUnit\TUnit.TestProject\TUnit.TestProject.csproj::TargetFramework=net9.0]
C:\git\TUnit\TUnit.TestProject\GenericInstanceMethodDataSourceTests.cs(15,23): warning TUnit0300: Generic test method may require runtime type creation may not be AOT-compatible. All generic type combinations must be known at compile time. [C:\git\TUnit\TUnit.TestProject\TUnit.TestProject.csproj::TargetFramework=net9.0]
C:\git\TUnit\TUnit.TestProject\GenericInstanceMethodDataSourceTests.cs(59,23): warning TUnit0300: Generic test method may require runtime type creation may not be AOT-compatible. All generic type combinations must be known at compile time. [C:\git\TUnit\TUnit.TestProject\TUnit.TestProject.csproj::TargetFramework=net9.0]
C:\git\TUnit\TUnit.TestProject\GenericMatrixTests.cs(11,23): warning TUnit0300: Generic test method may require runtime type creation may not be AOT-compatible. All generic type combinations must be known at compile time. [C:\git\TUnit\TUnit.TestProject\TUnit.TestProject.csproj::TargetFramework=net9.0]
C:\git\TUnit\TUnit.TestProject\GenericMatrixTests.cs(63,23): warning TUnit0300: Generic test method may require runtime type creation may not be AOT-compatible. All generic type combinations must be known at compile time. [C:\git\TUnit\TUnit.TestProject\TUnit.TestProject.csproj::TargetFramework=net9.0]
C:\git\TUnit\TUnit.TestProject\GenericConstraintValidationTests.cs(82,23): warning TUnit0300: Generic test method may require runtime type creation may not be AOT-compatible. All generic type combinations must be known at compile time. [C:\git\TUnit\TUnit.TestProject\TUnit.TestProject.csproj::TargetFramework=net9.0]
C:\git\TUnit\TUnit.TestProject\GenericConstraintValidationTests.cs(92,23): warning TUnit0300: Generic test method may require runtime type creation may not be AOT-compatible. All generic type combinations must be known at compile time. [C:\git\TUnit\TUnit.TestProject\TUnit.TestProject.csproj::TargetFramework=net9.0]
C:\git\TUnit\TUnit.TestProject\GenericInstanceMethodDataSourceTests.cs(26,23): warning TUnit0300: Generic test method may require runtime type creation may not be AOT-compatible. All generic type combinations must be known at compile time. [C:\git\TUnit\TUnit.TestProject\TUnit.TestProject.csproj::TargetFramework=net9.0]
C:\git\TUnit\TUnit.TestProject\GenericMatrixTests.cs(73,23): warning TUnit0300: Generic test method may require runtime type creation may not be AOT-compatible. All generic type combinations must be known at compile time. [C:\git\TUnit\TUnit.TestProject\TUnit.TestProject.csproj::TargetFramework=net9.0]
C:\git\TUnit\TUnit.TestProject\GenericConstraintValidationTests.cs(101,23): warning TUnit0300: Generic test method may require runtime type creation may not be AOT-compatible. All generic type combinations must be known at compile time. [C:\git\TUnit\TUnit.TestProject\TUnit.TestProject.csproj::TargetFramework=net9.0]
C:\git\TUnit\TUnit.TestProject\GenericTestExample.cs(15,17): warning TUnit0300: Generic test method may require runtime type creation may not be AOT-compatible. All generic type combinations must be known at compile time. [C:\git\TUnit\TUnit.TestProject\TUnit.TestProject.csproj::TargetFramework=net9.0]
C:\git\TUnit\TUnit.TestProject\GenericMatrixTests.cs(22,23): warning TUnit0300: Generic test method may require runtime type creation may not be AOT-compatible. All generic type combinations must be known at compile time. [C:\git\TUnit\TUnit.TestProject\TUnit.TestProject.csproj::TargetFramework=net9.0]
C:\git\TUnit\TUnit.TestProject\GenericConstraintValidationTests.cs(110,23): warning TUnit0300: Generic test method may require runtime type creation may not be AOT-compatible. All generic type combinations must be known at compile time. [C:\git\TUnit\TUnit.TestProject\TUnit.TestProject.csproj::TargetFramework=net9.0]
C:\git\TUnit\TUnit.TestProject\GenericTypedDataSourceTests.cs(41,23): warning TUnit0300: Generic test method may require runtime type creation may not be AOT-compatible. All generic type combinations must be known at compile time. [C:\git\TUnit\TUnit.TestProject\TUnit.TestProject.csproj::TargetFramework=net9.0]
C:\git\TUnit\TUnit.TestProject\GenericMatrixTests.cs(36,23): warning TUnit0300: Generic test method may require runtime type creation may not be AOT-compatible. All generic type combinations must be known at compile time. [C:\git\TUnit\TUnit.TestProject\TUnit.TestProject.csproj::TargetFramework=net9.0]
C:\git\TUnit\TUnit.TestProject\GenericTypedDataSourceTests.cs(49,23): warning TUnit0300: Generic test method may require runtime type creation may not be AOT-compatible. All generic type combinations must be known at compile time. [C:\git\TUnit\TUnit.TestProject\TUnit.TestProject.csproj::TargetFramework=net9.0]
C:\git\TUnit\TUnit.TestProject\GenericTypeTests.cs(79,23): warning TUnit0300: Generic test method may require runtime type creation may not be AOT-compatible. All generic type combinations must be known at compile time. [C:\git\TUnit\TUnit.TestProject\TUnit.TestProject.csproj::TargetFramework=net9.0]
C:\git\TUnit\TUnit.TestProject\GenericTypeTests.cs(9,23): warning TUnit0300: Generic test method may require runtime type creation may not be AOT-compatible. All generic type combinations must be known at compile time. [C:\git\TUnit\TUnit.TestProject\TUnit.TestProject.csproj::TargetFramework=net9.0]
C:\git\TUnit\TUnit.TestProject\GenericMatrixTests.cs(47,23): warning TUnit0300: Generic test method may require runtime type creation may not be AOT-compatible. All generic type combinations must be known at compile time. [C:\git\TUnit\TUnit.TestProject\TUnit.TestProject.csproj::TargetFramework=net9.0]
C:\git\TUnit\TUnit.TestProject\HookGeneratorTest.cs(9,24): warning TUnit0042: Global hooks should not be mixed with test classes to avoid confusion. Place them in their own class. [C:\git\TUnit\TUnit.TestProject\TUnit.TestProject.csproj::TargetFramework=net9.0]
C:\git\TUnit\TUnit.TestProject\HookGeneratorTest.cs(15,30): warning TUnit0042: Global hooks should not be mixed with test classes to avoid confusion. Place them in their own class. [C:\git\TUnit\TUnit.TestProject\TUnit.TestProject.csproj::TargetFramework=net9.0]
C:\git\TUnit\TUnit.TestProject\GenericTypedDataSourceTests.cs(57,23): warning TUnit0300: Generic test method may require runtime type creation may not be AOT-compatible. All generic type combinations must be known at compile time. [C:\git\TUnit\TUnit.TestProject\TUnit.TestProject.csproj::TargetFramework=net9.0]
C:\git\TUnit\TUnit.TestProject\HookExecutorTests.cs(13,30): warning TUnit0042: Global hooks should not be mixed with test classes to avoid confusion. Place them in their own class. [C:\git\TUnit\TUnit.TestProject\TUnit.TestProject.csproj::TargetFramework=net9.0]
C:\git\TUnit\TUnit.TestProject\GenericTypeTests.cs(20,23): warning TUnit0300: Generic test method may require runtime type creation may not be AOT-compatible. All generic type combinations must be known at compile time. [C:\git\TUnit\TUnit.TestProject\TUnit.TestProject.csproj::TargetFramework=net9.0]
C:\git\TUnit\TUnit.TestProject\HookExecutorTests.cs(26,30): warning TUnit0042: Global hooks should not be mixed with test classes to avoid confusion. Place them in their own class. [C:\git\TUnit\TUnit.TestProject\TUnit.TestProject.csproj::TargetFramework=net9.0]
C:\git\TUnit\TUnit.TestProject\HookExecutorTests.cs(35,30): warning TUnit0042: Global hooks should not be mixed with test classes to avoid confusion. Place them in their own class. [C:\git\TUnit\TUnit.TestProject\TUnit.TestProject.csproj::TargetFramework=net9.0]
C:\git\TUnit\TUnit.TestProject\GenericTypeTests.cs(52,23): warning TUnit0300: Generic test method may require runtime type creation may not be AOT-compatible. All generic type combinations must be known at compile time. [C:\git\TUnit\TUnit.TestProject\TUnit.TestProject.csproj::TargetFramework=net9.0]
C:\git\TUnit\TUnit.TestProject\HookExecutorTests.cs(43,30): warning TUnit0042: Global hooks should not be mixed with test classes to avoid confusion. Place them in their own class. [C:\git\TUnit\TUnit.TestProject\TUnit.TestProject.csproj::TargetFramework=net9.0]
C:\git\TUnit\TUnit.TestProject\GenericTypeTests.cs(61,23): warning TUnit0300: Generic test method may require runtime type creation may not be AOT-compatible. All generic type combinations must be known at compile time. [C:\git\TUnit\TUnit.TestProject\TUnit.TestProject.csproj::TargetFramework=net9.0]
C:\git\TUnit\TUnit.TestProject\HookExecutorTests.cs(54,30): warning TUnit0042: Global hooks should not be mixed with test classes to avoid confusion. Place them in their own class. [C:\git\TUnit\TUnit.TestProject\TUnit.TestProject.csproj::TargetFramework=net9.0]
C:\git\TUnit\TUnit.TestProject\HookExecutorTests.cs(63,30): warning TUnit0042: Global hooks should not be mixed with test classes to avoid confusion. Place them in their own class. [C:\git\TUnit\TUnit.TestProject\TUnit.TestProject.csproj::TargetFramework=net9.0]
C:\git\TUnit\TUnit.TestProject\MinimalDiscoveryTest.cs(8,15): warning TUnitAssertions0005: Assert.That(...) should not be used with a constant value [C:\git\TUnit\TUnit.TestProject\TUnit.TestProject.csproj::TargetFramework=net9.0]
C:\git\TUnit\TUnit.TestProject\GenericMethodTests.cs(11,17): warning TUnit0300: Generic test method may require runtime type creation may not be AOT-compatible. All generic type combinations must be known at compile time. [C:\git\TUnit\TUnit.TestProject\TUnit.TestProject.csproj::TargetFramework=net9.0]
C:\git\TUnit\TUnit.TestProject\MultipleClassDataGeneratorsTests.cs(26,30): warning TUnit0042: Global hooks should not be mixed with test classes to avoid confusion. Place them in their own class. [C:\git\TUnit\TUnit.TestProject\TUnit.TestProject.csproj::TargetFramework=net9.0]
C:\git\TUnit\TUnit.TestProject\MethodDataSourceWithArgumentsTests.cs(35,30): warning TUnit0042: Global hooks should not be mixed with test classes to avoid confusion. Place them in their own class. [C:\git\TUnit\TUnit.TestProject\TUnit.TestProject.csproj::TargetFramework=net9.0]
C:\git\TUnit\TUnit.TestProject\MultipleDataSourcesTests.cs(29,30): warning TUnit0042: Global hooks should not be mixed with test classes to avoid confusion. Place them in their own class. [C:\git\TUnit\TUnit.TestProject\TUnit.TestProject.csproj::TargetFramework=net9.0]
C:\git\TUnit\TUnit.TestProject\GenericConstraintValidationTests.cs(155,23): warning TUnit0300: Generic test method may require runtime type creation may not be AOT-compatible. All generic type combinations must be known at compile time. [C:\git\TUnit\TUnit.TestProject\TUnit.TestProject.csproj::TargetFramework=net9.0]
C:\git\TUnit\TUnit.TestProject\GenericTypedDataSourceTests.cs(70,23): warning TUnit0300: Generic test method may require runtime type creation may not be AOT-compatible. All generic type combinations must be known at compile time. [C:\git\TUnit\TUnit.TestProject\TUnit.TestProject.csproj::TargetFramework=net9.0]
C:\git\TUnit\TUnit.TestProject\NestedTupleDataSourceTests.cs(12,73): warning TUnit0301: Tuple parameter 'value2' - consider using concrete types for AOT compatibility uses reflection which is not AOT-compatible. Consider using concrete types instead of tuples. [C:\git\TUnit\TUnit.TestProject\TUnit.TestProject.csproj::TargetFramework=net9.0]
C:\git\TUnit\TUnit.TestProject\NestedTupleDataSourceTests.cs(22,65): warning TUnit0301: Tuple parameter 'value' - consider using concrete types for AOT compatibility uses reflection which is not AOT-compatible. Consider using concrete types instead of tuples. [C:\git\TUnit\TUnit.TestProject\TUnit.TestProject.csproj::TargetFramework=net9.0]
C:\git\TUnit\TUnit.TestProject\NestedTupleDataSourceTests.cs(32,67): warning TUnit0301: Tuple parameter 'value1' - consider using concrete types for AOT compatibility uses reflection which is not AOT-compatible. Consider using concrete types instead of tuples. [C:\git\TUnit\TUnit.TestProject\TUnit.TestProject.csproj::TargetFramework=net9.0]
C:\git\TUnit\TUnit.TestProject\NestedTupleDataSourceTests.cs(32,86): warning TUnit0301: Tuple parameter 'value2' - consider using concrete types for AOT compatibility uses reflection which is not AOT-compatible. Consider using concrete types instead of tuples. [C:\git\TUnit\TUnit.TestProject\TUnit.TestProject.csproj::TargetFramework=net9.0]
C:\git\TUnit\TUnit.TestProject\NestedTupleDataSourceTests.cs(43,86): warning TUnit0301: Tuple parameter 'value2' - consider using concrete types for AOT compatibility uses reflection which is not AOT-compatible. Consider using concrete types instead of tuples. [C:\git\TUnit\TUnit.TestProject\TUnit.TestProject.csproj::TargetFramework=net9.0]
C:\git\TUnit\TUnit.TestProject\NestedTupleDataSourceTests.cs(54,82): warning TUnit0301: Tuple parameter 'value2' - consider using concrete types for AOT compatibility uses reflection which is not AOT-compatible. Consider using concrete types instead of tuples. [C:\git\TUnit\TUnit.TestProject\TUnit.TestProject.csproj::TargetFramework=net9.0]
C:\git\TUnit\TUnit.TestProject\HookExecutorTests.cs(110,30): warning TUnit0042: Global hooks should not be mixed with test classes to avoid confusion. Place them in their own class. [C:\git\TUnit\TUnit.TestProject\TUnit.TestProject.csproj::TargetFramework=net9.0]
C:\git\TUnit\TUnit.TestProject\HookExecutorTests.cs(123,30): warning TUnit0042: Global hooks should not be mixed with test classes to avoid confusion. Place them in their own class. [C:\git\TUnit\TUnit.TestProject\TUnit.TestProject.csproj::TargetFramework=net9.0]
C:\git\TUnit\TUnit.TestProject\NestedTupleDataSourceTests.cs(64,86): warning TUnit0301: Tuple parameter 'value2' - consider using concrete types for AOT compatibility uses reflection which is not AOT-compatible. Consider using concrete types instead of tuples. [C:\git\TUnit\TUnit.TestProject\TUnit.TestProject.csproj::TargetFramework=net9.0]
C:\git\TUnit\TUnit.TestProject\NestedTupleDataSourceTests.cs(121,45): warning TUnit0046: Return a `Func<T>` rather than a `<T>`. [C:\git\TUnit\TUnit.TestProject\TUnit.TestProject.csproj::TargetFramework=net9.0]
C:\git\TUnit\TUnit.TestProject\NestedTupleTest.cs(8,71): warning TUnit0301: Tuple parameter 'data2' - consider using concrete types for AOT compatibility uses reflection which is not AOT-compatible. Consider using concrete types instead of tuples. [C:\git\TUnit\TUnit.TestProject\TUnit.TestProject.csproj::TargetFramework=net9.0]
C:\git\TUnit\TUnit.TestProject\SimpleGenericTests.cs(11,23): warning TUnit0300: Generic test method may require runtime type creation may not be AOT-compatible. All generic type combinations must be known at compile time. [C:\git\TUnit\TUnit.TestProject\TUnit.TestProject.csproj::TargetFramework=net9.0]
C:\git\TUnit\TUnit.TestProject\NestedTupleTest.cs(16,64): warning TUnit0301: Tuple parameter 'data' - consider using concrete types for AOT compatibility uses reflection which is not AOT-compatible. Consider using concrete types instead of tuples. [C:\git\TUnit\TUnit.TestProject\TUnit.TestProject.csproj::TargetFramework=net9.0]
C:\git\TUnit\TUnit.TestProject\NestedTupleDataSourceTests.cs(74,83): warning TUnit0301: Tuple parameter 'value2' - consider using concrete types for AOT compatibility uses reflection which is not AOT-compatible. Consider using concrete types instead of tuples. [C:\git\TUnit\TUnit.TestProject\TUnit.TestProject.csproj::TargetFramework=net9.0]
C:\git\TUnit\TUnit.TestProject\SimpleGenericTests.cs(23,23): warning TUnit0300: Generic test method may require runtime type creation may not be AOT-compatible. All generic type combinations must be known at compile time. [C:\git\TUnit\TUnit.TestProject\TUnit.TestProject.csproj::TargetFramework=net9.0]
C:\git\TUnit\TUnit.TestProject\SimpleHookTest.cs(23,24): warning TUnit0042: Global hooks should not be mixed with test classes to avoid confusion. Place them in their own class. [C:\git\TUnit\TUnit.TestProject\TUnit.TestProject.csproj::TargetFramework=net9.0]
C:\git\TUnit\TUnit.TestProject\SimpleHookTest.cs(28,24): warning TUnit0042: Global hooks should not be mixed with test classes to avoid confusion. Place them in their own class. [C:\git\TUnit\TUnit.TestProject\TUnit.TestProject.csproj::TargetFramework=net9.0]
C:\git\TUnit\TUnit.TestProject\SimpleGenericTests.cs(56,23): warning TUnit0300: Generic test method may require runtime type creation may not be AOT-compatible. All generic type combinations must be known at compile time. [C:\git\TUnit\TUnit.TestProject\TUnit.TestProject.csproj::TargetFramework=net9.0]
C:\git\TUnit\TUnit.TestProject\NestedTupleDataSourceTests.cs(84,88): warning TUnit0301: Tuple parameter 'value2' - consider using concrete types for AOT compatibility uses reflection which is not AOT-compatible. Consider using concrete types instead of tuples. [C:\git\TUnit\TUnit.TestProject\TUnit.TestProject.csproj::TargetFramework=net9.0]
C:\git\TUnit\TUnit.TestProject\SimpleStaticTest.cs(9,15): warning TUnitAssertions0005: Assert.That(...) should not be used with a constant value [C:\git\TUnit\TUnit.TestProject\TUnit.TestProject.csproj::TargetFramework=net9.0]
C:\git\TUnit\TUnit.TestProject\SimpleTupleTest.cs(11,56): warning TUnit0301: Tuple parameter 'value' - consider using concrete types for AOT compatibility uses reflection which is not AOT-compatible. Consider using concrete types instead of tuples. [C:\git\TUnit\TUnit.TestProject\TUnit.TestProject.csproj::TargetFramework=net9.0]
C:\git\TUnit\TUnit.TestProject\SmartInferenceTests.cs(11,23): warning TUnit0300: Generic test method may require runtime type creation may not be AOT-compatible. All generic type combinations must be known at compile time. [C:\git\TUnit\TUnit.TestProject\TUnit.TestProject.csproj::TargetFramework=net9.0]
C:\git\TUnit\TUnit.TestProject\SmartInferenceTests.cs(27,23): warning TUnit0300: Generic test method may require runtime type creation may not be AOT-compatible. All generic type combinations must be known at compile time. [C:\git\TUnit\TUnit.TestProject\TUnit.TestProject.csproj::TargetFramework=net9.0]

Build FAILED.

C:\Users\thomh\.nuget\packages\system.text.encodings.web\9.0.0\buildTransitive\netcoreapp2.0\System.Text.Encodings.Web.targets(4,5): warning : System.Text.Encodings.Web 9.0.0 doesn't support net6.0 and has not been tested with it. Consider upgrading your TargetFramework to net8.0 or later. You may also set <SuppressTfmSupportBuildWarnings>true</SuppressTfmSupportBuildWarnings> in the project file to ignore this warning and attempt to run in this unsupported configuration at your own risk. [C:\git\TUnit\TUnit.TestProject.Library\TUnit.TestProject.Library.csproj::TargetFramework=net6.0]
C:\Users\thomh\.nuget\packages\system.io.pipelines\9.0.0\buildTransitive\netcoreapp2.0\System.IO.Pipelines.targets(4,5): warning : System.IO.Pipelines 9.0.0 doesn't support net6.0 and has not been tested with it. Consider upgrading your TargetFramework to net8.0 or later. You may also set <SuppressTfmSupportBuildWarnings>true</SuppressTfmSupportBuildWarnings> in the project file to ignore this warning and attempt to run in this unsupported configuration at your own risk. [C:\git\TUnit\TUnit.TestProject.Library\TUnit.TestProject.Library.csproj::TargetFramework=net6.0]
C:\Users\thomh\.nuget\packages\microsoft.bcl.asyncinterfaces\9.0.0\buildTransitive\netcoreapp2.0\Microsoft.Bcl.AsyncInterfaces.targets(4,5): warning : Microsoft.Bcl.AsyncInterfaces 9.0.0 doesn't support net6.0 and has not been tested with it. Consider upgrading your TargetFramework to net8.0 or later. You may also set <SuppressTfmSupportBuildWarnings>true</SuppressTfmSupportBuildWarnings> in the project file to ignore this warning and attempt to run in this unsupported configuration at your own risk. [C:\git\TUnit\TUnit.TestProject.Library\TUnit.TestProject.Library.csproj::TargetFramework=net6.0]
C:\Users\thomh\.nuget\packages\system.text.json\9.0.0\buildTransitive\netcoreapp2.0\System.Text.Json.targets(4,5): warning : System.Text.Json 9.0.0 doesn't support net6.0 and has not been tested with it. Consider upgrading your TargetFramework to net8.0 or later. You may also set <SuppressTfmSupportBuildWarnings>true</SuppressTfmSupportBuildWarnings> in the project file to ignore this warning and attempt to run in this unsupported configuration at your own risk. [C:\git\TUnit\TUnit.TestProject.Library\TUnit.TestProject.Library.csproj::TargetFramework=net6.0]
C:\git\TUnit\TUnit.Assertions.Analyzers\AnalyzerReleases.Shipped.md(5,1): warning RS2007: Analyzer release file 'AnalyzerReleases.Shipped.md' has a missing or invalid release header '#### Assertion Usage Rules' (https://github.com/dotnet/roslyn-analyzers/blob/main/src/Microsoft.CodeAnalysis.Analyzers/ReleaseTrackingAnalyzers.Help.md) [C:\git\TUnit\TUnit.Assertions.Analyzers\TUnit.Assertions.Analyzers.csproj::TargetFramework=netstandard2.0]
C:\git\TUnit\TUnit.Analyzers\AnalyzerReleases.Shipped.md(5,1): warning RS2007: Analyzer release file 'AnalyzerReleases.Shipped.md' has a missing or invalid release header '#### Test Method and Structure Rules' (https://github.com/dotnet/roslyn-analyzers/blob/main/src/Microsoft.CodeAnalysis.Analyzers/ReleaseTrackingAnalyzers.Help.md) [C:\git\TUnit\TUnit.Analyzers\TUnit.Analyzers.csproj::TargetFramework=netstandard2.0]
C:\git\TUnit\TUnit.TestProject.Library\AsyncBaseTests.cs(4,23): warning TUnit0059: Abstract test class 'AsyncBaseTests' has test methods with data sources. Add [InheritsTests] on a concrete class to execute these tests. [C:\git\TUnit\TUnit.TestProject.Library\TUnit.TestProject.Library.csproj::TargetFramework=net9.0]
C:\git\TUnit\TUnit.TestProject.Library\Bugs\1889\BaseTests.cs(3,23): warning TUnit0059: Abstract test class 'BaseTest' has test methods with data sources. Add [InheritsTests] on a concrete class to execute these tests. [C:\git\TUnit\TUnit.TestProject.Library\TUnit.TestProject.Library.csproj::TargetFramework=net9.0]
C:\git\TUnit\TUnit.TestProject.Library\Bugs\1889\BaseTests.cs(12,17): warning TUnit0300: Generic test method may require runtime type creation may not be AOT-compatible. All generic type combinations must be known at compile time. [C:\git\TUnit\TUnit.TestProject.Library\TUnit.TestProject.Library.csproj::TargetFramework=net9.0]
C:\git\TUnit\TUnit.TestProject.Library\Bugs\1889\BaseTests.cs(19,17): warning TUnit0300: Generic test method may require runtime type creation may not be AOT-compatible. All generic type combinations must be known at compile time. [C:\git\TUnit\TUnit.TestProject.Library\TUnit.TestProject.Library.csproj::TargetFramework=net9.0]
C:\git\TUnit\TUnit.TestProject\SourceGeneratedViewer\TUnit.Core.SourceGenerator\TUnit.Core.SourceGenerator.Generators.PropertyInjectionSourceGenerator\TUnit_TestProject_PropertyInitializationTests_PropertyInjection.g.cs(39,86): warning CS8669: The annotation for nullable reference types should only be used in code within a '#nullable' annotations context. Auto-generated code requires an explicit '#nullable' directive in source. [C:\git\TUnit\TUnit.TestProject\TUnit.TestProject.csproj::TargetFramework=net9.0]
C:\git\TUnit\TUnit.TestProject\SourceGeneratedViewer\TUnit.Core.SourceGenerator\TUnit.Core.SourceGenerator.Generators.PropertyInjectionSourceGenerator\TUnit_TestProject_PropertyInitializationTests_PropertyInjection.g.cs(56,97): warning CS8669: The annotation for nullable reference types should only be used in code within a '#nullable' annotations context. Auto-generated code requires an explicit '#nullable' directive in source. [C:\git\TUnit\TUnit.TestProject\TUnit.TestProject.csproj::TargetFramework=net9.0]
C:\git\TUnit\TUnit.TestProject\AbstractBaseClassPropertyInjectionTests.cs(20,27): warning CS8602: Dereference of a possibly null reference. [C:\git\TUnit\TUnit.TestProject\TUnit.TestProject.csproj::TargetFramework=net9.0]
C:\git\TUnit\TUnit.TestProject\AbstractBaseClassPropertyInjectionTests.cs(37,15): warning CS8620: Argument of type 'ValueAssertion<string?>' cannot be used for parameter 'source' of type 'IAssertionSource<string>' in 'StringEqualsAssertion AssertionExtensions.IsEqualTo(IAssertionSource<string> source, string expected, string? expression = null)' due to differences in the nullability of reference types. [C:\git\TUnit\TUnit.TestProject\TUnit.TestProject.csproj::TargetFramework=net9.0]
C:\git\TUnit\TUnit.TestProject\TransactionTest.cs(11,30): warning CS8618: Non-nullable field '_scope' must contain a non-null value when exiting constructor. Consider adding the 'required' modifier or declaring the field as nullable. [C:\git\TUnit\TUnit.TestProject\TUnit.TestProject.csproj::TargetFramework=net9.0]
C:\git\TUnit\TUnit.TestProject\AsyncDataSourceExampleTests.cs(7,67): warning CS1998: This async method lacks 'await' operators and will run synchronously. Consider using the 'await' operator to await non-blocking API calls, or 'await Task.Run(...)' to do CPU-bound work on a background thread. [C:\git\TUnit\TUnit.TestProject\TUnit.TestProject.csproj::TargetFramework=net9.0]
C:\git\TUnit\TUnit.TestProject\AsyncDataSourceExampleTests.cs(59,71): warning CS1998: This async method lacks 'await' operators and will run synchronously. Consider using the 'await' operator to await non-blocking API calls, or 'await Task.Run(...)' to do CPU-bound work on a background thread. [C:\git\TUnit\TUnit.TestProject\TUnit.TestProject.csproj::TargetFramework=net9.0]
C:\git\TUnit\TUnit.TestProject\AsyncLocalTest.cs(27,15): warning CS8620: Argument of type 'ValueAssertion<string?>' cannot be used for parameter 'source' of type 'IAssertionSource<string>' in 'StringEqualsAssertion AssertionExtensions.IsEqualTo(IAssertionSource<string> source, string expected, string? expression = null)' due to differences in the nullability of reference types. [C:\git\TUnit\TUnit.TestProject\TUnit.TestProject.csproj::TargetFramework=net9.0]
C:\git\TUnit\TUnit.TestProject\Tests.cs(13,15): warning CS8620: Argument of type 'ValueAssertion<string?>' cannot be used for parameter 'source' of type 'IAssertionSource<string>' in 'StringEqualsAssertion AssertionExtensions.IsEqualTo(IAssertionSource<string> source, string expected, StringComparison comparison, string? expression = null)' due to differences in the nullability of reference types. [C:\git\TUnit\TUnit.TestProject\TUnit.TestProject.csproj::TargetFramework=net9.0]
C:\git\TUnit\TUnit.TestProject\Bugs\1570\Tests.cs(21,23): warning CS1998: This async method lacks 'await' operators and will run synchronously. Consider using the 'await' operator to await non-blocking API calls, or 'await Task.Run(...)' to do CPU-bound work on a background thread. [C:\git\TUnit\TUnit.TestProject\TUnit.TestProject.csproj::TargetFramework=net9.0]
C:\git\TUnit\TUnit.TestProject\Bugs\1914\SyncHookTests.cs(52,9): warning CS8620: Argument of type 'ValueAssertion<string?>' cannot be used for parameter 'source' of type 'IAssertionSource<string>' in 'StringEqualsAssertion AssertionExtensions.IsEqualTo(IAssertionSource<string> source, string expected, string? expression = null)' due to differences in the nullability of reference types. [C:\git\TUnit\TUnit.TestProject\TUnit.TestProject.csproj::TargetFramework=net9.0]
C:\git\TUnit\TUnit.TestProject\Bugs\1914\SyncHookTests.cs(54,9): warning CS8620: Argument of type 'ValueAssertion<string?>' cannot be used for parameter 'source' of type 'IAssertionSource<string>' in 'StringEqualsAssertion AssertionExtensions.IsEqualTo(IAssertionSource<string> source, string expected, string? expression = null)' due to differences in the nullability of reference types. [C:\git\TUnit\TUnit.TestProject\TUnit.TestProject.csproj::TargetFramework=net9.0]
C:\git\TUnit\TUnit.TestProject\Bugs\1914\AsyncHookTests.cs(53,15): warning CS8620: Argument of type 'ValueAssertion<string?>' cannot be used for parameter 'source' of type 'IAssertionSource<string>' in 'StringEqualsAssertion AssertionExtensions.IsEqualTo(IAssertionSource<string> source, string expected, string? expression = null)' due to differences in the nullability of reference types. [C:\git\TUnit\TUnit.TestProject\TUnit.TestProject.csproj::TargetFramework=net9.0]
C:\git\TUnit\TUnit.TestProject\Bugs\1914\AsyncHookTests.cs(55,15): warning CS8620: Argument of type 'ValueAssertion<string?>' cannot be used for parameter 'source' of type 'IAssertionSource<string>' in 'StringEqualsAssertion AssertionExtensions.IsEqualTo(IAssertionSource<string> source, string expected, string? expression = null)' due to differences in the nullability of reference types. [C:\git\TUnit\TUnit.TestProject\TUnit.TestProject.csproj::TargetFramework=net9.0]
C:\git\TUnit\TUnit.TestProject\Bugs\1914\SyncHookTests.cs(69,9): warning CS8620: Argument of type 'ValueAssertion<string?>' cannot be used for parameter 'source' of type 'IAssertionSource<string>' in 'StringEqualsAssertion AssertionExtensions.IsEqualTo(IAssertionSource<string> source, string expected, string? expression = null)' due to differences in the nullability of reference types. [C:\git\TUnit\TUnit.TestProject\TUnit.TestProject.csproj::TargetFramework=net9.0]
C:\git\TUnit\TUnit.TestProject\Bugs\1914\SyncHookTests.cs(71,9): warning CS8620: Argument of type 'ValueAssertion<string?>' cannot be used for parameter 'source' of type 'IAssertionSource<string>' in 'StringEqualsAssertion AssertionExtensions.IsEqualTo(IAssertionSource<string> source, string expected, string? expression = null)' due to differences in the nullability of reference types. [C:\git\TUnit\TUnit.TestProject\TUnit.TestProject.csproj::TargetFramework=net9.0]
C:\git\TUnit\TUnit.TestProject\Bugs\1914\AsyncHookTests.cs(71,15): warning CS8620: Argument of type 'ValueAssertion<string?>' cannot be used for parameter 'source' of type 'IAssertionSource<string>' in 'StringEqualsAssertion AssertionExtensions.IsEqualTo(IAssertionSource<string> source, string expected, string? expression = null)' due to differences in the nullability of reference types. [C:\git\TUnit\TUnit.TestProject\TUnit.TestProject.csproj::TargetFramework=net9.0]
C:\git\TUnit\TUnit.TestProject\Bugs\1914\AsyncHookTests.cs(73,15): warning CS8620: Argument of type 'ValueAssertion<string?>' cannot be used for parameter 'source' of type 'IAssertionSource<string>' in 'StringEqualsAssertion AssertionExtensions.IsEqualTo(IAssertionSource<string> source, string expected, string? expression = null)' due to differences in the nullability of reference types. [C:\git\TUnit\TUnit.TestProject\TUnit.TestProject.csproj::TargetFramework=net9.0]
C:\git\TUnit\TUnit.TestProject\Bugs\2075\Tests.cs(53,45): warning CS9113: Parameter 'factory' is unread. [C:\git\TUnit\TUnit.TestProject\TUnit.TestProject.csproj::TargetFramework=net9.0]
C:\git\TUnit\TUnit.TestProject\Bugs\1914\SyncHookTests.cs(86,9): warning CS8620: Argument of type 'ValueAssertion<string?>' cannot be used for parameter 'source' of type 'IAssertionSource<string>' in 'StringEqualsAssertion AssertionExtensions.IsEqualTo(IAssertionSource<string> source, string expected, string? expression = null)' due to differences in the nullability of reference types. [C:\git\TUnit\TUnit.TestProject\TUnit.TestProject.csproj::TargetFramework=net9.0]
C:\git\TUnit\TUnit.TestProject\Bugs\1914\SyncHookTests.cs(89,9): warning CS8620: Argument of type 'ValueAssertion<string?>' cannot be used for parameter 'source' of type 'IAssertionSource<string>' in 'StringEqualsAssertion AssertionExtensions.IsEqualTo(IAssertionSource<string> source, string expected, string? expression = null)' due to differences in the nullability of reference types. [C:\git\TUnit\TUnit.TestProject\TUnit.TestProject.csproj::TargetFramework=net9.0]
C:\git\TUnit\TUnit.TestProject\Bugs\1914\SyncHookTests.cs(93,9): warning CS8620: Argument of type 'ValueAssertion<string?>' cannot be used for parameter 'source' of type 'IAssertionSource<string>' in 'StringEqualsAssertion AssertionExtensions.IsEqualTo(IAssertionSource<string> source, string expected, string? expression = null)' due to differences in the nullability of reference types. [C:\git\TUnit\TUnit.TestProject\TUnit.TestProject.csproj::TargetFramework=net9.0]
C:\git\TUnit\TUnit.TestProject\Bugs\1914\SyncHookTests.cs(96,9): warning CS8620: Argument of type 'ValueAssertion<string?>' cannot be used for parameter 'source' of type 'IAssertionSource<string>' in 'StringEqualsAssertion AssertionExtensions.IsEqualTo(IAssertionSource<string> source, string expected, string? expression = null)' due to differences in the nullability of reference types. [C:\git\TUnit\TUnit.TestProject\TUnit.TestProject.csproj::TargetFramework=net9.0]
C:\git\TUnit\TUnit.TestProject\Bugs\2136\Tests.cs(17,15): warning CS8620: Argument of type 'ValueAssertion<string?>' cannot be used for parameter 'source' of type 'IAssertionSource<string>' in 'StringEqualsAssertion AssertionExtensions.IsEqualTo(IAssertionSource<string> source, string expected, string? expression = null)' due to differences in the nullability of reference types. [C:\git\TUnit\TUnit.TestProject\TUnit.TestProject.csproj::TargetFramework=net9.0]
C:\git\TUnit\TUnit.TestProject\Bugs\1914\AsyncHookTests.cs(89,15): warning CS8620: Argument of type 'ValueAssertion<string?>' cannot be used for parameter 'source' of type 'IAssertionSource<string>' in 'StringEqualsAssertion AssertionExtensions.IsEqualTo(IAssertionSource<string> source, string expected, string? expression = null)' due to differences in the nullability of reference types. [C:\git\TUnit\TUnit.TestProject\TUnit.TestProject.csproj::TargetFramework=net9.0]
C:\git\TUnit\TUnit.TestProject\Bugs\1914\AsyncHookTests.cs(91,15): warning CS8620: Argument of type 'ValueAssertion<string?>' cannot be used for parameter 'source' of type 'IAssertionSource<string>' in 'StringEqualsAssertion AssertionExtensions.IsEqualTo(IAssertionSource<string> source, string expected, string? expression = null)' due to differences in the nullability of reference types. [C:\git\TUnit\TUnit.TestProject\TUnit.TestProject.csproj::TargetFramework=net9.0]
C:\git\TUnit\TUnit.TestProject\Bugs\1914\AsyncHookTests.cs(94,15): warning CS8620: Argument of type 'ValueAssertion<string?>' cannot be used for parameter 'source' of type 'IAssertionSource<string>' in 'StringEqualsAssertion AssertionExtensions.IsEqualTo(IAssertionSource<string> source, string expected, string? expression = null)' due to differences in the nullability of reference types. [C:\git\TUnit\TUnit.TestProject\TUnit.TestProject.csproj::TargetFramework=net9.0]
C:\git\TUnit\TUnit.TestProject\Bugs\1914\AsyncHookTests.cs(96,15): warning CS8620: Argument of type 'ValueAssertion<string?>' cannot be used for parameter 'source' of type 'IAssertionSource<string>' in 'StringEqualsAssertion AssertionExtensions.IsEqualTo(IAssertionSource<string> source, string expected, string? expression = null)' due to differences in the nullability of reference types. [C:\git\TUnit\TUnit.TestProject\TUnit.TestProject.csproj::TargetFramework=net9.0]
C:\git\TUnit\TUnit.TestProject\Bugs\1914\SyncHookTests.cs(112,9): warning CS8620: Argument of type 'ValueAssertion<string?>' cannot be used for parameter 'source' of type 'IAssertionSource<string>' in 'StringEqualsAssertion AssertionExtensions.IsEqualTo(IAssertionSource<string> source, string expected, string? expression = null)' due to differences in the nullability of reference types. [C:\git\TUnit\TUnit.TestProject\TUnit.TestProject.csproj::TargetFramework=net9.0]
C:\git\TUnit\TUnit.TestProject\Bugs\1914\SyncHookTests.cs(115,9): warning CS8620: Argument of type 'ValueAssertion<string?>' cannot be used for parameter 'source' of type 'IAssertionSource<string>' in 'StringEqualsAssertion AssertionExtensions.IsEqualTo(IAssertionSource<string> source, string expected, string? expression = null)' due to differences in the nullability of reference types. [C:\git\TUnit\TUnit.TestProject\TUnit.TestProject.csproj::TargetFramework=net9.0]
C:\git\TUnit\TUnit.TestProject\Bugs\1914\SyncHookTests.cs(119,9): warning CS8620: Argument of type 'ValueAssertion<string?>' cannot be used for parameter 'source' of type 'IAssertionSource<string>' in 'StringEqualsAssertion AssertionExtensions.IsEqualTo(IAssertionSource<string> source, string expected, string? expression = null)' due to differences in the nullability of reference types. [C:\git\TUnit\TUnit.TestProject\TUnit.TestProject.csproj::TargetFramework=net9.0]
C:\git\TUnit\TUnit.TestProject\Bugs\1914\SyncHookTests.cs(122,9): warning CS8620: Argument of type 'ValueAssertion<string?>' cannot be used for parameter 'source' of type 'IAssertionSource<string>' in 'StringEqualsAssertion AssertionExtensions.IsEqualTo(IAssertionSource<string> source, string expected, string? expression = null)' due to differences in the nullability of reference types. [C:\git\TUnit\TUnit.TestProject\TUnit.TestProject.csproj::TargetFramework=net9.0]
C:\git\TUnit\TUnit.TestProject\Bugs\1914\AsyncHookTests.cs(112,15): warning CS8620: Argument of type 'ValueAssertion<string?>' cannot be used for parameter 'source' of type 'IAssertionSource<string>' in 'StringEqualsAssertion AssertionExtensions.IsEqualTo(IAssertionSource<string> source, string expected, string? expression = null)' due to differences in the nullability of reference types. [C:\git\TUnit\TUnit.TestProject\TUnit.TestProject.csproj::TargetFramework=net9.0]
C:\git\TUnit\TUnit.TestProject\Bugs\1914\AsyncHookTests.cs(114,15): warning CS8620: Argument of type 'ValueAssertion<string?>' cannot be used for parameter 'source' of type 'IAssertionSource<string>' in 'StringEqualsAssertion AssertionExtensions.IsEqualTo(IAssertionSource<string> source, string expected, string? expression = null)' due to differences in the nullability of reference types. [C:\git\TUnit\TUnit.TestProject\TUnit.TestProject.csproj::TargetFramework=net9.0]
C:\git\TUnit\TUnit.TestProject\Bugs\1914\AsyncHookTests.cs(117,15): warning CS8620: Argument of type 'ValueAssertion<string?>' cannot be used for parameter 'source' of type 'IAssertionSource<string>' in 'StringEqualsAssertion AssertionExtensions.IsEqualTo(IAssertionSource<string> source, string expected, string? expression = null)' due to differences in the nullability of reference types. [C:\git\TUnit\TUnit.TestProject\TUnit.TestProject.csproj::TargetFramework=net9.0]
C:\git\TUnit\TUnit.TestProject\Bugs\1914\AsyncHookTests.cs(119,15): warning CS8620: Argument of type 'ValueAssertion<string?>' cannot be used for parameter 'source' of type 'IAssertionSource<string>' in 'StringEqualsAssertion AssertionExtensions.IsEqualTo(IAssertionSource<string> source, string expected, string? expression = null)' due to differences in the nullability of reference types. [C:\git\TUnit\TUnit.TestProject\TUnit.TestProject.csproj::TargetFramework=net9.0]
C:\git\TUnit\TUnit.TestProject\Bugs\1914\SyncHookTests.cs(138,9): warning CS8620: Argument of type 'ValueAssertion<string?>' cannot be used for parameter 'source' of type 'IAssertionSource<string>' in 'StringEqualsAssertion AssertionExtensions.IsEqualTo(IAssertionSource<string> source, string expected, string? expression = null)' due to differences in the nullability of reference types. [C:\git\TUnit\TUnit.TestProject\TUnit.TestProject.csproj::TargetFramework=net9.0]
C:\git\TUnit\TUnit.TestProject\Bugs\1914\SyncHookTests.cs(141,9): warning CS8620: Argument of type 'ValueAssertion<string?>' cannot be used for parameter 'source' of type 'IAssertionSource<string>' in 'StringEqualsAssertion AssertionExtensions.IsEqualTo(IAssertionSource<string> source, string expected, string? expression = null)' due to differences in the nullability of reference types. [C:\git\TUnit\TUnit.TestProject\TUnit.TestProject.csproj::TargetFramework=net9.0]
C:\git\TUnit\TUnit.TestProject\Bugs\1914\SyncHookTests.cs(145,9): warning CS8620: Argument of type 'ValueAssertion<string?>' cannot be used for parameter 'source' of type 'IAssertionSource<string>' in 'StringEqualsAssertion AssertionExtensions.IsEqualTo(IAssertionSource<string> source, string expected, string? expression = null)' due to differences in the nullability of reference types. [C:\git\TUnit\TUnit.TestProject\TUnit.TestProject.csproj::TargetFramework=net9.0]
C:\git\TUnit\TUnit.TestProject\Bugs\1914\SyncHookTests.cs(148,9): warning CS8620: Argument of type 'ValueAssertion<string?>' cannot be used for parameter 'source' of type 'IAssertionSource<string>' in 'StringEqualsAssertion AssertionExtensions.IsEqualTo(IAssertionSource<string> source, string expected, string? expression = null)' due to differences in the nullability of reference types. [C:\git\TUnit\TUnit.TestProject\TUnit.TestProject.csproj::TargetFramework=net9.0]
C:\git\TUnit\TUnit.TestProject\Bugs\1914\SyncHookTests.cs(152,9): warning CS8620: Argument of type 'ValueAssertion<string?>' cannot be used for parameter 'source' of type 'IAssertionSource<string>' in 'StringEqualsAssertion AssertionExtensions.IsEqualTo(IAssertionSource<string> source, string expected, string? expression = null)' due to differences in the nullability of reference types. [C:\git\TUnit\TUnit.TestProject\TUnit.TestProject.csproj::TargetFramework=net9.0]
C:\git\TUnit\TUnit.TestProject\Bugs\1914\SyncHookTests.cs(155,9): warning CS8620: Argument of type 'ValueAssertion<string?>' cannot be used for parameter 'source' of type 'IAssertionSource<string>' in 'StringEqualsAssertion AssertionExtensions.IsEqualTo(IAssertionSource<string> source, string expected, string? expression = null)' due to differences in the nullability of reference types. [C:\git\TUnit\TUnit.TestProject\TUnit.TestProject.csproj::TargetFramework=net9.0]
C:\git\TUnit\TUnit.TestProject\Tests.cs(189,15): warning CS8620: Argument of type 'ValueAssertion<string?>' cannot be used for parameter 'source' of type 'IAssertionSource<string>' in 'StringEqualsAssertion AssertionExtensions.IsEqualTo(IAssertionSource<string> source, string expected, string? expression = null)' due to differences in the nullability of reference types. [C:\git\TUnit\TUnit.TestProject\TUnit.TestProject.csproj::TargetFramework=net9.0]
C:\git\TUnit\TUnit.TestProject\Tests.cs(196,15): warning CS8620: Argument of type 'ValueAssertion<string?>' cannot be used for parameter 'source' of type 'IAssertionSource<string>' in 'StringEqualsAssertion AssertionExtensions.IsEqualTo(IAssertionSource<string> source, string expected, string? expression = null)' due to differences in the nullability of reference types. [C:\git\TUnit\TUnit.TestProject\TUnit.TestProject.csproj::TargetFramework=net9.0]
C:\git\TUnit\TUnit.TestProject\Bugs\1914\AsyncHookTests.cs(135,15): warning CS8620: Argument of type 'ValueAssertion<string?>' cannot be used for parameter 'source' of type 'IAssertionSource<string>' in 'StringEqualsAssertion AssertionExtensions.IsEqualTo(IAssertionSource<string> source, string expected, string? expression = null)' due to differences in the nullability of reference types. [C:\git\TUnit\TUnit.TestProject\TUnit.TestProject.csproj::TargetFramework=net9.0]
C:\git\TUnit\TUnit.TestProject\Bugs\1914\AsyncHookTests.cs(137,15): warning CS8620: Argument of type 'ValueAssertion<string?>' cannot be used for parameter 'source' of type 'IAssertionSource<string>' in 'StringEqualsAssertion AssertionExtensions.IsEqualTo(IAssertionSource<string> source, string expected, string? expression = null)' due to differences in the nullability of reference types. [C:\git\TUnit\TUnit.TestProject\TUnit.TestProject.csproj::TargetFramework=net9.0]
C:\git\TUnit\TUnit.TestProject\Bugs\1914\AsyncHookTests.cs(140,15): warning CS8620: Argument of type 'ValueAssertion<string?>' cannot be used for parameter 'source' of type 'IAssertionSource<string>' in 'StringEqualsAssertion AssertionExtensions.IsEqualTo(IAssertionSource<string> source, string expected, string? expression = null)' due to differences in the nullability of reference types. [C:\git\TUnit\TUnit.TestProject\TUnit.TestProject.csproj::TargetFramework=net9.0]
C:\git\TUnit\TUnit.TestProject\Bugs\1914\AsyncHookTests.cs(142,15): warning CS8620: Argument of type 'ValueAssertion<string?>' cannot be used for parameter 'source' of type 'IAssertionSource<string>' in 'StringEqualsAssertion AssertionExtensions.IsEqualTo(IAssertionSource<string> source, string expected, string? expression = null)' due to differences in the nullability of reference types. [C:\git\TUnit\TUnit.TestProject\TUnit.TestProject.csproj::TargetFramework=net9.0]
C:\git\TUnit\TUnit.TestProject\Bugs\1914\AsyncHookTests.cs(145,15): warning CS8620: Argument of type 'ValueAssertion<string?>' cannot be used for parameter 'source' of type 'IAssertionSource<string>' in 'StringEqualsAssertion AssertionExtensions.IsEqualTo(IAssertionSource<string> source, string expected, string? expression = null)' due to differences in the nullability of reference types. [C:\git\TUnit\TUnit.TestProject\TUnit.TestProject.csproj::TargetFramework=net9.0]
C:\git\TUnit\TUnit.TestProject\Bugs\1914\AsyncHookTests.cs(147,15): warning CS8620: Argument of type 'ValueAssertion<string?>' cannot be used for parameter 'source' of type 'IAssertionSource<string>' in 'StringEqualsAssertion AssertionExtensions.IsEqualTo(IAssertionSource<string> source, string expected, string? expression = null)' due to differences in the nullability of reference types. [C:\git\TUnit\TUnit.TestProject\TUnit.TestProject.csproj::TargetFramework=net9.0]
C:\git\TUnit\TUnit.TestProject\Bugs\3072\Tests.cs(38,15): warning CS8620: Argument of type 'ValueAssertion<string?>' cannot be used for parameter 'source' of type 'IAssertionSource<string>' in 'StringEqualsAssertion AssertionExtensions.IsEqualTo(IAssertionSource<string> source, string expected, string? expression = null)' due to differences in the nullability of reference types. [C:\git\TUnit\TUnit.TestProject\TUnit.TestProject.csproj::TargetFramework=net9.0]
C:\git\TUnit\TUnit.TestProject\ClassDataSourceEnumerableTest.cs(6,51): warning CS9113: Parameter 'value' is unread. [C:\git\TUnit\TUnit.TestProject\TUnit.TestProject.csproj::TargetFramework=net9.0]
C:\git\TUnit\TUnit.TestProject\Bugs\2955\InheritedDataSourceTests.cs(68,27): warning CS8602: Dereference of a possibly null reference. [C:\git\TUnit\TUnit.TestProject\TUnit.TestProject.csproj::TargetFramework=net9.0]
C:\git\TUnit\TUnit.TestProject\Bugs\2935\GenericTests.cs(31,15): warning CS8620: Argument of type 'ValueAssertion<object?>' cannot be used for parameter 'source' of type 'IAssertionSource<object>' in 'TypeOfAssertion<object, string> AssertionExtensions.IsTypeOf<string>(IAssertionSource<object> source)' due to differences in the nullability of reference types. [C:\git\TUnit\TUnit.TestProject\TUnit.TestProject.csproj::TargetFramework=net9.0]
C:\git\TUnit\TUnit.TestProject\Bugs\1914\SyncHookTests.cs(171,9): warning CS8620: Argument of type 'ValueAssertion<string?>' cannot be used for parameter 'source' of type 'IAssertionSource<string>' in 'StringEqualsAssertion AssertionExtensions.IsEqualTo(IAssertionSource<string> source, string expected, string? expression = null)' due to differences in the nullability of reference types. [C:\git\TUnit\TUnit.TestProject\TUnit.TestProject.csproj::TargetFramework=net9.0]
C:\git\TUnit\TUnit.TestProject\Bugs\1914\SyncHookTests.cs(174,9): warning CS8620: Argument of type 'ValueAssertion<string?>' cannot be used for parameter 'source' of type 'IAssertionSource<string>' in 'StringEqualsAssertion AssertionExtensions.IsEqualTo(IAssertionSource<string> source, string expected, string? expression = null)' due to differences in the nullability of reference types. [C:\git\TUnit\TUnit.TestProject\TUnit.TestProject.csproj::TargetFramework=net9.0]
C:\git\TUnit\TUnit.TestProject\Bugs\1914\SyncHookTests.cs(178,9): warning CS8620: Argument of type 'ValueAssertion<string?>' cannot be used for parameter 'source' of type 'IAssertionSource<string>' in 'StringEqualsAssertion AssertionExtensions.IsEqualTo(IAssertionSource<string> source, string expected, string? expression = null)' due to differences in the nullability of reference types. [C:\git\TUnit\TUnit.TestProject\TUnit.TestProject.csproj::TargetFramework=net9.0]
C:\git\TUnit\TUnit.TestProject\Bugs\1914\SyncHookTests.cs(181,9): warning CS8620: Argument of type 'ValueAssertion<string?>' cannot be used for parameter 'source' of type 'IAssertionSource<string>' in 'StringEqualsAssertion AssertionExtensions.IsEqualTo(IAssertionSource<string> source, string expected, string? expression = null)' due to differences in the nullability of reference types. [C:\git\TUnit\TUnit.TestProject\TUnit.TestProject.csproj::TargetFramework=net9.0]
C:\git\TUnit\TUnit.TestProject\Bugs\1914\SyncHookTests.cs(185,9): warning CS8620: Argument of type 'ValueAssertion<string?>' cannot be used for parameter 'source' of type 'IAssertionSource<string>' in 'StringEqualsAssertion AssertionExtensions.IsEqualTo(IAssertionSource<string> source, string expected, string? expression = null)' due to differences in the nullability of reference types. [C:\git\TUnit\TUnit.TestProject\TUnit.TestProject.csproj::TargetFramework=net9.0]
C:\git\TUnit\TUnit.TestProject\Bugs\1914\SyncHookTests.cs(188,9): warning CS8620: Argument of type 'ValueAssertion<string?>' cannot be used for parameter 'source' of type 'IAssertionSource<string>' in 'StringEqualsAssertion AssertionExtensions.IsEqualTo(IAssertionSource<string> source, string expected, string? expression = null)' due to differences in the nullability of reference types. [C:\git\TUnit\TUnit.TestProject\TUnit.TestProject.csproj::TargetFramework=net9.0]
C:\git\TUnit\TUnit.TestProject\Bugs\1914\SyncHookTests.cs(204,9): warning CS8620: Argument of type 'ValueAssertion<string?>' cannot be used for parameter 'source' of type 'IAssertionSource<string>' in 'StringEqualsAssertion AssertionExtensions.IsEqualTo(IAssertionSource<string> source, string expected, string? expression = null)' due to differences in the nullability of reference types. [C:\git\TUnit\TUnit.TestProject\TUnit.TestProject.csproj::TargetFramework=net9.0]
C:\git\TUnit\TUnit.TestProject\Bugs\1914\SyncHookTests.cs(207,9): warning CS8620: Argument of type 'ValueAssertion<string?>' cannot be used for parameter 'source' of type 'IAssertionSource<string>' in 'StringEqualsAssertion AssertionExtensions.IsEqualTo(IAssertionSource<string> source, string expected, string? expression = null)' due to differences in the nullability of reference types. [C:\git\TUnit\TUnit.TestProject\TUnit.TestProject.csproj::TargetFramework=net9.0]
C:\git\TUnit\TUnit.TestProject\Bugs\1914\SyncHookTests.cs(211,9): warning CS8620: Argument of type 'ValueAssertion<string?>' cannot be used for parameter 'source' of type 'IAssertionSource<string>' in 'StringEqualsAssertion AssertionExtensions.IsEqualTo(IAssertionSource<string> source, string expected, string? expression = null)' due to differences in the nullability of reference types. [C:\git\TUnit\TUnit.TestProject\TUnit.TestProject.csproj::TargetFramework=net9.0]
C:\git\TUnit\TUnit.TestProject\Bugs\1914\SyncHookTests.cs(214,9): warning CS8620: Argument of type 'ValueAssertion<string?>' cannot be used for parameter 'source' of type 'IAssertionSource<string>' in 'StringEqualsAssertion AssertionExtensions.IsEqualTo(IAssertionSource<string> source, string expected, string? expression = null)' due to differences in the nullability of reference types. [C:\git\TUnit\TUnit.TestProject\TUnit.TestProject.csproj::TargetFramework=net9.0]
C:\git\TUnit\TUnit.TestProject\Bugs\1914\SyncHookTests.cs(218,9): warning CS8620: Argument of type 'ValueAssertion<string?>' cannot be used for parameter 'source' of type 'IAssertionSource<string>' in 'StringEqualsAssertion AssertionExtensions.IsEqualTo(IAssertionSource<string> source, string expected, string? expression = null)' due to differences in the nullability of reference types. [C:\git\TUnit\TUnit.TestProject\TUnit.TestProject.csproj::TargetFramework=net9.0]
C:\git\TUnit\TUnit.TestProject\Bugs\1914\SyncHookTests.cs(221,9): warning CS8620: Argument of type 'ValueAssertion<string?>' cannot be used for parameter 'source' of type 'IAssertionSource<string>' in 'StringEqualsAssertion AssertionExtensions.IsEqualTo(IAssertionSource<string> source, string expected, string? expression = null)' due to differences in the nullability of reference types. [C:\git\TUnit\TUnit.TestProject\TUnit.TestProject.csproj::TargetFramework=net9.0]
C:\git\TUnit\TUnit.TestProject\Bugs\1914\SyncHookTests.cs(225,9): warning CS8620: Argument of type 'ValueAssertion<string?>' cannot be used for parameter 'source' of type 'IAssertionSource<string>' in 'StringEqualsAssertion AssertionExtensions.IsEqualTo(IAssertionSource<string> source, string expected, string? expression = null)' due to differences in the nullability of reference types. [C:\git\TUnit\TUnit.TestProject\TUnit.TestProject.csproj::TargetFramework=net9.0]
C:\git\TUnit\TUnit.TestProject\Bugs\1914\SyncHookTests.cs(228,9): warning CS8620: Argument of type 'ValueAssertion<string?>' cannot be used for parameter 'source' of type 'IAssertionSource<string>' in 'StringEqualsAssertion AssertionExtensions.IsEqualTo(IAssertionSource<string> source, string expected, string? expression = null)' due to differences in the nullability of reference types. [C:\git\TUnit\TUnit.TestProject\TUnit.TestProject.csproj::TargetFramework=net9.0]
C:\git\TUnit\TUnit.TestProject\Bugs\Issue2887\ReproTest.cs(16,54): warning CS9113: Parameter 'serviceProvider' is unread. [C:\git\TUnit\TUnit.TestProject\TUnit.TestProject.csproj::TargetFramework=net9.0]
C:\git\TUnit\TUnit.TestProject\ClassDisplayNameAttributeTests.cs(23,57): warning CS9113: Parameter 'value' is unread. [C:\git\TUnit\TUnit.TestProject\TUnit.TestProject.csproj::TargetFramework=net9.0]
C:\git\TUnit\TUnit.TestProject\Bugs\Issue2993\ImplicitConversionTests.cs(27,35): warning CS8600: Converting null literal or possible null value to non-nullable type. [C:\git\TUnit\TUnit.TestProject\TUnit.TestProject.csproj::TargetFramework=net9.0]
C:\git\TUnit\TUnit.TestProject\Bugs\1914\SyncHookTests.cs(244,9): warning CS8620: Argument of type 'ValueAssertion<string?>' cannot be used for parameter 'source' of type 'IAssertionSource<string>' in 'StringEqualsAssertion AssertionExtensions.IsEqualTo(IAssertionSource<string> source, string expected, string? expression = null)' due to differences in the nullability of reference types. [C:\git\TUnit\TUnit.TestProject\TUnit.TestProject.csproj::TargetFramework=net9.0]
C:\git\TUnit\TUnit.TestProject\Bugs\1914\SyncHookTests.cs(247,9): warning CS8620: Argument of type 'ValueAssertion<string?>' cannot be used for parameter 'source' of type 'IAssertionSource<string>' in 'StringEqualsAssertion AssertionExtensions.IsEqualTo(IAssertionSource<string> source, string expected, string? expression = null)' due to differences in the nullability of reference types. [C:\git\TUnit\TUnit.TestProject\TUnit.TestProject.csproj::TargetFramework=net9.0]
C:\git\TUnit\TUnit.TestProject\Bugs\1914\SyncHookTests.cs(251,9): warning CS8620: Argument of type 'ValueAssertion<string?>' cannot be used for parameter 'source' of type 'IAssertionSource<string>' in 'StringEqualsAssertion AssertionExtensions.IsEqualTo(IAssertionSource<string> source, string expected, string? expression = null)' due to differences in the nullability of reference types. [C:\git\TUnit\TUnit.TestProject\TUnit.TestProject.csproj::TargetFramework=net9.0]
C:\git\TUnit\TUnit.TestProject\Bugs\1914\SyncHookTests.cs(254,9): warning CS8620: Argument of type 'ValueAssertion<string?>' cannot be used for parameter 'source' of type 'IAssertionSource<string>' in 'StringEqualsAssertion AssertionExtensions.IsEqualTo(IAssertionSource<string> source, string expected, string? expression = null)' due to differences in the nullability of reference types. [C:\git\TUnit\TUnit.TestProject\TUnit.TestProject.csproj::TargetFramework=net9.0]
C:\git\TUnit\TUnit.TestProject\Bugs\1914\SyncHookTests.cs(258,9): warning CS8620: Argument of type 'ValueAssertion<string?>' cannot be used for parameter 'source' of type 'IAssertionSource<string>' in 'StringEqualsAssertion AssertionExtensions.IsEqualTo(IAssertionSource<string> source, string expected, string? expression = null)' due to differences in the nullability of reference types. [C:\git\TUnit\TUnit.TestProject\TUnit.TestProject.csproj::TargetFramework=net9.0]
C:\git\TUnit\TUnit.TestProject\Bugs\1914\SyncHookTests.cs(261,9): warning CS8620: Argument of type 'ValueAssertion<string?>' cannot be used for parameter 'source' of type 'IAssertionSource<string>' in 'StringEqualsAssertion AssertionExtensions.IsEqualTo(IAssertionSource<string> source, string expected, string? expression = null)' due to differences in the nullability of reference types. [C:\git\TUnit\TUnit.TestProject\TUnit.TestProject.csproj::TargetFramework=net9.0]
C:\git\TUnit\TUnit.TestProject\Bugs\1914\SyncHookTests.cs(265,9): warning CS8620: Argument of type 'ValueAssertion<string?>' cannot be used for parameter 'source' of type 'IAssertionSource<string>' in 'StringEqualsAssertion AssertionExtensions.IsEqualTo(IAssertionSource<string> source, string expected, string? expression = null)' due to differences in the nullability of reference types. [C:\git\TUnit\TUnit.TestProject\TUnit.TestProject.csproj::TargetFramework=net9.0]
C:\git\TUnit\TUnit.TestProject\Bugs\1914\SyncHookTests.cs(268,9): warning CS8620: Argument of type 'ValueAssertion<string?>' cannot be used for parameter 'source' of type 'IAssertionSource<string>' in 'StringEqualsAssertion AssertionExtensions.IsEqualTo(IAssertionSource<string> source, string expected, string? expression = null)' due to differences in the nullability of reference types. [C:\git\TUnit\TUnit.TestProject\TUnit.TestProject.csproj::TargetFramework=net9.0]
C:\git\TUnit\TUnit.TestProject\Tests.cs(315,15): warning CS8620: Argument of type 'AndContinuation<string?>' cannot be used for parameter 'source' of type 'IAssertionSource<string>' in 'StringIsNotEmptyAssertion AssertionExtensions.IsNotEmpty(IAssertionSource<string> source)' due to differences in the nullability of reference types. [C:\git\TUnit\TUnit.TestProject\TUnit.TestProject.csproj::TargetFramework=net9.0]
C:\git\TUnit\TUnit.TestProject\Bugs\1914\SyncHookTests.cs(293,15): warning CS8620: Argument of type 'ValueAssertion<string?>' cannot be used for parameter 'source' of type 'IAssertionSource<string>' in 'StringEqualsAssertion AssertionExtensions.IsEqualTo(IAssertionSource<string> source, string expected, string? expression = null)' due to differences in the nullability of reference types. [C:\git\TUnit\TUnit.TestProject\TUnit.TestProject.csproj::TargetFramework=net9.0]
C:\git\TUnit\TUnit.TestProject\Bugs\1914\SyncHookTests.cs(294,15): warning CS8620: Argument of type 'ValueAssertion<string?>' cannot be used for parameter 'source' of type 'IAssertionSource<string>' in 'StringEqualsAssertion AssertionExtensions.IsEqualTo(IAssertionSource<string> source, string expected, string? expression = null)' due to differences in the nullability of reference types. [C:\git\TUnit\TUnit.TestProject\TUnit.TestProject.csproj::TargetFramework=net9.0]
C:\git\TUnit\TUnit.TestProject\Bugs\1914\SyncHookTests.cs(295,15): warning CS8620: Argument of type 'ValueAssertion<string?>' cannot be used for parameter 'source' of type 'IAssertionSource<string>' in 'StringEqualsAssertion AssertionExtensions.IsEqualTo(IAssertionSource<string> source, string expected, string? expression = null)' due to differences in the nullability of reference types. [C:\git\TUnit\TUnit.TestProject\TUnit.TestProject.csproj::TargetFramework=net9.0]
C:\git\TUnit\TUnit.TestProject\Bugs\1914\SyncHookTests.cs(296,15): warning CS8620: Argument of type 'ValueAssertion<string?>' cannot be used for parameter 'source' of type 'IAssertionSource<string>' in 'StringEqualsAssertion AssertionExtensions.IsEqualTo(IAssertionSource<string> source, string expected, string? expression = null)' due to differences in the nullability of reference types. [C:\git\TUnit\TUnit.TestProject\TUnit.TestProject.csproj::TargetFramework=net9.0]
C:\git\TUnit\TUnit.TestProject\Bugs\1914\SyncHookTests.cs(297,15): warning CS8620: Argument of type 'ValueAssertion<string?>' cannot be used for parameter 'source' of type 'IAssertionSource<string>' in 'StringEqualsAssertion AssertionExtensions.IsEqualTo(IAssertionSource<string> source, string expected, string? expression = null)' due to differences in the nullability of reference types. [C:\git\TUnit\TUnit.TestProject\TUnit.TestProject.csproj::TargetFramework=net9.0]
C:\git\TUnit\TUnit.TestProject\Bugs\1914\SyncHookTests.cs(299,15): warning CS8620: Argument of type 'ValueAssertion<string?>' cannot be used for parameter 'source' of type 'IAssertionSource<string>' in 'StringEqualsAssertion AssertionExtensions.IsEqualTo(IAssertionSource<string> source, string expected, string? expression = null)' due to differences in the nullability of reference types. [C:\git\TUnit\TUnit.TestProject\TUnit.TestProject.csproj::TargetFramework=net9.0]
C:\git\TUnit\TUnit.TestProject\Bugs\1914\SyncHookTests.cs(300,15): warning CS8620: Argument of type 'ValueAssertion<string?>' cannot be used for parameter 'source' of type 'IAssertionSource<string>' in 'StringEqualsAssertion AssertionExtensions.IsEqualTo(IAssertionSource<string> source, string expected, string? expression = null)' due to differences in the nullability of reference types. [C:\git\TUnit\TUnit.TestProject\TUnit.TestProject.csproj::TargetFramework=net9.0]
C:\git\TUnit\TUnit.TestProject\Bugs\1914\SyncHookTests.cs(301,15): warning CS8620: Argument of type 'ValueAssertion<string?>' cannot be used for parameter 'source' of type 'IAssertionSource<string>' in 'StringEqualsAssertion AssertionExtensions.IsEqualTo(IAssertionSource<string> source, string expected, string? expression = null)' due to differences in the nullability of reference types. [C:\git\TUnit\TUnit.TestProject\TUnit.TestProject.csproj::TargetFramework=net9.0]
C:\git\TUnit\TUnit.TestProject\Bugs\1914\SyncHookTests.cs(302,15): warning CS8620: Argument of type 'ValueAssertion<string?>' cannot be used for parameter 'source' of type 'IAssertionSource<string>' in 'StringEqualsAssertion AssertionExtensions.IsEqualTo(IAssertionSource<string> source, string expected, string? expression = null)' due to differences in the nullability of reference types. [C:\git\TUnit\TUnit.TestProject\TUnit.TestProject.csproj::TargetFramework=net9.0]
C:\git\TUnit\TUnit.TestProject\Bugs\1914\SyncHookTests.cs(303,15): warning CS8620: Argument of type 'ValueAssertion<string?>' cannot be used for parameter 'source' of type 'IAssertionSource<string>' in 'StringEqualsAssertion AssertionExtensions.IsEqualTo(IAssertionSource<string> source, string expected, string? expression = null)' due to differences in the nullability of reference types. [C:\git\TUnit\TUnit.TestProject\TUnit.TestProject.csproj::TargetFramework=net9.0]
C:\git\TUnit\TUnit.TestProject\Bugs\_2804\MultipleAfterHooksFailureTests.cs(254,9): warning CS0162: Unreachable code detected [C:\git\TUnit\TUnit.TestProject\TUnit.TestProject.csproj::TargetFramework=net9.0]
C:\git\TUnit\TUnit.TestProject\Bugs\_2804\MultipleAfterHooksFailureTests.cs(269,9): warning CS0162: Unreachable code detected [C:\git\TUnit\TUnit.TestProject\TUnit.TestProject.csproj::TargetFramework=net9.0]
C:\git\TUnit\TUnit.TestProject\Bugs\1914\AsyncHookTests.cs(163,15): warning CS8620: Argument of type 'ValueAssertion<string?>' cannot be used for parameter 'source' of type 'IAssertionSource<string>' in 'StringEqualsAssertion AssertionExtensions.IsEqualTo(IAssertionSource<string> source, string expected, string? expression = null)' due to differences in the nullability of reference types. [C:\git\TUnit\TUnit.TestProject\TUnit.TestProject.csproj::TargetFramework=net9.0]
C:\git\TUnit\TUnit.TestProject\Bugs\1914\AsyncHookTests.cs(165,15): warning CS8620: Argument of type 'ValueAssertion<string?>' cannot be used for parameter 'source' of type 'IAssertionSource<string>' in 'StringEqualsAssertion AssertionExtensions.IsEqualTo(IAssertionSource<string> source, string expected, string? expression = null)' due to differences in the nullability of reference types. [C:\git\TUnit\TUnit.TestProject\TUnit.TestProject.csproj::TargetFramework=net9.0]
C:\git\TUnit\TUnit.TestProject\Bugs\1914\AsyncHookTests.cs(168,15): warning CS8620: Argument of type 'ValueAssertion<string?>' cannot be used for parameter 'source' of type 'IAssertionSource<string>' in 'StringEqualsAssertion AssertionExtensions.IsEqualTo(IAssertionSource<string> source, string expected, string? expression = null)' due to differences in the nullability of reference types. [C:\git\TUnit\TUnit.TestProject\TUnit.TestProject.csproj::TargetFramework=net9.0]
C:\git\TUnit\TUnit.TestProject\Bugs\1914\AsyncHookTests.cs(170,15): warning CS8620: Argument of type 'ValueAssertion<string?>' cannot be used for parameter 'source' of type 'IAssertionSource<string>' in 'StringEqualsAssertion AssertionExtensions.IsEqualTo(IAssertionSource<string> source, string expected, string? expression = null)' due to differences in the nullability of reference types. [C:\git\TUnit\TUnit.TestProject\TUnit.TestProject.csproj::TargetFramework=net9.0]
C:\git\TUnit\TUnit.TestProject\Bugs\1914\AsyncHookTests.cs(173,15): warning CS8620: Argument of type 'ValueAssertion<string?>' cannot be used for parameter 'source' of type 'IAssertionSource<string>' in 'StringEqualsAssertion AssertionExtensions.IsEqualTo(IAssertionSource<string> source, string expected, string? expression = null)' due to differences in the nullability of reference types. [C:\git\TUnit\TUnit.TestProject\TUnit.TestProject.csproj::TargetFramework=net9.0]
C:\git\TUnit\TUnit.TestProject\Bugs\1914\AsyncHookTests.cs(175,15): warning CS8620: Argument of type 'ValueAssertion<string?>' cannot be used for parameter 'source' of type 'IAssertionSource<string>' in 'StringEqualsAssertion AssertionExtensions.IsEqualTo(IAssertionSource<string> source, string expected, string? expression = null)' due to differences in the nullability of reference types. [C:\git\TUnit\TUnit.TestProject\TUnit.TestProject.csproj::TargetFramework=net9.0]
C:\git\TUnit\TUnit.TestProject\Bugs\_2804\MultipleAfterHooksFailureTests.cs(285,9): warning CS0162: Unreachable code detected [C:\git\TUnit\TUnit.TestProject\TUnit.TestProject.csproj::TargetFramework=net9.0]
C:\git\TUnit\TUnit.TestProject\ComprehensiveCountTest.cs(8,44): warning CS9113: Parameter 'classValue' is unread. [C:\git\TUnit\TUnit.TestProject\TUnit.TestProject.csproj::TargetFramework=net9.0]
C:\git\TUnit\TUnit.TestProject\ConfigurationTests.cs(11,15): warning CS8620: Argument of type 'ValueAssertion<string?>' cannot be used for parameter 'source' of type 'IAssertionSource<string>' in 'StringEqualsAssertion AssertionExtensions.IsEqualTo(IAssertionSource<string> source, string expected, string? expression = null)' due to differences in the nullability of reference types. [C:\git\TUnit\TUnit.TestProject\TUnit.TestProject.csproj::TargetFramework=net9.0]
C:\git\TUnit\TUnit.TestProject\Bugs\1914\AsyncHookTests.cs(191,15): warning CS8620: Argument of type 'ValueAssertion<string?>' cannot be used for parameter 'source' of type 'IAssertionSource<string>' in 'StringEqualsAssertion AssertionExtensions.IsEqualTo(IAssertionSource<string> source, string expected, string? expression = null)' due to differences in the nullability of reference types. [C:\git\TUnit\TUnit.TestProject\TUnit.TestProject.csproj::TargetFramework=net9.0]
C:\git\TUnit\TUnit.TestProject\Bugs\1914\AsyncHookTests.cs(193,15): warning CS8620: Argument of type 'ValueAssertion<string?>' cannot be used for parameter 'source' of type 'IAssertionSource<string>' in 'StringEqualsAssertion AssertionExtensions.IsEqualTo(IAssertionSource<string> source, string expected, string? expression = null)' due to differences in the nullability of reference types. [C:\git\TUnit\TUnit.TestProject\TUnit.TestProject.csproj::TargetFramework=net9.0]
C:\git\TUnit\TUnit.TestProject\Bugs\1914\AsyncHookTests.cs(196,15): warning CS8620: Argument of type 'ValueAssertion<string?>' cannot be used for parameter 'source' of type 'IAssertionSource<string>' in 'StringEqualsAssertion AssertionExtensions.IsEqualTo(IAssertionSource<string> source, string expected, string? expression = null)' due to differences in the nullability of reference types. [C:\git\TUnit\TUnit.TestProject\TUnit.TestProject.csproj::TargetFramework=net9.0]
C:\git\TUnit\TUnit.TestProject\Bugs\1914\AsyncHookTests.cs(198,15): warning CS8620: Argument of type 'ValueAssertion<string?>' cannot be used for parameter 'source' of type 'IAssertionSource<string>' in 'StringEqualsAssertion AssertionExtensions.IsEqualTo(IAssertionSource<string> source, string expected, string? expression = null)' due to differences in the nullability of reference types. [C:\git\TUnit\TUnit.TestProject\TUnit.TestProject.csproj::TargetFramework=net9.0]
C:\git\TUnit\TUnit.TestProject\Bugs\1914\AsyncHookTests.cs(201,15): warning CS8620: Argument of type 'ValueAssertion<string?>' cannot be used for parameter 'source' of type 'IAssertionSource<string>' in 'StringEqualsAssertion AssertionExtensions.IsEqualTo(IAssertionSource<string> source, string expected, string? expression = null)' due to differences in the nullability of reference types. [C:\git\TUnit\TUnit.TestProject\TUnit.TestProject.csproj::TargetFramework=net9.0]
C:\git\TUnit\TUnit.TestProject\Bugs\1914\AsyncHookTests.cs(203,15): warning CS8620: Argument of type 'ValueAssertion<string?>' cannot be used for parameter 'source' of type 'IAssertionSource<string>' in 'StringEqualsAssertion AssertionExtensions.IsEqualTo(IAssertionSource<string> source, string expected, string? expression = null)' due to differences in the nullability of reference types. [C:\git\TUnit\TUnit.TestProject\TUnit.TestProject.csproj::TargetFramework=net9.0]
C:\git\TUnit\TUnit.TestProject\Bugs\1914\AsyncHookTests.cs(206,15): warning CS8620: Argument of type 'ValueAssertion<string?>' cannot be used for parameter 'source' of type 'IAssertionSource<string>' in 'StringEqualsAssertion AssertionExtensions.IsEqualTo(IAssertionSource<string> source, string expected, string? expression = null)' due to differences in the nullability of reference types. [C:\git\TUnit\TUnit.TestProject\TUnit.TestProject.csproj::TargetFramework=net9.0]
C:\git\TUnit\TUnit.TestProject\Bugs\1914\AsyncHookTests.cs(208,15): warning CS8620: Argument of type 'ValueAssertion<string?>' cannot be used for parameter 'source' of type 'IAssertionSource<string>' in 'StringEqualsAssertion AssertionExtensions.IsEqualTo(IAssertionSource<string> source, string expected, string? expression = null)' due to differences in the nullability of reference types. [C:\git\TUnit\TUnit.TestProject\TUnit.TestProject.csproj::TargetFramework=net9.0]
C:\git\TUnit\TUnit.TestProject\ConfigurationTests.cs(27,15): warning CS8620: Argument of type 'ValueAssertion<string?>' cannot be used for parameter 'source' of type 'IAssertionSource<string>' in 'StringEqualsAssertion AssertionExtensions.IsEqualTo(IAssertionSource<string> source, string expected, string? expression = null)' due to differences in the nullability of reference types. [C:\git\TUnit\TUnit.TestProject\TUnit.TestProject.csproj::TargetFramework=net9.0]
C:\git\TUnit\TUnit.TestProject\Bugs\1914\AsyncHookTests.cs(224,15): warning CS8620: Argument of type 'ValueAssertion<string?>' cannot be used for parameter 'source' of type 'IAssertionSource<string>' in 'StringEqualsAssertion AssertionExtensions.IsEqualTo(IAssertionSource<string> source, string expected, string? expression = null)' due to differences in the nullability of reference types. [C:\git\TUnit\TUnit.TestProject\TUnit.TestProject.csproj::TargetFramework=net9.0]
C:\git\TUnit\TUnit.TestProject\Bugs\1914\AsyncHookTests.cs(226,15): warning CS8620: Argument of type 'ValueAssertion<string?>' cannot be used for parameter 'source' of type 'IAssertionSource<string>' in 'StringEqualsAssertion AssertionExtensions.IsEqualTo(IAssertionSource<string> source, string expected, string? expression = null)' due to differences in the nullability of reference types. [C:\git\TUnit\TUnit.TestProject\TUnit.TestProject.csproj::TargetFramework=net9.0]
C:\git\TUnit\TUnit.TestProject\Bugs\1914\AsyncHookTests.cs(229,15): warning CS8620: Argument of type 'ValueAssertion<string?>' cannot be used for parameter 'source' of type 'IAssertionSource<string>' in 'StringEqualsAssertion AssertionExtensions.IsEqualTo(IAssertionSource<string> source, string expected, string? expression = null)' due to differences in the nullability of reference types. [C:\git\TUnit\TUnit.TestProject\TUnit.TestProject.csproj::TargetFramework=net9.0]
C:\git\TUnit\TUnit.TestProject\Bugs\1914\AsyncHookTests.cs(231,15): warning CS8620: Argument of type 'ValueAssertion<string?>' cannot be used for parameter 'source' of type 'IAssertionSource<string>' in 'StringEqualsAssertion AssertionExtensions.IsEqualTo(IAssertionSource<string> source, string expected, string? expression = null)' due to differences in the nullability of reference types. [C:\git\TUnit\TUnit.TestProject\TUnit.TestProject.csproj::TargetFramework=net9.0]
C:\git\TUnit\TUnit.TestProject\Bugs\1914\AsyncHookTests.cs(234,15): warning CS8620: Argument of type 'ValueAssertion<string?>' cannot be used for parameter 'source' of type 'IAssertionSource<string>' in 'StringEqualsAssertion AssertionExtensions.IsEqualTo(IAssertionSource<string> source, string expected, string? expression = null)' due to differences in the nullability of reference types. [C:\git\TUnit\TUnit.TestProject\TUnit.TestProject.csproj::TargetFramework=net9.0]
C:\git\TUnit\TUnit.TestProject\Bugs\1914\AsyncHookTests.cs(236,15): warning CS8620: Argument of type 'ValueAssertion<string?>' cannot be used for parameter 'source' of type 'IAssertionSource<string>' in 'StringEqualsAssertion AssertionExtensions.IsEqualTo(IAssertionSource<string> source, string expected, string? expression = null)' due to differences in the nullability of reference types. [C:\git\TUnit\TUnit.TestProject\TUnit.TestProject.csproj::TargetFramework=net9.0]
C:\git\TUnit\TUnit.TestProject\Bugs\1914\AsyncHookTests.cs(239,15): warning CS8620: Argument of type 'ValueAssertion<string?>' cannot be used for parameter 'source' of type 'IAssertionSource<string>' in 'StringEqualsAssertion AssertionExtensions.IsEqualTo(IAssertionSource<string> source, string expected, string? expression = null)' due to differences in the nullability of reference types. [C:\git\TUnit\TUnit.TestProject\TUnit.TestProject.csproj::TargetFramework=net9.0]
C:\git\TUnit\TUnit.TestProject\Bugs\1914\AsyncHookTests.cs(241,15): warning CS8620: Argument of type 'ValueAssertion<string?>' cannot be used for parameter 'source' of type 'IAssertionSource<string>' in 'StringEqualsAssertion AssertionExtensions.IsEqualTo(IAssertionSource<string> source, string expected, string? expression = null)' due to differences in the nullability of reference types. [C:\git\TUnit\TUnit.TestProject\TUnit.TestProject.csproj::TargetFramework=net9.0]
C:\git\TUnit\TUnit.TestProject\Bugs\1914\AsyncHookTests.cs(266,15): warning CS8620: Argument of type 'ValueAssertion<string?>' cannot be used for parameter 'source' of type 'IAssertionSource<string>' in 'StringEqualsAssertion AssertionExtensions.IsEqualTo(IAssertionSource<string> source, string expected, string? expression = null)' due to differences in the nullability of reference types. [C:\git\TUnit\TUnit.TestProject\TUnit.TestProject.csproj::TargetFramework=net9.0]
C:\git\TUnit\TUnit.TestProject\Bugs\1914\AsyncHookTests.cs(267,15): warning CS8620: Argument of type 'ValueAssertion<string?>' cannot be used for parameter 'source' of type 'IAssertionSource<string>' in 'StringEqualsAssertion AssertionExtensions.IsEqualTo(IAssertionSource<string> source, string expected, string? expression = null)' due to differences in the nullability of reference types. [C:\git\TUnit\TUnit.TestProject\TUnit.TestProject.csproj::TargetFramework=net9.0]
C:\git\TUnit\TUnit.TestProject\Bugs\1914\AsyncHookTests.cs(268,15): warning CS8620: Argument of type 'ValueAssertion<string?>' cannot be used for parameter 'source' of type 'IAssertionSource<string>' in 'StringEqualsAssertion AssertionExtensions.IsEqualTo(IAssertionSource<string> source, string expected, string? expression = null)' due to differences in the nullability of reference types. [C:\git\TUnit\TUnit.TestProject\TUnit.TestProject.csproj::TargetFramework=net9.0]
C:\git\TUnit\TUnit.TestProject\Bugs\1914\AsyncHookTests.cs(269,15): warning CS8620: Argument of type 'ValueAssertion<string?>' cannot be used for parameter 'source' of type 'IAssertionSource<string>' in 'StringEqualsAssertion AssertionExtensions.IsEqualTo(IAssertionSource<string> source, string expected, string? expression = null)' due to differences in the nullability of reference types. [C:\git\TUnit\TUnit.TestProject\TUnit.TestProject.csproj::TargetFramework=net9.0]
C:\git\TUnit\TUnit.TestProject\Bugs\1914\AsyncHookTests.cs(270,15): warning CS8620: Argument of type 'ValueAssertion<string?>' cannot be used for parameter 'source' of type 'IAssertionSource<string>' in 'StringEqualsAssertion AssertionExtensions.IsEqualTo(IAssertionSource<string> source, string expected, string? expression = null)' due to differences in the nullability of reference types. [C:\git\TUnit\TUnit.TestProject\TUnit.TestProject.csproj::TargetFramework=net9.0]
C:\git\TUnit\TUnit.TestProject\Bugs\1914\AsyncHookTests.cs(272,15): warning CS8620: Argument of type 'ValueAssertion<string?>' cannot be used for parameter 'source' of type 'IAssertionSource<string>' in 'StringEqualsAssertion AssertionExtensions.IsEqualTo(IAssertionSource<string> source, string expected, string? expression = null)' due to differences in the nullability of reference types. [C:\git\TUnit\TUnit.TestProject\TUnit.TestProject.csproj::TargetFramework=net9.0]
C:\git\TUnit\TUnit.TestProject\Bugs\1914\AsyncHookTests.cs(273,15): warning CS8620: Argument of type 'ValueAssertion<string?>' cannot be used for parameter 'source' of type 'IAssertionSource<string>' in 'StringEqualsAssertion AssertionExtensions.IsEqualTo(IAssertionSource<string> source, string expected, string? expression = null)' due to differences in the nullability of reference types. [C:\git\TUnit\TUnit.TestProject\TUnit.TestProject.csproj::TargetFramework=net9.0]
C:\git\TUnit\TUnit.TestProject\Bugs\1914\AsyncHookTests.cs(274,15): warning CS8620: Argument of type 'ValueAssertion<string?>' cannot be used for parameter 'source' of type 'IAssertionSource<string>' in 'StringEqualsAssertion AssertionExtensions.IsEqualTo(IAssertionSource<string> source, string expected, string? expression = null)' due to differences in the nullability of reference types. [C:\git\TUnit\TUnit.TestProject\TUnit.TestProject.csproj::TargetFramework=net9.0]
C:\git\TUnit\TUnit.TestProject\Bugs\1914\AsyncHookTests.cs(275,15): warning CS8620: Argument of type 'ValueAssertion<string?>' cannot be used for parameter 'source' of type 'IAssertionSource<string>' in 'StringEqualsAssertion AssertionExtensions.IsEqualTo(IAssertionSource<string> source, string expected, string? expression = null)' due to differences in the nullability of reference types. [C:\git\TUnit\TUnit.TestProject\TUnit.TestProject.csproj::TargetFramework=net9.0]
C:\git\TUnit\TUnit.TestProject\Bugs\1914\AsyncHookTests.cs(276,15): warning CS8620: Argument of type 'ValueAssertion<string?>' cannot be used for parameter 'source' of type 'IAssertionSource<string>' in 'StringEqualsAssertion AssertionExtensions.IsEqualTo(IAssertionSource<string> source, string expected, string? expression = null)' due to differences in the nullability of reference types. [C:\git\TUnit\TUnit.TestProject\TUnit.TestProject.csproj::TargetFramework=net9.0]
C:\git\TUnit\TUnit.TestProject\DynamicallyRegisteredTests.cs(58,19): warning CS0618: 'TestContext.ReregisterTestWithArguments(object?[]?, Dictionary<string, object?>?)' is obsolete: 'This method is non-functional after the removal of ITestFinder. It will be removed in a future version.' [C:\git\TUnit\TUnit.TestProject\TUnit.TestProject.csproj::TargetFramework=net9.0]
C:\git\TUnit\TUnit.TestProject\TestMixedGenericParameters.cs(12,15): warning CS8620: Argument of type 'ValueAssertion<string?>' cannot be used for parameter 'source' of type 'IAssertionSource<string>' in 'StringEqualsAssertion AssertionExtensions.IsEqualTo(IAssertionSource<string> source, string expected, string? expression = null)' due to differences in the nullability of reference types. [C:\git\TUnit\TUnit.TestProject\TUnit.TestProject.csproj::TargetFramework=net9.0]
C:\git\TUnit\TUnit.TestProject\ExecutionContextRestorationTests.cs(33,15): warning CS8620: Argument of type 'ValueAssertion<string?>' cannot be used for parameter 'source' of type 'IAssertionSource<string>' in 'StringEqualsAssertion AssertionExtensions.IsEqualTo(IAssertionSource<string> source, string expected, string? expression = null)' due to differences in the nullability of reference types. [C:\git\TUnit\TUnit.TestProject\TUnit.TestProject.csproj::TargetFramework=net9.0]
C:\git\TUnit\TUnit.TestProject\ExecutionContextRestorationTests.cs(45,15): warning CS8620: Argument of type 'ValueAssertion<string?>' cannot be used for parameter 'source' of type 'IAssertionSource<string>' in 'StringEqualsAssertion AssertionExtensions.IsEqualTo(IAssertionSource<string> source, string expected, string? expression = null)' due to differences in the nullability of reference types. [C:\git\TUnit\TUnit.TestProject\TUnit.TestProject.csproj::TargetFramework=net9.0]
C:\git\TUnit\TUnit.TestProject\GenericConstraintValidationTests.cs(66,15): warning CS8620: Argument of type 'ValueAssertion<T>' cannot be used for parameter 'source' of type 'IAssertionSource<T?>' in 'NotEqualsAssertion<T?> AssertionExtensions.IsNotEqualTo<T?>(IAssertionSource<T?> source, T? notExpected, string? expression = null)' due to differences in the nullability of reference types. [C:\git\TUnit\TUnit.TestProject\TUnit.TestProject.csproj::TargetFramework=net9.0]
C:\git\TUnit\TUnit.TestProject\GenericConstraintValidationTests.cs(173,15): warning CS8620: Argument of type 'ValueAssertion<T>' cannot be used for parameter 'source' of type 'IAssertionSource<T?>' in 'NotEqualsAssertion<T?> AssertionExtensions.IsNotEqualTo<T?>(IAssertionSource<T?> source, T? notExpected, string? expression = null)' due to differences in the nullability of reference types. [C:\git\TUnit\TUnit.TestProject\TUnit.TestProject.csproj::TargetFramework=net9.0]
C:\git\TUnit\TUnit.TestProject\GenericConstraintValidationTests.cs(126,15): warning CS8620: Argument of type 'ValueAssertion<T>' cannot be used for parameter 'source' of type 'IAssertionSource<T?>' in 'NotEqualsAssertion<T?> AssertionExtensions.IsNotEqualTo<T?>(IAssertionSource<T?> source, T? notExpected, string? expression = null)' due to differences in the nullability of reference types. [C:\git\TUnit\TUnit.TestProject\TUnit.TestProject.csproj::TargetFramework=net9.0]
C:\git\TUnit\TUnit.TestProject\TestCountVerificationTests.cs(6,45): warning CS9113: Parameter 'value' is unread. [C:\git\TUnit\TUnit.TestProject\TUnit.TestProject.csproj::TargetFramework=net9.0]
C:\git\TUnit\TUnit.TestProject\GlobalTestHooks.cs(51,15): warning CS8631: The type 'System.Collections.Generic.Dictionary<string, object?>?' cannot be used as type parameter 'TValue' in the generic type or method 'AssertionExtensions.HasCount<TValue>(IAssertionSource<TValue>)'. Nullability of type argument 'System.Collections.Generic.Dictionary<string, object?>?' doesn't match constraint type 'System.Collections.IEnumerable'. [C:\git\TUnit\TUnit.TestProject\TUnit.TestProject.csproj::TargetFramework=net9.0]
C:\git\TUnit\TUnit.TestProject\GlobalTestHooks.cs(52,15): warning CS8620: Argument of type 'ValueAssertion<string?>' cannot be used for parameter 'source' of type 'IAssertionSource<string>' in 'StringEqualsAssertion AssertionExtensions.IsEqualTo(IAssertionSource<string> source, string expected, string? expression = null)' due to differences in the nullability of reference types. [C:\git\TUnit\TUnit.TestProject\TUnit.TestProject.csproj::TargetFramework=net9.0]
C:\git\TUnit\TUnit.TestProject\HookExecutorTests.cs(15,15): warning CS8620: Argument of type 'ValueAssertion<string?>' cannot be used for parameter 'source' of type 'IAssertionSource<string>' in 'StringEqualsAssertion AssertionExtensions.IsEqualTo(IAssertionSource<string> source, string expected, string? expression = null)' due to differences in the nullability of reference types. [C:\git\TUnit\TUnit.TestProject\TUnit.TestProject.csproj::TargetFramework=net9.0]
C:\git\TUnit\TUnit.TestProject\HookExecutorTests.cs(28,15): warning CS8620: Argument of type 'ValueAssertion<string?>' cannot be used for parameter 'source' of type 'IAssertionSource<string>' in 'StringEqualsAssertion AssertionExtensions.IsEqualTo(IAssertionSource<string> source, string expected, string? expression = null)' due to differences in the nullability of reference types. [C:\git\TUnit\TUnit.TestProject\TUnit.TestProject.csproj::TargetFramework=net9.0]
C:\git\TUnit\TUnit.TestProject\HookContextRestorationTests.cs(30,15): warning CS8620: Argument of type 'ValueAssertion<string?>' cannot be used for parameter 'source' of type 'IAssertionSource<string>' in 'StringEqualsAssertion AssertionExtensions.IsEqualTo(IAssertionSource<string> source, string expected, string? expression = null)' due to differences in the nullability of reference types. [C:\git\TUnit\TUnit.TestProject\TUnit.TestProject.csproj::TargetFramework=net9.0]
C:\git\TUnit\TUnit.TestProject\HookExecutorTests.cs(37,15): warning CS8620: Argument of type 'ValueAssertion<string?>' cannot be used for parameter 'source' of type 'IAssertionSource<string>' in 'StringEqualsAssertion AssertionExtensions.IsEqualTo(IAssertionSource<string> source, string expected, string? expression = null)' due to differences in the nullability of reference types. [C:\git\TUnit\TUnit.TestProject\TUnit.TestProject.csproj::TargetFramework=net9.0]
C:\git\TUnit\TUnit.TestProject\InheritedTestsFromDifferentProjectTests.cs(30,15): warning CS8631: The type 'System.Collections.Generic.List<string>?' cannot be used as type parameter 'TCollection' in the generic type or method 'AssertionExtensions.Contains<TCollection, TItem>(IAssertionSource<TCollection>, TItem, string?)'. Nullability of type argument 'System.Collections.Generic.List<string>?' doesn't match constraint type 'System.Collections.Generic.IEnumerable<string>'. [C:\git\TUnit\TUnit.TestProject\TUnit.TestProject.csproj::TargetFramework=net9.0]
C:\git\TUnit\TUnit.TestProject\HookExecutorTests.cs(45,15): warning CS8620: Argument of type 'ValueAssertion<string?>' cannot be used for parameter 'source' of type 'IAssertionSource<string>' in 'StringEqualsAssertion AssertionExtensions.IsEqualTo(IAssertionSource<string> source, string expected, string? expression = null)' due to differences in the nullability of reference types. [C:\git\TUnit\TUnit.TestProject\TUnit.TestProject.csproj::TargetFramework=net9.0]
C:\git\TUnit\TUnit.TestProject\HookExecutorTests.cs(56,15): warning CS8620: Argument of type 'ValueAssertion<string?>' cannot be used for parameter 'source' of type 'IAssertionSource<string>' in 'StringEqualsAssertion AssertionExtensions.IsEqualTo(IAssertionSource<string> source, string expected, string? expression = null)' due to differences in the nullability of reference types. [C:\git\TUnit\TUnit.TestProject\TUnit.TestProject.csproj::TargetFramework=net9.0]
C:\git\TUnit\TUnit.TestProject\HookExecutorTests.cs(65,15): warning CS8620: Argument of type 'ValueAssertion<string?>' cannot be used for parameter 'source' of type 'IAssertionSource<string>' in 'StringEqualsAssertion AssertionExtensions.IsEqualTo(IAssertionSource<string> source, string expected, string? expression = null)' due to differences in the nullability of reference types. [C:\git\TUnit\TUnit.TestProject\TUnit.TestProject.csproj::TargetFramework=net9.0]
C:\git\TUnit\TUnit.TestProject\HookExecutorTests.cs(76,15): warning CS8620: Argument of type 'ValueAssertion<string?>' cannot be used for parameter 'source' of type 'IAssertionSource<string>' in 'StringEqualsAssertion AssertionExtensions.IsEqualTo(IAssertionSource<string> source, string expected, string? expression = null)' due to differences in the nullability of reference types. [C:\git\TUnit\TUnit.TestProject\TUnit.TestProject.csproj::TargetFramework=net9.0]
C:\git\TUnit\TUnit.TestProject\HookExecutorTests.cs(85,15): warning CS8620: Argument of type 'ValueAssertion<string?>' cannot be used for parameter 'source' of type 'IAssertionSource<string>' in 'StringEqualsAssertion AssertionExtensions.IsEqualTo(IAssertionSource<string> source, string expected, string? expression = null)' due to differences in the nullability of reference types. [C:\git\TUnit\TUnit.TestProject\TUnit.TestProject.csproj::TargetFramework=net9.0]
C:\git\TUnit\TUnit.TestProject\MixedDataSourceBugTest.cs(5,41): warning CS9113: Parameter 'classValue' is unread. [C:\git\TUnit\TUnit.TestProject\TUnit.TestProject.csproj::TargetFramework=net9.0]
C:\git\TUnit\TUnit.TestProject\GenericConstraintValidationTests.cs(160,19): warning CS8620: Argument of type 'ValueAssertion<T>' cannot be used for parameter 'source' of type 'IAssertionSource<T?>' in 'NotEqualsAssertion<T?> AssertionExtensions.IsNotEqualTo<T?>(IAssertionSource<T?> source, T? notExpected, string? expression = null)' due to differences in the nullability of reference types. [C:\git\TUnit\TUnit.TestProject\TUnit.TestProject.csproj::TargetFramework=net9.0]
C:\git\TUnit\TUnit.TestProject\NotInParallelExecutionTests.cs(28,25): warning CS8602: Dereference of a possibly null reference. [C:\git\TUnit\TUnit.TestProject\TUnit.TestProject.csproj::TargetFramework=net9.0]
C:\git\TUnit\TUnit.TestProject\NotInParallelExecutionTests.cs(53,30): warning CS8602: Dereference of a possibly null reference. [C:\git\TUnit\TUnit.TestProject\TUnit.TestProject.csproj::TargetFramework=net9.0]
C:\git\TUnit\TUnit.TestProject\NestedClassDataSourceDrivenTests2.cs(33,36): warning CS8618: Non-nullable property 'InnerClass' must contain a non-null value when exiting constructor. Consider adding the 'required' modifier or declaring the property as nullable. [C:\git\TUnit\TUnit.TestProject\TUnit.TestProject.csproj::TargetFramework=net9.0]
C:\git\TUnit\TUnit.TestProject\HookExecutorTests.cs(94,15): warning CS8620: Argument of type 'ValueAssertion<string?>' cannot be used for parameter 'source' of type 'IAssertionSource<string>' in 'StringEqualsAssertion AssertionExtensions.IsEqualTo(IAssertionSource<string> source, string expected, string? expression = null)' due to differences in the nullability of reference types. [C:\git\TUnit\TUnit.TestProject\TUnit.TestProject.csproj::TargetFramework=net9.0]
C:\git\TUnit\TUnit.TestProject\PropertyInitializationTests.cs(98,82): warning CS1998: This async method lacks 'await' operators and will run synchronously. Consider using the 'await' operator to await non-blocking API calls, or 'await Task.Run(...)' to do CPU-bound work on a background thread. [C:\git\TUnit\TUnit.TestProject\TUnit.TestProject.csproj::TargetFramework=net9.0]
C:\git\TUnit\TUnit.TestProject\HookExecutorTests.cs(103,15): warning CS8620: Argument of type 'ValueAssertion<string?>' cannot be used for parameter 'source' of type 'IAssertionSource<string>' in 'StringEqualsAssertion AssertionExtensions.IsEqualTo(IAssertionSource<string> source, string expected, string? expression = null)' due to differences in the nullability of reference types. [C:\git\TUnit\TUnit.TestProject\TUnit.TestProject.csproj::TargetFramework=net9.0]
C:\git\TUnit\TUnit.TestProject\PropertyInitializationTests.cs(108,91): warning CS1998: This async method lacks 'await' operators and will run synchronously. Consider using the 'await' operator to await non-blocking API calls, or 'await Task.Run(...)' to do CPU-bound work on a background thread. [C:\git\TUnit\TUnit.TestProject\TUnit.TestProject.csproj::TargetFramework=net9.0]
C:\git\TUnit\TUnit.TestProject\HookExecutorTests.cs(112,15): warning CS8620: Argument of type 'ValueAssertion<string?>' cannot be used for parameter 'source' of type 'IAssertionSource<string>' in 'StringEqualsAssertion AssertionExtensions.IsEqualTo(IAssertionSource<string> source, string expected, string? expression = null)' due to differences in the nullability of reference types. [C:\git\TUnit\TUnit.TestProject\TUnit.TestProject.csproj::TargetFramework=net9.0]
C:\git\TUnit\TUnit.TestProject\PropertySetterTests.cs(43,19): warning CS8620: Argument of type 'ValueAssertion<string?>' cannot be used for parameter 'source' of type 'IAssertionSource<string>' in 'StringEqualsAssertion AssertionExtensions.IsEqualTo(IAssertionSource<string> source, string expected, string? expression = null)' due to differences in the nullability of reference types. [C:\git\TUnit\TUnit.TestProject\TUnit.TestProject.csproj::TargetFramework=net9.0]
C:\git\TUnit\TUnit.TestProject\HookExecutorTests.cs(125,15): warning CS8620: Argument of type 'ValueAssertion<string?>' cannot be used for parameter 'source' of type 'IAssertionSource<string>' in 'StringEqualsAssertion AssertionExtensions.IsEqualTo(IAssertionSource<string> source, string expected, string? expression = null)' due to differences in the nullability of reference types. [C:\git\TUnit\TUnit.TestProject\TUnit.TestProject.csproj::TargetFramework=net9.0]
C:\git\TUnit\TUnit.TestProject\PropertySetterTests.cs(54,19): warning CS8620: Argument of type 'ValueAssertion<string?>' cannot be used for parameter 'source' of type 'IAssertionSource<string>' in 'StringEqualsAssertion AssertionExtensions.IsEqualTo(IAssertionSource<string> source, string expected, string? expression = null)' due to differences in the nullability of reference types. [C:\git\TUnit\TUnit.TestProject\TUnit.TestProject.csproj::TargetFramework=net9.0]
C:\git\TUnit\TUnit.TestProject\PropertySetterTests.cs(65,19): warning CS8620: Argument of type 'ValueAssertion<string?>' cannot be used for parameter 'source' of type 'IAssertionSource<string>' in 'StringEqualsAssertion AssertionExtensions.IsEqualTo(IAssertionSource<string> source, string expected, string? expression = null)' due to differences in the nullability of reference types. [C:\git\TUnit\TUnit.TestProject\TUnit.TestProject.csproj::TargetFramework=net9.0]
C:\git\TUnit\TUnit.TestProject\NestedClassDataSourceDrivenTests3.cs(34,36): warning CS8618: Non-nullable property 'InnerClass' must contain a non-null value when exiting constructor. Consider adding the 'required' modifier or declaring the property as nullable. [C:\git\TUnit\TUnit.TestProject\TUnit.TestProject.csproj::TargetFramework=net9.0]
C:\git\TUnit\TUnit.TestProject\NestedClassDataSourceDrivenTests3.cs(61,36): warning CS8618: Non-nullable property 'InnerClass' must contain a non-null value when exiting constructor. Consider adding the 'required' modifier or declaring the property as nullable. [C:\git\TUnit\TUnit.TestProject\TUnit.TestProject.csproj::TargetFramework=net9.0]
C:\git\TUnit\TUnit.TestProject\NestedClassDataSourceDrivenTests3.cs(100,36): warning CS8618: Non-nullable property 'InnerClass' must contain a non-null value when exiting constructor. Consider adding the 'required' modifier or declaring the property as nullable. [C:\git\TUnit\TUnit.TestProject\TUnit.TestProject.csproj::TargetFramework=net9.0]
C:\git\TUnit\TUnit.TestProject\NestedClassDataSourceDrivenTests3.cs(130,36): warning CS8618: Non-nullable property 'InnerClass' must contain a non-null value when exiting constructor. Consider adding the 'required' modifier or declaring the property as nullable. [C:\git\TUnit\TUnit.TestProject\TUnit.TestProject.csproj::TargetFramework=net9.0]
C:\git\TUnit\TUnit.TestProject\SimpleGenericTests.cs(13,15): warning CS8620: Argument of type 'ValueAssertion<T>' cannot be used for parameter 'source' of type 'IAssertionSource<T?>' in 'NotEqualsAssertion<T?> AssertionExtensions.IsNotEqualTo<T?>(IAssertionSource<T?> source, T? notExpected, string? expression = null)' due to differences in the nullability of reference types. [C:\git\TUnit\TUnit.TestProject\TUnit.TestProject.csproj::TargetFramework=net9.0]
C:\git\TUnit\TUnit.TestProject\SimpleGenericTests.cs(26,15): warning CS8620: Argument of type 'ValueAssertion<T>' cannot be used for parameter 'source' of type 'IAssertionSource<T?>' in 'NotEqualsAssertion<T?> AssertionExtensions.IsNotEqualTo<T?>(IAssertionSource<T?> source, T? notExpected, string? expression = null)' due to differences in the nullability of reference types. [C:\git\TUnit\TUnit.TestProject\TUnit.TestProject.csproj::TargetFramework=net9.0]
C:\git\TUnit\TUnit.TestProject\PropertySetterTests.cs(77,15): warning CS8620: Argument of type 'ValueAssertion<string?>' cannot be used for parameter 'source' of type 'IAssertionSource<string>' in 'StringEqualsAssertion AssertionExtensions.IsEqualTo(IAssertionSource<string> source, string expected, string? expression = null)' due to differences in the nullability of reference types. [C:\git\TUnit\TUnit.TestProject\TUnit.TestProject.csproj::TargetFramework=net9.0]
C:\git\TUnit\TUnit.TestProject\SimpleGenericTests.cs(42,15): warning CS8620: Argument of type 'ValueAssertion<T>' cannot be used for parameter 'source' of type 'IAssertionSource<T?>' in 'NotEqualsAssertion<T?> AssertionExtensions.IsNotEqualTo<T?>(IAssertionSource<T?> source, T? notExpected, string? expression = null)' due to differences in the nullability of reference types. [C:\git\TUnit\TUnit.TestProject\TUnit.TestProject.csproj::TargetFramework=net9.0]
C:\git\TUnit\TUnit.TestProject\SimpleGenericTests.cs(58,15): warning CS8620: Argument of type 'ValueAssertion<T>' cannot be used for parameter 'source' of type 'IAssertionSource<T?>' in 'NotEqualsAssertion<T?> AssertionExtensions.IsNotEqualTo<T?>(IAssertionSource<T?> source, T? notExpected, string? expression = null)' due to differences in the nullability of reference types. [C:\git\TUnit\TUnit.TestProject\TUnit.TestProject.csproj::TargetFramework=net9.0]
C:\git\TUnit\TUnit.TestProject\SimpleGenericTests.cs(59,15): warning CS8620: Argument of type 'ValueAssertion<T2>' cannot be used for parameter 'source' of type 'IAssertionSource<T2?>' in 'NotEqualsAssertion<T2?> AssertionExtensions.IsNotEqualTo<T2?>(IAssertionSource<T2?> source, T2? notExpected, string? expression = null)' due to differences in the nullability of reference types. [C:\git\TUnit\TUnit.TestProject\TUnit.TestProject.csproj::TargetFramework=net9.0]
C:\git\TUnit\TUnit.TestProject\TestContextIsolationTests.cs(55,15): warning CS8620: Argument of type 'ValueAssertion<string?>' cannot be used for parameter 'source' of type 'IAssertionSource<string>' in 'StringEqualsAssertion AssertionExtensions.IsEqualTo(IAssertionSource<string> source, string expected, string? expression = null)' due to differences in the nullability of reference types. [C:\git\TUnit\TUnit.TestProject\TUnit.TestProject.csproj::TargetFramework=net9.0]
C:\git\TUnit\TUnit.TestProject\TestContextIsolationTests.cs(55,59): warning CS8604: Possible null reference argument for parameter 'expected' in 'StringEqualsAssertion AssertionExtensions.IsEqualTo(IAssertionSource<string> source, string expected, string? expression = null)'. [C:\git\TUnit\TUnit.TestProject\TUnit.TestProject.csproj::TargetFramework=net9.0]
C:\git\TUnit\TUnit.TestProject\TestContextIsolationTests.cs(83,15): warning CS8620: Argument of type 'ValueAssertion<string?>' cannot be used for parameter 'source' of type 'IAssertionSource<string>' in 'StringEqualsAssertion AssertionExtensions.IsEqualTo(IAssertionSource<string> source, string expected, string? expression = null)' due to differences in the nullability of reference types. [C:\git\TUnit\TUnit.TestProject\TUnit.TestProject.csproj::TargetFramework=net9.0]
C:\git\TUnit\TUnit.TestProject\TestContextIsolationTests.cs(83,59): warning CS8604: Possible null reference argument for parameter 'expected' in 'StringEqualsAssertion AssertionExtensions.IsEqualTo(IAssertionSource<string> source, string expected, string? expression = null)'. [C:\git\TUnit\TUnit.TestProject\TUnit.TestProject.csproj::TargetFramework=net9.0]
C:\git\TUnit\TUnit.TestProject\CombinedParallelConstraintsTests.cs(253,17): warning CS0219: The variable 'hasOverlap' is assigned but its value is never used [C:\git\TUnit\TUnit.TestProject\TUnit.TestProject.csproj::TargetFramework=net9.0]
C:\git\TUnit\TUnit.TestProject\TestContextIsolationTests.cs(107,15): warning CS8620: Argument of type 'ValueAssertion<string?>' cannot be used for parameter 'source' of type 'IAssertionSource<string>' in 'StringEqualsAssertion AssertionExtensions.IsEqualTo(IAssertionSource<string> source, string expected, string? expression = null)' due to differences in the nullability of reference types. [C:\git\TUnit\TUnit.TestProject\TUnit.TestProject.csproj::TargetFramework=net9.0]
C:\git\TUnit\TUnit.TestProject\TestContextIsolationTests.cs(107,59): warning CS8604: Possible null reference argument for parameter 'expected' in 'StringEqualsAssertion AssertionExtensions.IsEqualTo(IAssertionSource<string> source, string expected, string? expression = null)'. [C:\git\TUnit\TUnit.TestProject\TUnit.TestProject.csproj::TargetFramework=net9.0]
C:\git\TUnit\TUnit.TestProject\Bugs\_2804\MultipleAfterHooksFailureTests.cs(124,25): warning CS0414: The field 'MultipleAfterClassHooksTests._testsExecuted' is assigned but its value is never used [C:\git\TUnit\TUnit.TestProject\TUnit.TestProject.csproj::TargetFramework=net9.0]
C:\git\TUnit\TUnit.TestProject\Bugs\_2804\HookCleanupOnFailureTests.cs(16,24): warning CS0414: The field 'HookCleanupOnFailureTests._beforeAssemblyCount' is assigned but its value is never used [C:\git\TUnit\TUnit.TestProject\TUnit.TestProject.csproj::TargetFramework=net9.0]
C:\git\TUnit\TUnit.TestProject\Bugs\_2804\HookExceptionHandlingTests.cs(14,25): warning CS0414: The field 'HookExceptionHandlingTests._afterAssemblyExecuted' is assigned but its value is never used [C:\git\TUnit\TUnit.TestProject\TUnit.TestProject.csproj::TargetFramework=net9.0]
C:\git\TUnit\TUnit.TestProject\Bugs\3219\ClassDataSourceRetryTests.cs(38,25): warning CS0414: The field 'ClassDataSourceRetryTests._wasExecuted' is assigned but its value is never used [C:\git\TUnit\TUnit.TestProject\TUnit.TestProject.csproj::TargetFramework=net9.0]
C:\git\TUnit\TUnit.TestProject\Bugs\_2804\HookCleanupOnFailureTests.cs(17,24): warning CS0414: The field 'HookCleanupOnFailureTests._afterAssemblyCount' is assigned but its value is never used [C:\git\TUnit\TUnit.TestProject\TUnit.TestProject.csproj::TargetFramework=net9.0]
C:\git\TUnit\TUnit.TestProject\CallEventReceiverTests.cs(34,28): warning TUnit0014: Public method missing [Test] attribute - add attribute or make method private/protected [C:\git\TUnit\TUnit.TestProject\TUnit.TestProject.csproj::TargetFramework=net9.0]
C:\git\TUnit\TUnit.TestProject\GenericInheritsTestVerification.cs(4,23): warning TUnit0059: Abstract test class 'GenericBase' has test methods with data sources. Add [InheritsTests] on a concrete class to execute these tests. [C:\git\TUnit\TUnit.TestProject\TUnit.TestProject.csproj::TargetFramework=net9.0]
C:\git\TUnit\TUnit.TestProject\GenericTestExample.cs(3,23): warning TUnit0059: Abstract test class 'GenericTestExample' has test methods with data sources. Add [InheritsTests] on a concrete class to execute these tests. [C:\git\TUnit\TUnit.TestProject\TUnit.TestProject.csproj::TargetFramework=net9.0]
C:\git\TUnit\TUnit.TestProject\DynamicTests\Runtime.cs(13,17): warning TUnit0014: Public method missing [Test] attribute - add attribute or make method private/protected [C:\git\TUnit\TUnit.TestProject\TUnit.TestProject.csproj::TargetFramework=net9.0]
C:\git\TUnit\TUnit.TestProject\Bugs\Issue2862EmptyDataSource.cs(21,23): warning TUnit0059: Abstract test class 'Issue2862AbstractBase' has test methods with data sources. Add [InheritsTests] on a concrete class to execute these tests. [C:\git\TUnit\TUnit.TestProject\TUnit.TestProject.csproj::TargetFramework=net9.0]
C:\git\TUnit\TUnit.TestProject\TransactionTest.cs(11,30): warning TUnit0023: _scope should be disposed within a clean up method [C:\git\TUnit\TUnit.TestProject\TUnit.TestProject.csproj::TargetFramework=net9.0]
C:\git\TUnit\TUnit.TestProject\VerifyFixTest.cs(11,27): warning TUnit0300: Generic test method may require runtime type creation may not be AOT-compatible. All generic type combinations must be known at compile time. [C:\git\TUnit\TUnit.TestProject\TUnit.TestProject.csproj::TargetFramework=net9.0]
C:\git\TUnit\TUnit.TestProject\AllDataSourcesCombinedTests.cs(40,30): warning TUnit0042: Global hooks should not be mixed with test classes to avoid confusion. Place them in their own class. [C:\git\TUnit\TUnit.TestProject\TUnit.TestProject.csproj::TargetFramework=net9.0]
C:\git\TUnit\TUnit.TestProject\ArgumentsWithClassDataSourceTests.cs(29,30): warning TUnit0042: Global hooks should not be mixed with test classes to avoid confusion. Place them in their own class. [C:\git\TUnit\TUnit.TestProject\TUnit.TestProject.csproj::TargetFramework=net9.0]
C:\git\TUnit\TUnit.TestProject\CallEventReceiverTests.cs(25,30): warning TUnit0042: Global hooks should not be mixed with test classes to avoid confusion. Place them in their own class. [C:\git\TUnit\TUnit.TestProject\TUnit.TestProject.csproj::TargetFramework=net9.0]
C:\git\TUnit\TUnit.TestProject\Bugs\_2804\TestSpecificAfterHooksTests.cs(219,30): warning TUnit0042: Global hooks should not be mixed with test classes to avoid confusion. Place them in their own class. [C:\git\TUnit\TUnit.TestProject\TUnit.TestProject.csproj::TargetFramework=net9.0]
C:\git\TUnit\TUnit.TestProject\Bugs\_2804\TestSpecificAfterHooksTests.cs(234,30): warning TUnit0042: Global hooks should not be mixed with test classes to avoid confusion. Place them in their own class. [C:\git\TUnit\TUnit.TestProject\TUnit.TestProject.csproj::TargetFramework=net9.0]
C:\git\TUnit\TUnit.TestProject\Bugs\_2804\TestSpecificAfterHooksTests.cs(249,30): warning TUnit0042: Global hooks should not be mixed with test classes to avoid confusion. Place them in their own class. [C:\git\TUnit\TUnit.TestProject\TUnit.TestProject.csproj::TargetFramework=net9.0]
C:\git\TUnit\TUnit.TestProject\Bugs\2136\Tests.cs(14,23): warning TUnit0300: Generic test method may require runtime type creation may not be AOT-compatible. All generic type combinations must be known at compile time. [C:\git\TUnit\TUnit.TestProject\TUnit.TestProject.csproj::TargetFramework=net9.0]
C:\git\TUnit\TUnit.TestProject\Bugs\_2804\TestSpecificAfterHooksTests.cs(264,30): warning TUnit0042: Global hooks should not be mixed with test classes to avoid confusion. Place them in their own class. [C:\git\TUnit\TUnit.TestProject\TUnit.TestProject.csproj::TargetFramework=net9.0]
C:\git\TUnit\TUnit.TestProject\Bugs\_2804\TestSpecificAfterHooksTests.cs(279,30): warning TUnit0042: Global hooks should not be mixed with test classes to avoid confusion. Place them in their own class. [C:\git\TUnit\TUnit.TestProject\TUnit.TestProject.csproj::TargetFramework=net9.0]
C:\git\TUnit\TUnit.TestProject\Bugs\2757\Tests.cs(20,41): warning TUnit0046: Return a `Func<T>` rather than a `<T>`. [C:\git\TUnit\TUnit.TestProject\TUnit.TestProject.csproj::TargetFramework=net9.0]
C:\git\TUnit\TUnit.TestProject\Bugs\2798\Tests.cs(16,36): warning TUnit0046: Return a `Func<T>` rather than a `<T>`. [C:\git\TUnit\TUnit.TestProject\TUnit.TestProject.csproj::TargetFramework=net9.0]
C:\git\TUnit\TUnit.TestProject\AllDataSourcesCombinedTestsVerification.cs(40,30): warning TUnit0042: Global hooks should not be mixed with test classes to avoid confusion. Place them in their own class. [C:\git\TUnit\TUnit.TestProject\TUnit.TestProject.csproj::TargetFramework=net9.0]
C:\git\TUnit\TUnit.TestProject\Bugs\2867\DisposalNotCalledTests.cs(267,30): warning TUnit0042: Global hooks should not be mixed with test classes to avoid confusion. Place them in their own class. [C:\git\TUnit\TUnit.TestProject\TUnit.TestProject.csproj::TargetFramework=net9.0]
C:\git\TUnit\TUnit.TestProject\Bugs\3219\ClassDataSourceRetryTests.cs(45,24): warning TUnit0042: Global hooks should not be mixed with test classes to avoid confusion. Place them in their own class. [C:\git\TUnit\TUnit.TestProject\TUnit.TestProject.csproj::TargetFramework=net9.0]
C:\git\TUnit\TUnit.TestProject\ClassDataSourceDrivenTestsSharedKeyed2.cs(41,30): warning TUnit0042: Global hooks should not be mixed with test classes to avoid confusion. Place them in their own class. [C:\git\TUnit\TUnit.TestProject\TUnit.TestProject.csproj::TargetFramework=net9.0]
C:\git\TUnit\TUnit.TestProject\Bugs\3185\BugRepro3185.cs(88,19): warning TUnitAssertions0005: Assert.That(...) should not be used with a constant value [C:\git\TUnit\TUnit.TestProject\TUnit.TestProject.csproj::TargetFramework=net9.0]
C:\git\TUnit\TUnit.TestProject\Bugs\3219\ClassDataSourceRetryTests.cs(76,30): warning TUnit0042: Global hooks should not be mixed with test classes to avoid confusion. Place them in their own class. [C:\git\TUnit\TUnit.TestProject\TUnit.TestProject.csproj::TargetFramework=net9.0]
C:\git\TUnit\TUnit.TestProject\Bugs\HookOrchestratorDeadlockTests.cs(153,30): warning TUnit0042: Global hooks should not be mixed with test classes to avoid confusion. Place them in their own class. [C:\git\TUnit\TUnit.TestProject\TUnit.TestProject.csproj::TargetFramework=net9.0]
C:\git\TUnit\TUnit.TestProject\Bugs\HookOrchestratorDeadlockTests.cs(163,30): warning TUnit0042: Global hooks should not be mixed with test classes to avoid confusion. Place them in their own class. [C:\git\TUnit\TUnit.TestProject\TUnit.TestProject.csproj::TargetFramework=net9.0]
C:\git\TUnit\TUnit.TestProject\ClassDataSourceWithMethodDataSourceTests.cs(35,30): warning TUnit0042: Global hooks should not be mixed with test classes to avoid confusion. Place them in their own class. [C:\git\TUnit\TUnit.TestProject\TUnit.TestProject.csproj::TargetFramework=net9.0]
C:\git\TUnit\TUnit.TestProject\Bugs\HookOrchestratorDeadlockTests.cs(80,30): warning TUnit0042: Global hooks should not be mixed with test classes to avoid confusion. Place them in their own class. [C:\git\TUnit\TUnit.TestProject\TUnit.TestProject.csproj::TargetFramework=net9.0]
C:\git\TUnit\TUnit.TestProject\Bugs\HookOrchestratorDeadlockTests.cs(90,30): warning TUnit0042: Global hooks should not be mixed with test classes to avoid confusion. Place them in their own class. [C:\git\TUnit\TUnit.TestProject\TUnit.TestProject.csproj::TargetFramework=net9.0]
C:\git\TUnit\TUnit.TestProject\Bugs\_2804\CriticalHookChainExecutionTests.cs(127,30): warning TUnit0042: Global hooks should not be mixed with test classes to avoid confusion. Place them in their own class. [C:\git\TUnit\TUnit.TestProject\TUnit.TestProject.csproj::TargetFramework=net9.0]
C:\git\TUnit\TUnit.TestProject\Bugs\_2804\CriticalHookChainExecutionTests.cs(223,30): warning TUnit0042: Global hooks should not be mixed with test classes to avoid confusion. Place them in their own class. [C:\git\TUnit\TUnit.TestProject\TUnit.TestProject.csproj::TargetFramework=net9.0]
C:\git\TUnit\TUnit.TestProject\Bugs\_2804\CriticalHookChainExecutionTests.cs(322,30): warning TUnit0042: Global hooks should not be mixed with test classes to avoid confusion. Place them in their own class. [C:\git\TUnit\TUnit.TestProject\TUnit.TestProject.csproj::TargetFramework=net9.0]
C:\git\TUnit\TUnit.TestProject\Bugs\_2804\CriticalHookChainExecutionTests.cs(59,30): warning TUnit0042: Global hooks should not be mixed with test classes to avoid confusion. Place them in their own class. [C:\git\TUnit\TUnit.TestProject\TUnit.TestProject.csproj::TargetFramework=net9.0]
C:\git\TUnit\TUnit.TestProject\Bugs\Issue2504CollectionExpressionTest.cs(62,30): warning TUnit0042: Global hooks should not be mixed with test classes to avoid confusion. Place them in their own class. [C:\git\TUnit\TUnit.TestProject\TUnit.TestProject.csproj::TargetFramework=net9.0]
C:\git\TUnit\TUnit.TestProject\Bugs\_2804\CriticalHookChainExecutionTests.cs(346,30): warning TUnit0042: Global hooks should not be mixed with test classes to avoid confusion. Place them in their own class. [C:\git\TUnit\TUnit.TestProject\TUnit.TestProject.csproj::TargetFramework=net9.0]
C:\git\TUnit\TUnit.TestProject\Bugs\_2804\HookCleanupOnFailureTests.cs(20,24): warning TUnit0042: Global hooks should not be mixed with test classes to avoid confusion. Place them in their own class. [C:\git\TUnit\TUnit.TestProject\TUnit.TestProject.csproj::TargetFramework=net9.0]
C:\git\TUnit\TUnit.TestProject\Bugs\_2804\HookCleanupOnFailureTests.cs(102,24): warning TUnit0042: Global hooks should not be mixed with test classes to avoid confusion. Place them in their own class. [C:\git\TUnit\TUnit.TestProject\TUnit.TestProject.csproj::TargetFramework=net9.0]
C:\git\TUnit\TUnit.TestProject\Bugs\_2804\CriticalHookChainExecutionTests.cs(256,30): warning TUnit0042: Global hooks should not be mixed with test classes to avoid confusion. Place them in their own class. [C:\git\TUnit\TUnit.TestProject\TUnit.TestProject.csproj::TargetFramework=net9.0]
C:\git\TUnit\TUnit.TestProject\Bugs\_2804\HookCleanupOnFailureTests.cs(171,24): warning TUnit0042: Global hooks should not be mixed with test classes to avoid confusion. Place them in their own class. [C:\git\TUnit\TUnit.TestProject\TUnit.TestProject.csproj::TargetFramework=net9.0]
C:\git\TUnit\TUnit.TestProject\Bugs\_2804\CriticalHookChainExecutionTests.cs(101,30): warning TUnit0042: Global hooks should not be mixed with test classes to avoid confusion. Place them in their own class. [C:\git\TUnit\TUnit.TestProject\TUnit.TestProject.csproj::TargetFramework=net9.0]
C:\git\TUnit\TUnit.TestProject\Bugs\_2804\HookCleanupOnFailureTests.cs(178,24): warning TUnit0042: Global hooks should not be mixed with test classes to avoid confusion. Place them in their own class. [C:\git\TUnit\TUnit.TestProject\TUnit.TestProject.csproj::TargetFramework=net9.0]
C:\git\TUnit\TUnit.TestProject\Bugs\_2804\HookCleanupOnFailureTests.cs(113,24): warning TUnit0042: Global hooks should not be mixed with test classes to avoid confusion. Place them in their own class. [C:\git\TUnit\TUnit.TestProject\TUnit.TestProject.csproj::TargetFramework=net9.0]
C:\git\TUnit\TUnit.TestProject\Bugs\_2804\HookCleanupOnFailureTests.cs(31,24): warning TUnit0042: Global hooks should not be mixed with test classes to avoid confusion. Place them in their own class. [C:\git\TUnit\TUnit.TestProject\TUnit.TestProject.csproj::TargetFramework=net9.0]
C:\git\TUnit\TUnit.TestProject\Bugs\_2804\HookCleanupOnFailureTests.cs(200,24): warning TUnit0042: Global hooks should not be mixed with test classes to avoid confusion. Place them in their own class. [C:\git\TUnit\TUnit.TestProject\TUnit.TestProject.csproj::TargetFramework=net9.0]
C:\git\TUnit\TUnit.TestProject\Bugs\_2804\CriticalHookChainExecutionTests.cs(358,24): warning TUnit0042: Global hooks should not be mixed with test classes to avoid confusion. Place them in their own class. [C:\git\TUnit\TUnit.TestProject\TUnit.TestProject.csproj::TargetFramework=net9.0]
C:\git\TUnit\TUnit.TestProject\Bugs\_2804\HookExceptionHandlingTests.cs(52,24): warning TUnit0042: Global hooks should not be mixed with test classes to avoid confusion. Place them in their own class. [C:\git\TUnit\TUnit.TestProject\TUnit.TestProject.csproj::TargetFramework=net9.0]
C:\git\TUnit\TUnit.TestProject\Bugs\_2804\HookExceptionHandlingTests.cs(197,24): warning TUnit0042: Global hooks should not be mixed with test classes to avoid confusion. Place them in their own class. [C:\git\TUnit\TUnit.TestProject\TUnit.TestProject.csproj::TargetFramework=net9.0]
C:\git\TUnit\TUnit.TestProject\Bugs\_2804\HookExceptionHandlingTests.cs(69,24): warning TUnit0042: Global hooks should not be mixed with test classes to avoid confusion. Place them in their own class. [C:\git\TUnit\TUnit.TestProject\TUnit.TestProject.csproj::TargetFramework=net9.0]
C:\git\TUnit\TUnit.TestProject\Bugs\_2804\MultipleAfterHooksFailureTests.cs(316,30): warning TUnit0042: Global hooks should not be mixed with test classes to avoid confusion. Place them in their own class. [C:\git\TUnit\TUnit.TestProject\TUnit.TestProject.csproj::TargetFramework=net9.0]
C:\git\TUnit\TUnit.TestProject\Bugs\_2804\MultipleAfterHooksFailureTests.cs(327,30): warning TUnit0042: Global hooks should not be mixed with test classes to avoid confusion. Place them in their own class. [C:\git\TUnit\TUnit.TestProject\TUnit.TestProject.csproj::TargetFramework=net9.0]
C:\git\TUnit\TUnit.TestProject\Bugs\_2804\MultipleAfterHooksFailureTests.cs(400,30): warning TUnit0042: Global hooks should not be mixed with test classes to avoid confusion. Place them in their own class. [C:\git\TUnit\TUnit.TestProject\TUnit.TestProject.csproj::TargetFramework=net9.0]
C:\git\TUnit\TUnit.TestProject\Bugs\_2804\MultipleAfterHooksFailureTests.cs(377,30): warning TUnit0042: Global hooks should not be mixed with test classes to avoid confusion. Place them in their own class. [C:\git\TUnit\TUnit.TestProject\TUnit.TestProject.csproj::TargetFramework=net9.0]
C:\git\TUnit\TUnit.TestProject\Bugs\_2804\MultipleAfterHooksFailureTests.cs(388,30): warning TUnit0042: Global hooks should not be mixed with test classes to avoid confusion. Place them in their own class. [C:\git\TUnit\TUnit.TestProject\TUnit.TestProject.csproj::TargetFramework=net9.0]
C:\git\TUnit\TUnit.TestProject\Bugs\_2804\HookExceptionHandlingTests.cs(106,24): warning TUnit0042: Global hooks should not be mixed with test classes to avoid confusion. Place them in their own class. [C:\git\TUnit\TUnit.TestProject\TUnit.TestProject.csproj::TargetFramework=net9.0]
C:\git\TUnit\TUnit.TestProject\Bugs\_2804\MultipleAfterHooksFailureTests.cs(338,30): warning TUnit0042: Global hooks should not be mixed with test classes to avoid confusion. Place them in their own class. [C:\git\TUnit\TUnit.TestProject\TUnit.TestProject.csproj::TargetFramework=net9.0]
C:\git\TUnit\TUnit.TestProject\Bugs\_2804\MultipleAfterHooksFailureTests.cs(423,30): warning TUnit0042: Global hooks should not be mixed with test classes to avoid confusion. Place them in their own class. [C:\git\TUnit\TUnit.TestProject\TUnit.TestProject.csproj::TargetFramework=net9.0]
C:\git\TUnit\TUnit.TestProject\Bugs\_2804\MultipleAfterHooksFailureTests.cs(435,30): warning TUnit0042: Global hooks should not be mixed with test classes to avoid confusion. Place them in their own class. [C:\git\TUnit\TUnit.TestProject\TUnit.TestProject.csproj::TargetFramework=net9.0]
C:\git\TUnit\TUnit.TestProject\Bugs\_2804\MultipleAfterHooksFailureTests.cs(349,24): warning TUnit0042: Global hooks should not be mixed with test classes to avoid confusion. Place them in their own class. [C:\git\TUnit\TUnit.TestProject\TUnit.TestProject.csproj::TargetFramework=net9.0]
C:\git\TUnit\TUnit.TestProject\Bugs\_2804\MultipleAfterHooksFailureTests.cs(446,24): warning TUnit0042: Global hooks should not be mixed with test classes to avoid confusion. Place them in their own class. [C:\git\TUnit\TUnit.TestProject\TUnit.TestProject.csproj::TargetFramework=net9.0]
C:\git\TUnit\TUnit.TestProject\ClassDataSourceDrivenTestsSharedKeyed3.cs(41,30): warning TUnit0042: Global hooks should not be mixed with test classes to avoid confusion. Place them in their own class. [C:\git\TUnit\TUnit.TestProject\TUnit.TestProject.csproj::TargetFramework=net9.0]
C:\git\TUnit\TUnit.TestProject\Bugs\_2804\MultipleAfterHooksFailureTests.cs(412,30): warning TUnit0042: Global hooks should not be mixed with test classes to avoid confusion. Place them in their own class. [C:\git\TUnit\TUnit.TestProject\TUnit.TestProject.csproj::TargetFramework=net9.0]
C:\git\TUnit\TUnit.TestProject\TestMixedGenericParameters.cs(8,23): warning TUnit0300: Generic test method may require runtime type creation may not be AOT-compatible. All generic type combinations must be known at compile time. [C:\git\TUnit\TUnit.TestProject\TUnit.TestProject.csproj::TargetFramework=net9.0]
C:\git\TUnit\TUnit.TestProject\FailFastTest.cs(10,15): warning TUnitAssertions0005: Assert.That(...) should not be used with a constant value [C:\git\TUnit\TUnit.TestProject\TUnit.TestProject.csproj::TargetFramework=net9.0]
C:\git\TUnit\TUnit.TestProject\GenericConstraintValidationTests.cs(63,23): warning TUnit0300: Generic test method may require runtime type creation may not be AOT-compatible. All generic type combinations must be known at compile time. [C:\git\TUnit\TUnit.TestProject\TUnit.TestProject.csproj::TargetFramework=net9.0]
C:\git\TUnit\TUnit.TestProject\GenericConstraintValidationTests.cs(171,23): warning TUnit0300: Generic test method may require runtime type creation may not be AOT-compatible. All generic type combinations must be known at compile time. [C:\git\TUnit\TUnit.TestProject\TUnit.TestProject.csproj::TargetFramework=net9.0]
C:\git\TUnit\TUnit.TestProject\GenericConstraintValidationTests.cs(140,23): warning TUnit0300: Generic test method may require runtime type creation may not be AOT-compatible. All generic type combinations must be known at compile time. [C:\git\TUnit\TUnit.TestProject\TUnit.TestProject.csproj::TargetFramework=net9.0]
C:\git\TUnit\TUnit.TestProject\GenericConstraintValidationTests.cs(73,23): warning TUnit0300: Generic test method may require runtime type creation may not be AOT-compatible. All generic type combinations must be known at compile time. [C:\git\TUnit\TUnit.TestProject\TUnit.TestProject.csproj::TargetFramework=net9.0]
C:\git\TUnit\TUnit.TestProject\GenericConstraintValidationTests.cs(124,23): warning TUnit0300: Generic test method may require runtime type creation may not be AOT-compatible. All generic type combinations must be known at compile time. [C:\git\TUnit\TUnit.TestProject\TUnit.TestProject.csproj::TargetFramework=net9.0]
C:\git\TUnit\TUnit.TestProject\GenericInheritsTestVerification.cs(15,17): warning TUnit0300: Generic test method may require runtime type creation may not be AOT-compatible. All generic type combinations must be known at compile time. [C:\git\TUnit\TUnit.TestProject\TUnit.TestProject.csproj::TargetFramework=net9.0]
C:\git\TUnit\TUnit.TestProject\GenericInstanceMethodDataSourceTests.cs(15,23): warning TUnit0300: Generic test method may require runtime type creation may not be AOT-compatible. All generic type combinations must be known at compile time. [C:\git\TUnit\TUnit.TestProject\TUnit.TestProject.csproj::TargetFramework=net9.0]
C:\git\TUnit\TUnit.TestProject\GenericInstanceMethodDataSourceTests.cs(59,23): warning TUnit0300: Generic test method may require runtime type creation may not be AOT-compatible. All generic type combinations must be known at compile time. [C:\git\TUnit\TUnit.TestProject\TUnit.TestProject.csproj::TargetFramework=net9.0]
C:\git\TUnit\TUnit.TestProject\GenericMatrixTests.cs(11,23): warning TUnit0300: Generic test method may require runtime type creation may not be AOT-compatible. All generic type combinations must be known at compile time. [C:\git\TUnit\TUnit.TestProject\TUnit.TestProject.csproj::TargetFramework=net9.0]
C:\git\TUnit\TUnit.TestProject\GenericMatrixTests.cs(63,23): warning TUnit0300: Generic test method may require runtime type creation may not be AOT-compatible. All generic type combinations must be known at compile time. [C:\git\TUnit\TUnit.TestProject\TUnit.TestProject.csproj::TargetFramework=net9.0]
C:\git\TUnit\TUnit.TestProject\GenericConstraintValidationTests.cs(82,23): warning TUnit0300: Generic test method may require runtime type creation may not be AOT-compatible. All generic type combinations must be known at compile time. [C:\git\TUnit\TUnit.TestProject\TUnit.TestProject.csproj::TargetFramework=net9.0]
C:\git\TUnit\TUnit.TestProject\GenericConstraintValidationTests.cs(92,23): warning TUnit0300: Generic test method may require runtime type creation may not be AOT-compatible. All generic type combinations must be known at compile time. [C:\git\TUnit\TUnit.TestProject\TUnit.TestProject.csproj::TargetFramework=net9.0]
C:\git\TUnit\TUnit.TestProject\GenericInstanceMethodDataSourceTests.cs(26,23): warning TUnit0300: Generic test method may require runtime type creation may not be AOT-compatible. All generic type combinations must be known at compile time. [C:\git\TUnit\TUnit.TestProject\TUnit.TestProject.csproj::TargetFramework=net9.0]
C:\git\TUnit\TUnit.TestProject\GenericMatrixTests.cs(73,23): warning TUnit0300: Generic test method may require runtime type creation may not be AOT-compatible. All generic type combinations must be known at compile time. [C:\git\TUnit\TUnit.TestProject\TUnit.TestProject.csproj::TargetFramework=net9.0]
C:\git\TUnit\TUnit.TestProject\GenericConstraintValidationTests.cs(101,23): warning TUnit0300: Generic test method may require runtime type creation may not be AOT-compatible. All generic type combinations must be known at compile time. [C:\git\TUnit\TUnit.TestProject\TUnit.TestProject.csproj::TargetFramework=net9.0]
C:\git\TUnit\TUnit.TestProject\GenericTestExample.cs(15,17): warning TUnit0300: Generic test method may require runtime type creation may not be AOT-compatible. All generic type combinations must be known at compile time. [C:\git\TUnit\TUnit.TestProject\TUnit.TestProject.csproj::TargetFramework=net9.0]
C:\git\TUnit\TUnit.TestProject\GenericMatrixTests.cs(22,23): warning TUnit0300: Generic test method may require runtime type creation may not be AOT-compatible. All generic type combinations must be known at compile time. [C:\git\TUnit\TUnit.TestProject\TUnit.TestProject.csproj::TargetFramework=net9.0]
C:\git\TUnit\TUnit.TestProject\GenericConstraintValidationTests.cs(110,23): warning TUnit0300: Generic test method may require runtime type creation may not be AOT-compatible. All generic type combinations must be known at compile time. [C:\git\TUnit\TUnit.TestProject\TUnit.TestProject.csproj::TargetFramework=net9.0]
C:\git\TUnit\TUnit.TestProject\GenericTypedDataSourceTests.cs(41,23): warning TUnit0300: Generic test method may require runtime type creation may not be AOT-compatible. All generic type combinations must be known at compile time. [C:\git\TUnit\TUnit.TestProject\TUnit.TestProject.csproj::TargetFramework=net9.0]
C:\git\TUnit\TUnit.TestProject\GenericMatrixTests.cs(36,23): warning TUnit0300: Generic test method may require runtime type creation may not be AOT-compatible. All generic type combinations must be known at compile time. [C:\git\TUnit\TUnit.TestProject\TUnit.TestProject.csproj::TargetFramework=net9.0]
C:\git\TUnit\TUnit.TestProject\GenericTypedDataSourceTests.cs(49,23): warning TUnit0300: Generic test method may require runtime type creation may not be AOT-compatible. All generic type combinations must be known at compile time. [C:\git\TUnit\TUnit.TestProject\TUnit.TestProject.csproj::TargetFramework=net9.0]
C:\git\TUnit\TUnit.TestProject\GenericTypeTests.cs(79,23): warning TUnit0300: Generic test method may require runtime type creation may not be AOT-compatible. All generic type combinations must be known at compile time. [C:\git\TUnit\TUnit.TestProject\TUnit.TestProject.csproj::TargetFramework=net9.0]
C:\git\TUnit\TUnit.TestProject\GenericTypeTests.cs(9,23): warning TUnit0300: Generic test method may require runtime type creation may not be AOT-compatible. All generic type combinations must be known at compile time. [C:\git\TUnit\TUnit.TestProject\TUnit.TestProject.csproj::TargetFramework=net9.0]
C:\git\TUnit\TUnit.TestProject\GenericMatrixTests.cs(47,23): warning TUnit0300: Generic test method may require runtime type creation may not be AOT-compatible. All generic type combinations must be known at compile time. [C:\git\TUnit\TUnit.TestProject\TUnit.TestProject.csproj::TargetFramework=net9.0]
C:\git\TUnit\TUnit.TestProject\HookGeneratorTest.cs(9,24): warning TUnit0042: Global hooks should not be mixed with test classes to avoid confusion. Place them in their own class. [C:\git\TUnit\TUnit.TestProject\TUnit.TestProject.csproj::TargetFramework=net9.0]
C:\git\TUnit\TUnit.TestProject\HookGeneratorTest.cs(15,30): warning TUnit0042: Global hooks should not be mixed with test classes to avoid confusion. Place them in their own class. [C:\git\TUnit\TUnit.TestProject\TUnit.TestProject.csproj::TargetFramework=net9.0]
C:\git\TUnit\TUnit.TestProject\GenericTypedDataSourceTests.cs(57,23): warning TUnit0300: Generic test method may require runtime type creation may not be AOT-compatible. All generic type combinations must be known at compile time. [C:\git\TUnit\TUnit.TestProject\TUnit.TestProject.csproj::TargetFramework=net9.0]
C:\git\TUnit\TUnit.TestProject\HookExecutorTests.cs(13,30): warning TUnit0042: Global hooks should not be mixed with test classes to avoid confusion. Place them in their own class. [C:\git\TUnit\TUnit.TestProject\TUnit.TestProject.csproj::TargetFramework=net9.0]
C:\git\TUnit\TUnit.TestProject\GenericTypeTests.cs(20,23): warning TUnit0300: Generic test method may require runtime type creation may not be AOT-compatible. All generic type combinations must be known at compile time. [C:\git\TUnit\TUnit.TestProject\TUnit.TestProject.csproj::TargetFramework=net9.0]
C:\git\TUnit\TUnit.TestProject\HookExecutorTests.cs(26,30): warning TUnit0042: Global hooks should not be mixed with test classes to avoid confusion. Place them in their own class. [C:\git\TUnit\TUnit.TestProject\TUnit.TestProject.csproj::TargetFramework=net9.0]
C:\git\TUnit\TUnit.TestProject\HookExecutorTests.cs(35,30): warning TUnit0042: Global hooks should not be mixed with test classes to avoid confusion. Place them in their own class. [C:\git\TUnit\TUnit.TestProject\TUnit.TestProject.csproj::TargetFramework=net9.0]
C:\git\TUnit\TUnit.TestProject\GenericTypeTests.cs(52,23): warning TUnit0300: Generic test method may require runtime type creation may not be AOT-compatible. All generic type combinations must be known at compile time. [C:\git\TUnit\TUnit.TestProject\TUnit.TestProject.csproj::TargetFramework=net9.0]
C:\git\TUnit\TUnit.TestProject\HookExecutorTests.cs(43,30): warning TUnit0042: Global hooks should not be mixed with test classes to avoid confusion. Place them in their own class. [C:\git\TUnit\TUnit.TestProject\TUnit.TestProject.csproj::TargetFramework=net9.0]
C:\git\TUnit\TUnit.TestProject\GenericTypeTests.cs(61,23): warning TUnit0300: Generic test method may require runtime type creation may not be AOT-compatible. All generic type combinations must be known at compile time. [C:\git\TUnit\TUnit.TestProject\TUnit.TestProject.csproj::TargetFramework=net9.0]
C:\git\TUnit\TUnit.TestProject\HookExecutorTests.cs(54,30): warning TUnit0042: Global hooks should not be mixed with test classes to avoid confusion. Place them in their own class. [C:\git\TUnit\TUnit.TestProject\TUnit.TestProject.csproj::TargetFramework=net9.0]
C:\git\TUnit\TUnit.TestProject\HookExecutorTests.cs(63,30): warning TUnit0042: Global hooks should not be mixed with test classes to avoid confusion. Place them in their own class. [C:\git\TUnit\TUnit.TestProject\TUnit.TestProject.csproj::TargetFramework=net9.0]
C:\git\TUnit\TUnit.TestProject\MinimalDiscoveryTest.cs(8,15): warning TUnitAssertions0005: Assert.That(...) should not be used with a constant value [C:\git\TUnit\TUnit.TestProject\TUnit.TestProject.csproj::TargetFramework=net9.0]
C:\git\TUnit\TUnit.TestProject\GenericMethodTests.cs(11,17): warning TUnit0300: Generic test method may require runtime type creation may not be AOT-compatible. All generic type combinations must be known at compile time. [C:\git\TUnit\TUnit.TestProject\TUnit.TestProject.csproj::TargetFramework=net9.0]
C:\git\TUnit\TUnit.TestProject\MultipleClassDataGeneratorsTests.cs(26,30): warning TUnit0042: Global hooks should not be mixed with test classes to avoid confusion. Place them in their own class. [C:\git\TUnit\TUnit.TestProject\TUnit.TestProject.csproj::TargetFramework=net9.0]
C:\git\TUnit\TUnit.TestProject\MethodDataSourceWithArgumentsTests.cs(35,30): warning TUnit0042: Global hooks should not be mixed with test classes to avoid confusion. Place them in their own class. [C:\git\TUnit\TUnit.TestProject\TUnit.TestProject.csproj::TargetFramework=net9.0]
C:\git\TUnit\TUnit.TestProject\MultipleDataSourcesTests.cs(29,30): warning TUnit0042: Global hooks should not be mixed with test classes to avoid confusion. Place them in their own class. [C:\git\TUnit\TUnit.TestProject\TUnit.TestProject.csproj::TargetFramework=net9.0]
C:\git\TUnit\TUnit.TestProject\GenericConstraintValidationTests.cs(155,23): warning TUnit0300: Generic test method may require runtime type creation may not be AOT-compatible. All generic type combinations must be known at compile time. [C:\git\TUnit\TUnit.TestProject\TUnit.TestProject.csproj::TargetFramework=net9.0]
C:\git\TUnit\TUnit.TestProject\GenericTypedDataSourceTests.cs(70,23): warning TUnit0300: Generic test method may require runtime type creation may not be AOT-compatible. All generic type combinations must be known at compile time. [C:\git\TUnit\TUnit.TestProject\TUnit.TestProject.csproj::TargetFramework=net9.0]
C:\git\TUnit\TUnit.TestProject\NestedTupleDataSourceTests.cs(12,73): warning TUnit0301: Tuple parameter 'value2' - consider using concrete types for AOT compatibility uses reflection which is not AOT-compatible. Consider using concrete types instead of tuples. [C:\git\TUnit\TUnit.TestProject\TUnit.TestProject.csproj::TargetFramework=net9.0]
C:\git\TUnit\TUnit.TestProject\NestedTupleDataSourceTests.cs(22,65): warning TUnit0301: Tuple parameter 'value' - consider using concrete types for AOT compatibility uses reflection which is not AOT-compatible. Consider using concrete types instead of tuples. [C:\git\TUnit\TUnit.TestProject\TUnit.TestProject.csproj::TargetFramework=net9.0]
C:\git\TUnit\TUnit.TestProject\NestedTupleDataSourceTests.cs(32,67): warning TUnit0301: Tuple parameter 'value1' - consider using concrete types for AOT compatibility uses reflection which is not AOT-compatible. Consider using concrete types instead of tuples. [C:\git\TUnit\TUnit.TestProject\TUnit.TestProject.csproj::TargetFramework=net9.0]
C:\git\TUnit\TUnit.TestProject\NestedTupleDataSourceTests.cs(32,86): warning TUnit0301: Tuple parameter 'value2' - consider using concrete types for AOT compatibility uses reflection which is not AOT-compatible. Consider using concrete types instead of tuples. [C:\git\TUnit\TUnit.TestProject\TUnit.TestProject.csproj::TargetFramework=net9.0]
C:\git\TUnit\TUnit.TestProject\NestedTupleDataSourceTests.cs(43,86): warning TUnit0301: Tuple parameter 'value2' - consider using concrete types for AOT compatibility uses reflection which is not AOT-compatible. Consider using concrete types instead of tuples. [C:\git\TUnit\TUnit.TestProject\TUnit.TestProject.csproj::TargetFramework=net9.0]
C:\git\TUnit\TUnit.TestProject\NestedTupleDataSourceTests.cs(54,82): warning TUnit0301: Tuple parameter 'value2' - consider using concrete types for AOT compatibility uses reflection which is not AOT-compatible. Consider using concrete types instead of tuples. [C:\git\TUnit\TUnit.TestProject\TUnit.TestProject.csproj::TargetFramework=net9.0]
C:\git\TUnit\TUnit.TestProject\HookExecutorTests.cs(110,30): warning TUnit0042: Global hooks should not be mixed with test classes to avoid confusion. Place them in their own class. [C:\git\TUnit\TUnit.TestProject\TUnit.TestProject.csproj::TargetFramework=net9.0]
C:\git\TUnit\TUnit.TestProject\HookExecutorTests.cs(123,30): warning TUnit0042: Global hooks should not be mixed with test classes to avoid confusion. Place them in their own class. [C:\git\TUnit\TUnit.TestProject\TUnit.TestProject.csproj::TargetFramework=net9.0]
C:\git\TUnit\TUnit.TestProject\NestedTupleDataSourceTests.cs(64,86): warning TUnit0301: Tuple parameter 'value2' - consider using concrete types for AOT compatibility uses reflection which is not AOT-compatible. Consider using concrete types instead of tuples. [C:\git\TUnit\TUnit.TestProject\TUnit.TestProject.csproj::TargetFramework=net9.0]
C:\git\TUnit\TUnit.TestProject\NestedTupleDataSourceTests.cs(121,45): warning TUnit0046: Return a `Func<T>` rather than a `<T>`. [C:\git\TUnit\TUnit.TestProject\TUnit.TestProject.csproj::TargetFramework=net9.0]
C:\git\TUnit\TUnit.TestProject\NestedTupleTest.cs(8,71): warning TUnit0301: Tuple parameter 'data2' - consider using concrete types for AOT compatibility uses reflection which is not AOT-compatible. Consider using concrete types instead of tuples. [C:\git\TUnit\TUnit.TestProject\TUnit.TestProject.csproj::TargetFramework=net9.0]
C:\git\TUnit\TUnit.TestProject\SimpleGenericTests.cs(11,23): warning TUnit0300: Generic test method may require runtime type creation may not be AOT-compatible. All generic type combinations must be known at compile time. [C:\git\TUnit\TUnit.TestProject\TUnit.TestProject.csproj::TargetFramework=net9.0]
C:\git\TUnit\TUnit.TestProject\NestedTupleTest.cs(16,64): warning TUnit0301: Tuple parameter 'data' - consider using concrete types for AOT compatibility uses reflection which is not AOT-compatible. Consider using concrete types instead of tuples. [C:\git\TUnit\TUnit.TestProject\TUnit.TestProject.csproj::TargetFramework=net9.0]
C:\git\TUnit\TUnit.TestProject\NestedTupleDataSourceTests.cs(74,83): warning TUnit0301: Tuple parameter 'value2' - consider using concrete types for AOT compatibility uses reflection which is not AOT-compatible. Consider using concrete types instead of tuples. [C:\git\TUnit\TUnit.TestProject\TUnit.TestProject.csproj::TargetFramework=net9.0]
C:\git\TUnit\TUnit.TestProject\SimpleGenericTests.cs(23,23): warning TUnit0300: Generic test method may require runtime type creation may not be AOT-compatible. All generic type combinations must be known at compile time. [C:\git\TUnit\TUnit.TestProject\TUnit.TestProject.csproj::TargetFramework=net9.0]
C:\git\TUnit\TUnit.TestProject\SimpleHookTest.cs(23,24): warning TUnit0042: Global hooks should not be mixed with test classes to avoid confusion. Place them in their own class. [C:\git\TUnit\TUnit.TestProject\TUnit.TestProject.csproj::TargetFramework=net9.0]
C:\git\TUnit\TUnit.TestProject\SimpleHookTest.cs(28,24): warning TUnit0042: Global hooks should not be mixed with test classes to avoid confusion. Place them in their own class. [C:\git\TUnit\TUnit.TestProject\TUnit.TestProject.csproj::TargetFramework=net9.0]
C:\git\TUnit\TUnit.TestProject\SimpleGenericTests.cs(56,23): warning TUnit0300: Generic test method may require runtime type creation may not be AOT-compatible. All generic type combinations must be known at compile time. [C:\git\TUnit\TUnit.TestProject\TUnit.TestProject.csproj::TargetFramework=net9.0]
C:\git\TUnit\TUnit.TestProject\NestedTupleDataSourceTests.cs(84,88): warning TUnit0301: Tuple parameter 'value2' - consider using concrete types for AOT compatibility uses reflection which is not AOT-compatible. Consider using concrete types instead of tuples. [C:\git\TUnit\TUnit.TestProject\TUnit.TestProject.csproj::TargetFramework=net9.0]
C:\git\TUnit\TUnit.TestProject\SimpleStaticTest.cs(9,15): warning TUnitAssertions0005: Assert.That(...) should not be used with a constant value [C:\git\TUnit\TUnit.TestProject\TUnit.TestProject.csproj::TargetFramework=net9.0]
C:\git\TUnit\TUnit.TestProject\SimpleTupleTest.cs(11,56): warning TUnit0301: Tuple parameter 'value' - consider using concrete types for AOT compatibility uses reflection which is not AOT-compatible. Consider using concrete types instead of tuples. [C:\git\TUnit\TUnit.TestProject\TUnit.TestProject.csproj::TargetFramework=net9.0]
C:\git\TUnit\TUnit.TestProject\SmartInferenceTests.cs(11,23): warning TUnit0300: Generic test method may require runtime type creation may not be AOT-compatible. All generic type combinations must be known at compile time. [C:\git\TUnit\TUnit.TestProject\TUnit.TestProject.csproj::TargetFramework=net9.0]
C:\git\TUnit\TUnit.TestProject\SmartInferenceTests.cs(27,23): warning TUnit0300: Generic test method may require runtime type creation may not be AOT-compatible. All generic type combinations must be known at compile time. [C:\git\TUnit\TUnit.TestProject\TUnit.TestProject.csproj::TargetFramework=net9.0]
C:\git\TUnit\TUnit.TestProject\CustomPropertyTests.cs(16,44): error CS0411: The type arguments for method 'AssertionExtensions.ContainsKey<TDictionary, TKey, TValue>(IAssertionSource<TDictionary>, TKey, string?)' cannot be inferred from the usage. Try specifying the type arguments explicitly. [C:\git\TUnit\TUnit.TestProject\TUnit.TestProject.csproj::TargetFramework=net9.0]
C:\git\TUnit\TUnit.TestProject\CustomPropertyTests.cs(19,44): error CS0411: The type arguments for method 'AssertionExtensions.ContainsKey<TDictionary, TKey, TValue>(IAssertionSource<TDictionary>, TKey, string?)' cannot be inferred from the usage. Try specifying the type arguments explicitly. [C:\git\TUnit\TUnit.TestProject\TUnit.TestProject.csproj::TargetFramework=net9.0]
C:\git\TUnit\TUnit.TestProject\CustomPropertyTests.cs(22,44): error CS0411: The type arguments for method 'AssertionExtensions.ContainsKey<TDictionary, TKey, TValue>(IAssertionSource<TDictionary>, TKey, string?)' cannot be inferred from the usage. Try specifying the type arguments explicitly. [C:\git\TUnit\TUnit.TestProject\TUnit.TestProject.csproj::TargetFramework=net9.0]
C:\git\TUnit\TUnit.TestProject\CustomPropertyTests.cs(25,44): error CS0411: The type arguments for method 'AssertionExtensions.ContainsKey<TDictionary, TKey, TValue>(IAssertionSource<TDictionary>, TKey, string?)' cannot be inferred from the usage. Try specifying the type arguments explicitly. [C:\git\TUnit\TUnit.TestProject\TUnit.TestProject.csproj::TargetFramework=net9.0]
C:\git\TUnit\TUnit.TestProject\DependsOnTests3.cs(48,47): error CS0411: The type arguments for method 'AssertionExtensions.ContainsKey<TDictionary, TKey, TValue>(IAssertionSource<TDictionary>, TKey, string?)' cannot be inferred from the usage. Try specifying the type arguments explicitly. [C:\git\TUnit\TUnit.TestProject\TUnit.TestProject.csproj::TargetFramework=net9.0]
C:\git\TUnit\TUnit.TestProject\DependsOnTests3.cs(49,47): error CS0411: The type arguments for method 'AssertionExtensions.ContainsKey<TDictionary, TKey, TValue>(IAssertionSource<TDictionary>, TKey, string?)' cannot be inferred from the usage. Try specifying the type arguments explicitly. [C:\git\TUnit\TUnit.TestProject\TUnit.TestProject.csproj::TargetFramework=net9.0]
C:\git\TUnit\TUnit.TestProject\ParametersTests.cs(12,79): error CS0411: The type arguments for method 'AssertionExtensions.ContainsKey<TDictionary, TKey, TValue>(IAssertionSource<TDictionary>, TKey, string?)' cannot be inferred from the usage. Try specifying the type arguments explicitly. [C:\git\TUnit\TUnit.TestProject\TUnit.TestProject.csproj::TargetFramework=net9.0]
    323 Warning(s)
    7 Error(s)

Time Elapsed 00:00:05.85

Workload updates are available. Run `dotnet workload list` for more information.
